[static] doc=naver/splade-v3 | steps=10000 | lr=0.001 | lambda_q=0.0 | loss=cosine
Loading weights:   0%|          | 0/204 [00:00<?, ?it/s]Loading weights: 100%|██████████| 204/204 [00:00<00:00, 47448.46it/s]
/home/capemox/projects/sae-smo-splade/train.py:3741: FutureWarning: `torch.cuda.amp.GradScaler(args...)` is deprecated. Please use `torch.amp.GradScaler('cuda', args...)` instead.
  scaler = GradScaler(enabled=fp16 and device.type == "cuda")
Exception in thread Thread-auto_conversion:
Traceback (most recent call last):
  File "/home/capemox/.local/share/uv/python/cpython-3.10.16-linux-x86_64-gnu/lib/python3.10/threading.py", line 1016, in _bootstrap_inner
    self.run()
  File "/home/capemox/.local/share/uv/python/cpython-3.10.16-linux-x86_64-gnu/lib/python3.10/threading.py", line 953, in run
    self._target(*self._args, **self._kwargs)
  File "/home/capemox/projects/sae-smo-splade/.venv/lib/python3.10/site-packages/transformers/safetensors_conversion.py", line 117, in auto_conversion
    raise e
  File "/home/capemox/projects/sae-smo-splade/.venv/lib/python3.10/site-packages/transformers/safetensors_conversion.py", line 96, in auto_conversion
    sha = get_conversion_pr_reference(api, pretrained_model_name_or_path, **cached_file_kwargs)
  File "/home/capemox/projects/sae-smo-splade/.venv/lib/python3.10/site-packages/transformers/safetensors_conversion.py", line 77, in get_conversion_pr_reference
    raise OSError(
OSError: Could not create safetensors conversion PR. The repo does not appear to have a file named pytorch_model.bin or model.safetensors.If you are loading with variant, use `use_safetensors=False` to load the original model.
/home/capemox/projects/sae-smo-splade/train.py:3793: FutureWarning: `torch.cuda.amp.autocast(args...)` is deprecated. Please use `torch.amp.autocast('cuda', args...)` instead.
  with autocast(enabled=fp16 and device.type == "cuda"):
[static] trainable params: 30,522
[static] Initial eval …
  [NanoMSMARCO] loading …
  [NanoMSMARCO] encoding 5043 docs (doc_splade) …
  [NanoMSMARCO] encoding 50 queries (doc_doc ceiling) …
  [NanoMSMARCO] NDCG@10  doc_doc (ceiling) : 0.7001
  [NanoMSMARCO] encoding 50 queries (query_model, dense) …
  [NanoMSMARCO] NDCG@10  query_doc (dense)  : 0.6161
  [NanoNFCorpus] loading …
  [NanoNFCorpus] encoding 2953 docs (doc_splade) …
  [NanoNFCorpus] encoding 50 queries (doc_doc ceiling) …
  [NanoNFCorpus] NDCG@10  doc_doc (ceiling) : 0.3448
  [NanoNFCorpus] encoding 50 queries (query_model, dense) …
  [NanoNFCorpus] NDCG@10  query_doc (dense)  : 0.3380
[static] Training (10000 steps remaining) …
[static] step    200 | loss 0.3874 | q_nnz 9.0 | lr 9.99e-04 | 18s
[static] step    400 | loss 0.3592 | q_nnz 8.6 | lr 9.96e-04 | 15s
[static] step    600 | loss 0.2741 | q_nnz 8.8 | lr 9.91e-04 | 5s
[static] step    800 | loss 0.2489 | q_nnz 9.6 | lr 9.84e-04 | 16s
[static] step   1000 | loss 0.2335 | q_nnz 9.4 | lr 9.76e-04 | 14s
  Saved → checkpoints_splade-v3/splade_static_loss_cosine/align_step_1000.pt
[static] Eval at step 1000 …
  [NanoMSMARCO] loading …
  [NanoMSMARCO] encoding 5043 docs (doc_splade) …
  [NanoMSMARCO] encoding 50 queries (query_model, dense) …
  [NanoMSMARCO] NDCG@10  query_doc (dense)  : 0.6089
  [NanoNFCorpus] loading …
  [NanoNFCorpus] encoding 2953 docs (doc_splade) …
  [NanoNFCorpus] encoding 50 queries (query_model, dense) …
  [NanoNFCorpus] NDCG@10  query_doc (dense)  : 0.3314
  New best NanoMSMARCO NDCG@10=0.6089 → checkpoints_splade-v3/splade_static_loss_cosine/best_NanoMSMARCO.pt
[static] step   1200 | loss 0.2452 | q_nnz 9.3 | lr 9.65e-04 | 57s
[static] step   1400 | loss 0.2157 | q_nnz 8.4 | lr 9.53e-04 | 14s
[static] step   1600 | loss 0.2406 | q_nnz 9.0 | lr 9.39e-04 | 14s
[static] step   1800 | loss 0.2066 | q_nnz 9.5 | lr 9.23e-04 | 5s
[static] step   2000 | loss 0.1923 | q_nnz 8.7 | lr 9.05e-04 | 14s
  Saved → checkpoints_splade-v3/splade_static_loss_cosine/align_step_2000.pt
[static] Eval at step 2000 …
  [NanoMSMARCO] loading …
  [NanoMSMARCO] encoding 5043 docs (doc_splade) …
  [NanoMSMARCO] encoding 50 queries (query_model, dense) …
  [NanoMSMARCO] NDCG@10  query_doc (dense)  : 0.6276
  [NanoNFCorpus] loading …
  [NanoNFCorpus] encoding 2953 docs (doc_splade) …
  [NanoNFCorpus] encoding 50 queries (query_model, dense) …
  [NanoNFCorpus] NDCG@10  query_doc (dense)  : 0.3288
  New best NanoMSMARCO NDCG@10=0.6276 → checkpoints_splade-v3/splade_static_loss_cosine/best_NanoMSMARCO.pt
[static] step   2200 | loss 0.2411 | q_nnz 8.8 | lr 8.86e-04 | 67s
[static] step   2400 | loss 0.2177 | q_nnz 8.8 | lr 8.66e-04 | 5s
[static] step   2600 | loss 0.2037 | q_nnz 9.5 | lr 8.44e-04 | 14s
[static] step   2800 | loss 0.2188 | q_nnz 9.8 | lr 8.21e-04 | 5s
[static] step   3000 | loss 0.1969 | q_nnz 7.8 | lr 7.96e-04 | 14s
  Saved → checkpoints_splade-v3/splade_static_loss_cosine/align_step_3000.pt
[static] Eval at step 3000 …
  [NanoMSMARCO] loading …
  [NanoMSMARCO] encoding 5043 docs (doc_splade) …
  [NanoMSMARCO] encoding 50 queries (query_model, dense) …
  [NanoMSMARCO] NDCG@10  query_doc (dense)  : 0.6427
  [NanoNFCorpus] loading …
  [NanoNFCorpus] encoding 2953 docs (doc_splade) …
  [NanoNFCorpus] encoding 50 queries (query_model, dense) …
  [NanoNFCorpus] NDCG@10  query_doc (dense)  : 0.3284
  New best NanoMSMARCO NDCG@10=0.6427 → checkpoints_splade-v3/splade_static_loss_cosine/best_NanoMSMARCO.pt
[static] step   3200 | loss 0.2050 | q_nnz 10.1 | lr 7.70e-04 | 70s
[static] step   3400 | loss 0.1928 | q_nnz 9.6 | lr 7.43e-04 | 5s
[static] step   3600 | loss 0.2196 | q_nnz 9.2 | lr 7.16e-04 | 14s
[static] step   3800 | loss 0.2184 | q_nnz 8.7 | lr 6.87e-04 | 15s
[static] step   4000 | loss 0.2275 | q_nnz 9.1 | lr 6.58e-04 | 5s
  Saved → checkpoints_splade-v3/splade_static_loss_cosine/align_step_4000.pt
[static] Eval at step 4000 …
  [NanoMSMARCO] loading …
  [NanoMSMARCO] encoding 5043 docs (doc_splade) …
  [NanoMSMARCO] encoding 50 queries (query_model, dense) …
  [NanoMSMARCO] NDCG@10  query_doc (dense)  : 0.6312
  [NanoNFCorpus] loading …
  [NanoNFCorpus] encoding 2953 docs (doc_splade) …
  [NanoNFCorpus] encoding 50 queries (query_model, dense) …
  [NanoNFCorpus] NDCG@10  query_doc (dense)  : 0.3271
[static] step   4200 | loss 0.1990 | q_nnz 8.9 | lr 6.28e-04 | 67s
[static] step   4400 | loss 0.2167 | q_nnz 8.7 | lr 5.98e-04 | 15s
[static] step   4600 | loss 0.2005 | q_nnz 8.8 | lr 5.67e-04 | 5s
[static] step   4800 | loss 0.2246 | q_nnz 9.2 | lr 5.36e-04 | 13s
[static] step   5000 | loss 0.2184 | q_nnz 9.2 | lr 5.05e-04 | 13s
  Saved → checkpoints_splade-v3/splade_static_loss_cosine/align_step_5000.pt
[static] Eval at step 5000 …
  [NanoMSMARCO] loading …
  [NanoMSMARCO] encoding 5043 docs (doc_splade) …
  [NanoMSMARCO] encoding 50 queries (query_model, dense) …
  [NanoMSMARCO] NDCG@10  query_doc (dense)  : 0.6329
  [NanoNFCorpus] loading …
  [NanoNFCorpus] encoding 2953 docs (doc_splade) …
  [NanoNFCorpus] encoding 50 queries (query_model, dense) …
  [NanoNFCorpus] NDCG@10  query_doc (dense)  : 0.3276
[static] step   5200 | loss 0.2047 | q_nnz 8.7 | lr 4.74e-04 | 57s
[static] step   5400 | loss 0.1933 | q_nnz 8.5 | lr 4.43e-04 | 13s
[static] step   5600 | loss 0.2227 | q_nnz 9.2 | lr 4.12e-04 | 5s
[static] step   5800 | loss 0.2130 | q_nnz 8.8 | lr 3.82e-04 | 14s
[static] step   6000 | loss 0.2027 | q_nnz 9.4 | lr 3.52e-04 | 13s
  Saved → checkpoints_splade-v3/splade_static_loss_cosine/align_step_6000.pt
[static] Eval at step 6000 …
  [NanoMSMARCO] loading …
  [NanoMSMARCO] encoding 5043 docs (doc_splade) …
  [NanoMSMARCO] encoding 50 queries (query_model, dense) …
  [NanoMSMARCO] NDCG@10  query_doc (dense)  : 0.6329
  [NanoNFCorpus] loading …
  [NanoNFCorpus] encoding 2953 docs (doc_splade) …
  [NanoNFCorpus] encoding 50 queries (query_model, dense) …
  [NanoNFCorpus] NDCG@10  query_doc (dense)  : 0.3276
[static] step   6200 | loss 0.2064 | q_nnz 9.2 | lr 3.23e-04 | 57s
[static] step   6400 | loss 0.2131 | q_nnz 9.1 | lr 2.94e-04 | 13s
[static] step   6600 | loss 0.2185 | q_nnz 8.8 | lr 2.67e-04 | 17s
[static] step   6800 | loss 0.2003 | q_nnz 9.4 | lr 2.40e-04 | 5s
[static] step   7000 | loss 0.2043 | q_nnz 9.4 | lr 2.14e-04 | 17s
  Saved → checkpoints_splade-v3/splade_static_loss_cosine/align_step_7000.pt
[static] Eval at step 7000 …
  [NanoMSMARCO] loading …
  [NanoMSMARCO] encoding 5043 docs (doc_splade) …
  [NanoMSMARCO] encoding 50 queries (query_model, dense) …
  [NanoMSMARCO] NDCG@10  query_doc (dense)  : 0.6329
  [NanoNFCorpus] loading …
  [NanoNFCorpus] encoding 2953 docs (doc_splade) …
  [NanoNFCorpus] encoding 50 queries (query_model, dense) …
  [NanoNFCorpus] NDCG@10  query_doc (dense)  : 0.3274
[static] step   7200 | loss 0.1953 | q_nnz 8.5 | lr 1.89e-04 | 67s
[static] step   7400 | loss 0.1890 | q_nnz 9.0 | lr 1.66e-04 | 5s
[static] step   7600 | loss 0.2018 | q_nnz 8.9 | lr 1.44e-04 | 15s
[static] step   7800 | loss 0.1996 | q_nnz 9.3 | lr 1.24e-04 | 14s
[static] step   8000 | loss 0.2065 | q_nnz 8.8 | lr 1.05e-04 | 5s
  Saved → checkpoints_splade-v3/splade_static_loss_cosine/align_step_8000.pt
[static] Eval at step 8000 …
  [NanoMSMARCO] loading …
  [NanoMSMARCO] encoding 5043 docs (doc_splade) …
  [NanoMSMARCO] encoding 50 queries (query_model, dense) …
  [NanoMSMARCO] NDCG@10  query_doc (dense)  : 0.6329
  [NanoNFCorpus] loading …
  [NanoNFCorpus] encoding 2953 docs (doc_splade) …
  [NanoNFCorpus] encoding 50 queries (query_model, dense) …
  [NanoNFCorpus] NDCG@10  query_doc (dense)  : 0.3275
[static] step   8200 | loss 0.1781 | q_nnz 8.4 | lr 8.71e-05 | 67s
[static] step   8400 | loss 0.1974 | q_nnz 9.4 | lr 7.12e-05 | 5s
[static] step   8600 | loss 0.2150 | q_nnz 8.2 | lr 5.71e-05 | 14s
[static] step   8800 | loss 0.2269 | q_nnz 9.8 | lr 4.48e-05 | 14s
[static] step   9000 | loss 0.1919 | q_nnz 10.3 | lr 3.42e-05 | 5s
  Saved → checkpoints_splade-v3/splade_static_loss_cosine/align_step_9000.pt
[static] Eval at step 9000 …
  [NanoMSMARCO] loading …
  [NanoMSMARCO] encoding 5043 docs (doc_splade) …
  [NanoMSMARCO] encoding 50 queries (query_model, dense) …
  [NanoMSMARCO] NDCG@10  query_doc (dense)  : 0.6329
  [NanoNFCorpus] loading …
  [NanoNFCorpus] encoding 2953 docs (doc_splade) …
  [NanoNFCorpus] encoding 50 queries (query_model, dense) …
  [NanoNFCorpus] NDCG@10  query_doc (dense)  : 0.3289
[static] step   9200 | loss 0.2149 | q_nnz 9.1 | lr 2.56e-05 | 66s
[static] step   9400 | loss 0.1796 | q_nnz 8.9 | lr 1.88e-05 | 14s
[static] step   9600 | loss 0.2242 | q_nnz 8.2 | lr 1.39e-05 | 5s
[static] step   9800 | loss 0.2124 | q_nnz 8.8 | lr 1.10e-05 | 14s
[static] step  10000 | loss 0.2376 | q_nnz 9.7 | lr 1.00e-05 | 13s
  Saved → checkpoints_splade-v3/splade_static_loss_cosine/align_step_10000.pt
[static] Eval at step 10000 …
  [NanoMSMARCO] loading …
  [NanoMSMARCO] encoding 5043 docs (doc_splade) …
  [NanoMSMARCO] encoding 50 queries (query_model, dense) …
  [NanoMSMARCO] NDCG@10  query_doc (dense)  : 0.6329
  [NanoNFCorpus] loading …
  [NanoNFCorpus] encoding 2953 docs (doc_splade) …
  [NanoNFCorpus] encoding 50 queries (query_model, dense) …
  [NanoNFCorpus] NDCG@10  query_doc (dense)  : 0.3289
[static] Done. Final checkpoint → checkpoints_splade-v3/splade_static_loss_cosine/align_final.pt
