[static] doc=naver/splade-v3 | steps=2000 | lr=0.001 | lambda_q=0.0 | loss=margin_mse
Loading weights:   0%|          | 0/204 [00:00<?, ?it/s]Loading weights: 100%|██████████| 204/204 [00:00<00:00, 41724.19it/s]
Exception in thread Thread-auto_conversion:
Traceback (most recent call last):
  File "/home/capemox/.local/share/uv/python/cpython-3.10.16-linux-x86_64-gnu/lib/python3.10/threading.py", line 1016, in _bootstrap_inner
    self.run()
  File "/home/capemox/.local/share/uv/python/cpython-3.10.16-linux-x86_64-gnu/lib/python3.10/threading.py", line 953, in run
    self._target(*self._args, **self._kwargs)
  File "/home/capemox/projects/sae-smo-splade/.venv/lib/python3.10/site-packages/transformers/safetensors_conversion.py", line 117, in auto_conversion
    raise e
  File "/home/capemox/projects/sae-smo-splade/.venv/lib/python3.10/site-packages/transformers/safetensors_conversion.py", line 96, in auto_conversion
    sha = get_conversion_pr_reference(api, pretrained_model_name_or_path, **cached_file_kwargs)
  File "/home/capemox/projects/sae-smo-splade/.venv/lib/python3.10/site-packages/transformers/safetensors_conversion.py", line 77, in get_conversion_pr_reference
    raise OSError(
OSError: Could not create safetensors conversion PR. The repo does not appear to have a file named pytorch_model.bin or model.safetensors.If you are loading with variant, use `use_safetensors=False` to load the original model.
/home/capemox/projects/sae-smo-splade/train.py:3741: FutureWarning: `torch.cuda.amp.GradScaler(args...)` is deprecated. Please use `torch.amp.GradScaler('cuda', args...)` instead.
  scaler = GradScaler(enabled=fp16 and device.type == "cuda")
/home/capemox/projects/sae-smo-splade/train.py:3793: FutureWarning: `torch.cuda.amp.autocast(args...)` is deprecated. Please use `torch.amp.autocast('cuda', args...)` instead.
  with autocast(enabled=fp16 and device.type == "cuda"):
[static] trainable params: 30,522
[static] Loading ColBERT score supervision: data/colbertv2_msmarco_64way.json (queries=Tevatron/msmarco-passage, corpus=Tevatron/msmarco-passage-corpus)
Loading corpus from cache data/Tevatron__msmarco-passage-corpus.pkl ...
Loading queries from Tevatron/msmarco-passage …
Queries loaded: 400,782
[static] Initial eval …
  [NanoMSMARCO] loading …
  [NanoMSMARCO] encoding 5043 docs (doc_splade) …
  [NanoMSMARCO] encoding 50 queries (doc_doc ceiling) …
  [NanoMSMARCO] NDCG@10  doc_doc (ceiling) : 0.7001
  [NanoMSMARCO] encoding 50 queries (query_model, dense) …
  [NanoMSMARCO] NDCG@10  query_doc (dense)  : 0.6161
  [NanoNFCorpus] loading …
  [NanoNFCorpus] encoding 2953 docs (doc_splade) …
  [NanoNFCorpus] encoding 50 queries (doc_doc ceiling) …
  [NanoNFCorpus] NDCG@10  doc_doc (ceiling) : 0.3448
  [NanoNFCorpus] encoding 50 queries (query_model, dense) …
  [NanoNFCorpus] NDCG@10  query_doc (dense)  : 0.3380
[static] Training (2000 steps remaining) …
[static] step    200 | loss 30.8882 | q_nnz 9.6 | lr 9.76e-04 | 135s
[static] step    400 | loss 41.5893 | q_nnz 8.6 | lr 9.05e-04 | 141s
  Saved → checkpoints_splade-v3/splade_static_loss_margin_mse/align_step_500.pt
[static] Eval at step 500 …
  [NanoMSMARCO] loading …
  [NanoMSMARCO] encoding 5043 docs (doc_splade) …
  [NanoMSMARCO] encoding 50 queries (query_model, dense) …
  [NanoMSMARCO] NDCG@10  query_doc (dense)  : 0.6157
  [NanoNFCorpus] loading …
  [NanoNFCorpus] encoding 2953 docs (doc_splade) …
  [NanoNFCorpus] encoding 50 queries (query_model, dense) …
  [NanoNFCorpus] NDCG@10  query_doc (dense)  : 0.3383
  New best NanoMSMARCO NDCG@10=0.6157 → checkpoints_splade-v3/splade_static_loss_margin_mse/best_NanoMSMARCO.pt
[static] step    600 | loss 50.9127 | q_nnz 8.4 | lr 7.96e-04 | 197s
[static] step    800 | loss 58.5204 | q_nnz 8.8 | lr 6.58e-04 | 172s
[static] step   1000 | loss 54.5673 | q_nnz 8.3 | lr 5.05e-04 | 176s
  Saved → checkpoints_splade-v3/splade_static_loss_margin_mse/align_step_1000.pt
[static] Eval at step 1000 …
  [NanoMSMARCO] loading …
  [NanoMSMARCO] encoding 5043 docs (doc_splade) …
  [NanoMSMARCO] encoding 50 queries (query_model, dense) …
  [NanoMSMARCO] NDCG@10  query_doc (dense)  : 0.6085
  [NanoNFCorpus] loading …
  [NanoNFCorpus] encoding 2953 docs (doc_splade) …
  [NanoNFCorpus] encoding 50 queries (query_model, dense) …
  [NanoNFCorpus] NDCG@10  query_doc (dense)  : 0.3357
[static] step   1200 | loss 50.1637 | q_nnz 8.6 | lr 3.52e-04 | 194s
[static] step   1400 | loss 50.0842 | q_nnz 8.3 | lr 2.14e-04 | 144s
  Saved → checkpoints_splade-v3/splade_static_loss_margin_mse/align_step_1500.pt
[static] Eval at step 1500 …
  [NanoMSMARCO] loading …
  [NanoMSMARCO] encoding 5043 docs (doc_splade) …
  [NanoMSMARCO] encoding 50 queries (query_model, dense) …
  [NanoMSMARCO] NDCG@10  query_doc (dense)  : 0.6091
  [NanoNFCorpus] loading …
  [NanoNFCorpus] encoding 2953 docs (doc_splade) …
  [NanoNFCorpus] encoding 50 queries (query_model, dense) …
  [NanoNFCorpus] NDCG@10  query_doc (dense)  : 0.3334
[static] step   1600 | loss 44.9883 | q_nnz 8.9 | lr 1.05e-04 | 220s
[static] step   1800 | loss 44.5529 | q_nnz 9.0 | lr 3.42e-05 | 175s
[static] step   2000 | loss 27.9249 | q_nnz 8.8 | lr 1.00e-05 | 140s
  Saved → checkpoints_splade-v3/splade_static_loss_margin_mse/align_step_2000.pt
[static] Eval at step 2000 …
  [NanoMSMARCO] loading …
  [NanoMSMARCO] encoding 5043 docs (doc_splade) …
  [NanoMSMARCO] encoding 50 queries (query_model, dense) …
  [NanoMSMARCO] NDCG@10  query_doc (dense)  : 0.6091
  [NanoNFCorpus] loading …
  [NanoNFCorpus] encoding 2953 docs (doc_splade) …
  [NanoNFCorpus] encoding 50 queries (query_model, dense) …
  [NanoNFCorpus] NDCG@10  query_doc (dense)  : 0.3334
[static] Done. Final checkpoint → checkpoints_splade-v3/splade_static_loss_margin_mse/align_final.pt
