[skip] mse: checkpoint + eval already exist
[skip] mse: BEIR eval already complete
/home/capemox/projects/sae-smo-splade/.venv/bin/python3 train.py splade_static --config /home/capemox/projects/sae-smo-splade/runs/static_loss_ablation/config_cosine.yaml
[static] doc=naver/splade-v3 | steps=10000 | lr=0.001 | lambda_q=0.0 | loss=cosine

Loading weights:   0%|          | 0/204 [00:00<?, ?it/s]
Loading weights: 100%|██████████| 204/204 [00:00<00:00, 47000.17it/s]
[static] trainable params: 30,522
/home/capemox/projects/sae-smo-splade/train.py:3741: FutureWarning: `torch.cuda.amp.GradScaler(args...)` is deprecated. Please use `torch.amp.GradScaler('cuda', args...)` instead.
  scaler = GradScaler(enabled=fp16 and device.type == "cuda")
[static] Initial eval …
  [NanoMSMARCO] loading …
Exception in thread Thread-auto_conversion:
Traceback (most recent call last):
  File "/home/capemox/.local/share/uv/python/cpython-3.10.16-linux-x86_64-gnu/lib/python3.10/threading.py", line 1016, in _bootstrap_inner
    self.run()
  File "/home/capemox/.local/share/uv/python/cpython-3.10.16-linux-x86_64-gnu/lib/python3.10/threading.py", line 953, in run
    self._target(*self._args, **self._kwargs)
  File "/home/capemox/projects/sae-smo-splade/.venv/lib/python3.10/site-packages/transformers/safetensors_conversion.py", line 117, in auto_conversion
    raise e
  File "/home/capemox/projects/sae-smo-splade/.venv/lib/python3.10/site-packages/transformers/safetensors_conversion.py", line 96, in auto_conversion
    sha = get_conversion_pr_reference(api, pretrained_model_name_or_path, **cached_file_kwargs)
  File "/home/capemox/projects/sae-smo-splade/.venv/lib/python3.10/site-packages/transformers/safetensors_conversion.py", line 77, in get_conversion_pr_reference
    raise OSError(
OSError: Could not create safetensors conversion PR. The repo does not appear to have a file named pytorch_model.bin or model.safetensors.If you are loading with variant, use `use_safetensors=False` to load the original model.
  [NanoMSMARCO] encoding 5043 docs (doc_splade) …
  [NanoMSMARCO] encoding 50 queries (doc_doc ceiling) …
  [NanoMSMARCO] NDCG@10  doc_doc (ceiling) : 0.7001
  [NanoMSMARCO] encoding 50 queries (query_model, dense) …
  [NanoMSMARCO] NDCG@10  query_doc (dense)  : 0.6161
  [NanoNFCorpus] loading …
  [NanoNFCorpus] encoding 2953 docs (doc_splade) …
  [NanoNFCorpus] encoding 50 queries (doc_doc ceiling) …
  [NanoNFCorpus] NDCG@10  doc_doc (ceiling) : 0.3448
  [NanoNFCorpus] encoding 50 queries (query_model, dense) …
  [NanoNFCorpus] NDCG@10  query_doc (dense)  : 0.3380
[static] Training (10000 steps remaining) …
/home/capemox/projects/sae-smo-splade/train.py:3793: FutureWarning: `torch.cuda.amp.autocast(args...)` is deprecated. Please use `torch.amp.autocast('cuda', args...)` instead.
  with autocast(enabled=fp16 and device.type == "cuda"):
[static] step    200 | loss 0.3842 | q_nnz 8.5 | lr 9.99e-04 | 17s
[static] step    400 | loss 0.3545 | q_nnz 8.7 | lr 9.96e-04 | 13s
[static] step    600 | loss 0.2875 | q_nnz 9.2 | lr 9.91e-04 | 5s
[static] step    800 | loss 0.2467 | q_nnz 8.2 | lr 9.84e-04 | 14s
[static] step   1000 | loss 0.2277 | q_nnz 8.9 | lr 9.76e-04 | 14s
  Saved → checkpoints_splade-v3/splade_static_loss_cosine/align_step_1000.pt
[static] Eval at step 1000 …
  [NanoMSMARCO] loading …
  [NanoMSMARCO] encoding 5043 docs (doc_splade) …
  [NanoMSMARCO] encoding 50 queries (query_model, dense) …
  [NanoMSMARCO] NDCG@10  query_doc (dense)  : 0.6089
  [NanoNFCorpus] loading …
  [NanoNFCorpus] encoding 2953 docs (doc_splade) …
  [NanoNFCorpus] encoding 50 queries (query_model, dense) …
  [NanoNFCorpus] NDCG@10  query_doc (dense)  : 0.3316
  New best NanoMSMARCO NDCG@10=0.6089 → checkpoints_splade-v3/splade_static_loss_cosine/best_NanoMSMARCO.pt
[static] step   1200 | loss 0.2073 | q_nnz 8.5 | lr 9.65e-04 | 57s
[static] step   1400 | loss 0.2153 | q_nnz 9.5 | lr 9.53e-04 | 14s
[static] step   1600 | loss 0.2409 | q_nnz 9.3 | lr 9.39e-04 | 12s
[static] step   1800 | loss 0.2274 | q_nnz 8.7 | lr 9.23e-04 | 5s
[static] step   2000 | loss 0.2092 | q_nnz 9.2 | lr 9.05e-04 | 14s
  Saved → checkpoints_splade-v3/splade_static_loss_cosine/align_step_2000.pt
[static] Eval at step 2000 …
  [NanoMSMARCO] loading …
  [NanoMSMARCO] encoding 5043 docs (doc_splade) …
  [NanoMSMARCO] encoding 50 queries (query_model, dense) …
  [NanoMSMARCO] NDCG@10  query_doc (dense)  : 0.6281
  [NanoNFCorpus] loading …
  [NanoNFCorpus] encoding 2953 docs (doc_splade) …
  [NanoNFCorpus] encoding 50 queries (query_model, dense) …
  [NanoNFCorpus] NDCG@10  query_doc (dense)  : 0.3288
  New best NanoMSMARCO NDCG@10=0.6281 → checkpoints_splade-v3/splade_static_loss_cosine/best_NanoMSMARCO.pt
[static] step   2200 | loss 0.2191 | q_nnz 8.2 | lr 8.86e-04 | 64s
[static] step   2400 | loss 0.2213 | q_nnz 8.7 | lr 8.66e-04 | 5s
[static] step   2600 | loss 0.2275 | q_nnz 9.7 | lr 8.44e-04 | 13s
[static] step   2800 | loss 0.1890 | q_nnz 8.9 | lr 8.21e-04 | 5s
[static] step   3000 | loss 0.2033 | q_nnz 8.7 | lr 7.96e-04 | 14s
  Saved → checkpoints_splade-v3/splade_static_loss_cosine/align_step_3000.pt
[static] Eval at step 3000 …
  [NanoMSMARCO] loading …
  [NanoMSMARCO] encoding 5043 docs (doc_splade) …
  [NanoMSMARCO] encoding 50 queries (query_model, dense) …
  [NanoMSMARCO] NDCG@10  query_doc (dense)  : 0.6427
  [NanoNFCorpus] loading …
  [NanoNFCorpus] encoding 2953 docs (doc_splade) …
  [NanoNFCorpus] encoding 50 queries (query_model, dense) …
  [NanoNFCorpus] NDCG@10  query_doc (dense)  : 0.3290
  New best NanoMSMARCO NDCG@10=0.6427 → checkpoints_splade-v3/splade_static_loss_cosine/best_NanoMSMARCO.pt
[static] step   3200 | loss 0.2373 | q_nnz 9.2 | lr 7.70e-04 | 70s
[static] step   3400 | loss 0.2270 | q_nnz 9.1 | lr 7.43e-04 | 13s
[static] step   3600 | loss 0.2155 | q_nnz 8.7 | lr 7.16e-04 | 20s
