Device: cuda
Loading frozen doc SPLADE: naver/splade-v3 ...

Loading weights:   0%|          | 0/204 [00:00<?, ?it/s]
Loading weights: 100%|██████████| 204/204 [00:00<00:00, 62405.22it/s]

============================================================
[nfcorpus]
  Loading corpus from BeIR/nfcorpus ...
  3,633 documents

  nfcorpus:   0%|          | 0.00/3.63k [00:00<?, ?doc/s]
  nfcorpus:   1%|          | 32.0/3.63k [00:00<00:21, 166doc/s]Exception in thread Thread-auto_conversion:
Traceback (most recent call last):
  File "/home/capemox/.local/share/uv/python/cpython-3.10.16-linux-x86_64-gnu/lib/python3.10/threading.py", line 1016, in _bootstrap_inner
    self.run()
  File "/home/capemox/.local/share/uv/python/cpython-3.10.16-linux-x86_64-gnu/lib/python3.10/threading.py", line 953, in run
    self._target(*self._args, **self._kwargs)
  File "/home/capemox/projects/sae-smo-splade/.venv/lib/python3.10/site-packages/transformers/safetensors_conversion.py", line 117, in auto_conversion
    raise e
  File "/home/capemox/projects/sae-smo-splade/.venv/lib/python3.10/site-packages/transformers/safetensors_conversion.py", line 96, in auto_conversion
    sha = get_conversion_pr_reference(api, pretrained_model_name_or_path, **cached_file_kwargs)
  File "/home/capemox/projects/sae-smo-splade/.venv/lib/python3.10/site-packages/transformers/safetensors_conversion.py", line 77, in get_conversion_pr_reference
    raise OSError(
OSError: Could not create safetensors conversion PR. The repo does not appear to have a file named pytorch_model.bin or model.safetensors.If you are loading with variant, use `use_safetensors=False` to load the original model.

  nfcorpus:   3%|▎         | 96.0/3.63k [00:00<00:10, 327doc/s]
  nfcorpus:   4%|▍         | 160/3.63k [00:00<00:08, 401doc/s] 
  nfcorpus:   6%|▌         | 224/3.63k [00:00<00:07, 439doc/s]
  nfcorpus:   8%|▊         | 288/3.63k [00:00<00:07, 464doc/s]
  nfcorpus:  10%|▉         | 352/3.63k [00:00<00:06, 483doc/s]
  nfcorpus:  11%|█▏        | 416/3.63k [00:00<00:06, 495doc/s]
  nfcorpus:  13%|█▎        | 480/3.63k [00:01<00:06, 499doc/s]
  nfcorpus:  15%|█▍        | 544/3.63k [00:01<00:06, 501doc/s]
  nfcorpus:  17%|█▋        | 608/3.63k [00:01<00:05, 505doc/s]
  nfcorpus:  18%|█▊        | 672/3.63k [00:01<00:05, 509doc/s]
  nfcorpus:  20%|██        | 736/3.63k [00:01<00:05, 510doc/s]
  nfcorpus:  22%|██▏       | 800/3.63k [00:01<00:05, 512doc/s]
  nfcorpus:  24%|██▍       | 864/3.63k [00:01<00:05, 515doc/s]
  nfcorpus:  26%|██▌       | 928/3.63k [00:01<00:05, 516doc/s]
  nfcorpus:  27%|██▋       | 992/3.63k [00:02<00:05, 514doc/s]
  nfcorpus:  29%|██▉       | 1.06k/3.63k [00:02<00:05, 514doc/s]
  nfcorpus:  31%|███       | 1.12k/3.63k [00:02<00:04, 514doc/s]
  nfcorpus:  33%|███▎      | 1.18k/3.63k [00:02<00:04, 514doc/s]
  nfcorpus:  34%|███▍      | 1.25k/3.63k [00:02<00:04, 509doc/s]
  nfcorpus:  36%|███▌      | 1.31k/3.63k [00:02<00:04, 507doc/s]
  nfcorpus:  38%|███▊      | 1.38k/3.63k [00:02<00:04, 510doc/s]
  nfcorpus:  40%|███▉      | 1.44k/3.63k [00:02<00:04, 511doc/s]
  nfcorpus:  41%|████▏     | 1.50k/3.63k [00:03<00:04, 512doc/s]
  nfcorpus:  43%|████▎     | 1.57k/3.63k [00:03<00:04, 514doc/s]
  nfcorpus:  45%|████▍     | 1.63k/3.63k [00:03<00:03, 513doc/s]
  nfcorpus:  47%|████▋     | 1.70k/3.63k [00:03<00:03, 514doc/s]
  nfcorpus:  48%|████▊     | 1.76k/3.63k [00:03<00:03, 512doc/s]
  nfcorpus:  50%|█████     | 1.82k/3.63k [00:03<00:03, 514doc/s]
  nfcorpus:  52%|█████▏    | 1.89k/3.63k [00:03<00:03, 514doc/s]
  nfcorpus:  54%|█████▎    | 1.95k/3.63k [00:03<00:03, 517doc/s]
  nfcorpus:  55%|█████▌    | 2.02k/3.63k [00:04<00:03, 519doc/s]
  nfcorpus:  57%|█████▋    | 2.08k/3.63k [00:04<00:02, 519doc/s]
  nfcorpus:  59%|█████▉    | 2.14k/3.63k [00:04<00:02, 519doc/s]
  nfcorpus:  61%|██████    | 2.21k/3.63k [00:04<00:02, 518doc/s]
  nfcorpus:  63%|██████▎   | 2.27k/3.63k [00:04<00:02, 519doc/s]
  nfcorpus:  64%|██████▍   | 2.34k/3.63k [00:04<00:02, 522doc/s]
  nfcorpus:  66%|██████▌   | 2.40k/3.63k [00:04<00:02, 523doc/s]
  nfcorpus:  68%|██████▊   | 2.46k/3.63k [00:04<00:02, 522doc/s]
  nfcorpus:  70%|██████▉   | 2.53k/3.63k [00:05<00:02, 522doc/s]
  nfcorpus:  71%|███████▏  | 2.59k/3.63k [00:05<00:02, 520doc/s]
  nfcorpus:  73%|███████▎  | 2.66k/3.63k [00:05<00:01, 520doc/s]
  nfcorpus:  75%|███████▍  | 2.72k/3.63k [00:05<00:01, 520doc/s]
  nfcorpus:  77%|███████▋  | 2.78k/3.63k [00:05<00:01, 521doc/s]
  nfcorpus:  78%|███████▊  | 2.85k/3.63k [00:05<00:01, 519doc/s]
  nfcorpus:  80%|████████  | 2.91k/3.63k [00:05<00:01, 520doc/s]
  nfcorpus:  82%|████████▏ | 2.98k/3.63k [00:05<00:01, 519doc/s]
  nfcorpus:  84%|████████▎ | 3.04k/3.63k [00:06<00:01, 519doc/s]
  nfcorpus:  85%|████████▌ | 3.10k/3.63k [00:06<00:01, 521doc/s]
  nfcorpus:  87%|████████▋ | 3.17k/3.63k [00:06<00:00, 521doc/s]
  nfcorpus:  89%|████████▉ | 3.23k/3.63k [00:06<00:00, 520doc/s]
  nfcorpus:  91%|█████████ | 3.30k/3.63k [00:06<00:00, 521doc/s]
  nfcorpus:  92%|█████████▏| 3.36k/3.63k [00:06<00:00, 519doc/s]
  nfcorpus:  94%|█████████▍| 3.42k/3.63k [00:06<00:00, 519doc/s]
  nfcorpus:  96%|█████████▌| 3.49k/3.63k [00:06<00:00, 521doc/s]
  nfcorpus:  98%|█████████▊| 3.55k/3.63k [00:07<00:00, 516doc/s]
  nfcorpus: 100%|█████████▉| 3.62k/3.63k [00:07<00:00, 516doc/s]
  nfcorpus: 100%|██████████| 3.63k/3.63k [00:07<00:00, 506doc/s]
  Done. 3,633 docs indexed. Avg 188.0 nonzero terms/doc. 0.1 min.

============================================================
[scifact]
  Loading corpus from BeIR/scifact ...
  5,183 documents

  scifact:   0%|          | 0.00/5.18k [00:00<?, ?doc/s]
  scifact:   1%|          | 64.0/5.18k [00:00<00:10, 487doc/s]
  scifact:   2%|▏         | 128/5.18k [00:00<00:10, 496doc/s] 
  scifact:   4%|▎         | 192/5.18k [00:00<00:10, 498doc/s]
  scifact:   5%|▍         | 256/5.18k [00:00<00:09, 504doc/s]
  scifact:   6%|▌         | 320/5.18k [00:00<00:09, 505doc/s]
  scifact:   7%|▋         | 384/5.18k [00:00<00:09, 511doc/s]
  scifact:   9%|▊         | 448/5.18k [00:00<00:09, 512doc/s]
  scifact:  10%|▉         | 512/5.18k [00:01<00:09, 513doc/s]
  scifact:  11%|█         | 576/5.18k [00:01<00:08, 514doc/s]
  scifact:  12%|█▏        | 640/5.18k [00:01<00:08, 513doc/s]
  scifact:  14%|█▎        | 704/5.18k [00:01<00:08, 514doc/s]
  scifact:  15%|█▍        | 768/5.18k [00:01<00:08, 516doc/s]
  scifact:  16%|█▌        | 832/5.18k [00:01<00:08, 519doc/s]
  scifact:  17%|█▋        | 896/5.18k [00:01<00:08, 518doc/s]
  scifact:  19%|█▊        | 960/5.18k [00:01<00:08, 517doc/s]
  scifact:  20%|█▉        | 1.02k/5.18k [00:02<00:08, 515doc/s]
  scifact:  21%|██        | 1.09k/5.18k [00:02<00:07, 514doc/s]
  scifact:  22%|██▏       | 1.15k/5.18k [00:02<00:07, 516doc/s]
  scifact:  23%|██▎       | 1.22k/5.18k [00:02<00:07, 515doc/s]
  scifact:  25%|██▍       | 1.28k/5.18k [00:02<00:07, 514doc/s]
  scifact:  26%|██▌       | 1.34k/5.18k [00:02<00:07, 515doc/s]
  scifact:  27%|██▋       | 1.41k/5.18k [00:02<00:07, 516doc/s]
  scifact:  28%|██▊       | 1.47k/5.18k [00:02<00:07, 516doc/s]
  scifact:  30%|██▉       | 1.54k/5.18k [00:02<00:07, 518doc/s]
  scifact:  31%|███       | 1.60k/5.18k [00:03<00:06, 514doc/s]
  scifact:  32%|███▏      | 1.66k/5.18k [00:03<00:06, 514doc/s]
  scifact:  33%|███▎      | 1.73k/5.18k [00:03<00:06, 515doc/s]
  scifact:  35%|███▍      | 1.79k/5.18k [00:03<00:06, 513doc/s]
  scifact:  36%|███▌      | 1.86k/5.18k [00:03<00:06, 511doc/s]
  scifact:  37%|███▋      | 1.92k/5.18k [00:03<00:06, 513doc/s]
  scifact:  38%|███▊      | 1.98k/5.18k [00:03<00:06, 511doc/s]
  scifact:  40%|███▉      | 2.05k/5.18k [00:03<00:06, 511doc/s]
  scifact:  41%|████      | 2.11k/5.18k [00:04<00:05, 512doc/s]
  scifact:  42%|████▏     | 2.18k/5.18k [00:04<00:05, 514doc/s]
  scifact:  43%|████▎     | 2.24k/5.18k [00:04<00:05, 515doc/s]
  scifact:  44%|████▍     | 2.30k/5.18k [00:04<00:05, 517doc/s]
  scifact:  46%|████▌     | 2.37k/5.18k [00:04<00:05, 518doc/s]
  scifact:  47%|████▋     | 2.43k/5.18k [00:04<00:05, 519doc/s]
  scifact:  48%|████▊     | 2.50k/5.18k [00:04<00:05, 516doc/s]
  scifact:  49%|████▉     | 2.56k/5.18k [00:04<00:05, 515doc/s]
  scifact:  51%|█████     | 2.62k/5.18k [00:05<00:04, 515doc/s]
  scifact:  52%|█████▏    | 2.69k/5.18k [00:05<00:04, 517doc/s]
  scifact:  53%|█████▎    | 2.75k/5.18k [00:05<00:04, 515doc/s]
  scifact:  54%|█████▍    | 2.82k/5.18k [00:05<00:04, 515doc/s]
  scifact:  56%|█████▌    | 2.88k/5.18k [00:05<00:04, 516doc/s]
  scifact:  57%|█████▋    | 2.94k/5.18k [00:05<00:04, 515doc/s]
  scifact:  58%|█████▊    | 3.01k/5.18k [00:05<00:04, 515doc/s]
  scifact:  59%|█████▉    | 3.07k/5.18k [00:05<00:04, 515doc/s]
  scifact:  61%|██████    | 3.14k/5.18k [00:06<00:03, 515doc/s]
  scifact:  62%|██████▏   | 3.20k/5.18k [00:06<00:03, 516doc/s]
  scifact:  63%|██████▎   | 3.26k/5.18k [00:06<00:03, 516doc/s]
  scifact:  64%|██████▍   | 3.33k/5.18k [00:06<00:03, 516doc/s]
  scifact:  65%|██████▌   | 3.39k/5.18k [00:06<00:03, 513doc/s]
  scifact:  67%|██████▋   | 3.46k/5.18k [00:06<00:03, 513doc/s]
  scifact:  68%|██████▊   | 3.52k/5.18k [00:06<00:03, 513doc/s]
  scifact:  69%|██████▉   | 3.58k/5.18k [00:06<00:03, 514doc/s]
  scifact:  70%|███████   | 3.65k/5.18k [00:07<00:02, 515doc/s]
  scifact:  72%|███████▏  | 3.71k/5.18k [00:07<00:02, 517doc/s]
  scifact:  73%|███████▎  | 3.78k/5.18k [00:07<00:02, 518doc/s]
  scifact:  74%|███████▍  | 3.84k/5.18k [00:07<00:02, 519doc/s]
  scifact:  75%|███████▌  | 3.90k/5.18k [00:07<00:02, 516doc/s]
  scifact:  77%|███████▋  | 3.97k/5.18k [00:07<00:02, 515doc/s]
  scifact:  78%|███████▊  | 4.03k/5.18k [00:07<00:02, 512doc/s]
  scifact:  79%|███████▉  | 4.10k/5.18k [00:07<00:02, 513doc/s]
  scifact:  80%|████████  | 4.16k/5.18k [00:08<00:02, 511doc/s]
  scifact:  81%|████████▏ | 4.22k/5.18k [00:08<00:01, 512doc/s]
  scifact:  83%|████████▎ | 4.29k/5.18k [00:08<00:01, 516doc/s]
  scifact:  84%|████████▍ | 4.35k/5.18k [00:08<00:01, 514doc/s]
  scifact:  85%|████████▌ | 4.42k/5.18k [00:08<00:01, 510doc/s]
  scifact:  86%|████████▋ | 4.48k/5.18k [00:08<00:01, 512doc/s]
  scifact:  88%|████████▊ | 4.54k/5.18k [00:08<00:01, 514doc/s]
  scifact:  89%|████████▉ | 4.61k/5.18k [00:08<00:01, 515doc/s]
  scifact:  90%|█████████ | 4.67k/5.18k [00:09<00:00, 514doc/s]
  scifact:  91%|█████████▏| 4.74k/5.18k [00:09<00:00, 511doc/s]
  scifact:  93%|█████████▎| 4.80k/5.18k [00:09<00:00, 513doc/s]
  scifact:  94%|█████████▍| 4.86k/5.18k [00:09<00:00, 514doc/s]
  scifact:  95%|█████████▌| 4.93k/5.18k [00:09<00:00, 516doc/s]
  scifact:  96%|█████████▋| 4.99k/5.18k [00:09<00:00, 515doc/s]
  scifact:  98%|█████████▊| 5.06k/5.18k [00:09<00:00, 514doc/s]
  scifact:  99%|█████████▉| 5.12k/5.18k [00:09<00:00, 511doc/s]
  scifact: 100%|██████████| 5.18k/5.18k [00:10<00:00, 511doc/s]
  scifact: 100%|██████████| 5.18k/5.18k [00:10<00:00, 513doc/s]
  Done. 5,183 docs indexed. Avg 200.3 nonzero terms/doc. 0.2 min.

============================================================
[arguana]
  Loading corpus from BeIR/arguana ...
  8,674 documents

  arguana:   0%|          | 0.00/8.67k [00:00<?, ?doc/s]
  arguana:   1%|          | 64.0/8.67k [00:00<00:17, 491doc/s]
  arguana:   1%|▏         | 128/8.67k [00:00<00:16, 511doc/s] 
  arguana:   2%|▏         | 192/8.67k [00:00<00:16, 518doc/s]
  arguana:   3%|▎         | 256/8.67k [00:00<00:16, 520doc/s]
  arguana:   4%|▎         | 320/8.67k [00:00<00:16, 520doc/s]
  arguana:   4%|▍         | 384/8.67k [00:00<00:16, 517doc/s]
  arguana:   5%|▌         | 448/8.67k [00:00<00:15, 519doc/s]
  arguana:   6%|▌         | 512/8.67k [00:00<00:15, 519doc/s]
  arguana:   7%|▋         | 576/8.67k [00:01<00:15, 519doc/s]
  arguana:   7%|▋         | 640/8.67k [00:01<00:15, 519doc/s]
  arguana:   8%|▊         | 704/8.67k [00:01<00:15, 518doc/s]
  arguana:   9%|▉         | 768/8.67k [00:01<00:15, 518doc/s]
  arguana:  10%|▉         | 832/8.67k [00:01<00:15, 519doc/s]
  arguana:  10%|█         | 896/8.67k [00:01<00:14, 519doc/s]
  arguana:  11%|█         | 960/8.67k [00:01<00:14, 520doc/s]
  arguana:  12%|█▏        | 1.02k/8.67k [00:01<00:14, 520doc/s]
  arguana:  13%|█▎        | 1.09k/8.67k [00:02<00:14, 521doc/s]
  arguana:  13%|█▎        | 1.15k/8.67k [00:02<00:14, 522doc/s]
  arguana:  14%|█▍        | 1.22k/8.67k [00:02<00:14, 520doc/s]
  arguana:  15%|█▍        | 1.28k/8.67k [00:02<00:14, 520doc/s]
  arguana:  15%|█▌        | 1.34k/8.67k [00:02<00:14, 521doc/s]
  arguana:  16%|█▌        | 1.41k/8.67k [00:02<00:13, 521doc/s]
  arguana:  17%|█▋        | 1.47k/8.67k [00:02<00:13, 521doc/s]
  arguana:  18%|█▊        | 1.54k/8.67k [00:02<00:13, 523doc/s]
  arguana:  18%|█▊        | 1.60k/8.67k [00:03<00:13, 525doc/s]
  arguana:  19%|█▉        | 1.66k/8.67k [00:03<00:13, 525doc/s]
  arguana:  20%|█▉        | 1.73k/8.67k [00:03<00:13, 523doc/s]
  arguana:  21%|██        | 1.79k/8.67k [00:03<00:13, 524doc/s]
  arguana:  21%|██▏       | 1.86k/8.67k [00:03<00:13, 523doc/s]
  arguana:  22%|██▏       | 1.92k/8.67k [00:03<00:12, 524doc/s]
  arguana:  23%|██▎       | 1.98k/8.67k [00:03<00:12, 522doc/s]
  arguana:  24%|██▎       | 2.05k/8.67k [00:03<00:12, 525doc/s]
  arguana:  24%|██▍       | 2.11k/8.67k [00:04<00:12, 525doc/s]
  arguana:  25%|██▌       | 2.18k/8.67k [00:04<00:12, 526doc/s]
  arguana:  26%|██▌       | 2.24k/8.67k [00:04<00:12, 527doc/s]
  arguana:  27%|██▋       | 2.30k/8.67k [00:04<00:12, 523doc/s]
  arguana:  27%|██▋       | 2.37k/8.67k [00:04<00:12, 523doc/s]
  arguana:  28%|██▊       | 2.43k/8.67k [00:04<00:11, 523doc/s]
  arguana:  29%|██▉       | 2.50k/8.67k [00:04<00:11, 522doc/s]
  arguana:  30%|██▉       | 2.56k/8.67k [00:04<00:11, 524doc/s]
  arguana:  30%|███       | 2.62k/8.67k [00:05<00:11, 523doc/s]
  arguana:  31%|███       | 2.69k/8.67k [00:05<00:11, 524doc/s]
  arguana:  32%|███▏      | 2.75k/8.67k [00:05<00:11, 524doc/s]
  arguana:  32%|███▏      | 2.82k/8.67k [00:05<00:11, 524doc/s]
  arguana:  33%|███▎      | 2.88k/8.67k [00:05<00:11, 523doc/s]
  arguana:  34%|███▍      | 2.94k/8.67k [00:05<00:10, 523doc/s]
  arguana:  35%|███▍      | 3.01k/8.67k [00:05<00:10, 522doc/s]
  arguana:  35%|███▌      | 3.07k/8.67k [00:05<00:10, 521doc/s]
  arguana:  36%|███▌      | 3.14k/8.67k [00:06<00:10, 522doc/s]
  arguana:  37%|███▋      | 3.20k/8.67k [00:06<00:10, 521doc/s]
  arguana:  38%|███▊      | 3.26k/8.67k [00:06<00:10, 518doc/s]
  arguana:  38%|███▊      | 3.33k/8.67k [00:06<00:10, 520doc/s]
  arguana:  39%|███▉      | 3.39k/8.67k [00:06<00:10, 521doc/s]
  arguana:  40%|███▉      | 3.46k/8.67k [00:06<00:10, 519doc/s]
  arguana:  41%|████      | 3.52k/8.67k [00:06<00:09, 522doc/s]
  arguana:  41%|████▏     | 3.58k/8.67k [00:06<00:09, 523doc/s]
  arguana:  42%|████▏     | 3.65k/8.67k [00:06<00:09, 524doc/s]
  arguana:  43%|████▎     | 3.71k/8.67k [00:07<00:09, 523doc/s]
  arguana:  44%|████▎     | 3.78k/8.67k [00:07<00:09, 522doc/s]
  arguana:  44%|████▍     | 3.84k/8.67k [00:07<00:09, 520doc/s]
  arguana:  45%|████▌     | 3.90k/8.67k [00:07<00:09, 519doc/s]
  arguana:  46%|████▌     | 3.97k/8.67k [00:07<00:09, 521doc/s]
  arguana:  46%|████▋     | 4.03k/8.67k [00:07<00:08, 522doc/s]
  arguana:  47%|████▋     | 4.10k/8.67k [00:07<00:08, 523doc/s]
  arguana:  48%|████▊     | 4.16k/8.67k [00:07<00:08, 524doc/s]
  arguana:  49%|████▊     | 4.22k/8.67k [00:08<00:08, 526doc/s]
  arguana:  49%|████▉     | 4.29k/8.67k [00:08<00:08, 522doc/s]
  arguana:  50%|█████     | 4.35k/8.67k [00:08<00:08, 524doc/s]
  arguana:  51%|█████     | 4.42k/8.67k [00:08<00:08, 523doc/s]
  arguana:  52%|█████▏    | 4.48k/8.67k [00:08<00:08, 524doc/s]
  arguana:  52%|█████▏    | 4.54k/8.67k [00:08<00:07, 524doc/s]
  arguana:  53%|█████▎    | 4.61k/8.67k [00:08<00:07, 521doc/s]
  arguana:  54%|█████▍    | 4.67k/8.67k [00:08<00:07, 520doc/s]
  arguana:  55%|█████▍    | 4.74k/8.67k [00:09<00:07, 519doc/s]
  arguana:  55%|█████▌    | 4.80k/8.67k [00:09<00:07, 518doc/s]
  arguana:  56%|█████▌    | 4.86k/8.67k [00:09<00:07, 518doc/s]
  arguana:  57%|█████▋    | 4.93k/8.67k [00:09<00:07, 519doc/s]
  arguana:  58%|█████▊    | 4.99k/8.67k [00:09<00:07, 520doc/s]
  arguana:  58%|█████▊    | 5.06k/8.67k [00:09<00:06, 523doc/s]
  arguana:  59%|█████▉    | 5.12k/8.67k [00:09<00:06, 526doc/s]
  arguana:  60%|█████▉    | 5.18k/8.67k [00:09<00:06, 526doc/s]
  arguana:  61%|██████    | 5.25k/8.67k [00:10<00:06, 524doc/s]
  arguana:  61%|██████    | 5.31k/8.67k [00:10<00:06, 524doc/s]
  arguana:  62%|██████▏   | 5.38k/8.67k [00:10<00:06, 520doc/s]
  arguana:  63%|██████▎   | 5.44k/8.67k [00:10<00:06, 518doc/s]
  arguana:  63%|██████▎   | 5.50k/8.67k [00:10<00:06, 520doc/s]
  arguana:  64%|██████▍   | 5.57k/8.67k [00:10<00:05, 519doc/s]
  arguana:  65%|██████▍   | 5.63k/8.67k [00:10<00:05, 517doc/s]
  arguana:  66%|██████▌   | 5.70k/8.67k [00:10<00:05, 518doc/s]
  arguana:  66%|██████▋   | 5.76k/8.67k [00:11<00:05, 517doc/s]
  arguana:  67%|██████▋   | 5.82k/8.67k [00:11<00:05, 519doc/s]
  arguana:  68%|██████▊   | 5.89k/8.67k [00:11<00:05, 519doc/s]
  arguana:  69%|██████▊   | 5.95k/8.67k [00:11<00:05, 518doc/s]
  arguana:  69%|██████▉   | 6.02k/8.67k [00:11<00:05, 518doc/s]
  arguana:  70%|███████   | 6.08k/8.67k [00:11<00:05, 517doc/s]
  arguana:  71%|███████   | 6.14k/8.67k [00:11<00:04, 518doc/s]
  arguana:  72%|███████▏  | 6.21k/8.67k [00:11<00:04, 518doc/s]
  arguana:  72%|███████▏  | 6.27k/8.67k [00:12<00:04, 519doc/s]
  arguana:  73%|███████▎  | 6.34k/8.67k [00:12<00:04, 518doc/s]
  arguana:  74%|███████▍  | 6.40k/8.67k [00:12<00:04, 520doc/s]
  arguana:  75%|███████▍  | 6.46k/8.67k [00:12<00:04, 519doc/s]
  arguana:  75%|███████▌  | 6.53k/8.67k [00:12<00:04, 519doc/s]
  arguana:  76%|███████▌  | 6.59k/8.67k [00:12<00:04, 519doc/s]
  arguana:  77%|███████▋  | 6.66k/8.67k [00:12<00:03, 522doc/s]
  arguana:  77%|███████▋  | 6.72k/8.67k [00:12<00:03, 522doc/s]
  arguana:  78%|███████▊  | 6.78k/8.67k [00:13<00:03, 521doc/s]
  arguana:  79%|███████▉  | 6.85k/8.67k [00:13<00:03, 518doc/s]
  arguana:  80%|███████▉  | 6.91k/8.67k [00:13<00:03, 519doc/s]
  arguana:  80%|████████  | 6.98k/8.67k [00:13<00:03, 520doc/s]
  arguana:  81%|████████  | 7.04k/8.67k [00:13<00:03, 523doc/s]
  arguana:  82%|████████▏ | 7.10k/8.67k [00:13<00:02, 523doc/s]
  arguana:  83%|████████▎ | 7.17k/8.67k [00:13<00:02, 521doc/s]
  arguana:  83%|████████▎ | 7.23k/8.67k [00:13<00:02, 522doc/s]
  arguana:  84%|████████▍ | 7.30k/8.67k [00:14<00:02, 522doc/s]
  arguana:  85%|████████▍ | 7.36k/8.67k [00:14<00:02, 521doc/s]
  arguana:  86%|████████▌ | 7.42k/8.67k [00:14<00:02, 522doc/s]
  arguana:  86%|████████▋ | 7.49k/8.67k [00:14<00:02, 522doc/s]
  arguana:  87%|████████▋ | 7.55k/8.67k [00:14<00:02, 524doc/s]
  arguana:  88%|████████▊ | 7.62k/8.67k [00:14<00:02, 522doc/s]
  arguana:  89%|████████▊ | 7.68k/8.67k [00:14<00:01, 522doc/s]
  arguana:  89%|████████▉ | 7.74k/8.67k [00:14<00:01, 522doc/s]
  arguana:  90%|█████████ | 7.81k/8.67k [00:14<00:01, 523doc/s]
  arguana:  91%|█████████ | 7.87k/8.67k [00:15<00:01, 522doc/s]
  arguana:  91%|█████████▏| 7.94k/8.67k [00:15<00:01, 522doc/s]
  arguana:  92%|█████████▏| 8.00k/8.67k [00:15<00:01, 525doc/s]
  arguana:  93%|█████████▎| 8.06k/8.67k [00:15<00:01, 525doc/s]
  arguana:  94%|█████████▎| 8.13k/8.67k [00:15<00:01, 523doc/s]
  arguana:  94%|█████████▍| 8.19k/8.67k [00:15<00:00, 523doc/s]
  arguana:  95%|█████████▌| 8.26k/8.67k [00:15<00:00, 521doc/s]
  arguana:  96%|█████████▌| 8.32k/8.67k [00:15<00:00, 521doc/s]
  arguana:  97%|█████████▋| 8.38k/8.67k [00:16<00:00, 521doc/s]
  arguana:  97%|█████████▋| 8.45k/8.67k [00:16<00:00, 522doc/s]
  arguana:  98%|█████████▊| 8.51k/8.67k [00:16<00:00, 521doc/s]
  arguana:  99%|█████████▉| 8.58k/8.67k [00:16<00:00, 521doc/s]
  arguana: 100%|█████████▉| 8.64k/8.67k [00:16<00:00, 519doc/s]
  arguana: 100%|██████████| 8.67k/8.67k [00:16<00:00, 520doc/s]
  Done. 8,674 docs indexed. Avg 258.8 nonzero terms/doc. 0.3 min.

============================================================
[scidocs]
  Loading corpus from BeIR/scidocs ...
  25,657 documents

  scidocs:   0%|          | 0.00/25.7k [00:00<?, ?doc/s]
  scidocs:   0%|          | 64.0/25.7k [00:00<00:52, 489doc/s]
  scidocs:   0%|          | 128/25.7k [00:00<00:50, 501doc/s] 
  scidocs:   1%|          | 192/25.7k [00:00<00:50, 504doc/s]
  scidocs:   1%|          | 256/25.7k [00:00<00:49, 509doc/s]
  scidocs:   1%|          | 320/25.7k [00:00<00:49, 514doc/s]
  scidocs:   1%|▏         | 384/25.7k [00:00<00:49, 512doc/s]
  scidocs:   2%|▏         | 448/25.7k [00:00<00:49, 513doc/s]
  scidocs:   2%|▏         | 512/25.7k [00:01<00:49, 513doc/s]
  scidocs:   2%|▏         | 576/25.7k [00:01<00:48, 518doc/s]
  scidocs:   2%|▏         | 640/25.7k [00:01<00:48, 515doc/s]
  scidocs:   3%|▎         | 704/25.7k [00:01<00:48, 518doc/s]
  scidocs:   3%|▎         | 768/25.7k [00:01<00:48, 516doc/s]
  scidocs:   3%|▎         | 832/25.7k [00:01<00:48, 516doc/s]
  scidocs:   3%|▎         | 896/25.7k [00:01<00:47, 521doc/s]
  scidocs:   4%|▎         | 960/25.7k [00:01<00:47, 518doc/s]
  scidocs:   4%|▍         | 1.02k/25.7k [00:01<00:47, 518doc/s]
  scidocs:   4%|▍         | 1.09k/25.7k [00:02<00:47, 516doc/s]
  scidocs:   4%|▍         | 1.15k/25.7k [00:02<00:47, 515doc/s]
  scidocs:   5%|▍         | 1.22k/25.7k [00:02<00:48, 507doc/s]
  scidocs:   5%|▍         | 1.28k/25.7k [00:02<00:48, 506doc/s]
  scidocs:   5%|▌         | 1.34k/25.7k [00:02<00:47, 509doc/s]
  scidocs:   5%|▌         | 1.41k/25.7k [00:02<00:47, 512doc/s]
  scidocs:   6%|▌         | 1.47k/25.7k [00:02<00:46, 516doc/s]
  scidocs:   6%|▌         | 1.54k/25.7k [00:02<00:46, 517doc/s]
  scidocs:   6%|▌         | 1.60k/25.7k [00:03<00:46, 517doc/s]
  scidocs:   6%|▋         | 1.66k/25.7k [00:03<00:46, 517doc/s]
  scidocs:   7%|▋         | 1.73k/25.7k [00:03<00:46, 518doc/s]
  scidocs:   7%|▋         | 1.79k/25.7k [00:03<00:46, 513doc/s]
  scidocs:   7%|▋         | 1.86k/25.7k [00:03<00:46, 514doc/s]
  scidocs:   7%|▋         | 1.92k/25.7k [00:03<00:46, 515doc/s]
  scidocs:   8%|▊         | 1.98k/25.7k [00:03<00:45, 517doc/s]
  scidocs:   8%|▊         | 2.05k/25.7k [00:03<00:45, 516doc/s]
  scidocs:   8%|▊         | 2.11k/25.7k [00:04<00:45, 517doc/s]
  scidocs:   8%|▊         | 2.18k/25.7k [00:04<00:45, 515doc/s]
  scidocs:   9%|▊         | 2.24k/25.7k [00:04<00:45, 514doc/s]
  scidocs:   9%|▉         | 2.30k/25.7k [00:04<00:45, 516doc/s]
  scidocs:   9%|▉         | 2.37k/25.7k [00:04<00:44, 518doc/s]
  scidocs:   9%|▉         | 2.43k/25.7k [00:04<00:44, 518doc/s]
  scidocs:  10%|▉         | 2.50k/25.7k [00:04<00:44, 516doc/s]
  scidocs:  10%|▉         | 2.56k/25.7k [00:04<00:44, 518doc/s]
  scidocs:  10%|█         | 2.62k/25.7k [00:05<00:44, 519doc/s]
  scidocs:  10%|█         | 2.69k/25.7k [00:05<00:44, 518doc/s]
  scidocs:  11%|█         | 2.75k/25.7k [00:05<00:44, 516doc/s]
  scidocs:  11%|█         | 2.82k/25.7k [00:05<00:44, 515doc/s]
  scidocs:  11%|█         | 2.88k/25.7k [00:05<00:44, 512doc/s]
  scidocs:  11%|█▏        | 2.94k/25.7k [00:05<00:44, 513doc/s]
  scidocs:  12%|█▏        | 3.01k/25.7k [00:05<00:43, 516doc/s]
  scidocs:  12%|█▏        | 3.07k/25.7k [00:05<00:43, 519doc/s]
  scidocs:  12%|█▏        | 3.14k/25.7k [00:06<00:43, 516doc/s]
  scidocs:  12%|█▏        | 3.20k/25.7k [00:06<00:43, 516doc/s]
  scidocs:  13%|█▎        | 3.26k/25.7k [00:06<00:43, 519doc/s]
  scidocs:  13%|█▎        | 3.33k/25.7k [00:06<00:42, 520doc/s]
  scidocs:  13%|█▎        | 3.39k/25.7k [00:06<00:43, 515doc/s]
  scidocs:  13%|█▎        | 3.46k/25.7k [00:06<00:43, 516doc/s]
  scidocs:  14%|█▎        | 3.52k/25.7k [00:06<00:43, 514doc/s]
  scidocs:  14%|█▍        | 3.58k/25.7k [00:06<00:42, 515doc/s]
  scidocs:  14%|█▍        | 3.65k/25.7k [00:07<00:42, 516doc/s]
  scidocs:  14%|█▍        | 3.71k/25.7k [00:07<00:42, 515doc/s]
  scidocs:  15%|█▍        | 3.78k/25.7k [00:07<00:42, 515doc/s]
  scidocs:  15%|█▍        | 3.84k/25.7k [00:07<00:42, 515doc/s]
  scidocs:  15%|█▌        | 3.90k/25.7k [00:07<00:42, 516doc/s]
  scidocs:  15%|█▌        | 3.97k/25.7k [00:07<00:41, 519doc/s]
  scidocs:  16%|█▌        | 4.03k/25.7k [00:07<00:41, 518doc/s]
  scidocs:  16%|█▌        | 4.10k/25.7k [00:07<00:42, 513doc/s]
  scidocs:  16%|█▌        | 4.16k/25.7k [00:08<00:41, 514doc/s]
  scidocs:  16%|█▋        | 4.22k/25.7k [00:08<00:41, 513doc/s]
  scidocs:  17%|█▋        | 4.29k/25.7k [00:08<00:41, 512doc/s]
  scidocs:  17%|█▋        | 4.35k/25.7k [00:08<00:41, 513doc/s]
  scidocs:  17%|█▋        | 4.42k/25.7k [00:08<00:41, 512doc/s]
  scidocs:  17%|█▋        | 4.48k/25.7k [00:08<00:41, 515doc/s]
  scidocs:  18%|█▊        | 4.54k/25.7k [00:08<00:41, 512doc/s]
  scidocs:  18%|█▊        | 4.61k/25.7k [00:08<00:40, 514doc/s]
  scidocs:  18%|█▊        | 4.67k/25.7k [00:09<00:40, 514doc/s]
  scidocs:  18%|█▊        | 4.74k/25.7k [00:09<00:40, 517doc/s]
  scidocs:  19%|█▊        | 4.80k/25.7k [00:09<00:40, 521doc/s]
  scidocs:  19%|█▉        | 4.86k/25.7k [00:09<00:40, 518doc/s]
  scidocs:  19%|█▉        | 4.93k/25.7k [00:09<00:39, 519doc/s]
  scidocs:  19%|█▉        | 4.99k/25.7k [00:09<00:40, 517doc/s]
  scidocs:  20%|█▉        | 5.06k/25.7k [00:09<00:39, 516doc/s]
  scidocs:  20%|█▉        | 5.12k/25.7k [00:09<00:39, 517doc/s]
  scidocs:  20%|██        | 5.18k/25.7k [00:10<00:39, 518doc/s]
  scidocs:  20%|██        | 5.25k/25.7k [00:10<00:39, 515doc/s]
  scidocs:  21%|██        | 5.31k/25.7k [00:10<00:39, 514doc/s]
  scidocs:  21%|██        | 5.38k/25.7k [00:10<00:39, 516doc/s]
  scidocs:  21%|██        | 5.44k/25.7k [00:10<00:39, 514doc/s]
  scidocs:  21%|██▏       | 5.50k/25.7k [00:10<00:39, 516doc/s]
  scidocs:  22%|██▏       | 5.57k/25.7k [00:10<00:39, 515doc/s]
  scidocs:  22%|██▏       | 5.63k/25.7k [00:10<00:38, 516doc/s]
  scidocs:  22%|██▏       | 5.70k/25.7k [00:11<00:38, 517doc/s]
  scidocs:  22%|██▏       | 5.76k/25.7k [00:11<00:38, 517doc/s]
  scidocs:  23%|██▎       | 5.82k/25.7k [00:11<00:38, 518doc/s]
  scidocs:  23%|██▎       | 5.89k/25.7k [00:11<00:38, 512doc/s]
  scidocs:  23%|██▎       | 5.95k/25.7k [00:11<00:38, 514doc/s]
  scidocs:  23%|██▎       | 6.02k/25.7k [00:11<00:38, 517doc/s]
  scidocs:  24%|██▎       | 6.08k/25.7k [00:11<00:37, 516doc/s]
  scidocs:  24%|██▍       | 6.14k/25.7k [00:11<00:37, 514doc/s]
  scidocs:  24%|██▍       | 6.21k/25.7k [00:12<00:37, 512doc/s]
  scidocs:  24%|██▍       | 6.27k/25.7k [00:12<00:37, 515doc/s]
  scidocs:  25%|██▍       | 6.34k/25.7k [00:12<00:37, 514doc/s]
  scidocs:  25%|██▍       | 6.40k/25.7k [00:12<00:37, 515doc/s]
  scidocs:  25%|██▌       | 6.46k/25.7k [00:12<00:37, 514doc/s]
  scidocs:  25%|██▌       | 6.53k/25.7k [00:12<00:37, 513doc/s]
  scidocs:  26%|██▌       | 6.59k/25.7k [00:12<00:37, 515doc/s]
  scidocs:  26%|██▌       | 6.66k/25.7k [00:12<00:37, 512doc/s]
  scidocs:  26%|██▌       | 6.72k/25.7k [00:13<00:36, 512doc/s]
  scidocs:  26%|██▋       | 6.78k/25.7k [00:13<00:37, 509doc/s]
  scidocs:  27%|██▋       | 6.85k/25.7k [00:13<00:36, 515doc/s]
  scidocs:  27%|██▋       | 6.91k/25.7k [00:13<00:36, 519doc/s]
  scidocs:  27%|██▋       | 6.98k/25.7k [00:13<00:35, 521doc/s]
  scidocs:  27%|██▋       | 7.04k/25.7k [00:13<00:35, 521doc/s]
  scidocs:  28%|██▊       | 7.10k/25.7k [00:13<00:35, 517doc/s]
  scidocs:  28%|██▊       | 7.17k/25.7k [00:13<00:35, 518doc/s]
  scidocs:  28%|██▊       | 7.23k/25.7k [00:14<00:35, 519doc/s]
  scidocs:  28%|██▊       | 7.30k/25.7k [00:14<00:35, 518doc/s]
  scidocs:  29%|██▊       | 7.36k/25.7k [00:14<00:35, 519doc/s]
  scidocs:  29%|██▉       | 7.42k/25.7k [00:14<00:35, 518doc/s]
  scidocs:  29%|██▉       | 7.49k/25.7k [00:14<00:34, 521doc/s]
  scidocs:  29%|██▉       | 7.55k/25.7k [00:14<00:34, 520doc/s]
  scidocs:  30%|██▉       | 7.62k/25.7k [00:14<00:34, 519doc/s]
  scidocs:  30%|██▉       | 7.68k/25.7k [00:14<00:34, 521doc/s]
  scidocs:  30%|███       | 7.74k/25.7k [00:15<00:34, 517doc/s]
  scidocs:  30%|███       | 7.81k/25.7k [00:15<00:34, 518doc/s]
  scidocs:  31%|███       | 7.87k/25.7k [00:15<00:34, 519doc/s]
  scidocs:  31%|███       | 7.94k/25.7k [00:15<00:34, 518doc/s]
  scidocs:  31%|███       | 8.00k/25.7k [00:15<00:34, 519doc/s]
  scidocs:  31%|███▏      | 8.06k/25.7k [00:15<00:33, 520doc/s]
  scidocs:  32%|███▏      | 8.13k/25.7k [00:15<00:34, 514doc/s]
  scidocs:  32%|███▏      | 8.19k/25.7k [00:15<00:33, 515doc/s]
  scidocs:  32%|███▏      | 8.26k/25.7k [00:16<00:33, 516doc/s]
  scidocs:  32%|███▏      | 8.32k/25.7k [00:16<00:33, 517doc/s]
  scidocs:  33%|███▎      | 8.38k/25.7k [00:16<00:33, 519doc/s]
  scidocs:  33%|███▎      | 8.45k/25.7k [00:16<00:33, 519doc/s]
  scidocs:  33%|███▎      | 8.51k/25.7k [00:16<00:33, 518doc/s]
  scidocs:  33%|███▎      | 8.58k/25.7k [00:16<00:32, 519doc/s]
  scidocs:  34%|███▎      | 8.64k/25.7k [00:16<00:32, 519doc/s]
  scidocs:  34%|███▍      | 8.70k/25.7k [00:16<00:32, 517doc/s]
  scidocs:  34%|███▍      | 8.77k/25.7k [00:17<00:32, 515doc/s]
  scidocs:  34%|███▍      | 8.83k/25.7k [00:17<00:32, 516doc/s]
  scidocs:  35%|███▍      | 8.90k/25.7k [00:17<00:32, 516doc/s]
  scidocs:  35%|███▍      | 8.96k/25.7k [00:17<00:32, 518doc/s]
  scidocs:  35%|███▌      | 9.02k/25.7k [00:17<00:32, 519doc/s]
  scidocs:  35%|███▌      | 9.09k/25.7k [00:17<00:31, 519doc/s]
  scidocs:  36%|███▌      | 9.15k/25.7k [00:17<00:31, 517doc/s]
  scidocs:  36%|███▌      | 9.22k/25.7k [00:17<00:31, 517doc/s]
  scidocs:  36%|███▌      | 9.28k/25.7k [00:17<00:31, 518doc/s]
  scidocs:  36%|███▋      | 9.34k/25.7k [00:18<00:31, 515doc/s]
  scidocs:  37%|███▋      | 9.41k/25.7k [00:18<00:31, 519doc/s]
  scidocs:  37%|███▋      | 9.47k/25.7k [00:18<00:31, 516doc/s]
  scidocs:  37%|███▋      | 9.54k/25.7k [00:18<00:31, 514doc/s]
  scidocs:  37%|███▋      | 9.60k/25.7k [00:18<00:31, 514doc/s]
  scidocs:  38%|███▊      | 9.66k/25.7k [00:18<00:31, 515doc/s]
  scidocs:  38%|███▊      | 9.73k/25.7k [00:18<00:30, 514doc/s]
  scidocs:  38%|███▊      | 9.79k/25.7k [00:18<00:30, 516doc/s]
  scidocs:  38%|███▊      | 9.86k/25.7k [00:19<00:30, 518doc/s]
  scidocs:  39%|███▊      | 9.92k/25.7k [00:19<00:30, 518doc/s]
  scidocs:  39%|███▉      | 9.98k/25.7k [00:19<00:30, 518doc/s]
  scidocs:  39%|███▉      | 10.0k/25.7k [00:19<00:30, 516doc/s]
  scidocs:  39%|███▉      | 10.1k/25.7k [00:19<00:30, 509doc/s]
  scidocs:  40%|███▉      | 10.2k/25.7k [00:19<00:30, 512doc/s]
  scidocs:  40%|███▉      | 10.2k/25.7k [00:19<00:29, 517doc/s]
  scidocs:  40%|████      | 10.3k/25.7k [00:19<00:29, 519doc/s]
  scidocs:  40%|████      | 10.4k/25.7k [00:20<00:29, 520doc/s]
  scidocs:  41%|████      | 10.4k/25.7k [00:20<00:29, 520doc/s]
  scidocs:  41%|████      | 10.5k/25.7k [00:20<00:29, 519doc/s]
  scidocs:  41%|████      | 10.6k/25.7k [00:20<00:29, 518doc/s]
  scidocs:  41%|████▏     | 10.6k/25.7k [00:20<00:29, 515doc/s]
  scidocs:  42%|████▏     | 10.7k/25.7k [00:20<00:28, 517doc/s]
  scidocs:  42%|████▏     | 10.8k/25.7k [00:20<00:28, 517doc/s]
  scidocs:  42%|████▏     | 10.8k/25.7k [00:20<00:28, 513doc/s]
  scidocs:  42%|████▏     | 10.9k/25.7k [00:21<00:28, 516doc/s]
  scidocs:  43%|████▎     | 10.9k/25.7k [00:21<00:28, 516doc/s]
  scidocs:  43%|████▎     | 11.0k/25.7k [00:21<00:28, 518doc/s]
  scidocs:  43%|████▎     | 11.1k/25.7k [00:21<00:28, 519doc/s]
  scidocs:  43%|████▎     | 11.1k/25.7k [00:21<00:28, 515doc/s]
  scidocs:  44%|████▎     | 11.2k/25.7k [00:21<00:27, 518doc/s]
  scidocs:  44%|████▍     | 11.3k/25.7k [00:21<00:27, 517doc/s]
  scidocs:  44%|████▍     | 11.3k/25.7k [00:21<00:27, 517doc/s]
  scidocs:  44%|████▍     | 11.4k/25.7k [00:22<00:27, 518doc/s]
  scidocs:  45%|████▍     | 11.5k/25.7k [00:22<00:27, 519doc/s]
  scidocs:  45%|████▍     | 11.5k/25.7k [00:22<00:27, 517doc/s]
  scidocs:  45%|████▌     | 11.6k/25.7k [00:22<00:27, 516doc/s]
  scidocs:  45%|████▌     | 11.6k/25.7k [00:22<00:27, 516doc/s]
  scidocs:  46%|████▌     | 11.7k/25.7k [00:22<00:26, 520doc/s]
  scidocs:  46%|████▌     | 11.8k/25.7k [00:22<00:26, 521doc/s]
  scidocs:  46%|████▌     | 11.8k/25.7k [00:22<00:26, 518doc/s]
  scidocs:  46%|████▋     | 11.9k/25.7k [00:23<00:26, 517doc/s]
  scidocs:  47%|████▋     | 12.0k/25.7k [00:23<00:26, 516doc/s]
  scidocs:  47%|████▋     | 12.0k/25.7k [00:23<00:26, 515doc/s]
  scidocs:  47%|████▋     | 12.1k/25.7k [00:23<00:26, 513doc/s]
  scidocs:  47%|████▋     | 12.2k/25.7k [00:23<00:26, 513doc/s]
  scidocs:  48%|████▊     | 12.2k/25.7k [00:23<00:26, 514doc/s]
  scidocs:  48%|████▊     | 12.3k/25.7k [00:23<00:25, 517doc/s]
  scidocs:  48%|████▊     | 12.4k/25.7k [00:23<00:25, 518doc/s]
  scidocs:  48%|████▊     | 12.4k/25.7k [00:24<00:25, 519doc/s]
  scidocs:  49%|████▊     | 12.5k/25.7k [00:24<00:25, 518doc/s]
  scidocs:  49%|████▉     | 12.5k/25.7k [00:24<00:25, 520doc/s]
  scidocs:  49%|████▉     | 12.6k/25.7k [00:24<00:25, 518doc/s]
  scidocs:  49%|████▉     | 12.7k/25.7k [00:24<00:25, 519doc/s]
  scidocs:  50%|████▉     | 12.7k/25.7k [00:24<00:25, 516doc/s]
  scidocs:  50%|████▉     | 12.8k/25.7k [00:24<00:25, 514doc/s]
  scidocs:  50%|█████     | 12.9k/25.7k [00:24<00:25, 510doc/s]
  scidocs:  50%|█████     | 12.9k/25.7k [00:25<00:24, 515doc/s]
  scidocs:  51%|█████     | 13.0k/25.7k [00:25<00:24, 515doc/s]
  scidocs:  51%|█████     | 13.1k/25.7k [00:25<00:24, 512doc/s]
  scidocs:  51%|█████     | 13.1k/25.7k [00:25<00:24, 513doc/s]
  scidocs:  51%|█████▏    | 13.2k/25.7k [00:25<00:24, 516doc/s]
  scidocs:  52%|█████▏    | 13.2k/25.7k [00:25<00:24, 516doc/s]
  scidocs:  52%|█████▏    | 13.3k/25.7k [00:25<00:24, 511doc/s]
  scidocs:  52%|█████▏    | 13.4k/25.7k [00:25<00:24, 510doc/s]
  scidocs:  52%|█████▏    | 13.4k/25.7k [00:26<00:23, 513doc/s]
  scidocs:  53%|█████▎    | 13.5k/25.7k [00:26<00:23, 517doc/s]
  scidocs:  53%|█████▎    | 13.6k/25.7k [00:26<00:23, 514doc/s]
  scidocs:  53%|█████▎    | 13.6k/25.7k [00:26<00:23, 517doc/s]
  scidocs:  53%|█████▎    | 13.7k/25.7k [00:26<00:23, 516doc/s]
  scidocs:  54%|█████▎    | 13.8k/25.7k [00:26<00:23, 517doc/s]
  scidocs:  54%|█████▍    | 13.8k/25.7k [00:26<00:22, 517doc/s]
  scidocs:  54%|█████▍    | 13.9k/25.7k [00:26<00:22, 519doc/s]
  scidocs:  54%|█████▍    | 14.0k/25.7k [00:27<00:22, 519doc/s]
  scidocs:  55%|█████▍    | 14.0k/25.7k [00:27<00:22, 518doc/s]
  scidocs:  55%|█████▍    | 14.1k/25.7k [00:27<00:22, 517doc/s]
  scidocs:  55%|█████▌    | 14.1k/25.7k [00:27<00:22, 518doc/s]
  scidocs:  55%|█████▌    | 14.2k/25.7k [00:27<00:22, 519doc/s]
  scidocs:  56%|█████▌    | 14.3k/25.7k [00:27<00:21, 519doc/s]
  scidocs:  56%|█████▌    | 14.3k/25.7k [00:27<00:21, 518doc/s]
  scidocs:  56%|█████▌    | 14.4k/25.7k [00:27<00:21, 519doc/s]
  scidocs:  56%|█████▋    | 14.5k/25.7k [00:28<00:21, 520doc/s]
  scidocs:  57%|█████▋    | 14.5k/25.7k [00:28<00:21, 521doc/s]
  scidocs:  57%|█████▋    | 14.6k/25.7k [00:28<00:21, 517doc/s]
  scidocs:  57%|█████▋    | 14.7k/25.7k [00:28<00:21, 518doc/s]
  scidocs:  57%|█████▋    | 14.7k/25.7k [00:28<00:21, 520doc/s]
  scidocs:  58%|█████▊    | 14.8k/25.7k [00:28<00:20, 518doc/s]
  scidocs:  58%|█████▊    | 14.8k/25.7k [00:28<00:20, 519doc/s]
  scidocs:  58%|█████▊    | 14.9k/25.7k [00:28<00:20, 517doc/s]
  scidocs:  58%|█████▊    | 15.0k/25.7k [00:29<00:20, 519doc/s]
  scidocs:  59%|█████▊    | 15.0k/25.7k [00:29<00:20, 520doc/s]
  scidocs:  59%|█████▉    | 15.1k/25.7k [00:29<00:20, 519doc/s]
  scidocs:  59%|█████▉    | 15.2k/25.7k [00:29<00:20, 517doc/s]
  scidocs:  59%|█████▉    | 15.2k/25.7k [00:29<00:20, 518doc/s]
  scidocs:  60%|█████▉    | 15.3k/25.7k [00:29<00:19, 518doc/s]
  scidocs:  60%|█████▉    | 15.4k/25.7k [00:29<00:19, 519doc/s]
  scidocs:  60%|██████    | 15.4k/25.7k [00:29<00:19, 520doc/s]
  scidocs:  60%|██████    | 15.5k/25.7k [00:30<00:19, 520doc/s]
  scidocs:  61%|██████    | 15.6k/25.7k [00:30<00:19, 520doc/s]
  scidocs:  61%|██████    | 15.6k/25.7k [00:30<00:19, 519doc/s]
  scidocs:  61%|██████    | 15.7k/25.7k [00:30<00:19, 517doc/s]
  scidocs:  61%|██████▏   | 15.7k/25.7k [00:30<00:19, 516doc/s]
  scidocs:  62%|██████▏   | 15.8k/25.7k [00:30<00:19, 518doc/s]
  scidocs:  62%|██████▏   | 15.9k/25.7k [00:30<00:18, 518doc/s]
  scidocs:  62%|██████▏   | 15.9k/25.7k [00:30<00:18, 516doc/s]
  scidocs:  62%|██████▏   | 16.0k/25.7k [00:30<00:18, 513doc/s]
  scidocs:  63%|██████▎   | 16.1k/25.7k [00:31<00:18, 516doc/s]
  scidocs:  63%|██████▎   | 16.1k/25.7k [00:31<00:18, 515doc/s]
  scidocs:  63%|██████▎   | 16.2k/25.7k [00:31<00:18, 513doc/s]
  scidocs:  63%|██████▎   | 16.3k/25.7k [00:31<00:18, 511doc/s]
  scidocs:  64%|██████▎   | 16.3k/25.7k [00:31<00:18, 512doc/s]
  scidocs:  64%|██████▍   | 16.4k/25.7k [00:31<00:18, 512doc/s]
  scidocs:  64%|██████▍   | 16.4k/25.7k [00:31<00:18, 510doc/s]
  scidocs:  64%|██████▍   | 16.5k/25.7k [00:31<00:18, 508doc/s]
  scidocs:  65%|██████▍   | 16.6k/25.7k [00:32<00:17, 507doc/s]
  scidocs:  65%|██████▍   | 16.6k/25.7k [00:32<00:17, 511doc/s]
  scidocs:  65%|██████▌   | 16.7k/25.7k [00:32<00:17, 515doc/s]
  scidocs:  65%|██████▌   | 16.8k/25.7k [00:32<00:17, 518doc/s]
  scidocs:  66%|██████▌   | 16.8k/25.7k [00:32<00:17, 517doc/s]
  scidocs:  66%|██████▌   | 16.9k/25.7k [00:32<00:16, 516doc/s]
  scidocs:  66%|██████▌   | 17.0k/25.7k [00:32<00:16, 514doc/s]
  scidocs:  66%|██████▋   | 17.0k/25.7k [00:32<00:16, 515doc/s]
  scidocs:  67%|██████▋   | 17.1k/25.7k [00:33<00:16, 516doc/s]
  scidocs:  67%|██████▋   | 17.2k/25.7k [00:33<00:16, 518doc/s]
  scidocs:  67%|██████▋   | 17.2k/25.7k [00:33<00:16, 516doc/s]
  scidocs:  67%|██████▋   | 17.3k/25.7k [00:33<00:16, 515doc/s]
  scidocs:  68%|██████▊   | 17.3k/25.7k [00:33<00:16, 514doc/s]
  scidocs:  68%|██████▊   | 17.4k/25.7k [00:33<00:15, 517doc/s]
  scidocs:  68%|██████▊   | 17.5k/25.7k [00:33<00:15, 518doc/s]
  scidocs:  68%|██████▊   | 17.5k/25.7k [00:33<00:15, 514doc/s]
  scidocs:  69%|██████▊   | 17.6k/25.7k [00:34<00:15, 512doc/s]
  scidocs:  69%|██████▉   | 17.7k/25.7k [00:34<00:15, 515doc/s]
  scidocs:  69%|██████▉   | 17.7k/25.7k [00:34<00:15, 518doc/s]
  scidocs:  69%|██████▉   | 17.8k/25.7k [00:34<00:15, 515doc/s]
  scidocs:  70%|██████▉   | 17.9k/25.7k [00:34<00:15, 516doc/s]
  scidocs:  70%|██████▉   | 17.9k/25.7k [00:34<00:15, 514doc/s]
  scidocs:  70%|███████   | 18.0k/25.7k [00:34<00:14, 517doc/s]
  scidocs:  70%|███████   | 18.0k/25.7k [00:34<00:14, 516doc/s]
  scidocs:  71%|███████   | 18.1k/25.7k [00:35<00:14, 513doc/s]
  scidocs:  71%|███████   | 18.2k/25.7k [00:35<00:14, 513doc/s]
  scidocs:  71%|███████   | 18.2k/25.7k [00:35<00:14, 517doc/s]
  scidocs:  71%|███████▏  | 18.3k/25.7k [00:35<00:14, 516doc/s]
  scidocs:  72%|███████▏  | 18.4k/25.7k [00:35<00:14, 510doc/s]
  scidocs:  72%|███████▏  | 18.4k/25.7k [00:35<00:14, 513doc/s]
  scidocs:  72%|███████▏  | 18.5k/25.7k [00:35<00:13, 515doc/s]
  scidocs:  72%|███████▏  | 18.6k/25.7k [00:35<00:13, 518doc/s]
  scidocs:  73%|███████▎  | 18.6k/25.7k [00:36<00:13, 518doc/s]
  scidocs:  73%|███████▎  | 18.7k/25.7k [00:36<00:13, 518doc/s]
  scidocs:  73%|███████▎  | 18.8k/25.7k [00:36<00:13, 518doc/s]
  scidocs:  73%|███████▎  | 18.8k/25.7k [00:36<00:13, 518doc/s]
  scidocs:  74%|███████▎  | 18.9k/25.7k [00:36<00:13, 519doc/s]
  scidocs:  74%|███████▍  | 18.9k/25.7k [00:36<00:12, 519doc/s]
  scidocs:  74%|███████▍  | 19.0k/25.7k [00:36<00:12, 513doc/s]
  scidocs:  74%|███████▍  | 19.1k/25.7k [00:36<00:12, 514doc/s]
  scidocs:  75%|███████▍  | 19.1k/25.7k [00:37<00:12, 512doc/s]
  scidocs:  75%|███████▍  | 19.2k/25.7k [00:37<00:12, 513doc/s]
  scidocs:  75%|███████▌  | 19.3k/25.7k [00:37<00:12, 512doc/s]
  scidocs:  75%|███████▌  | 19.3k/25.7k [00:37<00:12, 513doc/s]
  scidocs:  76%|███████▌  | 19.4k/25.7k [00:37<00:12, 515doc/s]
  scidocs:  76%|███████▌  | 19.5k/25.7k [00:37<00:11, 518doc/s]
  scidocs:  76%|███████▌  | 19.5k/25.7k [00:37<00:11, 518doc/s]
  scidocs:  76%|███████▋  | 19.6k/25.7k [00:37<00:11, 517doc/s]
  scidocs:  77%|███████▋  | 19.6k/25.7k [00:38<00:11, 517doc/s]
  scidocs:  77%|███████▋  | 19.7k/25.7k [00:38<00:11, 516doc/s]
  scidocs:  77%|███████▋  | 19.8k/25.7k [00:38<00:11, 514doc/s]
  scidocs:  77%|███████▋  | 19.8k/25.7k [00:38<00:11, 514doc/s]
  scidocs:  78%|███████▊  | 19.9k/25.7k [00:38<00:11, 515doc/s]
  scidocs:  78%|███████▊  | 20.0k/25.7k [00:38<00:11, 513doc/s]
  scidocs:  78%|███████▊  | 20.0k/25.7k [00:38<00:10, 515doc/s]
  scidocs:  78%|███████▊  | 20.1k/25.7k [00:38<00:10, 517doc/s]
  scidocs:  79%|███████▊  | 20.2k/25.7k [00:39<00:10, 519doc/s]
  scidocs:  79%|███████▉  | 20.2k/25.7k [00:39<00:10, 519doc/s]
  scidocs:  79%|███████▉  | 20.3k/25.7k [00:39<00:10, 518doc/s]
  scidocs:  79%|███████▉  | 20.4k/25.7k [00:39<00:10, 518doc/s]
  scidocs:  80%|███████▉  | 20.4k/25.7k [00:39<00:10, 519doc/s]
  scidocs:  80%|███████▉  | 20.5k/25.7k [00:39<00:09, 519doc/s]
  scidocs:  80%|████████  | 20.5k/25.7k [00:39<00:09, 520doc/s]
  scidocs:  80%|████████  | 20.6k/25.7k [00:39<00:09, 521doc/s]
  scidocs:  81%|████████  | 20.7k/25.7k [00:40<00:09, 520doc/s]
  scidocs:  81%|████████  | 20.7k/25.7k [00:40<00:09, 517doc/s]
  scidocs:  81%|████████  | 20.8k/25.7k [00:40<00:09, 518doc/s]
  scidocs:  81%|████████▏ | 20.9k/25.7k [00:40<00:09, 519doc/s]
  scidocs:  82%|████████▏ | 20.9k/25.7k [00:40<00:09, 519doc/s]
  scidocs:  82%|████████▏ | 21.0k/25.7k [00:40<00:09, 515doc/s]
  scidocs:  82%|████████▏ | 21.1k/25.7k [00:40<00:08, 511doc/s]
  scidocs:  82%|████████▏ | 21.1k/25.7k [00:40<00:08, 513doc/s]
  scidocs:  83%|████████▎ | 21.2k/25.7k [00:41<00:08, 516doc/s]
  scidocs:  83%|████████▎ | 21.2k/25.7k [00:41<00:08, 518doc/s]
  scidocs:  83%|████████▎ | 21.3k/25.7k [00:41<00:08, 517doc/s]
  scidocs:  83%|████████▎ | 21.4k/25.7k [00:41<00:08, 515doc/s]
  scidocs:  84%|████████▎ | 21.4k/25.7k [00:41<00:08, 515doc/s]
  scidocs:  84%|████████▍ | 21.5k/25.7k [00:41<00:08, 514doc/s]
  scidocs:  84%|████████▍ | 21.6k/25.7k [00:41<00:07, 513doc/s]
  scidocs:  84%|████████▍ | 21.6k/25.7k [00:41<00:07, 512doc/s]
  scidocs:  85%|████████▍ | 21.7k/25.7k [00:42<00:07, 512doc/s]
  scidocs:  85%|████████▍ | 21.8k/25.7k [00:42<00:07, 513doc/s]
  scidocs:  85%|████████▌ | 21.8k/25.7k [00:42<00:07, 512doc/s]
  scidocs:  85%|████████▌ | 21.9k/25.7k [00:42<00:07, 512doc/s]
  scidocs:  86%|████████▌ | 22.0k/25.7k [00:42<00:07, 512doc/s]
  scidocs:  86%|████████▌ | 22.0k/25.7k [00:42<00:07, 508doc/s]
  scidocs:  86%|████████▌ | 22.1k/25.7k [00:42<00:07, 509doc/s]
  scidocs:  86%|████████▋ | 22.1k/25.7k [00:42<00:06, 513doc/s]
  scidocs:  87%|████████▋ | 22.2k/25.7k [00:43<00:06, 515doc/s]
  scidocs:  87%|████████▋ | 22.3k/25.7k [00:43<00:06, 516doc/s]
  scidocs:  87%|████████▋ | 22.3k/25.7k [00:43<00:06, 517doc/s]
  scidocs:  87%|████████▋ | 22.4k/25.7k [00:43<00:06, 517doc/s]
  scidocs:  88%|████████▊ | 22.5k/25.7k [00:43<00:06, 519doc/s]
  scidocs:  88%|████████▊ | 22.5k/25.7k [00:43<00:06, 518doc/s]
  scidocs:  88%|████████▊ | 22.6k/25.7k [00:43<00:05, 519doc/s]
  scidocs:  88%|████████▊ | 22.7k/25.7k [00:43<00:05, 520doc/s]
  scidocs:  89%|████████▊ | 22.7k/25.7k [00:44<00:05, 513doc/s]
  scidocs:  89%|████████▉ | 22.8k/25.7k [00:44<00:05, 516doc/s]
  scidocs:  89%|████████▉ | 22.8k/25.7k [00:44<00:05, 513doc/s]
  scidocs:  89%|████████▉ | 22.9k/25.7k [00:44<00:05, 516doc/s]
  scidocs:  90%|████████▉ | 23.0k/25.7k [00:44<00:05, 515doc/s]
  scidocs:  90%|████████▉ | 23.0k/25.7k [00:44<00:05, 514doc/s]
  scidocs:  90%|█████████ | 23.1k/25.7k [00:44<00:04, 514doc/s]
  scidocs:  90%|█████████ | 23.2k/25.7k [00:44<00:04, 515doc/s]
  scidocs:  91%|█████████ | 23.2k/25.7k [00:45<00:04, 512doc/s]
  scidocs:  91%|█████████ | 23.3k/25.7k [00:45<00:04, 512doc/s]
  scidocs:  91%|█████████ | 23.4k/25.7k [00:45<00:04, 512doc/s]
  scidocs:  91%|█████████▏| 23.4k/25.7k [00:45<00:04, 513doc/s]
  scidocs:  92%|█████████▏| 23.5k/25.7k [00:45<00:04, 513doc/s]
  scidocs:  92%|█████████▏| 23.6k/25.7k [00:45<00:04, 511doc/s]
  scidocs:  92%|█████████▏| 23.6k/25.7k [00:45<00:04, 509doc/s]
  scidocs:  92%|█████████▏| 23.7k/25.7k [00:45<00:03, 513doc/s]
  scidocs:  93%|█████████▎| 23.7k/25.7k [00:46<00:03, 512doc/s]
  scidocs:  93%|█████████▎| 23.8k/25.7k [00:46<00:03, 514doc/s]
  scidocs:  93%|█████████▎| 23.9k/25.7k [00:46<00:03, 515doc/s]
  scidocs:  93%|█████████▎| 23.9k/25.7k [00:46<00:03, 516doc/s]
  scidocs:  94%|█████████▎| 24.0k/25.7k [00:46<00:03, 518doc/s]
  scidocs:  94%|█████████▍| 24.1k/25.7k [00:46<00:03, 520doc/s]
  scidocs:  94%|█████████▍| 24.1k/25.7k [00:46<00:02, 521doc/s]
  scidocs:  94%|█████████▍| 24.2k/25.7k [00:46<00:02, 518doc/s]
  scidocs:  95%|█████████▍| 24.3k/25.7k [00:47<00:02, 516doc/s]
  scidocs:  95%|█████████▍| 24.3k/25.7k [00:47<00:02, 518doc/s]
  scidocs:  95%|█████████▌| 24.4k/25.7k [00:47<00:02, 517doc/s]
  scidocs:  95%|█████████▌| 24.4k/25.7k [00:47<00:02, 513doc/s]
  scidocs:  96%|█████████▌| 24.5k/25.7k [00:47<00:02, 514doc/s]
  scidocs:  96%|█████████▌| 24.6k/25.7k [00:47<00:02, 514doc/s]
  scidocs:  96%|█████████▌| 24.6k/25.7k [00:47<00:01, 518doc/s]
  scidocs:  96%|█████████▋| 24.7k/25.7k [00:47<00:01, 520doc/s]
  scidocs:  97%|█████████▋| 24.8k/25.7k [00:48<00:01, 517doc/s]
  scidocs:  97%|█████████▋| 24.8k/25.7k [00:48<00:01, 511doc/s]
  scidocs:  97%|█████████▋| 24.9k/25.7k [00:48<00:01, 512doc/s]
  scidocs:  97%|█████████▋| 25.0k/25.7k [00:48<00:01, 513doc/s]
  scidocs:  98%|█████████▊| 25.0k/25.7k [00:48<00:01, 514doc/s]
  scidocs:  98%|█████████▊| 25.1k/25.7k [00:48<00:01, 513doc/s]
  scidocs:  98%|█████████▊| 25.2k/25.7k [00:48<00:00, 515doc/s]
  scidocs:  98%|█████████▊| 25.2k/25.7k [00:48<00:00, 518doc/s]
  scidocs:  99%|█████████▊| 25.3k/25.7k [00:49<00:00, 519doc/s]
  scidocs:  99%|█████████▉| 25.3k/25.7k [00:49<00:00, 519doc/s]
  scidocs:  99%|█████████▉| 25.4k/25.7k [00:49<00:00, 517doc/s]
  scidocs:  99%|█████████▉| 25.5k/25.7k [00:49<00:00, 511doc/s]
  scidocs: 100%|█████████▉| 25.5k/25.7k [00:49<00:00, 512doc/s]
  scidocs: 100%|█████████▉| 25.6k/25.7k [00:49<00:00, 510doc/s]
  scidocs: 100%|██████████| 25.7k/25.7k [00:49<00:00, 508doc/s]
  scidocs: 100%|██████████| 25.7k/25.7k [00:49<00:00, 515doc/s]
  Done. 25,657 docs indexed. Avg 221.0 nonzero terms/doc. 0.8 min.

============================================================
[fiqa]
  Loading corpus from BeIR/fiqa ...
  57,638 documents
  Resuming from doc 50,000 (shard 1)

  fiqa:   0%|          | 0.00/7.64k [00:00<?, ?doc/s]
  fiqa:   1%|          | 64.0/7.64k [00:00<00:15, 494doc/s]
  fiqa:   2%|▏         | 128/7.64k [00:00<00:15, 500doc/s] 
  fiqa:   3%|▎         | 192/7.64k [00:00<00:14, 509doc/s]
  fiqa:   3%|▎         | 256/7.64k [00:00<00:14, 514doc/s]
  fiqa:   4%|▍         | 320/7.64k [00:00<00:14, 518doc/s]
  fiqa:   5%|▌         | 384/7.64k [00:00<00:14, 517doc/s]
  fiqa:   6%|▌         | 448/7.64k [00:00<00:13, 518doc/s]
  fiqa:   7%|▋         | 512/7.64k [00:00<00:13, 518doc/s]
  fiqa:   8%|▊         | 576/7.64k [00:01<00:13, 518doc/s]
  fiqa:   8%|▊         | 640/7.64k [00:01<00:13, 519doc/s]
  fiqa:   9%|▉         | 704/7.64k [00:01<00:13, 520doc/s]
  fiqa:  10%|█         | 768/7.64k [00:01<00:13, 517doc/s]
  fiqa:  11%|█         | 832/7.64k [00:01<00:13, 519doc/s]
  fiqa:  12%|█▏        | 896/7.64k [00:01<00:13, 518doc/s]
  fiqa:  13%|█▎        | 960/7.64k [00:01<00:12, 519doc/s]
  fiqa:  13%|█▎        | 1.02k/7.64k [00:01<00:12, 520doc/s]
  fiqa:  14%|█▍        | 1.09k/7.64k [00:02<00:12, 518doc/s]
  fiqa:  15%|█▌        | 1.15k/7.64k [00:02<00:12, 518doc/s]
  fiqa:  16%|█▌        | 1.22k/7.64k [00:02<00:12, 519doc/s]
  fiqa:  17%|█▋        | 1.28k/7.64k [00:02<00:12, 518doc/s]
  fiqa:  18%|█▊        | 1.34k/7.64k [00:02<00:12, 519doc/s]
  fiqa:  18%|█▊        | 1.41k/7.64k [00:02<00:11, 521doc/s]
  fiqa:  19%|█▉        | 1.47k/7.64k [00:02<00:11, 523doc/s]
  fiqa:  20%|██        | 1.54k/7.64k [00:02<00:11, 519doc/s]
  fiqa:  21%|██        | 1.60k/7.64k [00:03<00:11, 520doc/s]
  fiqa:  22%|██▏       | 1.66k/7.64k [00:03<00:11, 515doc/s]
  fiqa:  23%|██▎       | 1.73k/7.64k [00:03<00:11, 516doc/s]
  fiqa:  23%|██▎       | 1.79k/7.64k [00:03<00:11, 519doc/s]
  fiqa:  24%|██▍       | 1.86k/7.64k [00:03<00:11, 521doc/s]
  fiqa:  25%|██▌       | 1.92k/7.64k [00:03<00:10, 522doc/s]
  fiqa:  26%|██▌       | 1.98k/7.64k [00:03<00:10, 521doc/s]
  fiqa:  27%|██▋       | 2.05k/7.64k [00:03<00:10, 520doc/s]
  fiqa:  28%|██▊       | 2.11k/7.64k [00:04<00:10, 521doc/s]
  fiqa:  28%|██▊       | 2.18k/7.64k [00:04<00:10, 520doc/s]
  fiqa:  29%|██▉       | 2.24k/7.64k [00:04<00:10, 520doc/s]
  fiqa:  30%|███       | 2.30k/7.64k [00:04<00:10, 520doc/s]
  fiqa:  31%|███       | 2.37k/7.64k [00:04<00:10, 519doc/s]
  fiqa:  32%|███▏      | 2.43k/7.64k [00:04<00:10, 520doc/s]
  fiqa:  33%|███▎      | 2.50k/7.64k [00:04<00:09, 519doc/s]
  fiqa:  34%|███▎      | 2.56k/7.64k [00:04<00:09, 519doc/s]
  fiqa:  34%|███▍      | 2.62k/7.64k [00:05<00:09, 520doc/s]
  fiqa:  35%|███▌      | 2.69k/7.64k [00:05<00:09, 517doc/s]
  fiqa:  36%|███▌      | 2.75k/7.64k [00:05<00:09, 512doc/s]
  fiqa:  37%|███▋      | 2.82k/7.64k [00:05<00:09, 513doc/s]
  fiqa:  38%|███▊      | 2.88k/7.64k [00:05<00:09, 516doc/s]
  fiqa:  39%|███▊      | 2.94k/7.64k [00:05<00:09, 515doc/s]
  fiqa:  39%|███▉      | 3.01k/7.64k [00:05<00:09, 514doc/s]
  fiqa:  40%|████      | 3.07k/7.64k [00:05<00:08, 514doc/s]
  fiqa:  41%|████      | 3.14k/7.64k [00:06<00:08, 517doc/s]
  fiqa:  42%|████▏     | 3.20k/7.64k [00:06<00:08, 518doc/s]
  fiqa:  43%|████▎     | 3.26k/7.64k [00:06<00:08, 521doc/s]
  fiqa:  44%|████▎     | 3.33k/7.64k [00:06<00:08, 521doc/s]
  fiqa:  44%|████▍     | 3.39k/7.64k [00:06<00:08, 520doc/s]
  fiqa:  45%|████▌     | 3.46k/7.64k [00:06<00:08, 517doc/s]
  fiqa:  46%|████▌     | 3.52k/7.64k [00:06<00:07, 517doc/s]
  fiqa:  47%|████▋     | 3.58k/7.64k [00:06<00:07, 518doc/s]
  fiqa:  48%|████▊     | 3.65k/7.64k [00:07<00:07, 519doc/s]
  fiqa:  49%|████▊     | 3.71k/7.64k [00:07<00:07, 521doc/s]
  fiqa:  49%|████▉     | 3.78k/7.64k [00:07<00:07, 520doc/s]
  fiqa:  50%|█████     | 3.84k/7.64k [00:07<00:07, 519doc/s]
  fiqa:  51%|█████     | 3.90k/7.64k [00:07<00:07, 520doc/s]
  fiqa:  52%|█████▏    | 3.97k/7.64k [00:07<00:07, 520doc/s]
  fiqa:  53%|█████▎    | 4.03k/7.64k [00:07<00:06, 522doc/s]
  fiqa:  54%|█████▎    | 4.10k/7.64k [00:07<00:06, 522doc/s]
  fiqa:  54%|█████▍    | 4.16k/7.64k [00:08<00:06, 520doc/s]
  fiqa:  55%|█████▌    | 4.22k/7.64k [00:08<00:06, 521doc/s]
  fiqa:  56%|█████▌    | 4.29k/7.64k [00:08<00:06, 519doc/s]
  fiqa:  57%|█████▋    | 4.35k/7.64k [00:08<00:06, 519doc/s]
  fiqa:  58%|█████▊    | 4.42k/7.64k [00:08<00:06, 518doc/s]
  fiqa:  59%|█████▊    | 4.48k/7.64k [00:08<00:06, 519doc/s]
  fiqa:  59%|█████▉    | 4.54k/7.64k [00:08<00:05, 521doc/s]
  fiqa:  60%|██████    | 4.61k/7.64k [00:08<00:05, 521doc/s]
  fiqa:  61%|██████    | 4.67k/7.64k [00:09<00:05, 520doc/s]
  fiqa:  62%|██████▏   | 4.74k/7.64k [00:09<00:05, 521doc/s]
  fiqa:  63%|██████▎   | 4.80k/7.64k [00:09<00:05, 521doc/s]
  fiqa:  64%|██████▎   | 4.86k/7.64k [00:09<00:05, 520doc/s]
  fiqa:  65%|██████▍   | 4.93k/7.64k [00:09<00:05, 518doc/s]
  fiqa:  65%|██████▌   | 4.99k/7.64k [00:09<00:05, 518doc/s]
  fiqa:  66%|██████▌   | 5.06k/7.64k [00:09<00:04, 517doc/s]
  fiqa:  67%|██████▋   | 5.12k/7.64k [00:09<00:04, 518doc/s]
  fiqa:  68%|██████▊   | 5.18k/7.64k [00:09<00:04, 517doc/s]
  fiqa:  69%|██████▊   | 5.25k/7.64k [00:10<00:04, 518doc/s]
  fiqa:  70%|██████▉   | 5.31k/7.64k [00:10<00:04, 519doc/s]
  fiqa:  70%|███████   | 5.38k/7.64k [00:10<00:04, 518doc/s]
  fiqa:  71%|███████   | 5.44k/7.64k [00:10<00:04, 517doc/s]
  fiqa:  72%|███████▏  | 5.50k/7.64k [00:10<00:04, 512doc/s]
  fiqa:  73%|███████▎  | 5.57k/7.64k [00:10<00:04, 516doc/s]
  fiqa:  74%|███████▎  | 5.63k/7.64k [00:10<00:03, 518doc/s]
  fiqa:  75%|███████▍  | 5.70k/7.64k [00:10<00:03, 518doc/s]
  fiqa:  75%|███████▌  | 5.76k/7.64k [00:11<00:03, 518doc/s]
  fiqa:  76%|███████▋  | 5.82k/7.64k [00:11<00:03, 515doc/s]
  fiqa:  77%|███████▋  | 5.89k/7.64k [00:11<00:03, 514doc/s]
  fiqa:  78%|███████▊  | 5.95k/7.64k [00:11<00:03, 513doc/s]
  fiqa:  79%|███████▉  | 6.02k/7.64k [00:11<00:03, 513doc/s]
  fiqa:  80%|███████▉  | 6.08k/7.64k [00:11<00:03, 515doc/s]
  fiqa:  80%|████████  | 6.14k/7.64k [00:11<00:02, 515doc/s]
  fiqa:  81%|████████▏ | 6.21k/7.64k [00:11<00:02, 515doc/s]
  fiqa:  82%|████████▏ | 6.27k/7.64k [00:12<00:02, 514doc/s]
  fiqa:  83%|████████▎ | 6.34k/7.64k [00:12<00:02, 515doc/s]
  fiqa:  84%|████████▍ | 6.40k/7.64k [00:12<00:02, 515doc/s]
  fiqa:  85%|████████▍ | 6.46k/7.64k [00:12<00:02, 519doc/s]
  fiqa:  85%|████████▌ | 6.53k/7.64k [00:12<00:02, 515doc/s]
  fiqa:  86%|████████▋ | 6.59k/7.64k [00:12<00:02, 514doc/s]
  fiqa:  87%|████████▋ | 6.66k/7.64k [00:12<00:01, 516doc/s]
  fiqa:  88%|████████▊ | 6.72k/7.64k [00:12<00:01, 519doc/s]
  fiqa:  89%|████████▉ | 6.78k/7.64k [00:13<00:01, 519doc/s]
  fiqa:  90%|████████▉ | 6.85k/7.64k [00:13<00:01, 520doc/s]
  fiqa:  90%|█████████ | 6.91k/7.64k [00:13<00:01, 518doc/s]
  fiqa:  91%|█████████▏| 6.98k/7.64k [00:13<00:01, 520doc/s]
  fiqa:  92%|█████████▏| 7.04k/7.64k [00:13<00:01, 519doc/s]
  fiqa:  93%|█████████▎| 7.10k/7.64k [00:13<00:01, 517doc/s]
  fiqa:  94%|█████████▍| 7.17k/7.64k [00:13<00:00, 515doc/s]
  fiqa:  95%|█████████▍| 7.23k/7.64k [00:13<00:00, 516doc/s]
  fiqa:  96%|█████████▌| 7.30k/7.64k [00:14<00:00, 515doc/s]
  fiqa:  96%|█████████▋| 7.36k/7.64k [00:14<00:00, 517doc/s]
  fiqa:  97%|█████████▋| 7.42k/7.64k [00:14<00:00, 516doc/s]
  fiqa:  98%|█████████▊| 7.49k/7.64k [00:14<00:00, 516doc/s]
  fiqa:  99%|█████████▉| 7.55k/7.64k [00:14<00:00, 518doc/s]
  fiqa: 100%|█████████▉| 7.62k/7.64k [00:14<00:00, 518doc/s]
  fiqa: 100%|██████████| 7.64k/7.64k [00:14<00:00, 517doc/s]
  Done. 57,638 docs indexed. Avg 227.2 nonzero terms/doc. 0.2 min.

All done. Indexes written to data/beir_index/
