Device: cuda
[shallow] doc=naver/splade-v3 | n_layers=3 | freeze_warmup=5000 | alignment=50000 | lr=0.0002 | nway=8 | lambda_q=0.0002 | use_contrastive=False | contrastive_coeff=0.0 | log_ranking_metrics=False | grad_accum=2 | freeze_head_after_warmup=False
[shallow] Loading frozen doc SPLADE: naver/splade-v3 …

Loading weights:   0%|          | 0/204 [00:00<?, ?it/s]
Loading weights: 100%|██████████| 204/204 [00:00<00:00, 52451.30it/s]
[shallow] Building shallow query model from same checkpoint, keeping 3 layers …
[shallow] Using explicit doc-layer indices for query body: [0, 6, 11]

Loading weights:   0%|          | 0/204 [00:00<?, ?it/s]
Loading weights: 100%|██████████| 204/204 [00:00<00:00, 30584.72it/s]
/home/capemox/projects/sae-smo-splade/train.py:2647: FutureWarning: `torch.cuda.amp.GradScaler(args...)` is deprecated. Please use `torch.amp.GradScaler('cuda', args...)` instead.
  scaler = GradScaler(enabled=fp16 and device.type == "cuda")
Exception in thread Thread-auto_conversion:
Traceback (most recent call last):
  File "/home/capemox/.local/share/uv/python/cpython-3.10.16-linux-x86_64-gnu/lib/python3.10/threading.py", line 1016, in _bootstrap_inner
    self.run()
  File "/home/capemox/.local/share/uv/python/cpython-3.10.16-linux-x86_64-gnu/lib/python3.10/threading.py", line 953, in run
    self._target(*self._args, **self._kwargs)
  File "/home/capemox/projects/sae-smo-splade/.venv/lib/python3.10/site-packages/transformers/safetensors_conversion.py", line 117, in auto_conversion
    raise e
  File "/home/capemox/projects/sae-smo-splade/.venv/lib/python3.10/site-packages/transformers/safetensors_conversion.py", line 96, in auto_conversion
    sha = get_conversion_pr_reference(api, pretrained_model_name_or_path, **cached_file_kwargs)
  File "/home/capemox/projects/sae-smo-splade/.venv/lib/python3.10/site-packages/transformers/safetensors_conversion.py", line 77, in get_conversion_pr_reference
    raise OSError(
OSError: Could not create safetensors conversion PR. The repo does not appear to have a file named pytorch_model.bin or model.safetensors.If you are loading with variant, use `use_safetensors=False` to load the original model.
Exception in thread Thread-auto_conversion:
Traceback (most recent call last):
  File "/home/capemox/.local/share/uv/python/cpython-3.10.16-linux-x86_64-gnu/lib/python3.10/threading.py", line 1016, in _bootstrap_inner
    self.run()
  File "/home/capemox/.local/share/uv/python/cpython-3.10.16-linux-x86_64-gnu/lib/python3.10/threading.py", line 953, in run
    self._target(*self._args, **self._kwargs)
  File "/home/capemox/projects/sae-smo-splade/.venv/lib/python3.10/site-packages/transformers/safetensors_conversion.py", line 117, in auto_conversion
    raise e
  File "/home/capemox/projects/sae-smo-splade/.venv/lib/python3.10/site-packages/transformers/safetensors_conversion.py", line 96, in auto_conversion
    sha = get_conversion_pr_reference(api, pretrained_model_name_or_path, **cached_file_kwargs)
  File "/home/capemox/projects/sae-smo-splade/.venv/lib/python3.10/site-packages/transformers/safetensors_conversion.py", line 77, in get_conversion_pr_reference
    raise OSError(
OSError: Could not create safetensors conversion PR. The repo does not appear to have a file named pytorch_model.bin or model.safetensors.If you are loading with variant, use `use_safetensors=False` to load the original model.
/home/capemox/projects/sae-smo-splade/train.py:2734: FutureWarning: `torch.cuda.amp.autocast(args...)` is deprecated. Please use `torch.amp.autocast('cuda', args...)` instead.
  with autocast(enabled=fp16 and device.type == "cuda"):
/home/capemox/projects/sae-smo-splade/train.py:2774: UserWarning: Detected call of `lr_scheduler.step()` before `optimizer.step()`. In PyTorch 1.1.0 and later, you should call them in the opposite order: `optimizer.step()` before `lr_scheduler.step()`.  Failure to do this will result in PyTorch skipping the first value of the learning rate schedule. See more details at https://pytorch.org/docs/stable/optim.html#how-to-adjust-learning-rate
  scaler.step(optimizer); scaler.update(); scheduler.step()
[shallow] Query model params (after truncation): 45.7M (was 12-layer original); will freeze embeddings + head during warmup.
[shallow] Phase 0 (frozen warmup). Trainable params: 21.3M / 45.7M total.
[shallow] Initial eval — doc_doc ceiling + query_doc baseline …
  [NanoMSMARCO] loading …
  [NanoMSMARCO] encoding 5043 docs (doc_splade) …
  [NanoMSMARCO] encoding 50 queries (doc_doc ceiling) …
  [NanoMSMARCO] NDCG@10  doc_doc (ceiling) : 0.7001
  [NanoMSMARCO] encoding 50 queries (query_model, dense) …
  [NanoMSMARCO] NDCG@10  query_doc (dense)  : 0.6126
  [NanoNFCorpus] loading …
  [NanoNFCorpus] encoding 2953 docs (doc_splade) …
  [NanoNFCorpus] encoding 50 queries (doc_doc ceiling) …
  [NanoNFCorpus] NDCG@10  doc_doc (ceiling) : 0.3448
  [NanoNFCorpus] encoding 50 queries (query_model, dense) …
  [NanoNFCorpus] NDCG@10  query_doc (dense)  : 0.3175
[shallow] Training loop (50000 steps remaining) …
[shallow/warm] step    200 | loss 4.9499 (rank 4.950 ctr 0.000) | q_nnz 56.4 (teacher 22.8) | flops 18.7 | lr 2.00e-04 | 17s
[shallow/warm] step    400 | loss 4.1942 (rank 4.194 ctr 0.000) | q_nnz 39.2 (teacher 22.7) | flops 16.9 | lr 2.00e-04 | 5s
[shallow/warm] step    600 | loss 3.7150 (rank 3.715 ctr 0.000) | q_nnz 31.5 (teacher 20.4) | flops 17.4 | lr 2.00e-04 | 5s
[shallow/warm] step    800 | loss 3.8775 (rank 3.877 ctr 0.000) | q_nnz 29.2 (teacher 21.9) | flops 17.5 | lr 2.00e-04 | 13s
[shallow/warm] step   1000 | loss 4.9706 (rank 4.970 ctr 0.000) | q_nnz 24.8 (teacher 22.2) | flops 19.7 | lr 2.00e-04 | 5s
[shallow/warm] step   1200 | loss 5.0392 (rank 5.038 ctr 0.000) | q_nnz 17.6 (teacher 24.1) | flops 18.5 | lr 2.00e-04 | 5s
[shallow/warm] step   1400 | loss 5.8330 (rank 5.832 ctr 0.000) | q_nnz 18.9 (teacher 23.7) | flops 18.7 | lr 2.00e-04 | 18s
[shallow/warm] step   1600 | loss 6.2045 (rank 6.203 ctr 0.000) | q_nnz 19.8 (teacher 23.3) | flops 21.0 | lr 2.00e-04 | 5s
[shallow/warm] step   1800 | loss 8.6149 (rank 8.613 ctr 0.000) | q_nnz 24.2 (teacher 28.8) | flops 23.3 | lr 2.00e-04 | 5s
[shallow/warm] step   2000 | loss 6.4200 (rank 6.418 ctr 0.000) | q_nnz 20.1 (teacher 22.6) | flops 20.2 | lr 2.00e-04 | 12s
[shallow/warm] step   2200 | loss 6.8244 (rank 6.823 ctr 0.000) | q_nnz 20.6 (teacher 25.1) | flops 20.3 | lr 2.00e-04 | 5s
[shallow/warm] step   2400 | loss 6.3809 (rank 6.379 ctr 0.000) | q_nnz 17.0 (teacher 26.4) | flops 18.1 | lr 2.00e-04 | 5s
[shallow/warm] step   2600 | loss 7.1095 (rank 7.107 ctr 0.000) | q_nnz 18.4 (teacher 24.4) | flops 19.7 | lr 2.00e-04 | 14s
[shallow/warm] step   2800 | loss 5.0407 (rank 5.039 ctr 0.000) | q_nnz 16.9 (teacher 20.0) | flops 18.3 | lr 2.00e-04 | 5s
[shallow/warm] step   3000 | loss 4.6459 (rank 4.644 ctr 0.000) | q_nnz 15.2 (teacher 21.0) | flops 17.3 | lr 2.00e-04 | 5s
[shallow/warm] step   3200 | loss 7.2867 (rank 7.284 ctr 0.000) | q_nnz 18.8 (teacher 24.6) | flops 20.0 | lr 2.00e-04 | 13s
[shallow/warm] step   3400 | loss 7.2735 (rank 7.271 ctr 0.000) | q_nnz 17.5 (teacher 26.6) | flops 18.7 | lr 1.99e-04 | 5s
[shallow/warm] step   3600 | loss 5.2819 (rank 5.279 ctr 0.000) | q_nnz 16.4 (teacher 23.1) | flops 17.5 | lr 1.99e-04 | 5s
[shallow/warm] step   3800 | loss 5.2317 (rank 5.229 ctr 0.000) | q_nnz 16.1 (teacher 20.4) | flops 18.0 | lr 1.99e-04 | 13s
[shallow/warm] step   4000 | loss 6.0053 (rank 6.002 ctr 0.000) | q_nnz 16.1 (teacher 21.4) | flops 17.8 | lr 1.99e-04 | 5s
[shallow/warm] step   4200 | loss 5.9614 (rank 5.958 ctr 0.000) | q_nnz 16.1 (teacher 22.0) | flops 17.8 | lr 1.99e-04 | 5s
[shallow/warm] step   4400 | loss 7.4283 (rank 7.425 ctr 0.000) | q_nnz 16.6 (teacher 22.9) | flops 19.6 | lr 1.99e-04 | 12s
[shallow/warm] step   4600 | loss 5.1509 (rank 5.147 ctr 0.000) | q_nnz 16.8 (teacher 20.9) | flops 18.8 | lr 1.99e-04 | 5s
[shallow/warm] step   4800 | loss 7.0207 (rank 7.017 ctr 0.000) | q_nnz 19.2 (teacher 26.5) | flops 19.7 | lr 1.99e-04 | 5s
[shallow/warm] step   5000 | loss 6.6169 (rank 6.613 ctr 0.000) | q_nnz 18.2 (teacher 26.9) | flops 18.5 | lr 1.99e-04 | 14s
[shallow] Step 5000: switched to Phase 1. body_lr=1.99e-04 head_lr=1.99e-05
[shallow/full] step   5200 | loss 5.6193 (rank 5.616 ctr 0.000) | q_nnz 16.6 (teacher 22.1) | flops 17.8 | lr 1.99e-04 | 6s
[shallow/full] step   5400 | loss 5.8350 (rank 5.831 ctr 0.000) | q_nnz 18.2 (teacher 24.0) | flops 18.9 | lr 1.99e-04 | 7s
[shallow/full] step   5600 | loss 5.1678 (rank 5.165 ctr 0.000) | q_nnz 14.9 (teacher 21.0) | flops 16.4 | lr 1.99e-04 | 6s
[shallow/full] step   5800 | loss 6.2291 (rank 6.226 ctr 0.000) | q_nnz 16.4 (teacher 24.2) | flops 17.2 | lr 1.99e-04 | 14s
[shallow/full] step   6000 | loss 7.7244 (rank 7.721 ctr 0.000) | q_nnz 18.5 (teacher 25.3) | flops 18.4 | lr 1.99e-04 | 6s
[shallow/full] step   6200 | loss 6.0620 (rank 6.059 ctr 0.000) | q_nnz 14.3 (teacher 25.4) | flops 15.2 | lr 1.99e-04 | 7s
[shallow/full] step   6400 | loss 6.4855 (rank 6.482 ctr 0.000) | q_nnz 18.6 (teacher 27.3) | flops 18.3 | lr 1.99e-04 | 15s
[shallow/full] step   6600 | loss 6.7500 (rank 6.747 ctr 0.000) | q_nnz 15.6 (teacher 21.9) | flops 16.5 | lr 1.99e-04 | 6s
[shallow/full] step   6800 | loss 8.6407 (rank 8.637 ctr 0.000) | q_nnz 18.9 (teacher 24.9) | flops 17.2 | lr 1.99e-04 | 6s
[shallow/full] step   7000 | loss 7.5377 (rank 7.534 ctr 0.000) | q_nnz 19.1 (teacher 24.9) | flops 16.6 | lr 1.99e-04 | 14s
[shallow/full] step   7200 | loss 9.3334 (rank 9.330 ctr 0.000) | q_nnz 18.8 (teacher 26.7) | flops 15.8 | lr 1.99e-04 | 7s
[shallow/full] step   7400 | loss 8.1210 (rank 8.117 ctr 0.000) | q_nnz 20.6 (teacher 25.6) | flops 18.6 | lr 1.98e-04 | 7s
[shallow/full] step   7600 | loss 7.1469 (rank 7.143 ctr 0.000) | q_nnz 18.4 (teacher 23.5) | flops 18.5 | lr 1.98e-04 | 14s
[shallow/full] step   7800 | loss 8.3933 (rank 8.390 ctr 0.000) | q_nnz 18.9 (teacher 23.7) | flops 18.0 | lr 1.98e-04 | 7s
[shallow/full] step   8000 | loss 7.7831 (rank 7.780 ctr 0.000) | q_nnz 16.2 (teacher 22.3) | flops 14.5 | lr 1.98e-04 | 7s
[shallow/full] step   8200 | loss 8.0603 (rank 8.057 ctr 0.000) | q_nnz 18.8 (teacher 22.5) | flops 17.8 | lr 1.98e-04 | 15s
[shallow/full] step   8400 | loss 6.0789 (rank 6.076 ctr 0.000) | q_nnz 16.2 (teacher 20.5) | flops 15.5 | lr 1.98e-04 | 7s
[shallow/full] step   8600 | loss 8.0001 (rank 7.997 ctr 0.000) | q_nnz 18.8 (teacher 25.6) | flops 17.1 | lr 1.98e-04 | 7s
[shallow/full] step   8800 | loss 11.2400 (rank 11.236 ctr 0.000) | q_nnz 21.2 (teacher 23.9) | flops 19.6 | lr 1.98e-04 | 16s
[shallow/full] step   9000 | loss 8.5164 (rank 8.513 ctr 0.000) | q_nnz 21.2 (teacher 22.2) | flops 18.4 | lr 1.98e-04 | 6s
[shallow/full] step   9200 | loss 8.0057 (rank 8.002 ctr 0.000) | q_nnz 20.3 (teacher 24.8) | flops 16.6 | lr 1.98e-04 | 6s
[shallow/full] step   9400 | loss 9.1106 (rank 9.107 ctr 0.000) | q_nnz 17.9 (teacher 21.4) | flops 16.5 | lr 1.98e-04 | 16s
[shallow/full] step   9600 | loss 9.0801 (rank 9.077 ctr 0.000) | q_nnz 19.9 (teacher 26.0) | flops 15.8 | lr 1.98e-04 | 6s
[shallow/full] step   9800 | loss 8.1629 (rank 8.160 ctr 0.000) | q_nnz 19.4 (teacher 25.9) | flops 15.0 | lr 1.98e-04 | 6s
[shallow/full] step  10000 | loss 8.2014 (rank 8.198 ctr 0.000) | q_nnz 19.2 (teacher 22.6) | flops 18.2 | lr 1.97e-04 | 14s
  Saved → checkpoints_splade-v3/splade_shallow_spaced3_head_unfrozen/align_step_10000.pt
[shallow] Eval at step 10000 …
  [NanoMSMARCO] loading …
  [NanoMSMARCO] encoding 5043 docs (doc_splade) …
  [NanoMSMARCO] encoding 50 queries (query_model, dense) …
  [NanoMSMARCO] NDCG@10  query_doc (dense)  : 0.7081
  [NanoNFCorpus] loading …
  [NanoNFCorpus] encoding 2953 docs (doc_splade) …
  [NanoNFCorpus] encoding 50 queries (query_model, dense) …
  [NanoNFCorpus] NDCG@10  query_doc (dense)  : 0.3072
  New best NanoMSMARCO query_doc NDCG@10=0.7081 → checkpoints_splade-v3/splade_shallow_spaced3_head_unfrozen/best_NanoMSMARCO.pt
[shallow/full] step  10200 | loss 8.4250 (rank 8.422 ctr 0.000) | q_nnz 19.6 (teacher 24.9) | flops 17.1 | lr 1.97e-04 | 61s
[shallow/full] step  10400 | loss 7.6921 (rank 7.689 ctr 0.000) | q_nnz 22.4 (teacher 24.2) | flops 17.4 | lr 1.97e-04 | 6s
[shallow/full] step  10600 | loss 7.5507 (rank 7.548 ctr 0.000) | q_nnz 17.2 (teacher 21.7) | flops 15.7 | lr 1.97e-04 | 15s
[shallow/full] step  10800 | loss 9.3044 (rank 9.301 ctr 0.000) | q_nnz 22.0 (teacher 23.8) | flops 18.3 | lr 1.97e-04 | 7s
[shallow/full] step  11000 | loss 12.9052 (rank 12.901 ctr 0.000) | q_nnz 27.2 (teacher 25.4) | flops 18.7 | lr 1.97e-04 | 7s
[shallow/full] step  11200 | loss 9.0982 (rank 9.095 ctr 0.000) | q_nnz 18.7 (teacher 21.9) | flops 16.4 | lr 1.97e-04 | 7s
[shallow/full] step  11400 | loss 10.3873 (rank 10.385 ctr 0.000) | q_nnz 18.7 (teacher 25.2) | flops 13.9 | lr 1.96e-04 | 15s
[shallow/full] step  11600 | loss 8.0908 (rank 8.088 ctr 0.000) | q_nnz 18.6 (teacher 23.0) | flops 16.1 | lr 1.96e-04 | 6s
[shallow/full] step  11800 | loss 6.4099 (rank 6.406 ctr 0.000) | q_nnz 22.7 (teacher 23.2) | flops 18.9 | lr 1.96e-04 | 7s
[shallow/full] step  12000 | loss 8.6207 (rank 8.617 ctr 0.000) | q_nnz 22.1 (teacher 24.4) | flops 17.0 | lr 1.96e-04 | 15s
[shallow/full] step  12200 | loss 9.4458 (rank 9.443 ctr 0.000) | q_nnz 21.1 (teacher 27.9) | flops 15.5 | lr 1.96e-04 | 7s
[shallow/full] step  12400 | loss 7.8126 (rank 7.809 ctr 0.000) | q_nnz 21.4 (teacher 26.0) | flops 17.1 | lr 1.96e-04 | 7s
[shallow/full] step  12600 | loss 8.0538 (rank 8.051 ctr 0.000) | q_nnz 20.2 (teacher 22.6) | flops 14.8 | lr 1.96e-04 | 15s
[shallow/full] step  12800 | loss 6.8407 (rank 6.838 ctr 0.000) | q_nnz 21.6 (teacher 25.1) | flops 15.4 | lr 1.95e-04 | 7s
[shallow/full] step  13000 | loss 5.9504 (rank 5.947 ctr 0.000) | q_nnz 19.8 (teacher 21.9) | flops 15.3 | lr 1.95e-04 | 7s
[shallow/full] step  13200 | loss 9.5671 (rank 9.564 ctr 0.000) | q_nnz 22.7 (teacher 24.4) | flops 16.4 | lr 1.95e-04 | 15s
[shallow/full] step  13400 | loss 7.1783 (rank 7.175 ctr 0.000) | q_nnz 21.8 (teacher 25.5) | flops 16.1 | lr 1.95e-04 | 7s
[shallow/full] step  13600 | loss 10.0624 (rank 10.058 ctr 0.000) | q_nnz 24.1 (teacher 27.0) | flops 19.6 | lr 1.95e-04 | 7s
[shallow/full] step  13800 | loss 7.0405 (rank 7.038 ctr 0.000) | q_nnz 18.2 (teacher 22.2) | flops 14.9 | lr 1.94e-04 | 15s
[shallow/full] step  14000 | loss 7.3459 (rank 7.343 ctr 0.000) | q_nnz 20.9 (teacher 21.0) | flops 16.6 | lr 1.94e-04 | 6s
[shallow/full] step  14200 | loss 6.5844 (rank 6.581 ctr 0.000) | q_nnz 21.8 (teacher 22.9) | flops 18.1 | lr 1.94e-04 | 7s
[shallow/full] step  14400 | loss 9.2973 (rank 9.294 ctr 0.000) | q_nnz 16.9 (teacher 22.2) | flops 14.6 | lr 1.94e-04 | 14s
[shallow/full] step  14600 | loss 8.5350 (rank 8.532 ctr 0.000) | q_nnz 17.9 (teacher 24.6) | flops 15.7 | lr 1.94e-04 | 6s
[shallow/full] step  14800 | loss 9.8832 (rank 9.880 ctr 0.000) | q_nnz 24.0 (teacher 22.8) | flops 18.0 | lr 1.93e-04 | 7s
[shallow/full] step  15000 | loss 10.0843 (rank 10.081 ctr 0.000) | q_nnz 23.8 (teacher 28.2) | flops 16.1 | lr 1.93e-04 | 15s
[shallow/full] step  15200 | loss 9.3473 (rank 9.344 ctr 0.000) | q_nnz 25.1 (teacher 24.6) | flops 14.7 | lr 1.93e-04 | 6s
[shallow/full] step  15400 | loss 7.2811 (rank 7.277 ctr 0.000) | q_nnz 24.4 (teacher 22.4) | flops 18.9 | lr 1.93e-04 | 7s
[shallow/full] step  15600 | loss 8.4953 (rank 8.492 ctr 0.000) | q_nnz 20.8 (teacher 24.1) | flops 17.3 | lr 1.92e-04 | 16s
[shallow/full] step  15800 | loss 8.6762 (rank 8.673 ctr 0.000) | q_nnz 23.1 (teacher 23.8) | flops 16.0 | lr 1.92e-04 | 6s
[shallow/full] step  16000 | loss 8.6167 (rank 8.613 ctr 0.000) | q_nnz 23.3 (teacher 25.2) | flops 18.1 | lr 1.92e-04 | 7s
[shallow/full] step  16200 | loss 7.6142 (rank 7.611 ctr 0.000) | q_nnz 19.9 (teacher 22.2) | flops 17.1 | lr 1.92e-04 | 7s
[shallow/full] step  16400 | loss 8.6784 (rank 8.675 ctr 0.000) | q_nnz 21.6 (teacher 23.4) | flops 17.1 | lr 1.91e-04 | 17s
[shallow/full] step  16600 | loss 8.4577 (rank 8.454 ctr 0.000) | q_nnz 21.8 (teacher 20.2) | flops 16.2 | lr 1.91e-04 | 6s
[shallow/full] step  16800 | loss 9.3097 (rank 9.307 ctr 0.000) | q_nnz 18.0 (teacher 22.1) | flops 15.3 | lr 1.91e-04 | 7s
[shallow/full] step  17000 | loss 10.1738 (rank 10.170 ctr 0.000) | q_nnz 27.6 (teacher 24.7) | flops 20.4 | lr 1.91e-04 | 15s
[shallow/full] step  17200 | loss 9.2425 (rank 9.239 ctr 0.000) | q_nnz 24.4 (teacher 23.1) | flops 18.3 | lr 1.90e-04 | 7s
[shallow/full] step  17400 | loss 10.1149 (rank 10.111 ctr 0.000) | q_nnz 27.5 (teacher 23.9) | flops 19.1 | lr 1.90e-04 | 6s
[shallow/full] step  17600 | loss 8.8358 (rank 8.833 ctr 0.000) | q_nnz 22.4 (teacher 23.2) | flops 16.2 | lr 1.90e-04 | 16s
[shallow/full] step  17800 | loss 10.5651 (rank 10.562 ctr 0.000) | q_nnz 25.5 (teacher 24.7) | flops 16.7 | lr 1.90e-04 | 7s
[shallow/full] step  18000 | loss 9.7997 (rank 9.796 ctr 0.000) | q_nnz 26.4 (teacher 23.8) | flops 18.4 | lr 1.89e-04 | 6s
[shallow/full] step  18200 | loss 10.0403 (rank 10.036 ctr 0.000) | q_nnz 29.8 (teacher 27.8) | flops 19.5 | lr 1.89e-04 | 15s
[shallow/full] step  18400 | loss 10.9004 (rank 10.897 ctr 0.000) | q_nnz 27.0 (teacher 22.9) | flops 18.5 | lr 1.89e-04 | 6s
[shallow/full] step  18600 | loss 12.8574 (rank 12.854 ctr 0.000) | q_nnz 22.5 (teacher 21.3) | flops 16.1 | lr 1.88e-04 | 7s
[shallow/full] step  18800 | loss 8.3381 (rank 8.335 ctr 0.000) | q_nnz 19.0 (teacher 22.1) | flops 16.2 | lr 1.88e-04 | 15s
[shallow/full] step  19000 | loss 7.8875 (rank 7.884 ctr 0.000) | q_nnz 25.9 (teacher 22.2) | flops 17.9 | lr 1.88e-04 | 7s
[shallow/full] step  19200 | loss 10.6933 (rank 10.690 ctr 0.000) | q_nnz 23.4 (teacher 24.6) | flops 16.7 | lr 1.87e-04 | 7s
[shallow/full] step  19400 | loss 12.9501 (rank 12.946 ctr 0.000) | q_nnz 24.4 (teacher 23.4) | flops 18.6 | lr 1.87e-04 | 15s
[shallow/full] step  19600 | loss 9.4962 (rank 9.493 ctr 0.000) | q_nnz 22.2 (teacher 24.2) | flops 15.2 | lr 1.87e-04 | 6s
[shallow/full] step  19800 | loss 7.6111 (rank 7.608 ctr 0.000) | q_nnz 24.3 (teacher 22.8) | flops 16.3 | lr 1.87e-04 | 7s
[shallow/full] step  20000 | loss 10.0099 (rank 10.006 ctr 0.000) | q_nnz 22.5 (teacher 23.5) | flops 17.0 | lr 1.86e-04 | 14s
  Saved → checkpoints_splade-v3/splade_shallow_spaced3_head_unfrozen/align_step_20000.pt
[shallow] Eval at step 20000 …
  [NanoMSMARCO] loading …
  [NanoMSMARCO] encoding 5043 docs (doc_splade) …
  [NanoMSMARCO] encoding 50 queries (query_model, dense) …
  [NanoMSMARCO] NDCG@10  query_doc (dense)  : 0.6867
  [NanoNFCorpus] loading …
  [NanoNFCorpus] encoding 2953 docs (doc_splade) …
  [NanoNFCorpus] encoding 50 queries (query_model, dense) …
  [NanoNFCorpus] NDCG@10  query_doc (dense)  : 0.3004
[shallow/full] step  20200 | loss 8.6433 (rank 8.640 ctr 0.000) | q_nnz 17.1 (teacher 22.9) | flops 14.0 | lr 1.86e-04 | 61s
[shallow/full] step  20400 | loss 10.4523 (rank 10.449 ctr 0.000) | q_nnz 21.3 (teacher 22.4) | flops 17.2 | lr 1.86e-04 | 7s
[shallow/full] step  20600 | loss 10.1577 (rank 10.155 ctr 0.000) | q_nnz 20.7 (teacher 23.8) | flops 14.3 | lr 1.85e-04 | 15s
[shallow/full] step  20800 | loss 9.3446 (rank 9.340 ctr 0.000) | q_nnz 28.1 (teacher 23.6) | flops 20.9 | lr 1.85e-04 | 7s
[shallow/full] step  21000 | loss 9.7752 (rank 9.772 ctr 0.000) | q_nnz 26.9 (teacher 25.4) | flops 15.6 | lr 1.84e-04 | 7s
[shallow/full] step  21200 | loss 10.5791 (rank 10.576 ctr 0.000) | q_nnz 22.7 (teacher 22.2) | flops 16.3 | lr 1.84e-04 | 14s
[shallow/full] step  21400 | loss 9.2520 (rank 9.248 ctr 0.000) | q_nnz 31.1 (teacher 27.3) | flops 20.7 | lr 1.84e-04 | 7s
[shallow/full] step  21600 | loss 9.2711 (rank 9.268 ctr 0.000) | q_nnz 22.1 (teacher 25.1) | flops 15.9 | lr 1.83e-04 | 7s
[shallow/full] step  21800 | loss 10.8506 (rank 10.847 ctr 0.000) | q_nnz 25.8 (teacher 24.6) | flops 18.4 | lr 1.83e-04 | 7s
[shallow/full] step  22000 | loss 7.3287 (rank 7.326 ctr 0.000) | q_nnz 20.6 (teacher 25.1) | flops 15.6 | lr 1.83e-04 | 16s
[shallow/full] step  22200 | loss 10.7399 (rank 10.737 ctr 0.000) | q_nnz 22.1 (teacher 21.2) | flops 16.1 | lr 1.82e-04 | 7s
[shallow/full] step  22400 | loss 7.2501 (rank 7.246 ctr 0.000) | q_nnz 27.1 (teacher 25.4) | flops 20.2 | lr 1.82e-04 | 7s
[shallow/full] step  22600 | loss 7.4243 (rank 7.421 ctr 0.000) | q_nnz 28.5 (teacher 24.6) | flops 18.7 | lr 1.82e-04 | 14s
[shallow/full] step  22800 | loss 10.4283 (rank 10.425 ctr 0.000) | q_nnz 22.9 (teacher 25.4) | flops 15.6 | lr 1.81e-04 | 7s
[shallow/full] step  23000 | loss 6.8868 (rank 6.884 ctr 0.000) | q_nnz 22.4 (teacher 24.9) | flops 16.5 | lr 1.81e-04 | 7s
[shallow/full] step  23200 | loss 10.4913 (rank 10.487 ctr 0.000) | q_nnz 29.3 (teacher 26.3) | flops 20.0 | lr 1.80e-04 | 15s
[shallow/full] step  23400 | loss 12.0510 (rank 12.047 ctr 0.000) | q_nnz 29.2 (teacher 24.8) | flops 20.1 | lr 1.80e-04 | 7s
[shallow/full] step  23600 | loss 7.7077 (rank 7.704 ctr 0.000) | q_nnz 27.8 (teacher 26.3) | flops 17.4 | lr 1.80e-04 | 7s
[shallow/full] step  23800 | loss 6.3662 (rank 6.363 ctr 0.000) | q_nnz 23.2 (teacher 22.3) | flops 16.0 | lr 1.79e-04 | 14s
[shallow/full] step  24000 | loss 10.5008 (rank 10.496 ctr 0.000) | q_nnz 28.2 (teacher 24.1) | flops 21.4 | lr 1.79e-04 | 6s
[shallow/full] step  24200 | loss 8.7850 (rank 8.782 ctr 0.000) | q_nnz 22.5 (teacher 24.1) | flops 14.8 | lr 1.78e-04 | 7s
[shallow/full] step  24400 | loss 7.1515 (rank 7.148 ctr 0.000) | q_nnz 23.6 (teacher 19.8) | flops 17.1 | lr 1.78e-04 | 15s
[shallow/full] step  24600 | loss 8.2031 (rank 8.200 ctr 0.000) | q_nnz 27.4 (teacher 25.6) | flops 17.7 | lr 1.78e-04 | 7s
[shallow/full] step  24800 | loss 9.8961 (rank 9.893 ctr 0.000) | q_nnz 21.8 (teacher 22.2) | flops 15.5 | lr 1.77e-04 | 7s
[shallow/full] step  25000 | loss 8.9611 (rank 8.958 ctr 0.000) | q_nnz 21.7 (teacher 27.2) | flops 15.6 | lr 1.77e-04 | 18s
[shallow/full] step  25200 | loss 11.0318 (rank 11.028 ctr 0.000) | q_nnz 21.6 (teacher 21.9) | flops 18.2 | lr 1.76e-04 | 6s
[shallow/full] step  25400 | loss 9.2315 (rank 9.228 ctr 0.000) | q_nnz 26.9 (teacher 23.2) | flops 18.8 | lr 1.76e-04 | 6s
[shallow/full] step  25600 | loss 8.2020 (rank 8.198 ctr 0.000) | q_nnz 28.3 (teacher 21.6) | flops 19.5 | lr 1.75e-04 | 14s
[shallow/full] step  25800 | loss 7.2665 (rank 7.264 ctr 0.000) | q_nnz 18.2 (teacher 21.1) | flops 13.7 | lr 1.75e-04 | 6s
[shallow/full] step  26000 | loss 8.2134 (rank 8.210 ctr 0.000) | q_nnz 20.6 (teacher 18.7) | flops 15.2 | lr 1.75e-04 | 7s
[shallow/full] step  26200 | loss 8.0119 (rank 8.009 ctr 0.000) | q_nnz 26.8 (teacher 24.2) | flops 16.8 | lr 1.74e-04 | 7s
[shallow/full] step  26400 | loss 10.8749 (rank 10.871 ctr 0.000) | q_nnz 27.1 (teacher 25.7) | flops 18.7 | lr 1.74e-04 | 16s
[shallow/full] step  26600 | loss 7.1993 (rank 7.196 ctr 0.000) | q_nnz 20.0 (teacher 22.2) | flops 15.3 | lr 1.73e-04 | 6s
[shallow/full] step  26800 | loss 9.6045 (rank 9.601 ctr 0.000) | q_nnz 26.4 (teacher 22.9) | flops 18.0 | lr 1.73e-04 | 6s
[shallow/full] step  27000 | loss 11.9635 (rank 11.959 ctr 0.000) | q_nnz 29.8 (teacher 24.9) | flops 22.4 | lr 1.72e-04 | 14s
[shallow/full] step  27200 | loss 11.4744 (rank 11.471 ctr 0.000) | q_nnz 21.5 (teacher 19.4) | flops 15.5 | lr 1.72e-04 | 7s
[shallow/full] step  27400 | loss 9.1263 (rank 9.123 ctr 0.000) | q_nnz 24.6 (teacher 23.8) | flops 16.6 | lr 1.71e-04 | 7s
[shallow/full] step  27600 | loss 9.4079 (rank 9.405 ctr 0.000) | q_nnz 21.0 (teacher 27.6) | flops 14.9 | lr 1.71e-04 | 14s
[shallow/full] step  27800 | loss 9.6926 (rank 9.688 ctr 0.000) | q_nnz 32.1 (teacher 24.2) | flops 21.0 | lr 1.70e-04 | 7s
[shallow/full] step  28000 | loss 10.8661 (rank 10.862 ctr 0.000) | q_nnz 26.4 (teacher 24.0) | flops 17.9 | lr 1.70e-04 | 13s
[shallow/full] step  28200 | loss 10.4947 (rank 10.491 ctr 0.000) | q_nnz 33.6 (teacher 26.4) | flops 20.8 | lr 1.70e-04 | 18s
[shallow/full] step  28400 | loss 9.1005 (rank 9.098 ctr 0.000) | q_nnz 21.8 (teacher 22.2) | flops 14.2 | lr 1.69e-04 | 6s
[shallow/full] step  28600 | loss 10.7659 (rank 10.762 ctr 0.000) | q_nnz 35.6 (teacher 24.0) | flops 18.2 | lr 1.69e-04 | 6s
[shallow/full] step  28800 | loss 10.5222 (rank 10.519 ctr 0.000) | q_nnz 21.9 (teacher 22.6) | flops 15.9 | lr 1.68e-04 | 15s
[shallow/full] step  29000 | loss 9.1053 (rank 9.101 ctr 0.000) | q_nnz 32.4 (teacher 31.4) | flops 20.2 | lr 1.68e-04 | 6s
[shallow/full] step  29200 | loss 8.4389 (rank 8.436 ctr 0.000) | q_nnz 24.4 (teacher 24.6) | flops 16.5 | lr 1.67e-04 | 6s
[shallow/full] step  29400 | loss 7.0030 (rank 7.000 ctr 0.000) | q_nnz 19.6 (teacher 22.6) | flops 13.8 | lr 1.67e-04 | 13s
[shallow/full] step  29600 | loss 10.7198 (rank 10.717 ctr 0.000) | q_nnz 24.6 (teacher 23.2) | flops 15.4 | lr 1.66e-04 | 7s
[shallow/full] step  29800 | loss 12.0014 (rank 11.998 ctr 0.000) | q_nnz 27.1 (teacher 26.8) | flops 17.1 | lr 1.66e-04 | 7s
[shallow/full] step  30000 | loss 8.1944 (rank 8.191 ctr 0.000) | q_nnz 22.1 (teacher 24.3) | flops 15.5 | lr 1.65e-04 | 14s
  Saved → checkpoints_splade-v3/splade_shallow_spaced3_head_unfrozen/align_step_30000.pt
[shallow] Eval at step 30000 …
  [NanoMSMARCO] loading …
  [NanoMSMARCO] encoding 5043 docs (doc_splade) …
  [NanoMSMARCO] encoding 50 queries (query_model, dense) …
  [NanoMSMARCO] NDCG@10  query_doc (dense)  : 0.6373
  [NanoNFCorpus] loading …
  [NanoNFCorpus] encoding 2953 docs (doc_splade) …
  [NanoNFCorpus] encoding 50 queries (query_model, dense) …
  [NanoNFCorpus] NDCG@10  query_doc (dense)  : 0.3035
[shallow/full] step  30200 | loss 9.1842 (rank 9.180 ctr 0.000) | q_nnz 29.4 (teacher 26.3) | flops 19.1 | lr 1.65e-04 | 61s
[shallow/full] step  30400 | loss 8.4031 (rank 8.399 ctr 0.000) | q_nnz 29.6 (teacher 23.2) | flops 19.2 | lr 1.64e-04 | 7s
[shallow/full] step  30600 | loss 10.1943 (rank 10.192 ctr 0.000) | q_nnz 20.7 (teacher 24.5) | flops 12.9 | lr 1.64e-04 | 14s
[shallow/full] step  30800 | loss 7.9293 (rank 7.926 ctr 0.000) | q_nnz 29.1 (teacher 22.6) | flops 17.7 | lr 1.63e-04 | 6s
[shallow/full] step  31000 | loss 8.4888 (rank 8.486 ctr 0.000) | q_nnz 23.4 (teacher 25.0) | flops 15.5 | lr 1.63e-04 | 12s
[shallow/full] step  31200 | loss 7.3659 (rank 7.362 ctr 0.000) | q_nnz 23.7 (teacher 22.6) | flops 17.7 | lr 1.62e-04 | 17s
[shallow/full] step  31400 | loss 9.3065 (rank 9.303 ctr 0.000) | q_nnz 25.6 (teacher 24.6) | flops 17.4 | lr 1.61e-04 | 15s
[shallow/full] step  31600 | loss 7.8420 (rank 7.839 ctr 0.000) | q_nnz 27.9 (teacher 20.7) | flops 16.8 | lr 1.61e-04 | 6s
[shallow/full] step  31800 | loss 9.5454 (rank 9.542 ctr 0.000) | q_nnz 32.2 (teacher 26.1) | flops 17.4 | lr 1.60e-04 | 6s
[shallow/full] step  32000 | loss 11.1546 (rank 11.151 ctr 0.000) | q_nnz 24.9 (teacher 21.1) | flops 16.2 | lr 1.60e-04 | 14s
[shallow/full] step  32200 | loss 8.6545 (rank 8.652 ctr 0.000) | q_nnz 18.1 (teacher 20.6) | flops 14.2 | lr 1.59e-04 | 6s
[shallow/full] step  32400 | loss 10.8216 (rank 10.818 ctr 0.000) | q_nnz 28.2 (teacher 27.7) | flops 18.2 | lr 1.59e-04 | 6s
[shallow/full] step  32600 | loss 8.0759 (rank 8.072 ctr 0.000) | q_nnz 35.6 (teacher 28.1) | flops 19.4 | lr 1.58e-04 | 16s
[shallow/full] step  32800 | loss 8.2300 (rank 8.227 ctr 0.000) | q_nnz 19.8 (teacher 20.9) | flops 14.6 | lr 1.58e-04 | 7s
[shallow/full] step  33000 | loss 9.9621 (rank 9.959 ctr 0.000) | q_nnz 27.8 (teacher 23.3) | flops 17.4 | lr 1.57e-04 | 7s
[shallow/full] step  33200 | loss 7.6686 (rank 7.665 ctr 0.000) | q_nnz 26.6 (teacher 22.4) | flops 17.5 | lr 1.57e-04 | 14s
[shallow/full] step  33400 | loss 12.7008 (rank 12.697 ctr 0.000) | q_nnz 31.5 (teacher 24.0) | flops 20.5 | lr 1.56e-04 | 6s
[shallow/full] step  33600 | loss 9.6287 (rank 9.625 ctr 0.000) | q_nnz 24.8 (teacher 24.0) | flops 17.4 | lr 1.56e-04 | 7s
[shallow/full] step  33800 | loss 10.6705 (rank 10.667 ctr 0.000) | q_nnz 29.8 (teacher 26.2) | flops 19.0 | lr 1.55e-04 | 14s
[shallow/full] step  34000 | loss 8.8340 (rank 8.831 ctr 0.000) | q_nnz 23.9 (teacher 27.2) | flops 16.3 | lr 1.54e-04 | 7s
[shallow/full] step  34200 | loss 8.6556 (rank 8.652 ctr 0.000) | q_nnz 24.1 (teacher 24.6) | flops 15.9 | lr 1.54e-04 | 6s
[shallow/full] step  34400 | loss 9.4547 (rank 9.451 ctr 0.000) | q_nnz 30.6 (teacher 26.3) | flops 17.9 | lr 1.53e-04 | 15s
[shallow/full] step  34600 | loss 8.1759 (rank 8.173 ctr 0.000) | q_nnz 28.1 (teacher 27.5) | flops 16.0 | lr 1.53e-04 | 7s
[shallow/full] step  34800 | loss 10.2521 (rank 10.248 ctr 0.000) | q_nnz 36.5 (teacher 27.4) | flops 20.5 | lr 1.52e-04 | 7s
[shallow/full] step  35000 | loss 9.5485 (rank 9.545 ctr 0.000) | q_nnz 28.2 (teacher 25.8) | flops 16.1 | lr 1.52e-04 | 15s
[shallow/full] step  35200 | loss 9.4333 (rank 9.429 ctr 0.000) | q_nnz 30.0 (teacher 25.6) | flops 22.1 | lr 1.51e-04 | 6s
[shallow/full] step  35400 | loss 10.5259 (rank 10.522 ctr 0.000) | q_nnz 31.2 (teacher 25.4) | flops 19.6 | lr 1.50e-04 | 7s
[shallow/full] step  35600 | loss 11.8858 (rank 11.882 ctr 0.000) | q_nnz 25.9 (teacher 24.6) | flops 18.1 | lr 1.50e-04 | 15s
[shallow/full] step  35800 | loss 9.7990 (rank 9.796 ctr 0.000) | q_nnz 24.8 (teacher 22.0) | flops 14.6 | lr 1.49e-04 | 6s
[shallow/full] step  36000 | loss 9.1852 (rank 9.182 ctr 0.000) | q_nnz 27.5 (teacher 24.1) | flops 18.3 | lr 1.49e-04 | 7s
[shallow/full] step  36200 | loss 8.9542 (rank 8.951 ctr 0.000) | q_nnz 27.4 (teacher 26.8) | flops 16.4 | lr 1.48e-04 | 15s
[shallow/full] step  36400 | loss 9.7805 (rank 9.777 ctr 0.000) | q_nnz 28.1 (teacher 25.4) | flops 17.1 | lr 1.48e-04 | 6s
[shallow/full] step  36600 | loss 11.8256 (rank 11.822 ctr 0.000) | q_nnz 28.4 (teacher 23.6) | flops 16.8 | lr 1.47e-04 | 7s
[shallow/full] step  36800 | loss 10.1208 (rank 10.118 ctr 0.000) | q_nnz 25.1 (teacher 25.4) | flops 16.3 | lr 1.46e-04 | 7s
[shallow/full] step  37000 | loss 7.7897 (rank 7.787 ctr 0.000) | q_nnz 28.2 (teacher 24.9) | flops 15.5 | lr 1.46e-04 | 14s
[shallow/full] step  37200 | loss 8.7596 (rank 8.756 ctr 0.000) | q_nnz 31.2 (teacher 23.1) | flops 18.2 | lr 1.45e-04 | 6s
[shallow/full] step  37400 | loss 8.0153 (rank 8.012 ctr 0.000) | q_nnz 26.1 (teacher 24.1) | flops 15.1 | lr 1.45e-04 | 7s
[shallow/full] step  37600 | loss 11.1505 (rank 11.147 ctr 0.000) | q_nnz 25.8 (teacher 23.3) | flops 18.7 | lr 1.44e-04 | 14s
[shallow/full] step  37800 | loss 8.7019 (rank 8.698 ctr 0.000) | q_nnz 28.7 (teacher 20.6) | flops 17.6 | lr 1.43e-04 | 7s
[shallow/full] step  38000 | loss 9.5057 (rank 9.502 ctr 0.000) | q_nnz 27.8 (teacher 26.7) | flops 18.5 | lr 1.43e-04 | 7s
[shallow/full] step  38200 | loss 8.6100 (rank 8.608 ctr 0.000) | q_nnz 19.0 (teacher 23.2) | flops 12.6 | lr 1.42e-04 | 16s
[shallow/full] step  38400 | loss 9.0072 (rank 9.004 ctr 0.000) | q_nnz 29.0 (teacher 22.4) | flops 18.2 | lr 1.42e-04 | 7s
[shallow/full] step  38600 | loss 7.6296 (rank 7.626 ctr 0.000) | q_nnz 23.2 (teacher 20.8) | flops 15.9 | lr 1.41e-04 | 7s
[shallow/full] step  38800 | loss 11.8089 (rank 11.805 ctr 0.000) | q_nnz 24.3 (teacher 24.0) | flops 17.3 | lr 1.40e-04 | 15s
[shallow/full] step  39000 | loss 8.8704 (rank 8.867 ctr 0.000) | q_nnz 24.9 (teacher 26.7) | flops 16.5 | lr 1.40e-04 | 7s
[shallow/full] step  39200 | loss 8.7426 (rank 8.739 ctr 0.000) | q_nnz 28.0 (teacher 26.5) | flops 17.3 | lr 1.39e-04 | 6s
[shallow/full] step  39400 | loss 11.5454 (rank 11.542 ctr 0.000) | q_nnz 28.6 (teacher 23.1) | flops 17.3 | lr 1.39e-04 | 15s
[shallow/full] step  39600 | loss 11.7073 (rank 11.704 ctr 0.000) | q_nnz 26.7 (teacher 27.1) | flops 16.8 | lr 1.38e-04 | 6s
[shallow/full] step  39800 | loss 10.1248 (rank 10.122 ctr 0.000) | q_nnz 23.9 (teacher 25.4) | flops 14.9 | lr 1.37e-04 | 7s
[shallow/full] step  40000 | loss 9.2760 (rank 9.273 ctr 0.000) | q_nnz 28.7 (teacher 27.1) | flops 16.5 | lr 1.37e-04 | 15s
  Saved → checkpoints_splade-v3/splade_shallow_spaced3_head_unfrozen/align_step_40000.pt
[shallow] Eval at step 40000 …
  [NanoMSMARCO] loading …
  [NanoMSMARCO] encoding 5043 docs (doc_splade) …
  [NanoMSMARCO] encoding 50 queries (query_model, dense) …
  [NanoMSMARCO] NDCG@10  query_doc (dense)  : 0.6542
  [NanoNFCorpus] loading …
  [NanoNFCorpus] encoding 2953 docs (doc_splade) …
  [NanoNFCorpus] encoding 50 queries (query_model, dense) …
  [NanoNFCorpus] NDCG@10  query_doc (dense)  : 0.3101
[shallow/full] step  40200 | loss 9.1464 (rank 9.143 ctr 0.000) | q_nnz 26.9 (teacher 25.2) | flops 17.1 | lr 1.36e-04 | 62s
[shallow/full] step  40400 | loss 7.5442 (rank 7.541 ctr 0.000) | q_nnz 20.0 (teacher 23.3) | flops 13.7 | lr 1.35e-04 | 7s
[shallow/full] step  40600 | loss 7.8570 (rank 7.853 ctr 0.000) | q_nnz 32.5 (teacher 26.8) | flops 18.0 | lr 1.35e-04 | 15s
[shallow/full] step  40800 | loss 10.8100 (rank 10.806 ctr 0.000) | q_nnz 35.1 (teacher 26.2) | flops 20.2 | lr 1.34e-04 | 6s
[shallow/full] step  41000 | loss 8.7098 (rank 8.707 ctr 0.000) | q_nnz 25.1 (teacher 24.2) | flops 15.0 | lr 1.34e-04 | 7s
[shallow/full] step  41200 | loss 9.6410 (rank 9.638 ctr 0.000) | q_nnz 23.6 (teacher 21.1) | flops 16.3 | lr 1.33e-04 | 20s
[shallow/full] step  41400 | loss 7.7130 (rank 7.711 ctr 0.000) | q_nnz 17.1 (teacher 21.4) | flops 11.5 | lr 1.32e-04 | 6s
[shallow/full] step  41600 | loss 10.8987 (rank 10.895 ctr 0.000) | q_nnz 26.7 (teacher 23.6) | flops 18.4 | lr 1.32e-04 | 6s
[shallow/full] step  41800 | loss 9.7966 (rank 9.794 ctr 0.000) | q_nnz 23.3 (teacher 21.3) | flops 15.6 | lr 1.31e-04 | 7s
[shallow/full] step  42000 | loss 8.0762 (rank 8.073 ctr 0.000) | q_nnz 28.3 (teacher 25.0) | flops 16.6 | lr 1.30e-04 | 14s
[shallow/full] step  42200 | loss 11.0158 (rank 11.012 ctr 0.000) | q_nnz 30.6 (teacher 25.6) | flops 17.1 | lr 1.30e-04 | 7s
[shallow/full] step  42400 | loss 8.8950 (rank 8.892 ctr 0.000) | q_nnz 28.8 (teacher 23.0) | flops 16.5 | lr 1.29e-04 | 7s
[shallow/full] step  42600 | loss 7.5297 (rank 7.526 ctr 0.000) | q_nnz 32.1 (teacher 23.7) | flops 18.3 | lr 1.29e-04 | 14s
[shallow/full] step  42800 | loss 7.6326 (rank 7.630 ctr 0.000) | q_nnz 23.1 (teacher 24.2) | flops 14.9 | lr 1.28e-04 | 7s
[shallow/full] step  43000 | loss 8.4016 (rank 8.399 ctr 0.000) | q_nnz 24.3 (teacher 22.1) | flops 15.5 | lr 1.27e-04 | 7s
[shallow/full] step  43200 | loss 8.3162 (rank 8.313 ctr 0.000) | q_nnz 25.9 (teacher 25.8) | flops 16.0 | lr 1.27e-04 | 16s
[shallow/full] step  43400 | loss 9.5604 (rank 9.557 ctr 0.000) | q_nnz 28.8 (teacher 24.3) | flops 16.4 | lr 1.26e-04 | 6s
[shallow/full] step  43600 | loss 8.3324 (rank 8.329 ctr 0.000) | q_nnz 27.6 (teacher 22.9) | flops 17.8 | lr 1.25e-04 | 13s
[shallow/full] step  43800 | loss 6.8637 (rank 6.860 ctr 0.000) | q_nnz 36.8 (teacher 25.5) | flops 17.4 | lr 1.25e-04 | 18s
[shallow/full] step  44000 | loss 6.4148 (rank 6.412 ctr 0.000) | q_nnz 23.8 (teacher 25.4) | flops 14.6 | lr 1.24e-04 | 6s
[shallow/full] step  44200 | loss 9.4895 (rank 9.486 ctr 0.000) | q_nnz 30.1 (teacher 23.8) | flops 18.5 | lr 1.23e-04 | 7s
[shallow/full] step  44400 | loss 8.5029 (rank 8.500 ctr 0.000) | q_nnz 22.4 (teacher 27.3) | flops 14.0 | lr 1.23e-04 | 15s
[shallow/full] step  44600 | loss 7.9413 (rank 7.938 ctr 0.000) | q_nnz 23.8 (teacher 24.1) | flops 16.2 | lr 1.22e-04 | 6s
[shallow/full] step  44800 | loss 10.8843 (rank 10.881 ctr 0.000) | q_nnz 23.9 (teacher 20.5) | flops 16.8 | lr 1.21e-04 | 7s
[shallow/full] step  45000 | loss 8.1585 (rank 8.156 ctr 0.000) | q_nnz 21.7 (teacher 23.2) | flops 13.2 | lr 1.21e-04 | 14s
[shallow/full] step  45200 | loss 10.0064 (rank 10.003 ctr 0.000) | q_nnz 27.1 (teacher 23.7) | flops 15.8 | lr 1.20e-04 | 6s
[shallow/full] step  45400 | loss 8.2741 (rank 8.271 ctr 0.000) | q_nnz 26.4 (teacher 23.3) | flops 14.0 | lr 1.20e-04 | 7s
[shallow/full] step  45600 | loss 7.9988 (rank 7.996 ctr 0.000) | q_nnz 24.9 (teacher 24.4) | flops 16.0 | lr 1.19e-04 | 15s
[shallow/full] step  45800 | loss 10.5844 (rank 10.581 ctr 0.000) | q_nnz 32.9 (teacher 23.6) | flops 19.3 | lr 1.18e-04 | 6s
[shallow/full] step  46000 | loss 10.0512 (rank 10.048 ctr 0.000) | q_nnz 28.4 (teacher 25.5) | flops 18.0 | lr 1.18e-04 | 7s
[shallow/full] step  46200 | loss 6.3649 (rank 6.362 ctr 0.000) | q_nnz 25.9 (teacher 22.8) | flops 14.9 | lr 1.17e-04 | 16s
[shallow/full] step  46400 | loss 8.2186 (rank 8.215 ctr 0.000) | q_nnz 28.0 (teacher 20.9) | flops 15.5 | lr 1.16e-04 | 6s
[shallow/full] step  46600 | loss 8.4785 (rank 8.475 ctr 0.000) | q_nnz 26.9 (teacher 24.1) | flops 15.4 | lr 1.16e-04 | 6s
[shallow/full] step  46800 | loss 8.6507 (rank 8.647 ctr 0.000) | q_nnz 28.4 (teacher 23.6) | flops 16.4 | lr 1.15e-04 | 16s
[shallow/full] step  47000 | loss 10.8431 (rank 10.840 ctr 0.000) | q_nnz 26.9 (teacher 24.9) | flops 16.9 | lr 1.14e-04 | 6s
[shallow/full] step  47200 | loss 9.4284 (rank 9.425 ctr 0.000) | q_nnz 23.6 (teacher 22.8) | flops 16.1 | lr 1.14e-04 | 7s
[shallow/full] step  47400 | loss 9.0783 (rank 9.075 ctr 0.000) | q_nnz 22.4 (teacher 21.6) | flops 15.6 | lr 1.13e-04 | 7s
[shallow/full] step  47600 | loss 11.4034 (rank 11.400 ctr 0.000) | q_nnz 25.1 (teacher 24.9) | flops 15.0 | lr 1.12e-04 | 14s
[shallow/full] step  47800 | loss 10.4117 (rank 10.408 ctr 0.000) | q_nnz 31.3 (teacher 25.9) | flops 16.2 | lr 1.12e-04 | 6s
[shallow/full] step  48000 | loss 14.0784 (rank 14.075 ctr 0.000) | q_nnz 24.8 (teacher 36.2) | flops 15.2 | lr 1.11e-04 | 6s
[shallow/full] step  48200 | loss 12.4266 (rank 12.423 ctr 0.000) | q_nnz 27.9 (teacher 23.5) | flops 17.9 | lr 1.10e-04 | 16s
[shallow/full] step  48400 | loss 7.1524 (rank 7.149 ctr 0.000) | q_nnz 27.9 (teacher 22.4) | flops 16.6 | lr 1.10e-04 | 7s
[shallow/full] step  48600 | loss 8.2792 (rank 8.276 ctr 0.000) | q_nnz 26.4 (teacher 25.6) | flops 15.6 | lr 1.09e-04 | 7s
[shallow/full] step  48800 | loss 8.9664 (rank 8.963 ctr 0.000) | q_nnz 28.4 (teacher 24.5) | flops 17.5 | lr 1.08e-04 | 14s
[shallow/full] step  49000 | loss 6.4497 (rank 6.447 ctr 0.000) | q_nnz 33.1 (teacher 26.1) | flops 16.1 | lr 1.08e-04 | 7s
[shallow/full] step  49200 | loss 6.0687 (rank 6.066 ctr 0.000) | q_nnz 24.6 (teacher 24.2) | flops 14.1 | lr 1.07e-04 | 7s
[shallow/full] step  49400 | loss 7.6238 (rank 7.620 ctr 0.000) | q_nnz 27.9 (teacher 20.9) | flops 17.2 | lr 1.06e-04 | 14s
[shallow/full] step  49600 | loss 7.9117 (rank 7.909 ctr 0.000) | q_nnz 24.3 (teacher 23.2) | flops 15.2 | lr 1.06e-04 | 6s
[shallow/full] step  49800 | loss 7.4222 (rank 7.419 ctr 0.000) | q_nnz 21.6 (teacher 23.4) | flops 13.9 | lr 1.05e-04 | 7s
[shallow/full] step  50000 | loss 7.2857 (rank 7.283 ctr 0.000) | q_nnz 24.9 (teacher 22.5) | flops 15.4 | lr 1.04e-04 | 18s
  Saved → checkpoints_splade-v3/splade_shallow_spaced3_head_unfrozen/align_step_50000.pt
[shallow] Eval at step 50000 …
  [NanoMSMARCO] loading …
  [NanoMSMARCO] encoding 5043 docs (doc_splade) …
  [NanoMSMARCO] encoding 50 queries (query_model, dense) …
  [NanoMSMARCO] NDCG@10  query_doc (dense)  : 0.6580
  [NanoNFCorpus] loading …
  [NanoNFCorpus] encoding 2953 docs (doc_splade) …
  [NanoNFCorpus] encoding 50 queries (query_model, dense) …
  [NanoNFCorpus] NDCG@10  query_doc (dense)  : 0.3018
[shallow] Done. Final checkpoint → checkpoints_splade-v3/splade_shallow_spaced3_head_unfrozen/align_final.pt
