Device: cuda
[shallow] doc=naver/splade-v3 | n_layers=3 | freeze_warmup=5000 | alignment=50000 | lr=0.0002 | nway=8 | lambda_q=0.0002 | align_loss_kind=mse | kd_temperature=1.0 | use_contrastive=False | contrastive_coeff=0.0 | log_ranking_metrics=False | grad_accum=2 | freeze_head_after_warmup=True
[shallow] Loading frozen doc SPLADE: naver/splade-v3 …

Loading weights:   0%|          | 0/204 [00:00<?, ?it/s]
Loading weights: 100%|██████████| 204/204 [00:00<00:00, 64416.02it/s]
[shallow] Building shallow query model from same checkpoint, keeping 3 layers …
[shallow] Using explicit doc-layer indices for query body: [0, 1, 2]

Loading weights:   0%|          | 0/204 [00:00<?, ?it/s]
Loading weights: 100%|██████████| 204/204 [00:00<00:00, 27042.07it/s]
/home/capemox/projects/sae-smo-splade/train.py:2659: FutureWarning: `torch.cuda.amp.GradScaler(args...)` is deprecated. Please use `torch.amp.GradScaler('cuda', args...)` instead.
  scaler = GradScaler(enabled=fp16 and device.type == "cuda")
Exception in thread Thread-auto_conversion:
Traceback (most recent call last):
  File "/home/capemox/.local/share/uv/python/cpython-3.10.16-linux-x86_64-gnu/lib/python3.10/threading.py", line 1016, in _bootstrap_inner
    self.run()
  File "/home/capemox/.local/share/uv/python/cpython-3.10.16-linux-x86_64-gnu/lib/python3.10/threading.py", line 953, in run
    self._target(*self._args, **self._kwargs)
  File "/home/capemox/projects/sae-smo-splade/.venv/lib/python3.10/site-packages/transformers/safetensors_conversion.py", line 117, in auto_conversion
    raise e
  File "/home/capemox/projects/sae-smo-splade/.venv/lib/python3.10/site-packages/transformers/safetensors_conversion.py", line 96, in auto_conversion
    sha = get_conversion_pr_reference(api, pretrained_model_name_or_path, **cached_file_kwargs)
  File "/home/capemox/projects/sae-smo-splade/.venv/lib/python3.10/site-packages/transformers/safetensors_conversion.py", line 77, in get_conversion_pr_reference
    raise OSError(
OSError: Could not create safetensors conversion PR. The repo does not appear to have a file named pytorch_model.bin or model.safetensors.If you are loading with variant, use `use_safetensors=False` to load the original model.
Exception in thread Thread-auto_conversion:
Traceback (most recent call last):
  File "/home/capemox/.local/share/uv/python/cpython-3.10.16-linux-x86_64-gnu/lib/python3.10/threading.py", line 1016, in _bootstrap_inner
    self.run()
  File "/home/capemox/.local/share/uv/python/cpython-3.10.16-linux-x86_64-gnu/lib/python3.10/threading.py", line 953, in run
    self._target(*self._args, **self._kwargs)
  File "/home/capemox/projects/sae-smo-splade/.venv/lib/python3.10/site-packages/transformers/safetensors_conversion.py", line 117, in auto_conversion
    raise e
  File "/home/capemox/projects/sae-smo-splade/.venv/lib/python3.10/site-packages/transformers/safetensors_conversion.py", line 96, in auto_conversion
    sha = get_conversion_pr_reference(api, pretrained_model_name_or_path, **cached_file_kwargs)
  File "/home/capemox/projects/sae-smo-splade/.venv/lib/python3.10/site-packages/transformers/safetensors_conversion.py", line 77, in get_conversion_pr_reference
    raise OSError(
OSError: Could not create safetensors conversion PR. The repo does not appear to have a file named pytorch_model.bin or model.safetensors.If you are loading with variant, use `use_safetensors=False` to load the original model.
/home/capemox/projects/sae-smo-splade/train.py:2793: FutureWarning: `torch.cuda.amp.autocast(args...)` is deprecated. Please use `torch.amp.autocast('cuda', args...)` instead.
  with autocast(enabled=fp16 and device.type == "cuda"):
/home/capemox/projects/sae-smo-splade/train.py:2857: UserWarning: Detected call of `lr_scheduler.step()` before `optimizer.step()`. In PyTorch 1.1.0 and later, you should call them in the opposite order: `optimizer.step()` before `lr_scheduler.step()`.  Failure to do this will result in PyTorch skipping the first value of the learning rate schedule. See more details at https://pytorch.org/docs/stable/optim.html#how-to-adjust-learning-rate
  scaler.step(optimizer); scaler.update(); scheduler.step()
[shallow] Query model params (after truncation): 45.7M (was 12-layer original); will freeze embeddings + head during warmup.
[shallow] Phase 0 (frozen warmup). Trainable params: 21.3M / 45.7M total.
[shallow] Initial eval — doc_doc ceiling + query_doc baseline …
  [NanoMSMARCO] loading …
  [NanoMSMARCO] encoding 5043 docs (doc_splade) …
  [NanoMSMARCO] encoding 50 queries (doc_doc ceiling) …
  [NanoMSMARCO] NDCG@10  doc_doc (ceiling) : 0.7001
  [NanoMSMARCO] encoding 50 queries (query_model, dense) …
  [NanoMSMARCO] NDCG@10  query_doc (dense)  : 0.0635
  [NanoNFCorpus] loading …
  [NanoNFCorpus] encoding 2953 docs (doc_splade) …
  [NanoNFCorpus] encoding 50 queries (doc_doc ceiling) …
  [NanoNFCorpus] NDCG@10  doc_doc (ceiling) : 0.3448
  [NanoNFCorpus] encoding 50 queries (query_model, dense) …
  [NanoNFCorpus] NDCG@10  query_doc (dense)  : 0.1346
[shallow] Training loop (50000 steps remaining) …
[shallow/warm] step    200 | loss 5.7037 (rank 5.704 ctr 0.000) | q_nnz 53.5 (teacher 21.7) | flops 17.2 | lr 2.00e-04 | 15s
[shallow/warm] step    400 | loss 5.2948 (rank 5.294 ctr 0.000) | q_nnz 72.4 (teacher 25.0) | flops 19.4 | lr 2.00e-04 | 5s
[shallow/warm] step    600 | loss 4.8353 (rank 4.835 ctr 0.000) | q_nnz 54.2 (teacher 26.7) | flops 16.9 | lr 2.00e-04 | 5s
[shallow/warm] step    800 | loss 4.9114 (rank 4.911 ctr 0.000) | q_nnz 33.0 (teacher 22.1) | flops 17.2 | lr 2.00e-04 | 11s
[shallow/warm] step   1000 | loss 4.5554 (rank 4.555 ctr 0.000) | q_nnz 27.0 (teacher 20.6) | flops 19.3 | lr 2.00e-04 | 5s
[shallow/warm] step   1200 | loss 5.8603 (rank 5.859 ctr 0.000) | q_nnz 24.1 (teacher 26.5) | flops 19.9 | lr 2.00e-04 | 5s
[shallow/warm] step   1400 | loss 6.6507 (rank 6.650 ctr 0.000) | q_nnz 20.1 (teacher 23.9) | flops 21.0 | lr 2.00e-04 | 12s
[shallow/warm] step   1600 | loss 5.9059 (rank 5.905 ctr 0.000) | q_nnz 19.9 (teacher 21.1) | flops 20.2 | lr 2.00e-04 | 5s
[shallow/warm] step   1800 | loss 7.7190 (rank 7.717 ctr 0.000) | q_nnz 24.3 (teacher 25.6) | flops 23.2 | lr 2.00e-04 | 5s
[shallow/warm] step   2000 | loss 6.3600 (rank 6.358 ctr 0.000) | q_nnz 18.5 (teacher 23.6) | flops 19.6 | lr 2.00e-04 | 11s
[shallow/warm] step   2200 | loss 7.3920 (rank 7.390 ctr 0.000) | q_nnz 21.6 (teacher 25.2) | flops 20.7 | lr 2.00e-04 | 5s
[shallow/warm] step   2400 | loss 5.5538 (rank 5.552 ctr 0.000) | q_nnz 18.1 (teacher 23.8) | flops 17.9 | lr 2.00e-04 | 5s
[shallow/warm] step   2600 | loss 7.1942 (rank 7.192 ctr 0.000) | q_nnz 21.6 (teacher 24.7) | flops 20.8 | lr 2.00e-04 | 12s
[shallow/warm] step   2800 | loss 5.3751 (rank 5.373 ctr 0.000) | q_nnz 16.6 (teacher 24.3) | flops 17.7 | lr 2.00e-04 | 5s
[shallow/warm] step   3000 | loss 5.6584 (rank 5.656 ctr 0.000) | q_nnz 17.3 (teacher 21.6) | flops 17.3 | lr 2.00e-04 | 5s
[shallow/warm] step   3200 | loss 7.5193 (rank 7.517 ctr 0.000) | q_nnz 21.8 (teacher 23.8) | flops 21.6 | lr 2.00e-04 | 11s
[shallow/warm] step   3400 | loss 6.3208 (rank 6.319 ctr 0.000) | q_nnz 15.5 (teacher 25.9) | flops 16.7 | lr 1.99e-04 | 5s
[shallow/warm] step   3600 | loss 5.6858 (rank 5.683 ctr 0.000) | q_nnz 17.2 (teacher 24.1) | flops 18.1 | lr 1.99e-04 | 5s
[shallow/warm] step   3800 | loss 5.3017 (rank 5.299 ctr 0.000) | q_nnz 14.0 (teacher 20.6) | flops 17.2 | lr 1.99e-04 | 13s
[shallow/warm] step   4000 | loss 8.0077 (rank 8.004 ctr 0.000) | q_nnz 20.4 (teacher 23.2) | flops 20.5 | lr 1.99e-04 | 5s
[shallow/warm] step   4200 | loss 6.2155 (rank 6.213 ctr 0.000) | q_nnz 17.4 (teacher 25.1) | flops 17.0 | lr 1.99e-04 | 5s
[shallow/warm] step   4400 | loss 7.5110 (rank 7.508 ctr 0.000) | q_nnz 17.7 (teacher 27.3) | flops 18.2 | lr 1.99e-04 | 11s
[shallow/warm] step   4600 | loss 6.0083 (rank 6.005 ctr 0.000) | q_nnz 16.1 (teacher 21.6) | flops 17.5 | lr 1.99e-04 | 5s
[shallow/warm] step   4800 | loss 5.9213 (rank 5.918 ctr 0.000) | q_nnz 17.5 (teacher 21.3) | flops 18.7 | lr 1.99e-04 | 5s
[shallow/warm] step   5000 | loss 6.2924 (rank 6.289 ctr 0.000) | q_nnz 17.5 (teacher 23.2) | flops 18.7 | lr 1.99e-04 | 14s
[shallow] Step 5000: switched to Phase 1. body_lr=1.99e-04 head_lr=0.00e+00
[shallow/full] step   5200 | loss 7.4546 (rank 7.451 ctr 0.000) | q_nnz 20.4 (teacher 25.9) | flops 20.5 | lr 1.99e-04 | 5s
[shallow/full] step   5400 | loss 7.6290 (rank 7.625 ctr 0.000) | q_nnz 17.8 (teacher 25.0) | flops 18.4 | lr 1.99e-04 | 5s
[shallow/full] step   5600 | loss 6.6760 (rank 6.672 ctr 0.000) | q_nnz 17.1 (teacher 25.9) | flops 17.8 | lr 1.99e-04 | 5s
[shallow/full] step   5800 | loss 5.2951 (rank 5.292 ctr 0.000) | q_nnz 15.8 (teacher 20.8) | flops 17.4 | lr 1.99e-04 | 11s
[shallow/full] step   6000 | loss 5.5193 (rank 5.516 ctr 0.000) | q_nnz 15.8 (teacher 23.1) | flops 17.9 | lr 1.99e-04 | 5s
[shallow/full] step   6200 | loss 5.9164 (rank 5.913 ctr 0.000) | q_nnz 15.8 (teacher 22.8) | flops 18.0 | lr 1.99e-04 | 5s
[shallow/full] step   6400 | loss 6.9843 (rank 6.981 ctr 0.000) | q_nnz 17.5 (teacher 25.1) | flops 18.8 | lr 1.99e-04 | 12s
[shallow/full] step   6600 | loss 5.8771 (rank 5.874 ctr 0.000) | q_nnz 16.8 (teacher 25.2) | flops 17.5 | lr 1.99e-04 | 5s
[shallow/full] step   6800 | loss 6.8176 (rank 6.814 ctr 0.000) | q_nnz 21.1 (teacher 22.1) | flops 19.3 | lr 1.99e-04 | 5s
[shallow/full] step   7000 | loss 7.0936 (rank 7.090 ctr 0.000) | q_nnz 20.6 (teacher 25.8) | flops 20.0 | lr 1.99e-04 | 12s
[shallow/full] step   7200 | loss 5.9164 (rank 5.913 ctr 0.000) | q_nnz 15.5 (teacher 21.2) | flops 18.2 | lr 1.99e-04 | 5s
[shallow/full] step   7400 | loss 6.2050 (rank 6.201 ctr 0.000) | q_nnz 16.6 (teacher 22.0) | flops 18.9 | lr 1.98e-04 | 5s
[shallow/full] step   7600 | loss 6.0430 (rank 6.039 ctr 0.000) | q_nnz 17.5 (teacher 22.4) | flops 19.3 | lr 1.98e-04 | 12s
[shallow/full] step   7800 | loss 5.4405 (rank 5.437 ctr 0.000) | q_nnz 18.3 (teacher 22.9) | flops 18.4 | lr 1.98e-04 | 5s
[shallow/full] step   8000 | loss 6.3457 (rank 6.342 ctr 0.000) | q_nnz 17.8 (teacher 26.2) | flops 17.9 | lr 1.98e-04 | 5s
[shallow/full] step   8200 | loss 6.4019 (rank 6.398 ctr 0.000) | q_nnz 17.4 (teacher 25.4) | flops 18.8 | lr 1.98e-04 | 12s
[shallow/full] step   8400 | loss 5.6307 (rank 5.627 ctr 0.000) | q_nnz 17.4 (teacher 23.2) | flops 18.8 | lr 1.98e-04 | 5s
[shallow/full] step   8600 | loss 4.8484 (rank 4.845 ctr 0.000) | q_nnz 15.5 (teacher 21.9) | flops 17.4 | lr 1.98e-04 | 5s
[shallow/full] step   8800 | loss 8.4066 (rank 8.402 ctr 0.000) | q_nnz 21.7 (teacher 27.2) | flops 22.2 | lr 1.98e-04 | 12s
[shallow/full] step   9000 | loss 5.5125 (rank 5.509 ctr 0.000) | q_nnz 16.9 (teacher 24.5) | flops 18.6 | lr 1.98e-04 | 5s
[shallow/full] step   9200 | loss 6.6866 (rank 6.683 ctr 0.000) | q_nnz 17.2 (teacher 24.4) | flops 18.4 | lr 1.98e-04 | 5s
[shallow/full] step   9400 | loss 5.8235 (rank 5.820 ctr 0.000) | q_nnz 17.0 (teacher 22.3) | flops 17.2 | lr 1.98e-04 | 12s
[shallow/full] step   9600 | loss 5.8389 (rank 5.835 ctr 0.000) | q_nnz 16.3 (teacher 23.1) | flops 17.9 | lr 1.98e-04 | 5s
[shallow/full] step   9800 | loss 5.6962 (rank 5.693 ctr 0.000) | q_nnz 16.4 (teacher 28.0) | flops 17.5 | lr 1.98e-04 | 5s
[shallow/full] step  10000 | loss 6.5593 (rank 6.556 ctr 0.000) | q_nnz 18.5 (teacher 23.2) | flops 18.2 | lr 1.97e-04 | 12s
  Saved → checkpoints_splade-v3/splade_shallow_first3_loss_mse/align_step_10000.pt
[shallow] Eval at step 10000 …
  [NanoMSMARCO] loading …
  [NanoMSMARCO] encoding 5043 docs (doc_splade) …
  [NanoMSMARCO] encoding 50 queries (query_model, dense) …
  [NanoMSMARCO] NDCG@10  query_doc (dense)  : 0.6843
  [NanoNFCorpus] loading …
  [NanoNFCorpus] encoding 2953 docs (doc_splade) …
  [NanoNFCorpus] encoding 50 queries (query_model, dense) …
  [NanoNFCorpus] NDCG@10  query_doc (dense)  : 0.3196
  New best NanoMSMARCO query_doc NDCG@10=0.6843 → checkpoints_splade-v3/splade_shallow_first3_loss_mse/best_NanoMSMARCO.pt
[shallow/full] step  10200 | loss 4.2282 (rank 4.225 ctr 0.000) | q_nnz 13.6 (teacher 22.4) | flops 15.2 | lr 1.97e-04 | 58s
[shallow/full] step  10400 | loss 5.4368 (rank 5.433 ctr 0.000) | q_nnz 16.1 (teacher 23.6) | flops 17.5 | lr 1.97e-04 | 5s
[shallow/full] step  10600 | loss 5.5151 (rank 5.512 ctr 0.000) | q_nnz 15.5 (teacher 23.2) | flops 17.3 | lr 1.97e-04 | 12s
[shallow/full] step  10800 | loss 4.5821 (rank 4.578 ctr 0.000) | q_nnz 17.2 (teacher 22.1) | flops 18.3 | lr 1.97e-04 | 5s
[shallow/full] step  11000 | loss 5.8434 (rank 5.840 ctr 0.000) | q_nnz 16.0 (teacher 23.3) | flops 16.1 | lr 1.97e-04 | 5s
[shallow/full] step  11200 | loss 5.0459 (rank 5.043 ctr 0.000) | q_nnz 16.1 (teacher 23.9) | flops 15.1 | lr 1.97e-04 | 5s
[shallow/full] step  11400 | loss 6.1300 (rank 6.126 ctr 0.000) | q_nnz 16.9 (teacher 21.8) | flops 18.7 | lr 1.96e-04 | 12s
[shallow/full] step  11600 | loss 6.2029 (rank 6.199 ctr 0.000) | q_nnz 18.2 (teacher 25.3) | flops 20.2 | lr 1.96e-04 | 5s
[shallow/full] step  11800 | loss 5.1327 (rank 5.129 ctr 0.000) | q_nnz 15.2 (teacher 23.6) | flops 16.1 | lr 1.96e-04 | 5s
[shallow/full] step  12000 | loss 5.5601 (rank 5.557 ctr 0.000) | q_nnz 15.8 (teacher 23.5) | flops 17.4 | lr 1.96e-04 | 12s
[shallow/full] step  12200 | loss 5.8532 (rank 5.850 ctr 0.000) | q_nnz 16.3 (teacher 26.1) | flops 16.9 | lr 1.96e-04 | 5s
[shallow/full] step  12400 | loss 6.1895 (rank 6.185 ctr 0.000) | q_nnz 20.2 (teacher 22.0) | flops 20.6 | lr 1.96e-04 | 5s
[shallow/full] step  12600 | loss 5.2877 (rank 5.284 ctr 0.000) | q_nnz 17.8 (teacher 26.2) | flops 17.4 | lr 1.96e-04 | 12s
[shallow/full] step  12800 | loss 5.6623 (rank 5.659 ctr 0.000) | q_nnz 15.8 (teacher 24.0) | flops 17.0 | lr 1.95e-04 | 5s
[shallow/full] step  13000 | loss 5.3444 (rank 5.341 ctr 0.000) | q_nnz 16.2 (teacher 24.2) | flops 16.1 | lr 1.95e-04 | 5s
[shallow/full] step  13200 | loss 5.4194 (rank 5.416 ctr 0.000) | q_nnz 16.2 (teacher 27.4) | flops 16.7 | lr 1.95e-04 | 12s
[shallow/full] step  13400 | loss 5.2183 (rank 5.215 ctr 0.000) | q_nnz 14.9 (teacher 23.1) | flops 16.4 | lr 1.95e-04 | 5s
[shallow/full] step  13600 | loss 5.3396 (rank 5.336 ctr 0.000) | q_nnz 17.0 (teacher 22.4) | flops 19.4 | lr 1.95e-04 | 5s
[shallow/full] step  13800 | loss 6.3735 (rank 6.370 ctr 0.000) | q_nnz 17.9 (teacher 25.8) | flops 18.2 | lr 1.94e-04 | 13s
[shallow/full] step  14000 | loss 6.2735 (rank 6.269 ctr 0.000) | q_nnz 20.4 (teacher 26.2) | flops 20.3 | lr 1.94e-04 | 5s
[shallow/full] step  14200 | loss 5.0739 (rank 5.070 ctr 0.000) | q_nnz 16.6 (teacher 22.2) | flops 18.3 | lr 1.94e-04 | 5s
[shallow/full] step  14400 | loss 5.6241 (rank 5.621 ctr 0.000) | q_nnz 16.7 (teacher 24.1) | flops 17.6 | lr 1.94e-04 | 12s
[shallow/full] step  14600 | loss 6.1786 (rank 6.175 ctr 0.000) | q_nnz 18.4 (teacher 21.8) | flops 20.2 | lr 1.94e-04 | 5s
[shallow/full] step  14800 | loss 6.3066 (rank 6.303 ctr 0.000) | q_nnz 21.5 (teacher 27.1) | flops 19.8 | lr 1.93e-04 | 5s
[shallow/full] step  15000 | loss 6.8535 (rank 6.850 ctr 0.000) | q_nnz 18.8 (teacher 24.1) | flops 18.7 | lr 1.93e-04 | 12s
[shallow/full] step  15200 | loss 6.8954 (rank 6.891 ctr 0.000) | q_nnz 20.6 (teacher 27.8) | flops 21.2 | lr 1.93e-04 | 5s
[shallow/full] step  15400 | loss 5.0005 (rank 4.997 ctr 0.000) | q_nnz 15.6 (teacher 21.3) | flops 17.7 | lr 1.93e-04 | 5s
[shallow/full] step  15600 | loss 5.8168 (rank 5.813 ctr 0.000) | q_nnz 16.4 (teacher 25.1) | flops 17.0 | lr 1.92e-04 | 13s
[shallow/full] step  15800 | loss 5.1645 (rank 5.161 ctr 0.000) | q_nnz 15.9 (teacher 22.2) | flops 17.1 | lr 1.92e-04 | 5s
[shallow/full] step  16000 | loss 5.4013 (rank 5.398 ctr 0.000) | q_nnz 13.9 (teacher 25.5) | flops 14.5 | lr 1.92e-04 | 5s
[shallow/full] step  16200 | loss 4.1842 (rank 4.181 ctr 0.000) | q_nnz 15.4 (teacher 21.8) | flops 17.5 | lr 1.92e-04 | 5s
[shallow/full] step  16400 | loss 5.2641 (rank 5.261 ctr 0.000) | q_nnz 18.8 (teacher 25.4) | flops 17.4 | lr 1.91e-04 | 12s
[shallow/full] step  16600 | loss 3.7712 (rank 3.768 ctr 0.000) | q_nnz 14.2 (teacher 20.8) | flops 15.1 | lr 1.91e-04 | 5s
[shallow/full] step  16800 | loss 5.5690 (rank 5.565 ctr 0.000) | q_nnz 17.3 (teacher 25.5) | flops 17.8 | lr 1.91e-04 | 5s
[shallow/full] step  17000 | loss 5.3433 (rank 5.340 ctr 0.000) | q_nnz 17.9 (teacher 25.8) | flops 18.2 | lr 1.91e-04 | 12s
[shallow/full] step  17200 | loss 5.6724 (rank 5.669 ctr 0.000) | q_nnz 15.8 (teacher 21.0) | flops 17.3 | lr 1.90e-04 | 5s
[shallow/full] step  17400 | loss 5.6297 (rank 5.626 ctr 0.000) | q_nnz 17.2 (teacher 27.2) | flops 18.0 | lr 1.90e-04 | 5s
[shallow/full] step  17600 | loss 5.3528 (rank 5.349 ctr 0.000) | q_nnz 16.6 (teacher 23.4) | flops 18.1 | lr 1.90e-04 | 12s
[shallow/full] step  17800 | loss 4.8003 (rank 4.797 ctr 0.000) | q_nnz 16.4 (teacher 24.2) | flops 17.8 | lr 1.90e-04 | 5s
[shallow/full] step  18000 | loss 5.2880 (rank 5.284 ctr 0.000) | q_nnz 17.4 (teacher 25.1) | flops 19.0 | lr 1.89e-04 | 5s
[shallow/full] step  18200 | loss 4.5330 (rank 4.530 ctr 0.000) | q_nnz 16.1 (teacher 22.1) | flops 16.7 | lr 1.89e-04 | 11s
[shallow/full] step  18400 | loss 5.1561 (rank 5.153 ctr 0.000) | q_nnz 15.1 (teacher 25.8) | flops 15.6 | lr 1.89e-04 | 5s
[shallow/full] step  18600 | loss 5.9179 (rank 5.914 ctr 0.000) | q_nnz 17.8 (teacher 26.7) | flops 18.7 | lr 1.88e-04 | 5s
[shallow/full] step  18800 | loss 4.9118 (rank 4.908 ctr 0.000) | q_nnz 16.1 (teacher 23.4) | flops 17.2 | lr 1.88e-04 | 12s
[shallow/full] step  19000 | loss 4.9962 (rank 4.993 ctr 0.000) | q_nnz 16.4 (teacher 26.4) | flops 17.8 | lr 1.88e-04 | 5s
[shallow/full] step  19200 | loss 5.0470 (rank 5.044 ctr 0.000) | q_nnz 14.1 (teacher 21.9) | flops 14.9 | lr 1.87e-04 | 5s
[shallow/full] step  19400 | loss 4.7623 (rank 4.759 ctr 0.000) | q_nnz 16.1 (teacher 23.9) | flops 16.8 | lr 1.87e-04 | 13s
[shallow/full] step  19600 | loss 5.0235 (rank 5.020 ctr 0.000) | q_nnz 18.1 (teacher 23.0) | flops 18.8 | lr 1.87e-04 | 5s
[shallow/full] step  19800 | loss 5.4370 (rank 5.434 ctr 0.000) | q_nnz 17.5 (teacher 25.2) | flops 17.4 | lr 1.87e-04 | 5s
[shallow/full] step  20000 | loss 5.0031 (rank 5.000 ctr 0.000) | q_nnz 15.5 (teacher 22.8) | flops 17.3 | lr 1.86e-04 | 11s
  Saved → checkpoints_splade-v3/splade_shallow_first3_loss_mse/align_step_20000.pt
[shallow] Eval at step 20000 …
  [NanoMSMARCO] loading …
  [NanoMSMARCO] encoding 5043 docs (doc_splade) …
  [NanoMSMARCO] encoding 50 queries (query_model, dense) …
  [NanoMSMARCO] NDCG@10  query_doc (dense)  : 0.6906
  [NanoNFCorpus] loading …
  [NanoNFCorpus] encoding 2953 docs (doc_splade) …
  [NanoNFCorpus] encoding 50 queries (query_model, dense) …
  [NanoNFCorpus] NDCG@10  query_doc (dense)  : 0.3238
  New best NanoMSMARCO query_doc NDCG@10=0.6906 → checkpoints_splade-v3/splade_shallow_first3_loss_mse/best_NanoMSMARCO.pt
[shallow/full] step  20200 | loss 4.4812 (rank 4.478 ctr 0.000) | q_nnz 16.9 (teacher 23.1) | flops 17.4 | lr 1.86e-04 | 59s
[shallow/full] step  20400 | loss 4.8249 (rank 4.822 ctr 0.000) | q_nnz 16.1 (teacher 23.6) | flops 17.0 | lr 1.86e-04 | 5s
[shallow/full] step  20600 | loss 5.3081 (rank 5.305 ctr 0.000) | q_nnz 17.8 (teacher 24.4) | flops 17.7 | lr 1.85e-04 | 13s
[shallow/full] step  20800 | loss 6.1853 (rank 6.181 ctr 0.000) | q_nnz 18.9 (teacher 27.0) | flops 19.4 | lr 1.85e-04 | 5s
[shallow/full] step  21000 | loss 5.7138 (rank 5.710 ctr 0.000) | q_nnz 17.1 (teacher 26.4) | flops 16.7 | lr 1.84e-04 | 5s
[shallow/full] step  21200 | loss 5.1235 (rank 5.120 ctr 0.000) | q_nnz 16.3 (teacher 20.9) | flops 16.8 | lr 1.84e-04 | 12s
[shallow/full] step  21400 | loss 4.7483 (rank 4.745 ctr 0.000) | q_nnz 15.2 (teacher 24.6) | flops 16.3 | lr 1.84e-04 | 5s
[shallow/full] step  21600 | loss 4.2185 (rank 4.215 ctr 0.000) | q_nnz 14.5 (teacher 20.7) | flops 18.1 | lr 1.83e-04 | 5s
[shallow/full] step  21800 | loss 4.3631 (rank 4.360 ctr 0.000) | q_nnz 16.2 (teacher 25.2) | flops 16.7 | lr 1.83e-04 | 5s
[shallow/full] step  22000 | loss 5.0871 (rank 5.084 ctr 0.000) | q_nnz 17.3 (teacher 23.6) | flops 17.2 | lr 1.83e-04 | 12s
[shallow/full] step  22200 | loss 6.2228 (rank 6.219 ctr 0.000) | q_nnz 18.8 (teacher 26.1) | flops 19.1 | lr 1.82e-04 | 5s
[shallow/full] step  22400 | loss 4.7178 (rank 4.714 ctr 0.000) | q_nnz 16.4 (teacher 23.4) | flops 16.4 | lr 1.82e-04 | 5s
[shallow/full] step  22600 | loss 6.6389 (rank 6.635 ctr 0.000) | q_nnz 20.0 (teacher 23.6) | flops 21.5 | lr 1.82e-04 | 12s
[shallow/full] step  22800 | loss 5.3476 (rank 5.344 ctr 0.000) | q_nnz 16.7 (teacher 22.7) | flops 16.6 | lr 1.81e-04 | 5s
[shallow/full] step  23000 | loss 4.8760 (rank 4.873 ctr 0.000) | q_nnz 15.4 (teacher 22.6) | flops 16.6 | lr 1.81e-04 | 5s
[shallow/full] step  23200 | loss 6.8190 (rank 6.815 ctr 0.000) | q_nnz 17.3 (teacher 24.3) | flops 19.1 | lr 1.80e-04 | 12s
[shallow/full] step  23400 | loss 5.5552 (rank 5.552 ctr 0.000) | q_nnz 15.1 (teacher 23.9) | flops 17.0 | lr 1.80e-04 | 5s
[shallow/full] step  23600 | loss 4.1771 (rank 4.174 ctr 0.000) | q_nnz 15.5 (teacher 23.4) | flops 17.3 | lr 1.80e-04 | 5s
[shallow/full] step  23800 | loss 5.2407 (rank 5.237 ctr 0.000) | q_nnz 18.9 (teacher 24.4) | flops 20.1 | lr 1.79e-04 | 12s
[shallow/full] step  24000 | loss 4.7109 (rank 4.707 ctr 0.000) | q_nnz 16.5 (teacher 21.5) | flops 17.6 | lr 1.79e-04 | 5s
[shallow/full] step  24200 | loss 4.5341 (rank 4.531 ctr 0.000) | q_nnz 16.2 (teacher 24.2) | flops 17.3 | lr 1.78e-04 | 5s
[shallow/full] step  24400 | loss 5.0318 (rank 5.029 ctr 0.000) | q_nnz 13.8 (teacher 24.6) | flops 14.9 | lr 1.78e-04 | 12s
[shallow/full] step  24600 | loss 5.5656 (rank 5.562 ctr 0.000) | q_nnz 17.2 (teacher 27.8) | flops 16.8 | lr 1.78e-04 | 5s
[shallow/full] step  24800 | loss 5.1256 (rank 5.122 ctr 0.000) | q_nnz 18.1 (teacher 27.8) | flops 17.8 | lr 1.77e-04 | 5s
[shallow/full] step  25000 | loss 5.4206 (rank 5.417 ctr 0.000) | q_nnz 17.6 (teacher 26.2) | flops 17.5 | lr 1.77e-04 | 15s
[shallow/full] step  25200 | loss 5.8322 (rank 5.829 ctr 0.000) | q_nnz 15.5 (teacher 22.1) | flops 17.3 | lr 1.76e-04 | 5s
[shallow/full] step  25400 | loss 5.2285 (rank 5.225 ctr 0.000) | q_nnz 16.9 (teacher 22.4) | flops 17.8 | lr 1.76e-04 | 5s
[shallow/full] step  25600 | loss 5.1880 (rank 5.185 ctr 0.000) | q_nnz 16.7 (teacher 22.9) | flops 17.0 | lr 1.75e-04 | 12s
[shallow/full] step  25800 | loss 5.4622 (rank 5.459 ctr 0.000) | q_nnz 17.2 (teacher 26.4) | flops 16.2 | lr 1.75e-04 | 5s
[shallow/full] step  26000 | loss 5.3339 (rank 5.330 ctr 0.000) | q_nnz 19.9 (teacher 26.9) | flops 18.9 | lr 1.75e-04 | 5s
[shallow/full] step  26200 | loss 5.0300 (rank 5.026 ctr 0.000) | q_nnz 18.6 (teacher 25.2) | flops 18.2 | lr 1.74e-04 | 5s
[shallow/full] step  26400 | loss 4.6803 (rank 4.677 ctr 0.000) | q_nnz 16.9 (teacher 24.1) | flops 17.8 | lr 1.74e-04 | 13s
[shallow/full] step  26600 | loss 4.3650 (rank 4.362 ctr 0.000) | q_nnz 16.1 (teacher 23.9) | flops 16.9 | lr 1.73e-04 | 5s
[shallow/full] step  26800 | loss 4.9078 (rank 4.904 ctr 0.000) | q_nnz 16.4 (teacher 22.4) | flops 16.9 | lr 1.73e-04 | 5s
[shallow/full] step  27000 | loss 4.6421 (rank 4.639 ctr 0.000) | q_nnz 15.9 (teacher 21.2) | flops 17.1 | lr 1.72e-04 | 12s
[shallow/full] step  27200 | loss 5.0049 (rank 5.001 ctr 0.000) | q_nnz 15.9 (teacher 26.6) | flops 17.2 | lr 1.72e-04 | 5s
[shallow/full] step  27400 | loss 6.0884 (rank 6.084 ctr 0.000) | q_nnz 19.2 (teacher 24.1) | flops 20.4 | lr 1.71e-04 | 5s
[shallow/full] step  27600 | loss 4.4251 (rank 4.422 ctr 0.000) | q_nnz 16.2 (teacher 22.4) | flops 17.2 | lr 1.71e-04 | 13s
[shallow/full] step  27800 | loss 4.8130 (rank 4.809 ctr 0.000) | q_nnz 16.2 (teacher 22.9) | flops 17.6 | lr 1.70e-04 | 5s
[shallow/full] step  28000 | loss 4.3627 (rank 4.359 ctr 0.000) | q_nnz 15.8 (teacher 24.8) | flops 16.9 | lr 1.70e-04 | 5s
[shallow/full] step  28200 | loss 4.6909 (rank 4.687 ctr 0.000) | q_nnz 16.3 (teacher 22.9) | flops 18.1 | lr 1.70e-04 | 12s
[shallow/full] step  28400 | loss 4.6495 (rank 4.646 ctr 0.000) | q_nnz 15.6 (teacher 23.9) | flops 17.0 | lr 1.69e-04 | 5s
[shallow/full] step  28600 | loss 5.6259 (rank 5.622 ctr 0.000) | q_nnz 17.9 (teacher 22.9) | flops 17.5 | lr 1.69e-04 | 5s
[shallow/full] step  28800 | loss 5.4448 (rank 5.441 ctr 0.000) | q_nnz 18.3 (teacher 25.8) | flops 18.8 | lr 1.68e-04 | 13s
[shallow/full] step  29000 | loss 4.1271 (rank 4.124 ctr 0.000) | q_nnz 16.3 (teacher 22.8) | flops 17.7 | lr 1.68e-04 | 5s
[shallow/full] step  29200 | loss 4.8515 (rank 4.848 ctr 0.000) | q_nnz 16.9 (teacher 25.1) | flops 17.6 | lr 1.67e-04 | 5s
[shallow/full] step  29400 | loss 5.1619 (rank 5.158 ctr 0.000) | q_nnz 17.0 (teacher 23.7) | flops 17.8 | lr 1.67e-04 | 11s
[shallow/full] step  29600 | loss 4.8015 (rank 4.798 ctr 0.000) | q_nnz 16.8 (teacher 23.8) | flops 18.4 | lr 1.66e-04 | 5s
[shallow/full] step  29800 | loss 4.4856 (rank 4.482 ctr 0.000) | q_nnz 15.9 (teacher 22.1) | flops 16.5 | lr 1.66e-04 | 5s
[shallow/full] step  30000 | loss 5.1549 (rank 5.151 ctr 0.000) | q_nnz 16.8 (teacher 25.9) | flops 18.0 | lr 1.65e-04 | 12s
  Saved → checkpoints_splade-v3/splade_shallow_first3_loss_mse/align_step_30000.pt
[shallow] Eval at step 30000 …
  [NanoMSMARCO] loading …
  [NanoMSMARCO] encoding 5043 docs (doc_splade) …
  [NanoMSMARCO] encoding 50 queries (query_model, dense) …
  [NanoMSMARCO] NDCG@10  query_doc (dense)  : 0.7079
  [NanoNFCorpus] loading …
  [NanoNFCorpus] encoding 2953 docs (doc_splade) …
  [NanoNFCorpus] encoding 50 queries (query_model, dense) …
  [NanoNFCorpus] NDCG@10  query_doc (dense)  : 0.3232
  New best NanoMSMARCO query_doc NDCG@10=0.7079 → checkpoints_splade-v3/splade_shallow_first3_loss_mse/best_NanoMSMARCO.pt
[shallow/full] step  30200 | loss 4.2151 (rank 4.212 ctr 0.000) | q_nnz 15.6 (teacher 21.2) | flops 15.9 | lr 1.65e-04 | 58s
[shallow/full] step  30400 | loss 4.3851 (rank 4.382 ctr 0.000) | q_nnz 17.6 (teacher 24.6) | flops 17.6 | lr 1.64e-04 | 5s
[shallow/full] step  30600 | loss 5.3742 (rank 5.371 ctr 0.000) | q_nnz 17.8 (teacher 25.4) | flops 17.7 | lr 1.64e-04 | 12s
[shallow/full] step  30800 | loss 4.5547 (rank 4.551 ctr 0.000) | q_nnz 16.8 (teacher 23.5) | flops 16.9 | lr 1.63e-04 | 5s
[shallow/full] step  31000 | loss 4.1300 (rank 4.127 ctr 0.000) | q_nnz 16.9 (teacher 23.1) | flops 16.9 | lr 1.63e-04 | 5s
[shallow/full] step  31200 | loss 4.1981 (rank 4.195 ctr 0.000) | q_nnz 16.2 (teacher 23.6) | flops 17.5 | lr 1.62e-04 | 5s
[shallow/full] step  31400 | loss 4.9946 (rank 4.991 ctr 0.000) | q_nnz 17.4 (teacher 24.4) | flops 18.0 | lr 1.61e-04 | 14s
[shallow/full] step  31600 | loss 5.0303 (rank 5.027 ctr 0.000) | q_nnz 18.4 (teacher 26.4) | flops 18.5 | lr 1.61e-04 | 5s
[shallow/full] step  31800 | loss 4.5438 (rank 4.540 ctr 0.000) | q_nnz 16.2 (teacher 24.8) | flops 17.0 | lr 1.60e-04 | 5s
[shallow/full] step  32000 | loss 4.6243 (rank 4.621 ctr 0.000) | q_nnz 17.3 (teacher 24.2) | flops 17.9 | lr 1.60e-04 | 12s
[shallow/full] step  32200 | loss 4.5871 (rank 4.583 ctr 0.000) | q_nnz 17.8 (teacher 23.2) | flops 18.8 | lr 1.59e-04 | 5s
[shallow/full] step  32400 | loss 4.3179 (rank 4.315 ctr 0.000) | q_nnz 16.6 (teacher 23.3) | flops 17.0 | lr 1.59e-04 | 5s
[shallow/full] step  32600 | loss 4.3736 (rank 4.371 ctr 0.000) | q_nnz 14.9 (teacher 22.1) | flops 15.0 | lr 1.58e-04 | 13s
[shallow/full] step  32800 | loss 4.8760 (rank 4.873 ctr 0.000) | q_nnz 14.4 (teacher 22.2) | flops 15.0 | lr 1.58e-04 | 5s
[shallow/full] step  33000 | loss 4.3439 (rank 4.341 ctr 0.000) | q_nnz 15.1 (teacher 20.8) | flops 15.7 | lr 1.57e-04 | 5s
[shallow/full] step  33200 | loss 3.7439 (rank 3.741 ctr 0.000) | q_nnz 16.4 (teacher 23.4) | flops 15.9 | lr 1.57e-04 | 13s
[shallow/full] step  33400 | loss 4.7623 (rank 4.759 ctr 0.000) | q_nnz 17.2 (teacher 23.7) | flops 17.1 | lr 1.56e-04 | 5s
[shallow/full] step  33600 | loss 4.9609 (rank 4.957 ctr 0.000) | q_nnz 18.2 (teacher 23.2) | flops 17.4 | lr 1.56e-04 | 5s
[shallow/full] step  33800 | loss 4.5580 (rank 4.554 ctr 0.000) | q_nnz 17.0 (teacher 24.3) | flops 18.7 | lr 1.55e-04 | 12s
[shallow/full] step  34000 | loss 4.0024 (rank 3.999 ctr 0.000) | q_nnz 16.8 (teacher 20.9) | flops 17.7 | lr 1.54e-04 | 5s
[shallow/full] step  34200 | loss 4.0670 (rank 4.064 ctr 0.000) | q_nnz 15.7 (teacher 22.4) | flops 17.3 | lr 1.54e-04 | 5s
[shallow/full] step  34400 | loss 4.2881 (rank 4.285 ctr 0.000) | q_nnz 15.8 (teacher 20.8) | flops 16.2 | lr 1.53e-04 | 13s
[shallow/full] step  34600 | loss 4.9903 (rank 4.987 ctr 0.000) | q_nnz 18.3 (teacher 24.7) | flops 18.9 | lr 1.53e-04 | 5s
[shallow/full] step  34800 | loss 4.4596 (rank 4.457 ctr 0.000) | q_nnz 14.1 (teacher 26.1) | flops 15.1 | lr 1.52e-04 | 5s
[shallow/full] step  35000 | loss 4.0263 (rank 4.023 ctr 0.000) | q_nnz 16.4 (teacher 22.4) | flops 17.5 | lr 1.52e-04 | 12s
[shallow/full] step  35200 | loss 4.6579 (rank 4.654 ctr 0.000) | q_nnz 17.1 (teacher 23.2) | flops 17.5 | lr 1.51e-04 | 5s
[shallow/full] step  35400 | loss 4.2437 (rank 4.240 ctr 0.000) | q_nnz 15.1 (teacher 21.4) | flops 17.4 | lr 1.50e-04 | 5s
[shallow/full] step  35600 | loss 5.7577 (rank 5.754 ctr 0.000) | q_nnz 16.9 (teacher 26.8) | flops 16.9 | lr 1.50e-04 | 13s
[shallow/full] step  35800 | loss 5.3829 (rank 5.379 ctr 0.000) | q_nnz 17.5 (teacher 23.9) | flops 17.7 | lr 1.49e-04 | 5s
[shallow/full] step  36000 | loss 4.8008 (rank 4.798 ctr 0.000) | q_nnz 15.8 (teacher 21.2) | flops 16.4 | lr 1.49e-04 | 5s
[shallow/full] step  36200 | loss 4.8597 (rank 4.856 ctr 0.000) | q_nnz 17.6 (teacher 23.5) | flops 18.4 | lr 1.48e-04 | 13s
[shallow/full] step  36400 | loss 4.4034 (rank 4.400 ctr 0.000) | q_nnz 15.9 (teacher 26.2) | flops 16.9 | lr 1.48e-04 | 5s
[shallow/full] step  36600 | loss 3.7768 (rank 3.773 ctr 0.000) | q_nnz 17.8 (teacher 25.4) | flops 18.3 | lr 1.47e-04 | 5s
[shallow/full] step  36800 | loss 5.2057 (rank 5.202 ctr 0.000) | q_nnz 16.9 (teacher 25.4) | flops 16.9 | lr 1.46e-04 | 5s
[shallow/full] step  37000 | loss 4.1849 (rank 4.181 ctr 0.000) | q_nnz 17.6 (teacher 24.6) | flops 17.5 | lr 1.46e-04 | 13s
[shallow/full] step  37200 | loss 5.3449 (rank 5.341 ctr 0.000) | q_nnz 17.4 (teacher 25.9) | flops 19.1 | lr 1.45e-04 | 5s
[shallow/full] step  37400 | loss 5.3527 (rank 5.349 ctr 0.000) | q_nnz 17.2 (teacher 24.5) | flops 18.7 | lr 1.45e-04 | 5s
[shallow/full] step  37600 | loss 4.6148 (rank 4.611 ctr 0.000) | q_nnz 15.4 (teacher 22.9) | flops 16.7 | lr 1.44e-04 | 12s
[shallow/full] step  37800 | loss 3.3594 (rank 3.356 ctr 0.000) | q_nnz 15.0 (teacher 23.8) | flops 15.3 | lr 1.43e-04 | 5s
[shallow/full] step  38000 | loss 5.1437 (rank 5.140 ctr 0.000) | q_nnz 18.7 (teacher 27.6) | flops 18.3 | lr 1.43e-04 | 5s
[shallow/full] step  38200 | loss 3.9227 (rank 3.919 ctr 0.000) | q_nnz 15.5 (teacher 22.5) | flops 16.2 | lr 1.42e-04 | 11s
[shallow/full] step  38400 | loss 3.6368 (rank 3.634 ctr 0.000) | q_nnz 15.8 (teacher 20.6) | flops 16.5 | lr 1.42e-04 | 5s
[shallow/full] step  38600 | loss 3.9969 (rank 3.994 ctr 0.000) | q_nnz 16.2 (teacher 24.3) | flops 16.8 | lr 1.41e-04 | 5s
[shallow/full] step  38800 | loss 4.9696 (rank 4.966 ctr 0.000) | q_nnz 18.9 (teacher 25.6) | flops 18.7 | lr 1.40e-04 | 13s
[shallow/full] step  39000 | loss 4.7846 (rank 4.781 ctr 0.000) | q_nnz 17.0 (teacher 22.9) | flops 17.9 | lr 1.40e-04 | 5s
[shallow/full] step  39200 | loss 4.2823 (rank 4.279 ctr 0.000) | q_nnz 17.3 (teacher 22.9) | flops 18.0 | lr 1.39e-04 | 5s
[shallow/full] step  39400 | loss 4.0460 (rank 4.043 ctr 0.000) | q_nnz 14.4 (teacher 23.4) | flops 15.5 | lr 1.39e-04 | 13s
[shallow/full] step  39600 | loss 3.9991 (rank 3.996 ctr 0.000) | q_nnz 14.9 (teacher 23.3) | flops 15.4 | lr 1.38e-04 | 5s
[shallow/full] step  39800 | loss 4.9256 (rank 4.922 ctr 0.000) | q_nnz 16.1 (teacher 23.1) | flops 17.4 | lr 1.37e-04 | 5s
[shallow/full] step  40000 | loss 5.5675 (rank 5.564 ctr 0.000) | q_nnz 17.1 (teacher 22.8) | flops 18.9 | lr 1.37e-04 | 14s
  Saved → checkpoints_splade-v3/splade_shallow_first3_loss_mse/align_step_40000.pt
[shallow] Eval at step 40000 …
  [NanoMSMARCO] loading …
  [NanoMSMARCO] encoding 5043 docs (doc_splade) …
  [NanoMSMARCO] encoding 50 queries (query_model, dense) …
  [NanoMSMARCO] NDCG@10  query_doc (dense)  : 0.6907
  [NanoNFCorpus] loading …
  [NanoNFCorpus] encoding 2953 docs (doc_splade) …
  [NanoNFCorpus] encoding 50 queries (query_model, dense) …
  [NanoNFCorpus] NDCG@10  query_doc (dense)  : 0.3192
[shallow/full] step  40200 | loss 6.4204 (rank 6.416 ctr 0.000) | q_nnz 21.2 (teacher 27.2) | flops 20.6 | lr 1.36e-04 | 60s
[shallow/full] step  40400 | loss 4.2971 (rank 4.294 ctr 0.000) | q_nnz 17.6 (teacher 24.1) | flops 17.5 | lr 1.35e-04 | 5s
[shallow/full] step  40600 | loss 4.7179 (rank 4.714 ctr 0.000) | q_nnz 18.0 (teacher 25.1) | flops 18.8 | lr 1.35e-04 | 13s
[shallow/full] step  40800 | loss 3.5545 (rank 3.551 ctr 0.000) | q_nnz 16.6 (teacher 21.1) | flops 17.2 | lr 1.34e-04 | 5s
[shallow/full] step  41000 | loss 3.9984 (rank 3.995 ctr 0.000) | q_nnz 16.6 (teacher 22.6) | flops 16.8 | lr 1.34e-04 | 5s
[shallow/full] step  41200 | loss 4.5642 (rank 4.560 ctr 0.000) | q_nnz 17.3 (teacher 24.8) | flops 18.5 | lr 1.33e-04 | 13s
[shallow/full] step  41400 | loss 3.7387 (rank 3.735 ctr 0.000) | q_nnz 18.1 (teacher 23.1) | flops 18.5 | lr 1.32e-04 | 5s
[shallow/full] step  41600 | loss 4.1598 (rank 4.156 ctr 0.000) | q_nnz 16.4 (teacher 21.6) | flops 17.3 | lr 1.32e-04 | 5s
[shallow/full] step  41800 | loss 3.7734 (rank 3.770 ctr 0.000) | q_nnz 14.8 (teacher 21.1) | flops 15.7 | lr 1.31e-04 | 5s
[shallow/full] step  42000 | loss 3.2566 (rank 3.253 ctr 0.000) | q_nnz 15.8 (teacher 21.6) | flops 16.8 | lr 1.30e-04 | 12s
[shallow/full] step  42200 | loss 5.1838 (rank 5.180 ctr 0.000) | q_nnz 15.8 (teacher 24.5) | flops 16.7 | lr 1.30e-04 | 5s
[shallow/full] step  42400 | loss 4.2991 (rank 4.296 ctr 0.000) | q_nnz 16.6 (teacher 24.2) | flops 15.7 | lr 1.29e-04 | 5s
[shallow/full] step  42600 | loss 4.3455 (rank 4.342 ctr 0.000) | q_nnz 18.6 (teacher 24.8) | flops 18.3 | lr 1.29e-04 | 12s
[shallow/full] step  42800 | loss 4.3019 (rank 4.298 ctr 0.000) | q_nnz 17.5 (teacher 24.5) | flops 17.8 | lr 1.28e-04 | 5s
[shallow/full] step  43000 | loss 5.0408 (rank 5.037 ctr 0.000) | q_nnz 18.4 (teacher 24.5) | flops 18.3 | lr 1.27e-04 | 5s
[shallow/full] step  43200 | loss 3.9312 (rank 3.928 ctr 0.000) | q_nnz 16.9 (teacher 22.3) | flops 18.0 | lr 1.27e-04 | 12s
[shallow/full] step  43400 | loss 4.2778 (rank 4.275 ctr 0.000) | q_nnz 15.1 (teacher 22.0) | flops 15.9 | lr 1.26e-04 | 5s
[shallow/full] step  43600 | loss 5.6513 (rank 5.648 ctr 0.000) | q_nnz 18.3 (teacher 28.0) | flops 18.9 | lr 1.25e-04 | 5s
[shallow/full] step  43800 | loss 4.4990 (rank 4.496 ctr 0.000) | q_nnz 18.2 (teacher 24.6) | flops 17.0 | lr 1.25e-04 | 12s
[shallow/full] step  44000 | loss 4.9768 (rank 4.973 ctr 0.000) | q_nnz 17.8 (teacher 24.9) | flops 18.5 | lr 1.24e-04 | 5s
[shallow/full] step  44200 | loss 4.0881 (rank 4.085 ctr 0.000) | q_nnz 14.6 (teacher 22.2) | flops 16.8 | lr 1.23e-04 | 5s
[shallow/full] step  44400 | loss 4.4736 (rank 4.470 ctr 0.000) | q_nnz 15.7 (teacher 23.7) | flops 16.5 | lr 1.23e-04 | 14s
[shallow/full] step  44600 | loss 3.2873 (rank 3.284 ctr 0.000) | q_nnz 16.9 (teacher 23.2) | flops 18.2 | lr 1.22e-04 | 5s
[shallow/full] step  44800 | loss 3.4984 (rank 3.495 ctr 0.000) | q_nnz 14.3 (teacher 21.4) | flops 15.5 | lr 1.21e-04 | 5s
[shallow/full] step  45000 | loss 4.1061 (rank 4.103 ctr 0.000) | q_nnz 16.7 (teacher 24.5) | flops 17.5 | lr 1.21e-04 | 11s
[shallow/full] step  45200 | loss 4.7768 (rank 4.773 ctr 0.000) | q_nnz 18.5 (teacher 27.2) | flops 17.7 | lr 1.20e-04 | 5s
[shallow/full] step  45400 | loss 4.3128 (rank 4.310 ctr 0.000) | q_nnz 14.9 (teacher 23.9) | flops 15.4 | lr 1.20e-04 | 5s
[shallow/full] step  45600 | loss 4.7945 (rank 4.791 ctr 0.000) | q_nnz 18.1 (teacher 25.5) | flops 17.8 | lr 1.19e-04 | 13s
[shallow/full] step  45800 | loss 4.1503 (rank 4.147 ctr 0.000) | q_nnz 15.0 (teacher 23.2) | flops 16.0 | lr 1.18e-04 | 5s
[shallow/full] step  46000 | loss 3.8149 (rank 3.812 ctr 0.000) | q_nnz 14.7 (teacher 22.1) | flops 16.8 | lr 1.18e-04 | 5s
[shallow/full] step  46200 | loss 4.9346 (rank 4.931 ctr 0.000) | q_nnz 14.9 (teacher 21.2) | flops 16.8 | lr 1.17e-04 | 12s
[shallow/full] step  46400 | loss 3.3575 (rank 3.354 ctr 0.000) | q_nnz 16.8 (teacher 23.1) | flops 16.1 | lr 1.16e-04 | 5s
[shallow/full] step  46600 | loss 4.8842 (rank 4.881 ctr 0.000) | q_nnz 15.8 (teacher 21.4) | flops 16.2 | lr 1.16e-04 | 5s
[shallow/full] step  46800 | loss 3.3104 (rank 3.307 ctr 0.000) | q_nnz 15.5 (teacher 22.9) | flops 16.5 | lr 1.15e-04 | 13s
[shallow/full] step  47000 | loss 4.4438 (rank 4.440 ctr 0.000) | q_nnz 16.5 (teacher 22.7) | flops 18.3 | lr 1.14e-04 | 5s
[shallow/full] step  47200 | loss 4.2692 (rank 4.266 ctr 0.000) | q_nnz 15.8 (teacher 22.8) | flops 17.0 | lr 1.14e-04 | 5s
[shallow/full] step  47400 | loss 3.8782 (rank 3.875 ctr 0.000) | q_nnz 14.7 (teacher 22.1) | flops 16.4 | lr 1.13e-04 | 5s
[shallow/full] step  47600 | loss 5.0621 (rank 5.058 ctr 0.000) | q_nnz 18.8 (teacher 25.3) | flops 18.3 | lr 1.12e-04 | 11s
[shallow/full] step  47800 | loss 5.0595 (rank 5.056 ctr 0.000) | q_nnz 18.5 (teacher 23.8) | flops 18.4 | lr 1.12e-04 | 5s
[shallow/full] step  48000 | loss 4.3871 (rank 4.383 ctr 0.000) | q_nnz 16.2 (teacher 23.5) | flops 17.8 | lr 1.11e-04 | 5s
[shallow/full] step  48200 | loss 4.6009 (rank 4.598 ctr 0.000) | q_nnz 16.0 (teacher 23.1) | flops 15.1 | lr 1.10e-04 | 13s
[shallow/full] step  48400 | loss 3.5755 (rank 3.572 ctr 0.000) | q_nnz 13.9 (teacher 19.8) | flops 15.5 | lr 1.10e-04 | 5s
[shallow/full] step  48600 | loss 3.8025 (rank 3.799 ctr 0.000) | q_nnz 17.7 (teacher 25.8) | flops 17.5 | lr 1.09e-04 | 5s
[shallow/full] step  48800 | loss 3.9670 (rank 3.963 ctr 0.000) | q_nnz 16.7 (teacher 23.9) | flops 17.8 | lr 1.08e-04 | 12s
[shallow/full] step  49000 | loss 4.1220 (rank 4.119 ctr 0.000) | q_nnz 16.2 (teacher 24.2) | flops 17.0 | lr 1.08e-04 | 5s
[shallow/full] step  49200 | loss 3.9178 (rank 3.914 ctr 0.000) | q_nnz 14.8 (teacher 20.8) | flops 16.4 | lr 1.07e-04 | 5s
[shallow/full] step  49400 | loss 3.7560 (rank 3.753 ctr 0.000) | q_nnz 16.6 (teacher 25.2) | flops 17.4 | lr 1.06e-04 | 12s
[shallow/full] step  49600 | loss 3.9831 (rank 3.980 ctr 0.000) | q_nnz 15.4 (teacher 21.9) | flops 17.6 | lr 1.06e-04 | 5s
[shallow/full] step  49800 | loss 4.4629 (rank 4.459 ctr 0.000) | q_nnz 16.6 (teacher 23.2) | flops 17.5 | lr 1.05e-04 | 5s
[shallow/full] step  50000 | loss 4.1062 (rank 4.103 ctr 0.000) | q_nnz 17.3 (teacher 23.1) | flops 17.6 | lr 1.04e-04 | 18s
  Saved → checkpoints_splade-v3/splade_shallow_first3_loss_mse/align_step_50000.pt
[shallow] Eval at step 50000 …
  [NanoMSMARCO] loading …
  [NanoMSMARCO] encoding 5043 docs (doc_splade) …
  [NanoMSMARCO] encoding 50 queries (query_model, dense) …
  [NanoMSMARCO] NDCG@10  query_doc (dense)  : 0.7037
  [NanoNFCorpus] loading …
  [NanoNFCorpus] encoding 2953 docs (doc_splade) …
  [NanoNFCorpus] encoding 50 queries (query_model, dense) …
  [NanoNFCorpus] NDCG@10  query_doc (dense)  : 0.3341
[shallow] Done. Final checkpoint → checkpoints_splade-v3/splade_shallow_first3_loss_mse/align_final.pt
