Device: cuda
[shallow] doc=naver/splade-v3 | n_layers=3 | freeze_warmup=5000 | alignment=50000 | lr=0.0002 | nway=8 | lambda_q=0.0002 | use_contrastive=False | contrastive_coeff=0.0 | log_ranking_metrics=False | grad_accum=2 | freeze_head_after_warmup=True
[shallow] Loading frozen doc SPLADE: naver/splade-v3 …

Loading weights:   0%|          | 0/204 [00:00<?, ?it/s]
Loading weights: 100%|██████████| 204/204 [00:00<00:00, 51251.15it/s]
[shallow] Building shallow query model from same checkpoint, keeping 3 layers …
[shallow] Using explicit doc-layer indices for query body: [0, 1, 2]

Loading weights:   0%|          | 0/204 [00:00<?, ?it/s]
Loading weights: 100%|██████████| 204/204 [00:00<00:00, 28060.15it/s]
/home/capemox/projects/sae-smo-splade/train.py:2647: FutureWarning: `torch.cuda.amp.GradScaler(args...)` is deprecated. Please use `torch.amp.GradScaler('cuda', args...)` instead.
  scaler = GradScaler(enabled=fp16 and device.type == "cuda")
Exception in thread Thread-auto_conversion:
Traceback (most recent call last):
  File "/home/capemox/.local/share/uv/python/cpython-3.10.16-linux-x86_64-gnu/lib/python3.10/threading.py", line 1016, in _bootstrap_inner
    self.run()
  File "/home/capemox/.local/share/uv/python/cpython-3.10.16-linux-x86_64-gnu/lib/python3.10/threading.py", line 953, in run
    self._target(*self._args, **self._kwargs)
  File "/home/capemox/projects/sae-smo-splade/.venv/lib/python3.10/site-packages/transformers/safetensors_conversion.py", line 117, in auto_conversion
    raise e
  File "/home/capemox/projects/sae-smo-splade/.venv/lib/python3.10/site-packages/transformers/safetensors_conversion.py", line 96, in auto_conversion
    sha = get_conversion_pr_reference(api, pretrained_model_name_or_path, **cached_file_kwargs)
  File "/home/capemox/projects/sae-smo-splade/.venv/lib/python3.10/site-packages/transformers/safetensors_conversion.py", line 77, in get_conversion_pr_reference
    raise OSError(
OSError: Could not create safetensors conversion PR. The repo does not appear to have a file named pytorch_model.bin or model.safetensors.If you are loading with variant, use `use_safetensors=False` to load the original model.
Exception in thread Thread-auto_conversion:
Traceback (most recent call last):
  File "/home/capemox/.local/share/uv/python/cpython-3.10.16-linux-x86_64-gnu/lib/python3.10/threading.py", line 1016, in _bootstrap_inner
    self.run()
  File "/home/capemox/.local/share/uv/python/cpython-3.10.16-linux-x86_64-gnu/lib/python3.10/threading.py", line 953, in run
    self._target(*self._args, **self._kwargs)
  File "/home/capemox/projects/sae-smo-splade/.venv/lib/python3.10/site-packages/transformers/safetensors_conversion.py", line 117, in auto_conversion
    raise e
  File "/home/capemox/projects/sae-smo-splade/.venv/lib/python3.10/site-packages/transformers/safetensors_conversion.py", line 96, in auto_conversion
    sha = get_conversion_pr_reference(api, pretrained_model_name_or_path, **cached_file_kwargs)
  File "/home/capemox/projects/sae-smo-splade/.venv/lib/python3.10/site-packages/transformers/safetensors_conversion.py", line 77, in get_conversion_pr_reference
    raise OSError(
OSError: Could not create safetensors conversion PR. The repo does not appear to have a file named pytorch_model.bin or model.safetensors.If you are loading with variant, use `use_safetensors=False` to load the original model.
/home/capemox/projects/sae-smo-splade/train.py:2734: FutureWarning: `torch.cuda.amp.autocast(args...)` is deprecated. Please use `torch.amp.autocast('cuda', args...)` instead.
  with autocast(enabled=fp16 and device.type == "cuda"):
/home/capemox/projects/sae-smo-splade/train.py:2774: UserWarning: Detected call of `lr_scheduler.step()` before `optimizer.step()`. In PyTorch 1.1.0 and later, you should call them in the opposite order: `optimizer.step()` before `lr_scheduler.step()`.  Failure to do this will result in PyTorch skipping the first value of the learning rate schedule. See more details at https://pytorch.org/docs/stable/optim.html#how-to-adjust-learning-rate
  scaler.step(optimizer); scaler.update(); scheduler.step()
[shallow] Query model params (after truncation): 45.7M (was 12-layer original); will freeze embeddings + head during warmup.
[shallow] Phase 0 (frozen warmup). Trainable params: 21.3M / 45.7M total.
[shallow] Initial eval — doc_doc ceiling + query_doc baseline …
  [NanoMSMARCO] loading …
  [NanoMSMARCO] encoding 5043 docs (doc_splade) …
  [NanoMSMARCO] encoding 50 queries (doc_doc ceiling) …
  [NanoMSMARCO] NDCG@10  doc_doc (ceiling) : 0.7001
  [NanoMSMARCO] encoding 50 queries (query_model, dense) …
  [NanoMSMARCO] NDCG@10  query_doc (dense)  : 0.0635
  [NanoNFCorpus] loading …
  [NanoNFCorpus] encoding 2953 docs (doc_splade) …
  [NanoNFCorpus] encoding 50 queries (doc_doc ceiling) …
  [NanoNFCorpus] NDCG@10  doc_doc (ceiling) : 0.3448
  [NanoNFCorpus] encoding 50 queries (query_model, dense) …
  [NanoNFCorpus] NDCG@10  query_doc (dense)  : 0.1346
[shallow] Training loop (50000 steps remaining) …
[shallow/warm] step    200 | loss 7.4016 (rank 7.401 ctr 0.000) | q_nnz 67.4 (teacher 25.9) | flops 17.7 | lr 2.00e-04 | 16s
[shallow/warm] step    400 | loss 4.5271 (rank 4.527 ctr 0.000) | q_nnz 46.0 (teacher 23.4) | flops 16.0 | lr 2.00e-04 | 5s
[shallow/warm] step    600 | loss 5.3365 (rank 5.336 ctr 0.000) | q_nnz 57.7 (teacher 23.6) | flops 18.8 | lr 2.00e-04 | 5s
[shallow/warm] step    800 | loss 4.7456 (rank 4.745 ctr 0.000) | q_nnz 28.1 (teacher 24.0) | flops 16.0 | lr 2.00e-04 | 12s
[shallow/warm] step   1000 | loss 5.9767 (rank 5.976 ctr 0.000) | q_nnz 28.1 (teacher 24.6) | flops 19.2 | lr 2.00e-04 | 5s
[shallow/warm] step   1200 | loss 5.3091 (rank 5.308 ctr 0.000) | q_nnz 19.6 (teacher 24.1) | flops 16.8 | lr 2.00e-04 | 5s
[shallow/warm] step   1400 | loss 6.1704 (rank 6.169 ctr 0.000) | q_nnz 23.9 (teacher 22.2) | flops 20.4 | lr 2.00e-04 | 13s
[shallow/warm] step   1600 | loss 7.6069 (rank 7.606 ctr 0.000) | q_nnz 21.4 (teacher 24.2) | flops 19.4 | lr 2.00e-04 | 5s
[shallow/warm] step   1800 | loss 5.7024 (rank 5.701 ctr 0.000) | q_nnz 21.4 (teacher 25.2) | flops 19.2 | lr 2.00e-04 | 5s
[shallow/warm] step   2000 | loss 7.3765 (rank 7.375 ctr 0.000) | q_nnz 24.9 (teacher 25.1) | flops 21.8 | lr 2.00e-04 | 12s
[shallow/warm] step   2200 | loss 5.4871 (rank 5.486 ctr 0.000) | q_nnz 16.6 (teacher 22.3) | flops 18.3 | lr 2.00e-04 | 5s
[shallow/warm] step   2400 | loss 7.2700 (rank 7.268 ctr 0.000) | q_nnz 20.9 (teacher 23.5) | flops 21.6 | lr 2.00e-04 | 5s
[shallow/warm] step   2600 | loss 6.8096 (rank 6.807 ctr 0.000) | q_nnz 22.2 (teacher 23.0) | flops 20.4 | lr 2.00e-04 | 13s
[shallow/warm] step   2800 | loss 7.5725 (rank 7.570 ctr 0.000) | q_nnz 21.3 (teacher 24.8) | flops 21.2 | lr 2.00e-04 | 5s
[shallow/warm] step   3000 | loss 6.0693 (rank 6.067 ctr 0.000) | q_nnz 19.1 (teacher 22.4) | flops 18.6 | lr 2.00e-04 | 5s
[shallow/warm] step   3200 | loss 5.3939 (rank 5.392 ctr 0.000) | q_nnz 15.6 (teacher 22.9) | flops 17.6 | lr 2.00e-04 | 13s
[shallow/warm] step   3400 | loss 5.6079 (rank 5.606 ctr 0.000) | q_nnz 16.2 (teacher 20.4) | flops 17.4 | lr 1.99e-04 | 5s
[shallow/warm] step   3600 | loss 6.1012 (rank 6.099 ctr 0.000) | q_nnz 16.5 (teacher 23.4) | flops 16.8 | lr 1.99e-04 | 5s
[shallow/warm] step   3800 | loss 6.6043 (rank 6.602 ctr 0.000) | q_nnz 16.2 (teacher 23.1) | flops 18.2 | lr 1.99e-04 | 12s
[shallow/warm] step   4000 | loss 6.2188 (rank 6.216 ctr 0.000) | q_nnz 18.4 (teacher 24.8) | flops 18.9 | lr 1.99e-04 | 5s
[shallow/warm] step   4200 | loss 6.1491 (rank 6.146 ctr 0.000) | q_nnz 14.6 (teacher 22.7) | flops 16.6 | lr 1.99e-04 | 5s
[shallow/warm] step   4400 | loss 7.7823 (rank 7.779 ctr 0.000) | q_nnz 15.5 (teacher 24.4) | flops 16.2 | lr 1.99e-04 | 11s
[shallow/warm] step   4600 | loss 4.5597 (rank 4.557 ctr 0.000) | q_nnz 15.4 (teacher 22.8) | flops 16.2 | lr 1.99e-04 | 5s
[shallow/warm] step   4800 | loss 5.8407 (rank 5.837 ctr 0.000) | q_nnz 17.5 (teacher 24.1) | flops 17.9 | lr 1.99e-04 | 5s
[shallow/warm] step   5000 | loss 6.8040 (rank 6.801 ctr 0.000) | q_nnz 17.8 (teacher 25.2) | flops 17.1 | lr 1.99e-04 | 12s
[shallow] Step 5000: switched to Phase 1. body_lr=1.99e-04 head_lr=0.00e+00
[shallow/full] step   5200 | loss 6.2004 (rank 6.196 ctr 0.000) | q_nnz 16.4 (teacher 22.3) | flops 20.0 | lr 1.99e-04 | 5s
[shallow/full] step   5400 | loss 6.6484 (rank 6.644 ctr 0.000) | q_nnz 18.9 (teacher 25.4) | flops 19.8 | lr 1.99e-04 | 5s
[shallow/full] step   5600 | loss 6.0813 (rank 6.078 ctr 0.000) | q_nnz 15.9 (teacher 22.9) | flops 17.5 | lr 1.99e-04 | 5s
[shallow/full] step   5800 | loss 6.0084 (rank 6.005 ctr 0.000) | q_nnz 18.6 (teacher 26.4) | flops 18.3 | lr 1.99e-04 | 13s
[shallow/full] step   6000 | loss 5.9082 (rank 5.904 ctr 0.000) | q_nnz 16.8 (teacher 23.1) | flops 18.7 | lr 1.99e-04 | 5s
[shallow/full] step   6200 | loss 5.8487 (rank 5.845 ctr 0.000) | q_nnz 14.2 (teacher 24.2) | flops 16.8 | lr 1.99e-04 | 5s
[shallow/full] step   6400 | loss 6.5806 (rank 6.577 ctr 0.000) | q_nnz 16.3 (teacher 25.2) | flops 15.9 | lr 1.99e-04 | 12s
[shallow/full] step   6600 | loss 7.2960 (rank 7.292 ctr 0.000) | q_nnz 20.3 (teacher 29.1) | flops 18.0 | lr 1.99e-04 | 5s
[shallow/full] step   6800 | loss 5.6809 (rank 5.678 ctr 0.000) | q_nnz 15.9 (teacher 24.4) | flops 16.5 | lr 1.99e-04 | 5s
[shallow/full] step   7000 | loss 6.4991 (rank 6.495 ctr 0.000) | q_nnz 19.2 (teacher 24.9) | flops 19.5 | lr 1.99e-04 | 13s
[shallow/full] step   7200 | loss 6.2987 (rank 6.295 ctr 0.000) | q_nnz 15.6 (teacher 24.4) | flops 18.1 | lr 1.99e-04 | 5s
[shallow/full] step   7400 | loss 6.9065 (rank 6.902 ctr 0.000) | q_nnz 20.0 (teacher 25.2) | flops 21.1 | lr 1.98e-04 | 5s
[shallow/full] step   7600 | loss 4.7171 (rank 4.714 ctr 0.000) | q_nnz 14.7 (teacher 21.1) | flops 15.4 | lr 1.98e-04 | 13s
[shallow/full] step   7800 | loss 5.5861 (rank 5.582 ctr 0.000) | q_nnz 15.2 (teacher 24.1) | flops 18.3 | lr 1.98e-04 | 5s
[shallow/full] step   8000 | loss 6.1932 (rank 6.190 ctr 0.000) | q_nnz 15.2 (teacher 22.4) | flops 17.1 | lr 1.98e-04 | 5s
[shallow/full] step   8200 | loss 7.7507 (rank 7.747 ctr 0.000) | q_nnz 19.6 (teacher 26.4) | flops 20.4 | lr 1.98e-04 | 13s
[shallow/full] step   8400 | loss 7.2055 (rank 7.201 ctr 0.000) | q_nnz 20.0 (teacher 26.0) | flops 20.2 | lr 1.98e-04 | 5s
[shallow/full] step   8600 | loss 7.1335 (rank 7.130 ctr 0.000) | q_nnz 17.5 (teacher 23.3) | flops 18.1 | lr 1.98e-04 | 5s
[shallow/full] step   8800 | loss 5.6803 (rank 5.677 ctr 0.000) | q_nnz 17.0 (teacher 24.8) | flops 18.9 | lr 1.98e-04 | 12s
[shallow/full] step   9000 | loss 6.4187 (rank 6.415 ctr 0.000) | q_nnz 16.9 (teacher 23.1) | flops 18.6 | lr 1.98e-04 | 5s
[shallow/full] step   9200 | loss 5.8686 (rank 5.865 ctr 0.000) | q_nnz 15.8 (teacher 23.2) | flops 17.3 | lr 1.98e-04 | 5s
[shallow/full] step   9400 | loss 5.3384 (rank 5.335 ctr 0.000) | q_nnz 16.1 (teacher 23.1) | flops 16.9 | lr 1.98e-04 | 12s
[shallow/full] step   9600 | loss 4.9651 (rank 4.962 ctr 0.000) | q_nnz 16.9 (teacher 24.1) | flops 17.4 | lr 1.98e-04 | 5s
[shallow/full] step   9800 | loss 6.3245 (rank 6.321 ctr 0.000) | q_nnz 17.6 (teacher 21.8) | flops 18.1 | lr 1.98e-04 | 5s
[shallow/full] step  10000 | loss 4.8033 (rank 4.800 ctr 0.000) | q_nnz 14.8 (teacher 21.8) | flops 16.3 | lr 1.97e-04 | 13s
  Saved → checkpoints_splade-v3/splade_shallow_first3/align_step_10000.pt
[shallow] Eval at step 10000 …
  [NanoMSMARCO] loading …
  [NanoMSMARCO] encoding 5043 docs (doc_splade) …
  [NanoMSMARCO] encoding 50 queries (query_model, dense) …
  [NanoMSMARCO] NDCG@10  query_doc (dense)  : 0.6809
  [NanoNFCorpus] loading …
  [NanoNFCorpus] encoding 2953 docs (doc_splade) …
  [NanoNFCorpus] encoding 50 queries (query_model, dense) …
  [NanoNFCorpus] NDCG@10  query_doc (dense)  : 0.3215
  New best NanoMSMARCO query_doc NDCG@10=0.6809 → checkpoints_splade-v3/splade_shallow_first3/best_NanoMSMARCO.pt
[shallow/full] step  10200 | loss 6.0189 (rank 6.015 ctr 0.000) | q_nnz 16.3 (teacher 25.1) | flops 17.1 | lr 1.97e-04 | 59s
[shallow/full] step  10400 | loss 5.6240 (rank 5.620 ctr 0.000) | q_nnz 16.8 (teacher 21.6) | flops 18.1 | lr 1.97e-04 | 5s
[shallow/full] step  10600 | loss 5.2455 (rank 5.242 ctr 0.000) | q_nnz 17.6 (teacher 25.9) | flops 17.8 | lr 1.97e-04 | 13s
[shallow/full] step  10800 | loss 6.4488 (rank 6.445 ctr 0.000) | q_nnz 16.4 (teacher 23.8) | flops 17.1 | lr 1.97e-04 | 5s
[shallow/full] step  11000 | loss 5.7478 (rank 5.745 ctr 0.000) | q_nnz 15.9 (teacher 23.8) | flops 16.2 | lr 1.97e-04 | 5s
[shallow/full] step  11200 | loss 4.1199 (rank 4.117 ctr 0.000) | q_nnz 14.2 (teacher 23.8) | flops 16.6 | lr 1.97e-04 | 5s
[shallow/full] step  11400 | loss 5.5170 (rank 5.513 ctr 0.000) | q_nnz 16.3 (teacher 21.4) | flops 17.6 | lr 1.96e-04 | 12s
[shallow/full] step  11600 | loss 5.2883 (rank 5.285 ctr 0.000) | q_nnz 16.4 (teacher 24.4) | flops 16.9 | lr 1.96e-04 | 5s
[shallow/full] step  11800 | loss 5.6602 (rank 5.657 ctr 0.000) | q_nnz 17.9 (teacher 23.2) | flops 17.6 | lr 1.96e-04 | 5s
[shallow/full] step  12000 | loss 5.7951 (rank 5.791 ctr 0.000) | q_nnz 17.6 (teacher 26.7) | flops 19.3 | lr 1.96e-04 | 13s
[shallow/full] step  12200 | loss 4.3108 (rank 4.307 ctr 0.000) | q_nnz 16.4 (teacher 24.7) | flops 17.6 | lr 1.96e-04 | 5s
[shallow/full] step  12400 | loss 4.0019 (rank 3.998 ctr 0.000) | q_nnz 16.6 (teacher 24.2) | flops 17.3 | lr 1.96e-04 | 5s
[shallow/full] step  12600 | loss 4.8558 (rank 4.853 ctr 0.000) | q_nnz 13.5 (teacher 21.5) | flops 14.2 | lr 1.96e-04 | 12s
[shallow/full] step  12800 | loss 4.0892 (rank 4.086 ctr 0.000) | q_nnz 14.2 (teacher 22.6) | flops 16.0 | lr 1.95e-04 | 5s
[shallow/full] step  13000 | loss 5.5438 (rank 5.541 ctr 0.000) | q_nnz 16.2 (teacher 25.3) | flops 15.5 | lr 1.95e-04 | 5s
[shallow/full] step  13200 | loss 5.0565 (rank 5.053 ctr 0.000) | q_nnz 15.8 (teacher 21.7) | flops 19.2 | lr 1.95e-04 | 13s
[shallow/full] step  13400 | loss 6.3978 (rank 6.394 ctr 0.000) | q_nnz 16.0 (teacher 26.1) | flops 17.6 | lr 1.95e-04 | 5s
[shallow/full] step  13600 | loss 4.5457 (rank 4.542 ctr 0.000) | q_nnz 16.1 (teacher 19.8) | flops 17.1 | lr 1.95e-04 | 5s
[shallow/full] step  13800 | loss 6.2564 (rank 6.253 ctr 0.000) | q_nnz 17.1 (teacher 23.4) | flops 17.8 | lr 1.94e-04 | 17s
[shallow/full] step  14000 | loss 4.8536 (rank 4.850 ctr 0.000) | q_nnz 18.2 (teacher 24.6) | flops 19.2 | lr 1.94e-04 | 5s
[shallow/full] step  14200 | loss 5.8559 (rank 5.852 ctr 0.000) | q_nnz 17.6 (teacher 22.3) | flops 18.4 | lr 1.94e-04 | 5s
[shallow/full] step  14400 | loss 4.8616 (rank 4.858 ctr 0.000) | q_nnz 16.1 (teacher 22.2) | flops 17.8 | lr 1.94e-04 | 13s
[shallow/full] step  14600 | loss 5.0947 (rank 5.091 ctr 0.000) | q_nnz 15.6 (teacher 23.1) | flops 17.6 | lr 1.94e-04 | 5s
[shallow/full] step  14800 | loss 4.5748 (rank 4.571 ctr 0.000) | q_nnz 16.6 (teacher 25.0) | flops 16.9 | lr 1.93e-04 | 5s
[shallow/full] step  15000 | loss 5.7439 (rank 5.740 ctr 0.000) | q_nnz 16.5 (teacher 24.6) | flops 17.5 | lr 1.93e-04 | 16s
[shallow/full] step  15200 | loss 5.8889 (rank 5.885 ctr 0.000) | q_nnz 19.6 (teacher 24.1) | flops 20.4 | lr 1.93e-04 | 5s
[shallow/full] step  15400 | loss 4.9642 (rank 4.961 ctr 0.000) | q_nnz 14.6 (teacher 22.1) | flops 16.2 | lr 1.93e-04 | 5s
[shallow/full] step  15600 | loss 5.6793 (rank 5.676 ctr 0.000) | q_nnz 14.1 (teacher 25.8) | flops 15.1 | lr 1.92e-04 | 12s
[shallow/full] step  15800 | loss 5.4062 (rank 5.403 ctr 0.000) | q_nnz 15.9 (teacher 25.3) | flops 16.1 | lr 1.92e-04 | 5s
[shallow/full] step  16000 | loss 5.3977 (rank 5.394 ctr 0.000) | q_nnz 15.8 (teacher 26.3) | flops 16.2 | lr 1.92e-04 | 5s
[shallow/full] step  16200 | loss 5.8762 (rank 5.872 ctr 0.000) | q_nnz 16.6 (teacher 25.1) | flops 18.5 | lr 1.92e-04 | 5s
[shallow/full] step  16400 | loss 5.2778 (rank 5.274 ctr 0.000) | q_nnz 17.2 (teacher 24.9) | flops 18.6 | lr 1.91e-04 | 14s
[shallow/full] step  16600 | loss 5.7242 (rank 5.720 ctr 0.000) | q_nnz 19.2 (teacher 25.8) | flops 19.0 | lr 1.91e-04 | 5s
[shallow/full] step  16800 | loss 5.2631 (rank 5.259 ctr 0.000) | q_nnz 18.4 (teacher 25.3) | flops 18.5 | lr 1.91e-04 | 5s
[shallow/full] step  17000 | loss 5.4402 (rank 5.436 ctr 0.000) | q_nnz 17.6 (teacher 24.1) | flops 19.2 | lr 1.91e-04 | 17s
[shallow/full] step  17200 | loss 3.9021 (rank 3.899 ctr 0.000) | q_nnz 14.7 (teacher 23.7) | flops 15.5 | lr 1.90e-04 | 5s
[shallow/full] step  17400 | loss 4.1260 (rank 4.123 ctr 0.000) | q_nnz 14.2 (teacher 20.8) | flops 16.5 | lr 1.90e-04 | 5s
[shallow/full] step  17600 | loss 4.5559 (rank 4.553 ctr 0.000) | q_nnz 14.5 (teacher 21.3) | flops 16.6 | lr 1.90e-04 | 16s
[shallow/full] step  17800 | loss 6.2204 (rank 6.216 ctr 0.000) | q_nnz 20.7 (teacher 28.3) | flops 19.6 | lr 1.90e-04 | 5s
[shallow/full] step  18000 | loss 4.0626 (rank 4.059 ctr 0.000) | q_nnz 14.4 (teacher 19.2) | flops 16.5 | lr 1.89e-04 | 5s
[shallow/full] step  18200 | loss 5.1309 (rank 5.127 ctr 0.000) | q_nnz 16.9 (teacher 22.3) | flops 17.8 | lr 1.89e-04 | 13s
[shallow/full] step  18400 | loss 5.4489 (rank 5.445 ctr 0.000) | q_nnz 16.9 (teacher 24.4) | flops 17.6 | lr 1.89e-04 | 5s
[shallow/full] step  18600 | loss 4.5685 (rank 4.565 ctr 0.000) | q_nnz 15.3 (teacher 20.8) | flops 16.8 | lr 1.88e-04 | 5s
[shallow/full] step  18800 | loss 5.5457 (rank 5.542 ctr 0.000) | q_nnz 15.1 (teacher 23.5) | flops 16.5 | lr 1.88e-04 | 13s
[shallow/full] step  19000 | loss 5.7821 (rank 5.778 ctr 0.000) | q_nnz 18.6 (teacher 27.1) | flops 18.3 | lr 1.88e-04 | 5s
[shallow/full] step  19200 | loss 5.8745 (rank 5.871 ctr 0.000) | q_nnz 17.6 (teacher 24.8) | flops 17.6 | lr 1.87e-04 | 5s
[shallow/full] step  19400 | loss 5.8268 (rank 5.823 ctr 0.000) | q_nnz 18.8 (teacher 24.4) | flops 18.5 | lr 1.87e-04 | 13s
[shallow/full] step  19600 | loss 4.7875 (rank 4.784 ctr 0.000) | q_nnz 18.9 (teacher 26.9) | flops 17.9 | lr 1.87e-04 | 5s
[shallow/full] step  19800 | loss 4.7619 (rank 4.759 ctr 0.000) | q_nnz 15.8 (teacher 23.4) | flops 16.8 | lr 1.87e-04 | 5s
[shallow/full] step  20000 | loss 4.6223 (rank 4.619 ctr 0.000) | q_nnz 17.8 (teacher 24.2) | flops 17.9 | lr 1.86e-04 | 14s
  Saved → checkpoints_splade-v3/splade_shallow_first3/align_step_20000.pt
[shallow] Eval at step 20000 …
  [NanoMSMARCO] loading …
  [NanoMSMARCO] encoding 5043 docs (doc_splade) …
  [NanoMSMARCO] encoding 50 queries (query_model, dense) …
  [NanoMSMARCO] NDCG@10  query_doc (dense)  : 0.6636
  [NanoNFCorpus] loading …
  [NanoNFCorpus] encoding 2953 docs (doc_splade) …
  [NanoNFCorpus] encoding 50 queries (query_model, dense) …
  [NanoNFCorpus] NDCG@10  query_doc (dense)  : 0.3213
[shallow/full] step  20200 | loss 5.4110 (rank 5.408 ctr 0.000) | q_nnz 15.2 (teacher 25.7) | flops 16.2 | lr 1.86e-04 | 59s
[shallow/full] step  20400 | loss 5.4254 (rank 5.422 ctr 0.000) | q_nnz 18.1 (teacher 23.6) | flops 18.6 | lr 1.86e-04 | 5s
[shallow/full] step  20600 | loss 4.4073 (rank 4.404 ctr 0.000) | q_nnz 15.1 (teacher 21.2) | flops 15.3 | lr 1.85e-04 | 20s
[shallow/full] step  20800 | loss 4.8716 (rank 4.868 ctr 0.000) | q_nnz 17.2 (teacher 23.8) | flops 16.0 | lr 1.85e-04 | 5s
[shallow/full] step  21000 | loss 5.4723 (rank 5.469 ctr 0.000) | q_nnz 17.4 (teacher 23.7) | flops 16.9 | lr 1.84e-04 | 5s
[shallow/full] step  21200 | loss 4.9979 (rank 4.994 ctr 0.000) | q_nnz 18.5 (teacher 23.6) | flops 18.3 | lr 1.84e-04 | 12s
[shallow/full] step  21400 | loss 5.6661 (rank 5.663 ctr 0.000) | q_nnz 16.8 (teacher 24.9) | flops 17.4 | lr 1.84e-04 | 5s
[shallow/full] step  21600 | loss 5.0416 (rank 5.039 ctr 0.000) | q_nnz 15.7 (teacher 25.0) | flops 15.1 | lr 1.83e-04 | 5s
[shallow/full] step  21800 | loss 5.4022 (rank 5.398 ctr 0.000) | q_nnz 19.3 (teacher 25.7) | flops 18.8 | lr 1.83e-04 | 5s
[shallow/full] step  22000 | loss 5.3945 (rank 5.391 ctr 0.000) | q_nnz 18.1 (teacher 26.1) | flops 19.3 | lr 1.83e-04 | 15s
[shallow/full] step  22200 | loss 5.9034 (rank 5.900 ctr 0.000) | q_nnz 18.1 (teacher 25.6) | flops 18.7 | lr 1.82e-04 | 5s
[shallow/full] step  22400 | loss 5.3807 (rank 5.377 ctr 0.000) | q_nnz 18.0 (teacher 25.2) | flops 18.8 | lr 1.82e-04 | 5s
[shallow/full] step  22600 | loss 6.2593 (rank 6.256 ctr 0.000) | q_nnz 16.4 (teacher 26.8) | flops 16.4 | lr 1.82e-04 | 13s
[shallow/full] step  22800 | loss 5.2309 (rank 5.227 ctr 0.000) | q_nnz 16.8 (teacher 24.7) | flops 17.4 | lr 1.81e-04 | 5s
[shallow/full] step  23000 | loss 5.0480 (rank 5.044 ctr 0.000) | q_nnz 18.1 (teacher 26.9) | flops 18.7 | lr 1.81e-04 | 5s
[shallow/full] step  23200 | loss 4.9817 (rank 4.979 ctr 0.000) | q_nnz 14.9 (teacher 21.8) | flops 15.7 | lr 1.80e-04 | 18s
[shallow/full] step  23400 | loss 5.7031 (rank 5.700 ctr 0.000) | q_nnz 16.4 (teacher 21.8) | flops 16.7 | lr 1.80e-04 | 5s
[shallow/full] step  23600 | loss 5.1846 (rank 5.181 ctr 0.000) | q_nnz 16.3 (teacher 23.1) | flops 18.2 | lr 1.80e-04 | 5s
[shallow/full] step  23800 | loss 5.1969 (rank 5.193 ctr 0.000) | q_nnz 16.8 (teacher 23.2) | flops 17.4 | lr 1.79e-04 | 15s
[shallow/full] step  24000 | loss 4.9885 (rank 4.985 ctr 0.000) | q_nnz 15.8 (teacher 27.1) | flops 17.8 | lr 1.79e-04 | 5s
[shallow/full] step  24200 | loss 6.6300 (rank 6.626 ctr 0.000) | q_nnz 18.1 (teacher 27.2) | flops 18.3 | lr 1.78e-04 | 5s
[shallow/full] step  24400 | loss 5.6086 (rank 5.605 ctr 0.000) | q_nnz 18.8 (teacher 25.6) | flops 19.0 | lr 1.78e-04 | 18s
[shallow/full] step  24600 | loss 5.0446 (rank 5.041 ctr 0.000) | q_nnz 17.4 (teacher 26.0) | flops 17.8 | lr 1.78e-04 | 5s
[shallow/full] step  24800 | loss 5.1779 (rank 5.174 ctr 0.000) | q_nnz 18.1 (teacher 23.8) | flops 19.1 | lr 1.77e-04 | 5s
[shallow/full] step  25000 | loss 4.8481 (rank 4.845 ctr 0.000) | q_nnz 17.6 (teacher 25.3) | flops 18.0 | lr 1.77e-04 | 15s
[shallow/full] step  25200 | loss 5.0522 (rank 5.049 ctr 0.000) | q_nnz 16.9 (teacher 23.3) | flops 17.8 | lr 1.76e-04 | 5s
[shallow/full] step  25400 | loss 4.1737 (rank 4.170 ctr 0.000) | q_nnz 13.5 (teacher 20.2) | flops 16.8 | lr 1.76e-04 | 5s
[shallow/full] step  25600 | loss 4.8786 (rank 4.875 ctr 0.000) | q_nnz 18.1 (teacher 25.7) | flops 18.2 | lr 1.75e-04 | 13s
[shallow/full] step  25800 | loss 4.1465 (rank 4.143 ctr 0.000) | q_nnz 16.1 (teacher 24.3) | flops 17.2 | lr 1.75e-04 | 5s
[shallow/full] step  26000 | loss 5.3797 (rank 5.376 ctr 0.000) | q_nnz 18.9 (teacher 25.2) | flops 18.9 | lr 1.75e-04 | 5s
[shallow/full] step  26200 | loss 5.7448 (rank 5.741 ctr 0.000) | q_nnz 17.6 (teacher 25.4) | flops 18.3 | lr 1.74e-04 | 5s
[shallow/full] step  26400 | loss 4.6341 (rank 4.631 ctr 0.000) | q_nnz 16.2 (teacher 23.4) | flops 16.9 | lr 1.74e-04 | 13s
[shallow/full] step  26600 | loss 5.0364 (rank 5.033 ctr 0.000) | q_nnz 16.1 (teacher 23.9) | flops 16.7 | lr 1.73e-04 | 5s
[shallow/full] step  26800 | loss 5.6320 (rank 5.628 ctr 0.000) | q_nnz 18.9 (teacher 22.9) | flops 20.9 | lr 1.73e-04 | 5s
[shallow/full] step  27000 | loss 4.3051 (rank 4.302 ctr 0.000) | q_nnz 14.7 (teacher 23.3) | flops 15.5 | lr 1.72e-04 | 12s
[shallow/full] step  27200 | loss 4.7750 (rank 4.772 ctr 0.000) | q_nnz 16.8 (teacher 25.0) | flops 16.6 | lr 1.72e-04 | 5s
[shallow/full] step  27400 | loss 4.8475 (rank 4.844 ctr 0.000) | q_nnz 15.8 (teacher 24.1) | flops 17.7 | lr 1.71e-04 | 5s
[shallow/full] step  27600 | loss 3.7663 (rank 3.763 ctr 0.000) | q_nnz 15.4 (teacher 21.9) | flops 18.2 | lr 1.71e-04 | 14s
[shallow/full] step  27800 | loss 6.0748 (rank 6.071 ctr 0.000) | q_nnz 16.3 (teacher 23.8) | flops 17.6 | lr 1.70e-04 | 5s
[shallow/full] step  28000 | loss 4.6946 (rank 4.691 ctr 0.000) | q_nnz 16.3 (teacher 25.1) | flops 17.6 | lr 1.70e-04 | 5s
[shallow/full] step  28200 | loss 5.5317 (rank 5.528 ctr 0.000) | q_nnz 17.0 (teacher 22.9) | flops 18.1 | lr 1.70e-04 | 12s
[shallow/full] step  28400 | loss 5.2784 (rank 5.275 ctr 0.000) | q_nnz 15.3 (teacher 25.2) | flops 16.6 | lr 1.69e-04 | 5s
[shallow/full] step  28600 | loss 5.2457 (rank 5.242 ctr 0.000) | q_nnz 16.8 (teacher 24.1) | flops 16.6 | lr 1.69e-04 | 5s
[shallow/full] step  28800 | loss 3.9630 (rank 3.960 ctr 0.000) | q_nnz 14.4 (teacher 21.9) | flops 16.2 | lr 1.68e-04 | 13s
[shallow/full] step  29000 | loss 4.3923 (rank 4.389 ctr 0.000) | q_nnz 17.2 (teacher 23.8) | flops 18.0 | lr 1.68e-04 | 5s
[shallow/full] step  29200 | loss 4.7715 (rank 4.768 ctr 0.000) | q_nnz 17.0 (teacher 23.4) | flops 16.8 | lr 1.67e-04 | 5s
[shallow/full] step  29400 | loss 4.6678 (rank 4.664 ctr 0.000) | q_nnz 16.6 (teacher 26.1) | flops 17.2 | lr 1.67e-04 | 12s
[shallow/full] step  29600 | loss 4.5356 (rank 4.532 ctr 0.000) | q_nnz 15.5 (teacher 22.7) | flops 16.7 | lr 1.66e-04 | 5s
[shallow/full] step  29800 | loss 5.6842 (rank 5.681 ctr 0.000) | q_nnz 16.6 (teacher 25.4) | flops 17.9 | lr 1.66e-04 | 5s
[shallow/full] step  30000 | loss 3.9107 (rank 3.907 ctr 0.000) | q_nnz 15.2 (teacher 22.1) | flops 16.3 | lr 1.65e-04 | 12s
  Saved → checkpoints_splade-v3/splade_shallow_first3/align_step_30000.pt
[shallow] Eval at step 30000 …
  [NanoMSMARCO] loading …
  [NanoMSMARCO] encoding 5043 docs (doc_splade) …
  [NanoMSMARCO] encoding 50 queries (query_model, dense) …
  [NanoMSMARCO] NDCG@10  query_doc (dense)  : 0.7139
  [NanoNFCorpus] loading …
  [NanoNFCorpus] encoding 2953 docs (doc_splade) …
  [NanoNFCorpus] encoding 50 queries (query_model, dense) …
  [NanoNFCorpus] NDCG@10  query_doc (dense)  : 0.3213
  New best NanoMSMARCO query_doc NDCG@10=0.7139 → checkpoints_splade-v3/splade_shallow_first3/best_NanoMSMARCO.pt
[shallow/full] step  30200 | loss 4.3066 (rank 4.303 ctr 0.000) | q_nnz 15.9 (teacher 26.1) | flops 17.7 | lr 1.65e-04 | 59s
[shallow/full] step  30400 | loss 3.9812 (rank 3.978 ctr 0.000) | q_nnz 16.6 (teacher 22.2) | flops 16.9 | lr 1.64e-04 | 5s
[shallow/full] step  30600 | loss 5.3378 (rank 5.334 ctr 0.000) | q_nnz 18.9 (teacher 24.6) | flops 17.9 | lr 1.64e-04 | 13s
[shallow/full] step  30800 | loss 3.7965 (rank 3.793 ctr 0.000) | q_nnz 14.4 (teacher 19.6) | flops 17.0 | lr 1.63e-04 | 5s
[shallow/full] step  31000 | loss 4.2940 (rank 4.291 ctr 0.000) | q_nnz 14.8 (teacher 22.9) | flops 15.6 | lr 1.63e-04 | 5s
[shallow/full] step  31200 | loss 4.3611 (rank 4.357 ctr 0.000) | q_nnz 16.9 (teacher 23.7) | flops 18.5 | lr 1.62e-04 | 5s
[shallow/full] step  31400 | loss 5.3199 (rank 5.316 ctr 0.000) | q_nnz 16.9 (teacher 24.2) | flops 18.5 | lr 1.61e-04 | 12s
[shallow/full] step  31600 | loss 4.7922 (rank 4.789 ctr 0.000) | q_nnz 14.9 (teacher 23.6) | flops 15.4 | lr 1.61e-04 | 5s
[shallow/full] step  31800 | loss 5.0577 (rank 5.054 ctr 0.000) | q_nnz 17.5 (teacher 25.3) | flops 18.0 | lr 1.60e-04 | 5s
[shallow/full] step  32000 | loss 4.4482 (rank 4.445 ctr 0.000) | q_nnz 16.6 (teacher 23.4) | flops 18.0 | lr 1.60e-04 | 13s
[shallow/full] step  32200 | loss 5.4094 (rank 5.406 ctr 0.000) | q_nnz 17.4 (teacher 22.8) | flops 18.8 | lr 1.59e-04 | 5s
[shallow/full] step  32400 | loss 5.2617 (rank 5.258 ctr 0.000) | q_nnz 17.2 (teacher 25.5) | flops 19.0 | lr 1.59e-04 | 5s
[shallow/full] step  32600 | loss 4.9286 (rank 4.925 ctr 0.000) | q_nnz 17.2 (teacher 22.1) | flops 17.9 | lr 1.58e-04 | 13s
[shallow/full] step  32800 | loss 5.4430 (rank 5.440 ctr 0.000) | q_nnz 16.8 (teacher 25.9) | flops 16.8 | lr 1.58e-04 | 5s
[shallow/full] step  33000 | loss 4.2065 (rank 4.203 ctr 0.000) | q_nnz 16.4 (teacher 24.5) | flops 18.0 | lr 1.57e-04 | 5s
[shallow/full] step  33200 | loss 4.4635 (rank 4.460 ctr 0.000) | q_nnz 16.1 (teacher 23.7) | flops 17.2 | lr 1.57e-04 | 13s
[shallow/full] step  33400 | loss 4.4611 (rank 4.457 ctr 0.000) | q_nnz 16.8 (teacher 23.7) | flops 17.9 | lr 1.56e-04 | 5s
[shallow/full] step  33600 | loss 4.8594 (rank 4.856 ctr 0.000) | q_nnz 17.8 (teacher 25.0) | flops 16.6 | lr 1.56e-04 | 5s
[shallow/full] step  33800 | loss 4.4644 (rank 4.461 ctr 0.000) | q_nnz 15.6 (teacher 22.2) | flops 16.9 | lr 1.55e-04 | 12s
[shallow/full] step  34000 | loss 5.9561 (rank 5.952 ctr 0.000) | q_nnz 20.4 (teacher 27.9) | flops 20.4 | lr 1.54e-04 | 5s
[shallow/full] step  34200 | loss 6.1104 (rank 6.106 ctr 0.000) | q_nnz 20.1 (teacher 25.1) | flops 20.4 | lr 1.54e-04 | 5s
[shallow/full] step  34400 | loss 5.1765 (rank 5.173 ctr 0.000) | q_nnz 16.3 (teacher 22.1) | flops 17.1 | lr 1.53e-04 | 12s
[shallow/full] step  34600 | loss 4.1419 (rank 4.138 ctr 0.000) | q_nnz 15.7 (teacher 21.9) | flops 17.8 | lr 1.53e-04 | 5s
[shallow/full] step  34800 | loss 4.3561 (rank 4.353 ctr 0.000) | q_nnz 17.3 (teacher 24.1) | flops 17.6 | lr 1.52e-04 | 5s
[shallow/full] step  35000 | loss 4.0534 (rank 4.050 ctr 0.000) | q_nnz 16.0 (teacher 24.6) | flops 17.5 | lr 1.52e-04 | 12s
[shallow/full] step  35200 | loss 3.8863 (rank 3.883 ctr 0.000) | q_nnz 14.9 (teacher 23.3) | flops 17.1 | lr 1.51e-04 | 5s
[shallow/full] step  35400 | loss 5.2932 (rank 5.289 ctr 0.000) | q_nnz 19.0 (teacher 24.3) | flops 19.2 | lr 1.50e-04 | 5s
[shallow/full] step  35600 | loss 4.3216 (rank 4.318 ctr 0.000) | q_nnz 14.4 (teacher 21.1) | flops 15.7 | lr 1.50e-04 | 14s
[shallow/full] step  35800 | loss 4.2235 (rank 4.220 ctr 0.000) | q_nnz 14.2 (teacher 21.9) | flops 16.1 | lr 1.49e-04 | 5s
[shallow/full] step  36000 | loss 4.9515 (rank 4.948 ctr 0.000) | q_nnz 17.6 (teacher 23.4) | flops 18.8 | lr 1.49e-04 | 5s
[shallow/full] step  36200 | loss 4.5698 (rank 4.566 ctr 0.000) | q_nnz 16.6 (teacher 22.6) | flops 17.0 | lr 1.48e-04 | 12s
[shallow/full] step  36400 | loss 4.7080 (rank 4.704 ctr 0.000) | q_nnz 16.2 (teacher 22.9) | flops 17.5 | lr 1.48e-04 | 5s
[shallow/full] step  36600 | loss 4.8838 (rank 4.880 ctr 0.000) | q_nnz 16.5 (teacher 23.2) | flops 17.1 | lr 1.47e-04 | 5s
[shallow/full] step  36800 | loss 4.9354 (rank 4.932 ctr 0.000) | q_nnz 14.3 (teacher 22.0) | flops 15.7 | lr 1.46e-04 | 5s
[shallow/full] step  37000 | loss 5.6446 (rank 5.641 ctr 0.000) | q_nnz 18.9 (teacher 26.3) | flops 18.9 | lr 1.46e-04 | 13s
[shallow/full] step  37200 | loss 4.7652 (rank 4.762 ctr 0.000) | q_nnz 16.6 (teacher 26.6) | flops 17.0 | lr 1.45e-04 | 5s
[shallow/full] step  37400 | loss 5.5480 (rank 5.544 ctr 0.000) | q_nnz 18.4 (teacher 26.1) | flops 18.9 | lr 1.45e-04 | 5s
[shallow/full] step  37600 | loss 4.4143 (rank 4.411 ctr 0.000) | q_nnz 16.4 (teacher 22.6) | flops 18.2 | lr 1.44e-04 | 13s
[shallow/full] step  37800 | loss 5.9574 (rank 5.954 ctr 0.000) | q_nnz 19.0 (teacher 28.1) | flops 18.9 | lr 1.43e-04 | 5s
[shallow/full] step  38000 | loss 4.5889 (rank 4.586 ctr 0.000) | q_nnz 16.4 (teacher 23.2) | flops 15.8 | lr 1.43e-04 | 5s
[shallow/full] step  38200 | loss 3.8909 (rank 3.888 ctr 0.000) | q_nnz 15.1 (teacher 24.1) | flops 16.7 | lr 1.42e-04 | 12s
[shallow/full] step  38400 | loss 4.0707 (rank 4.067 ctr 0.000) | q_nnz 14.4 (teacher 23.6) | flops 16.1 | lr 1.42e-04 | 5s
[shallow/full] step  38600 | loss 4.3370 (rank 4.333 ctr 0.000) | q_nnz 17.4 (teacher 24.4) | flops 19.3 | lr 1.41e-04 | 5s
[shallow/full] step  38800 | loss 5.3253 (rank 5.322 ctr 0.000) | q_nnz 18.1 (teacher 25.2) | flops 17.6 | lr 1.40e-04 | 13s
[shallow/full] step  39000 | loss 3.8703 (rank 3.867 ctr 0.000) | q_nnz 14.1 (teacher 20.2) | flops 15.7 | lr 1.40e-04 | 5s
[shallow/full] step  39200 | loss 4.0147 (rank 4.011 ctr 0.000) | q_nnz 15.9 (teacher 23.6) | flops 17.2 | lr 1.39e-04 | 5s
[shallow/full] step  39400 | loss 3.5952 (rank 3.592 ctr 0.000) | q_nnz 14.5 (teacher 23.3) | flops 15.7 | lr 1.39e-04 | 12s
[shallow/full] step  39600 | loss 4.2028 (rank 4.199 ctr 0.000) | q_nnz 16.6 (teacher 23.4) | flops 18.2 | lr 1.38e-04 | 5s
[shallow/full] step  39800 | loss 4.4380 (rank 4.434 ctr 0.000) | q_nnz 17.3 (teacher 24.3) | flops 17.3 | lr 1.37e-04 | 5s
[shallow/full] step  40000 | loss 3.6986 (rank 3.695 ctr 0.000) | q_nnz 16.9 (teacher 24.2) | flops 16.4 | lr 1.37e-04 | 13s
  Saved → checkpoints_splade-v3/splade_shallow_first3/align_step_40000.pt
[shallow] Eval at step 40000 …
  [NanoMSMARCO] loading …
  [NanoMSMARCO] encoding 5043 docs (doc_splade) …
  [NanoMSMARCO] encoding 50 queries (query_model, dense) …
  [NanoMSMARCO] NDCG@10  query_doc (dense)  : 0.7023
  [NanoNFCorpus] loading …
  [NanoNFCorpus] encoding 2953 docs (doc_splade) …
  [NanoNFCorpus] encoding 50 queries (query_model, dense) …
  [NanoNFCorpus] NDCG@10  query_doc (dense)  : 0.3302
[shallow/full] step  40200 | loss 4.4520 (rank 4.448 ctr 0.000) | q_nnz 16.2 (teacher 22.4) | flops 18.2 | lr 1.36e-04 | 59s
[shallow/full] step  40400 | loss 3.7077 (rank 3.704 ctr 0.000) | q_nnz 14.9 (teacher 23.5) | flops 16.4 | lr 1.35e-04 | 5s
[shallow/full] step  40600 | loss 4.8303 (rank 4.827 ctr 0.000) | q_nnz 17.4 (teacher 24.9) | flops 17.3 | lr 1.35e-04 | 14s
[shallow/full] step  40800 | loss 4.9090 (rank 4.905 ctr 0.000) | q_nnz 18.4 (teacher 26.8) | flops 19.2 | lr 1.34e-04 | 5s
[shallow/full] step  41000 | loss 4.3898 (rank 4.386 ctr 0.000) | q_nnz 16.3 (teacher 24.2) | flops 17.8 | lr 1.34e-04 | 5s
[shallow/full] step  41200 | loss 4.8295 (rank 4.826 ctr 0.000) | q_nnz 16.4 (teacher 21.3) | flops 17.2 | lr 1.33e-04 | 13s
[shallow/full] step  41400 | loss 4.6667 (rank 4.663 ctr 0.000) | q_nnz 17.1 (teacher 23.7) | flops 17.9 | lr 1.32e-04 | 5s
[shallow/full] step  41600 | loss 4.4062 (rank 4.403 ctr 0.000) | q_nnz 16.7 (teacher 24.9) | flops 17.2 | lr 1.32e-04 | 5s
[shallow/full] step  41800 | loss 5.4260 (rank 5.422 ctr 0.000) | q_nnz 19.1 (teacher 25.8) | flops 19.6 | lr 1.31e-04 | 5s
[shallow/full] step  42000 | loss 4.8842 (rank 4.881 ctr 0.000) | q_nnz 15.3 (teacher 20.0) | flops 16.9 | lr 1.30e-04 | 13s
[shallow/full] step  42200 | loss 3.8375 (rank 3.834 ctr 0.000) | q_nnz 14.9 (teacher 23.6) | flops 16.0 | lr 1.30e-04 | 5s
[shallow/full] step  42400 | loss 3.9790 (rank 3.976 ctr 0.000) | q_nnz 16.3 (teacher 24.2) | flops 16.6 | lr 1.29e-04 | 5s
[shallow/full] step  42600 | loss 3.7777 (rank 3.774 ctr 0.000) | q_nnz 15.3 (teacher 23.1) | flops 16.6 | lr 1.29e-04 | 12s
[shallow/full] step  42800 | loss 4.0644 (rank 4.061 ctr 0.000) | q_nnz 15.5 (teacher 21.2) | flops 16.2 | lr 1.28e-04 | 5s
[shallow/full] step  43000 | loss 3.5591 (rank 3.556 ctr 0.000) | q_nnz 15.2 (teacher 21.4) | flops 16.5 | lr 1.27e-04 | 5s
[shallow/full] step  43200 | loss 4.9687 (rank 4.965 ctr 0.000) | q_nnz 17.4 (teacher 24.8) | flops 17.4 | lr 1.27e-04 | 12s
[shallow/full] step  43400 | loss 4.0327 (rank 4.029 ctr 0.000) | q_nnz 16.2 (teacher 22.1) | flops 17.2 | lr 1.26e-04 | 5s
[shallow/full] step  43600 | loss 3.6182 (rank 3.615 ctr 0.000) | q_nnz 14.7 (teacher 20.4) | flops 15.8 | lr 1.25e-04 | 5s
[shallow/full] step  43800 | loss 4.1566 (rank 4.153 ctr 0.000) | q_nnz 15.2 (teacher 24.2) | flops 16.1 | lr 1.25e-04 | 13s
[shallow/full] step  44000 | loss 3.9680 (rank 3.964 ctr 0.000) | q_nnz 16.7 (teacher 21.8) | flops 17.7 | lr 1.24e-04 | 5s
[shallow/full] step  44200 | loss 4.5245 (rank 4.521 ctr 0.000) | q_nnz 17.1 (teacher 23.0) | flops 17.1 | lr 1.23e-04 | 5s
[shallow/full] step  44400 | loss 4.0597 (rank 4.057 ctr 0.000) | q_nnz 14.8 (teacher 23.3) | flops 15.5 | lr 1.23e-04 | 14s
[shallow/full] step  44600 | loss 3.4267 (rank 3.423 ctr 0.000) | q_nnz 15.1 (teacher 24.0) | flops 16.4 | lr 1.22e-04 | 5s
[shallow/full] step  44800 | loss 6.0209 (rank 6.017 ctr 0.000) | q_nnz 18.8 (teacher 25.7) | flops 18.7 | lr 1.21e-04 | 5s
[shallow/full] step  45000 | loss 4.0245 (rank 4.021 ctr 0.000) | q_nnz 13.8 (teacher 21.6) | flops 15.5 | lr 1.21e-04 | 12s
[shallow/full] step  45200 | loss 4.0412 (rank 4.038 ctr 0.000) | q_nnz 16.2 (teacher 23.8) | flops 17.2 | lr 1.20e-04 | 5s
[shallow/full] step  45400 | loss 5.3649 (rank 5.361 ctr 0.000) | q_nnz 16.8 (teacher 23.8) | flops 18.5 | lr 1.20e-04 | 5s
[shallow/full] step  45600 | loss 4.8250 (rank 4.821 ctr 0.000) | q_nnz 18.9 (teacher 26.4) | flops 17.6 | lr 1.19e-04 | 13s
[shallow/full] step  45800 | loss 3.8633 (rank 3.860 ctr 0.000) | q_nnz 15.5 (teacher 22.8) | flops 17.0 | lr 1.18e-04 | 5s
[shallow/full] step  46000 | loss 4.2320 (rank 4.229 ctr 0.000) | q_nnz 16.4 (teacher 22.9) | flops 17.0 | lr 1.18e-04 | 5s
[shallow/full] step  46200 | loss 5.0128 (rank 5.009 ctr 0.000) | q_nnz 17.9 (teacher 25.4) | flops 18.0 | lr 1.17e-04 | 12s
[shallow/full] step  46400 | loss 4.2434 (rank 4.240 ctr 0.000) | q_nnz 15.4 (teacher 22.1) | flops 16.0 | lr 1.16e-04 | 5s
[shallow/full] step  46600 | loss 4.4557 (rank 4.452 ctr 0.000) | q_nnz 18.5 (teacher 25.9) | flops 18.3 | lr 1.16e-04 | 5s
[shallow/full] step  46800 | loss 3.8398 (rank 3.836 ctr 0.000) | q_nnz 17.6 (teacher 26.1) | flops 17.8 | lr 1.15e-04 | 13s
[shallow/full] step  47000 | loss 4.1697 (rank 4.166 ctr 0.000) | q_nnz 17.4 (teacher 24.8) | flops 17.2 | lr 1.14e-04 | 5s
[shallow/full] step  47200 | loss 4.4269 (rank 4.423 ctr 0.000) | q_nnz 16.2 (teacher 23.6) | flops 17.9 | lr 1.14e-04 | 5s
[shallow/full] step  47400 | loss 4.8350 (rank 4.831 ctr 0.000) | q_nnz 18.4 (teacher 24.8) | flops 17.6 | lr 1.13e-04 | 5s
[shallow/full] step  47600 | loss 4.8071 (rank 4.804 ctr 0.000) | q_nnz 15.8 (teacher 25.4) | flops 17.0 | lr 1.12e-04 | 12s
[shallow/full] step  47800 | loss 4.2655 (rank 4.262 ctr 0.000) | q_nnz 17.5 (teacher 22.5) | flops 17.8 | lr 1.12e-04 | 5s
[shallow/full] step  48000 | loss 3.9665 (rank 3.963 ctr 0.000) | q_nnz 16.1 (teacher 25.4) | flops 17.5 | lr 1.11e-04 | 5s
[shallow/full] step  48200 | loss 3.6958 (rank 3.692 ctr 0.000) | q_nnz 16.6 (teacher 24.2) | flops 17.5 | lr 1.10e-04 | 13s
[shallow/full] step  48400 | loss 3.6742 (rank 3.671 ctr 0.000) | q_nnz 16.4 (teacher 25.1) | flops 16.3 | lr 1.10e-04 | 5s
[shallow/full] step  48600 | loss 3.7345 (rank 3.731 ctr 0.000) | q_nnz 14.8 (teacher 21.9) | flops 16.7 | lr 1.09e-04 | 5s
[shallow/full] step  48800 | loss 4.6365 (rank 4.633 ctr 0.000) | q_nnz 18.2 (teacher 27.4) | flops 19.6 | lr 1.08e-04 | 12s
[shallow/full] step  49000 | loss 4.2917 (rank 4.288 ctr 0.000) | q_nnz 17.1 (teacher 24.1) | flops 17.4 | lr 1.08e-04 | 5s
[shallow/full] step  49200 | loss 3.3829 (rank 3.380 ctr 0.000) | q_nnz 14.8 (teacher 24.1) | flops 16.4 | lr 1.07e-04 | 5s
[shallow/full] step  49400 | loss 4.8216 (rank 4.818 ctr 0.000) | q_nnz 18.6 (teacher 25.1) | flops 19.6 | lr 1.06e-04 | 15s
[shallow/full] step  49600 | loss 4.4999 (rank 4.496 ctr 0.000) | q_nnz 16.4 (teacher 23.7) | flops 17.4 | lr 1.06e-04 | 5s
[shallow/full] step  49800 | loss 4.7492 (rank 4.746 ctr 0.000) | q_nnz 17.1 (teacher 24.9) | flops 18.4 | lr 1.05e-04 | 5s
[shallow/full] step  50000 | loss 5.1858 (rank 5.182 ctr 0.000) | q_nnz 16.6 (teacher 24.4) | flops 17.6 | lr 1.04e-04 | 16s
  Saved → checkpoints_splade-v3/splade_shallow_first3/align_step_50000.pt
[shallow] Eval at step 50000 …
  [NanoMSMARCO] loading …
  [NanoMSMARCO] encoding 5043 docs (doc_splade) …
  [NanoMSMARCO] encoding 50 queries (query_model, dense) …
  [NanoMSMARCO] NDCG@10  query_doc (dense)  : 0.6995
  [NanoNFCorpus] loading …
  [NanoNFCorpus] encoding 2953 docs (doc_splade) …
  [NanoNFCorpus] encoding 50 queries (query_model, dense) …
  [NanoNFCorpus] NDCG@10  query_doc (dense)  : 0.3195
[shallow] Done. Final checkpoint → checkpoints_splade-v3/splade_shallow_first3/align_final.pt
