Device: cuda
[shallow] doc=naver/splade-v3 | n_layers=5 | freeze_warmup=5000 | alignment=50000 | lr=0.0002 | nway=8 | lambda_q=0.0002 | align_loss_kind=mse | kd_temperature=1.0 | use_contrastive=False | contrastive_coeff=0.0 | log_ranking_metrics=False | grad_accum=2 | freeze_head_after_warmup=True
[shallow] Loading frozen doc SPLADE: naver/splade-v3 …

Loading weights:   0%|          | 0/204 [00:00<?, ?it/s]
Loading weights: 100%|██████████| 204/204 [00:00<00:00, 48500.06it/s]
[shallow] Building shallow query model from same checkpoint, keeping 5 layers …
[shallow] Using explicit doc-layer indices for query body: [0, 1, 2, 3, 4]

Loading weights:   0%|          | 0/204 [00:00<?, ?it/s]
Loading weights: 100%|██████████| 204/204 [00:00<00:00, 24243.16it/s]
/home/capemox/projects/sae-smo-splade/train.py:2659: FutureWarning: `torch.cuda.amp.GradScaler(args...)` is deprecated. Please use `torch.amp.GradScaler('cuda', args...)` instead.
  scaler = GradScaler(enabled=fp16 and device.type == "cuda")
Exception in thread Thread-auto_conversion:
Traceback (most recent call last):
  File "/home/capemox/.local/share/uv/python/cpython-3.10.16-linux-x86_64-gnu/lib/python3.10/threading.py", line 1016, in _bootstrap_inner
    self.run()
  File "/home/capemox/.local/share/uv/python/cpython-3.10.16-linux-x86_64-gnu/lib/python3.10/threading.py", line 953, in run
    self._target(*self._args, **self._kwargs)
  File "/home/capemox/projects/sae-smo-splade/.venv/lib/python3.10/site-packages/transformers/safetensors_conversion.py", line 117, in auto_conversion
    raise e
  File "/home/capemox/projects/sae-smo-splade/.venv/lib/python3.10/site-packages/transformers/safetensors_conversion.py", line 96, in auto_conversion
    sha = get_conversion_pr_reference(api, pretrained_model_name_or_path, **cached_file_kwargs)
  File "/home/capemox/projects/sae-smo-splade/.venv/lib/python3.10/site-packages/transformers/safetensors_conversion.py", line 77, in get_conversion_pr_reference
    raise OSError(
OSError: Could not create safetensors conversion PR. The repo does not appear to have a file named pytorch_model.bin or model.safetensors.If you are loading with variant, use `use_safetensors=False` to load the original model.
Exception in thread Thread-auto_conversion:
Traceback (most recent call last):
  File "/home/capemox/.local/share/uv/python/cpython-3.10.16-linux-x86_64-gnu/lib/python3.10/threading.py", line 1016, in _bootstrap_inner
    self.run()
  File "/home/capemox/.local/share/uv/python/cpython-3.10.16-linux-x86_64-gnu/lib/python3.10/threading.py", line 953, in run
    self._target(*self._args, **self._kwargs)
  File "/home/capemox/projects/sae-smo-splade/.venv/lib/python3.10/site-packages/transformers/safetensors_conversion.py", line 117, in auto_conversion
    raise e
  File "/home/capemox/projects/sae-smo-splade/.venv/lib/python3.10/site-packages/transformers/safetensors_conversion.py", line 96, in auto_conversion
    sha = get_conversion_pr_reference(api, pretrained_model_name_or_path, **cached_file_kwargs)
  File "/home/capemox/projects/sae-smo-splade/.venv/lib/python3.10/site-packages/transformers/safetensors_conversion.py", line 77, in get_conversion_pr_reference
    raise OSError(
OSError: Could not create safetensors conversion PR. The repo does not appear to have a file named pytorch_model.bin or model.safetensors.If you are loading with variant, use `use_safetensors=False` to load the original model.
/home/capemox/projects/sae-smo-splade/train.py:2793: FutureWarning: `torch.cuda.amp.autocast(args...)` is deprecated. Please use `torch.amp.autocast('cuda', args...)` instead.
  with autocast(enabled=fp16 and device.type == "cuda"):
/home/capemox/projects/sae-smo-splade/train.py:2857: UserWarning: Detected call of `lr_scheduler.step()` before `optimizer.step()`. In PyTorch 1.1.0 and later, you should call them in the opposite order: `optimizer.step()` before `lr_scheduler.step()`.  Failure to do this will result in PyTorch skipping the first value of the learning rate schedule. See more details at https://pytorch.org/docs/stable/optim.html#how-to-adjust-learning-rate
  scaler.step(optimizer); scaler.update(); scheduler.step()
[shallow] Query model params (after truncation): 59.9M (was 12-layer original); will freeze embeddings + head during warmup.
[shallow] Phase 0 (frozen warmup). Trainable params: 35.4M / 59.9M total.
[shallow] Initial eval — doc_doc ceiling + query_doc baseline …
  [NanoMSMARCO] loading …
  [NanoMSMARCO] encoding 5043 docs (doc_splade) …
  [NanoMSMARCO] encoding 50 queries (doc_doc ceiling) …
  [NanoMSMARCO] NDCG@10  doc_doc (ceiling) : 0.7001
  [NanoMSMARCO] encoding 50 queries (query_model, dense) …
  [NanoMSMARCO] NDCG@10  query_doc (dense)  : 0.1931
  [NanoNFCorpus] loading …
  [NanoNFCorpus] encoding 2953 docs (doc_splade) …
  [NanoNFCorpus] encoding 50 queries (doc_doc ceiling) …
  [NanoNFCorpus] NDCG@10  doc_doc (ceiling) : 0.3448
  [NanoNFCorpus] encoding 50 queries (query_model, dense) …
  [NanoNFCorpus] NDCG@10  query_doc (dense)  : 0.1962
[shallow] Training loop (50000 steps remaining) …
[shallow/warm] step    200 | loss 5.4030 (rank 5.403 ctr 0.000) | q_nnz 53.6 (teacher 25.7) | flops 16.1 | lr 2.00e-04 | 17s
[shallow/warm] step    400 | loss 4.3215 (rank 4.321 ctr 0.000) | q_nnz 55.4 (teacher 22.5) | flops 19.7 | lr 2.00e-04 | 6s
[shallow/warm] step    600 | loss 4.0232 (rank 4.023 ctr 0.000) | q_nnz 32.6 (teacher 25.4) | flops 17.1 | lr 2.00e-04 | 6s
[shallow/warm] step    800 | loss 3.8015 (rank 3.801 ctr 0.000) | q_nnz 24.1 (teacher 23.2) | flops 18.3 | lr 2.00e-04 | 13s
[shallow/warm] step   1000 | loss 4.5522 (rank 4.551 ctr 0.000) | q_nnz 22.4 (teacher 21.8) | flops 19.1 | lr 2.00e-04 | 6s
[shallow/warm] step   1200 | loss 6.3220 (rank 6.321 ctr 0.000) | q_nnz 23.7 (teacher 24.1) | flops 20.4 | lr 2.00e-04 | 6s
[shallow/warm] step   1400 | loss 7.1618 (rank 7.160 ctr 0.000) | q_nnz 26.0 (teacher 24.2) | flops 23.9 | lr 2.00e-04 | 14s
[shallow/warm] step   1600 | loss 4.4333 (rank 4.432 ctr 0.000) | q_nnz 17.2 (teacher 20.6) | flops 18.5 | lr 2.00e-04 | 6s
[shallow/warm] step   1800 | loss 6.6029 (rank 6.601 ctr 0.000) | q_nnz 20.7 (teacher 23.6) | flops 21.0 | lr 2.00e-04 | 6s
[shallow/warm] step   2000 | loss 6.9966 (rank 6.995 ctr 0.000) | q_nnz 18.6 (teacher 24.0) | flops 20.9 | lr 2.00e-04 | 13s
[shallow/warm] step   2200 | loss 4.5405 (rank 4.539 ctr 0.000) | q_nnz 16.6 (teacher 20.9) | flops 17.4 | lr 2.00e-04 | 6s
[shallow/warm] step   2400 | loss 7.3607 (rank 7.359 ctr 0.000) | q_nnz 19.3 (teacher 23.1) | flops 21.0 | lr 2.00e-04 | 6s
[shallow/warm] step   2600 | loss 6.1538 (rank 6.152 ctr 0.000) | q_nnz 21.0 (teacher 23.2) | flops 21.1 | lr 2.00e-04 | 14s
[shallow/warm] step   2800 | loss 5.5750 (rank 5.573 ctr 0.000) | q_nnz 19.4 (teacher 23.8) | flops 19.5 | lr 2.00e-04 | 6s
[shallow/warm] step   3000 | loss 6.3868 (rank 6.384 ctr 0.000) | q_nnz 21.5 (teacher 25.2) | flops 20.9 | lr 2.00e-04 | 6s
[shallow/warm] step   3200 | loss 6.2402 (rank 6.238 ctr 0.000) | q_nnz 16.5 (teacher 21.2) | flops 18.5 | lr 2.00e-04 | 13s
[shallow/warm] step   3400 | loss 5.0259 (rank 5.024 ctr 0.000) | q_nnz 14.8 (teacher 22.4) | flops 16.5 | lr 1.99e-04 | 6s
[shallow/warm] step   3600 | loss 5.0133 (rank 5.011 ctr 0.000) | q_nnz 17.4 (teacher 21.2) | flops 18.0 | lr 1.99e-04 | 6s
[shallow/warm] step   3800 | loss 5.6324 (rank 5.629 ctr 0.000) | q_nnz 17.2 (teacher 22.9) | flops 19.6 | lr 1.99e-04 | 14s
[shallow/warm] step   4000 | loss 5.6596 (rank 5.657 ctr 0.000) | q_nnz 16.6 (teacher 22.6) | flops 16.6 | lr 1.99e-04 | 6s
[shallow/warm] step   4200 | loss 5.4872 (rank 5.484 ctr 0.000) | q_nnz 15.1 (teacher 23.8) | flops 18.0 | lr 1.99e-04 | 6s
[shallow/warm] step   4400 | loss 6.2636 (rank 6.260 ctr 0.000) | q_nnz 19.3 (teacher 22.7) | flops 22.2 | lr 1.99e-04 | 13s
[shallow/warm] step   4600 | loss 6.9440 (rank 6.941 ctr 0.000) | q_nnz 17.1 (teacher 27.0) | flops 17.3 | lr 1.99e-04 | 6s
[shallow/warm] step   4800 | loss 6.2537 (rank 6.250 ctr 0.000) | q_nnz 16.8 (teacher 23.8) | flops 19.2 | lr 1.99e-04 | 6s
[shallow/warm] step   5000 | loss 5.8209 (rank 5.817 ctr 0.000) | q_nnz 17.8 (teacher 23.3) | flops 19.7 | lr 1.99e-04 | 14s
[shallow] Step 5000: switched to Phase 1. body_lr=1.99e-04 head_lr=0.00e+00
[shallow/full] step   5200 | loss 5.4870 (rank 5.484 ctr 0.000) | q_nnz 15.4 (teacher 22.1) | flops 17.5 | lr 1.99e-04 | 6s
[shallow/full] step   5400 | loss 5.0685 (rank 5.065 ctr 0.000) | q_nnz 16.6 (teacher 21.7) | flops 18.2 | lr 1.99e-04 | 6s
[shallow/full] step   5600 | loss 5.7422 (rank 5.738 ctr 0.000) | q_nnz 16.4 (teacher 23.2) | flops 18.6 | lr 1.99e-04 | 6s
[shallow/full] step   5800 | loss 5.7563 (rank 5.753 ctr 0.000) | q_nnz 17.1 (teacher 27.4) | flops 17.3 | lr 1.99e-04 | 14s
[shallow/full] step   6000 | loss 6.0714 (rank 6.068 ctr 0.000) | q_nnz 17.5 (teacher 25.3) | flops 17.8 | lr 1.99e-04 | 6s
[shallow/full] step   6200 | loss 6.5164 (rank 6.513 ctr 0.000) | q_nnz 16.8 (teacher 26.0) | flops 15.5 | lr 1.99e-04 | 6s
[shallow/full] step   6400 | loss 7.5108 (rank 7.506 ctr 0.000) | q_nnz 21.6 (teacher 26.4) | flops 22.4 | lr 1.99e-04 | 13s
[shallow/full] step   6600 | loss 5.6530 (rank 5.649 ctr 0.000) | q_nnz 18.2 (teacher 24.7) | flops 19.1 | lr 1.99e-04 | 6s
[shallow/full] step   6800 | loss 5.4386 (rank 5.435 ctr 0.000) | q_nnz 17.2 (teacher 26.6) | flops 17.3 | lr 1.99e-04 | 6s
[shallow/full] step   7000 | loss 6.1692 (rank 6.166 ctr 0.000) | q_nnz 15.1 (teacher 25.6) | flops 17.0 | lr 1.99e-04 | 13s
[shallow/full] step   7200 | loss 4.8638 (rank 4.860 ctr 0.000) | q_nnz 17.6 (teacher 24.4) | flops 18.7 | lr 1.99e-04 | 6s
[shallow/full] step   7400 | loss 5.4338 (rank 5.430 ctr 0.000) | q_nnz 16.1 (teacher 23.9) | flops 17.7 | lr 1.98e-04 | 6s
[shallow/full] step   7600 | loss 5.7589 (rank 5.756 ctr 0.000) | q_nnz 15.3 (teacher 26.1) | flops 16.8 | lr 1.98e-04 | 13s
[shallow/full] step   7800 | loss 5.2815 (rank 5.278 ctr 0.000) | q_nnz 14.9 (teacher 21.8) | flops 16.8 | lr 1.98e-04 | 6s
[shallow/full] step   8000 | loss 5.4817 (rank 5.478 ctr 0.000) | q_nnz 17.9 (teacher 24.9) | flops 18.2 | lr 1.98e-04 | 6s
[shallow/full] step   8200 | loss 5.6242 (rank 5.620 ctr 0.000) | q_nnz 16.2 (teacher 23.4) | flops 18.3 | lr 1.98e-04 | 14s
[shallow/full] step   8400 | loss 5.5419 (rank 5.538 ctr 0.000) | q_nnz 19.1 (teacher 26.0) | flops 18.5 | lr 1.98e-04 | 6s
[shallow/full] step   8600 | loss 4.9804 (rank 4.977 ctr 0.000) | q_nnz 16.2 (teacher 21.6) | flops 17.0 | lr 1.98e-04 | 6s
[shallow/full] step   8800 | loss 6.3960 (rank 6.392 ctr 0.000) | q_nnz 20.8 (teacher 24.8) | flops 21.3 | lr 1.98e-04 | 14s
[shallow/full] step   9000 | loss 6.4438 (rank 6.440 ctr 0.000) | q_nnz 15.9 (teacher 24.6) | flops 17.1 | lr 1.98e-04 | 6s
[shallow/full] step   9200 | loss 5.0003 (rank 4.997 ctr 0.000) | q_nnz 13.8 (teacher 21.4) | flops 16.3 | lr 1.98e-04 | 6s
[shallow/full] step   9400 | loss 5.5379 (rank 5.534 ctr 0.000) | q_nnz 17.3 (teacher 26.5) | flops 17.5 | lr 1.98e-04 | 13s
[shallow/full] step   9600 | loss 6.3650 (rank 6.361 ctr 0.000) | q_nnz 18.7 (teacher 25.9) | flops 18.8 | lr 1.98e-04 | 6s
[shallow/full] step   9800 | loss 5.3795 (rank 5.376 ctr 0.000) | q_nnz 17.0 (teacher 25.9) | flops 18.7 | lr 1.98e-04 | 6s
[shallow/full] step  10000 | loss 5.4766 (rank 5.473 ctr 0.000) | q_nnz 17.6 (teacher 26.4) | flops 17.6 | lr 1.97e-04 | 14s
  Saved → checkpoints_splade-v3/splade_shallow_first5/align_step_10000.pt
[shallow] Eval at step 10000 …
  [NanoMSMARCO] loading …
  [NanoMSMARCO] encoding 5043 docs (doc_splade) …
  [NanoMSMARCO] encoding 50 queries (query_model, dense) …
  [NanoMSMARCO] NDCG@10  query_doc (dense)  : 0.6722
  [NanoNFCorpus] loading …
  [NanoNFCorpus] encoding 2953 docs (doc_splade) …
  [NanoNFCorpus] encoding 50 queries (query_model, dense) …
  [NanoNFCorpus] NDCG@10  query_doc (dense)  : 0.3276
  New best NanoMSMARCO query_doc NDCG@10=0.6722 → checkpoints_splade-v3/splade_shallow_first5/best_NanoMSMARCO.pt
[shallow/full] step  10200 | loss 5.1323 (rank 5.129 ctr 0.000) | q_nnz 15.3 (teacher 22.8) | flops 16.2 | lr 1.97e-04 | 58s
[shallow/full] step  10400 | loss 4.5104 (rank 4.507 ctr 0.000) | q_nnz 13.3 (teacher 22.9) | flops 14.7 | lr 1.97e-04 | 6s
[shallow/full] step  10600 | loss 5.8312 (rank 5.828 ctr 0.000) | q_nnz 18.8 (teacher 27.3) | flops 17.6 | lr 1.97e-04 | 14s
[shallow/full] step  10800 | loss 5.2141 (rank 5.211 ctr 0.000) | q_nnz 14.8 (teacher 22.1) | flops 15.6 | lr 1.97e-04 | 6s
[shallow/full] step  11000 | loss 4.9785 (rank 4.975 ctr 0.000) | q_nnz 17.1 (teacher 24.2) | flops 17.8 | lr 1.97e-04 | 6s
[shallow/full] step  11200 | loss 5.1083 (rank 5.105 ctr 0.000) | q_nnz 13.6 (teacher 24.0) | flops 14.2 | lr 1.97e-04 | 6s
[shallow/full] step  11400 | loss 6.2199 (rank 6.217 ctr 0.000) | q_nnz 12.9 (teacher 26.4) | flops 14.7 | lr 1.96e-04 | 13s
[shallow/full] step  11600 | loss 5.3933 (rank 5.390 ctr 0.000) | q_nnz 15.6 (teacher 22.6) | flops 17.7 | lr 1.96e-04 | 6s
[shallow/full] step  11800 | loss 4.8126 (rank 4.809 ctr 0.000) | q_nnz 17.2 (teacher 22.8) | flops 18.4 | lr 1.96e-04 | 6s
[shallow/full] step  12000 | loss 4.9009 (rank 4.898 ctr 0.000) | q_nnz 15.9 (teacher 23.7) | flops 16.7 | lr 1.96e-04 | 14s
[shallow/full] step  12200 | loss 6.8335 (rank 6.829 ctr 0.000) | q_nnz 20.3 (teacher 26.7) | flops 20.1 | lr 1.96e-04 | 6s
[shallow/full] step  12400 | loss 6.2223 (rank 6.218 ctr 0.000) | q_nnz 21.2 (teacher 27.1) | flops 20.6 | lr 1.96e-04 | 6s
[shallow/full] step  12600 | loss 5.6472 (rank 5.644 ctr 0.000) | q_nnz 16.6 (teacher 24.1) | flops 17.8 | lr 1.96e-04 | 14s
[shallow/full] step  12800 | loss 5.2729 (rank 5.269 ctr 0.000) | q_nnz 16.6 (teacher 22.8) | flops 17.7 | lr 1.95e-04 | 6s
[shallow/full] step  13000 | loss 4.9386 (rank 4.935 ctr 0.000) | q_nnz 15.1 (teacher 22.6) | flops 15.8 | lr 1.95e-04 | 6s
[shallow/full] step  13200 | loss 5.2349 (rank 5.232 ctr 0.000) | q_nnz 15.6 (teacher 25.6) | flops 16.7 | lr 1.95e-04 | 13s
[shallow/full] step  13400 | loss 7.0260 (rank 7.022 ctr 0.000) | q_nnz 17.8 (teacher 25.0) | flops 19.6 | lr 1.95e-04 | 6s
[shallow/full] step  13600 | loss 5.5598 (rank 5.556 ctr 0.000) | q_nnz 16.7 (teacher 24.2) | flops 18.6 | lr 1.95e-04 | 6s
[shallow/full] step  13800 | loss 4.8577 (rank 4.854 ctr 0.000) | q_nnz 16.9 (teacher 25.2) | flops 18.2 | lr 1.94e-04 | 14s
[shallow/full] step  14000 | loss 5.5531 (rank 5.550 ctr 0.000) | q_nnz 15.8 (teacher 24.9) | flops 15.7 | lr 1.94e-04 | 6s
[shallow/full] step  14200 | loss 3.8741 (rank 3.871 ctr 0.000) | q_nnz 13.6 (teacher 21.6) | flops 15.4 | lr 1.94e-04 | 6s
[shallow/full] step  14400 | loss 4.5913 (rank 4.588 ctr 0.000) | q_nnz 16.7 (teacher 22.6) | flops 16.9 | lr 1.94e-04 | 14s
[shallow/full] step  14600 | loss 6.2851 (rank 6.281 ctr 0.000) | q_nnz 18.2 (teacher 24.1) | flops 19.5 | lr 1.94e-04 | 6s
[shallow/full] step  14800 | loss 5.3807 (rank 5.377 ctr 0.000) | q_nnz 14.4 (teacher 22.9) | flops 16.7 | lr 1.93e-04 | 6s
[shallow/full] step  15000 | loss 4.8284 (rank 4.825 ctr 0.000) | q_nnz 19.1 (teacher 24.9) | flops 19.1 | lr 1.93e-04 | 14s
[shallow/full] step  15200 | loss 4.4882 (rank 4.485 ctr 0.000) | q_nnz 17.9 (teacher 23.7) | flops 18.3 | lr 1.93e-04 | 6s
[shallow/full] step  15400 | loss 4.6091 (rank 4.606 ctr 0.000) | q_nnz 16.7 (teacher 23.9) | flops 17.0 | lr 1.93e-04 | 6s
[shallow/full] step  15600 | loss 6.3437 (rank 6.340 ctr 0.000) | q_nnz 16.8 (teacher 27.3) | flops 15.9 | lr 1.92e-04 | 13s
[shallow/full] step  15800 | loss 5.0132 (rank 5.010 ctr 0.000) | q_nnz 15.7 (teacher 21.7) | flops 17.4 | lr 1.92e-04 | 6s
[shallow/full] step  16000 | loss 4.7796 (rank 4.776 ctr 0.000) | q_nnz 17.2 (teacher 21.9) | flops 19.2 | lr 1.92e-04 | 6s
[shallow/full] step  16200 | loss 6.0836 (rank 6.080 ctr 0.000) | q_nnz 17.9 (teacher 23.9) | flops 17.7 | lr 1.92e-04 | 6s
[shallow/full] step  16400 | loss 5.2336 (rank 5.230 ctr 0.000) | q_nnz 15.7 (teacher 25.4) | flops 17.1 | lr 1.91e-04 | 14s
[shallow/full] step  16600 | loss 5.1237 (rank 5.121 ctr 0.000) | q_nnz 15.1 (teacher 25.6) | flops 15.8 | lr 1.91e-04 | 6s
[shallow/full] step  16800 | loss 5.3863 (rank 5.382 ctr 0.000) | q_nnz 19.6 (teacher 27.4) | flops 20.6 | lr 1.91e-04 | 6s
[shallow/full] step  17000 | loss 4.9522 (rank 4.949 ctr 0.000) | q_nnz 16.1 (teacher 25.2) | flops 17.9 | lr 1.91e-04 | 14s
[shallow/full] step  17200 | loss 5.2530 (rank 5.249 ctr 0.000) | q_nnz 17.8 (teacher 26.9) | flops 18.8 | lr 1.90e-04 | 6s
[shallow/full] step  17400 | loss 5.1246 (rank 5.121 ctr 0.000) | q_nnz 17.4 (teacher 22.8) | flops 18.3 | lr 1.90e-04 | 6s
[shallow/full] step  17600 | loss 4.6896 (rank 4.686 ctr 0.000) | q_nnz 16.8 (teacher 21.9) | flops 18.4 | lr 1.90e-04 | 14s
[shallow/full] step  17800 | loss 5.4550 (rank 5.451 ctr 0.000) | q_nnz 17.3 (teacher 22.1) | flops 18.7 | lr 1.90e-04 | 6s
[shallow/full] step  18000 | loss 4.3932 (rank 4.390 ctr 0.000) | q_nnz 14.6 (teacher 23.7) | flops 15.4 | lr 1.89e-04 | 6s
[shallow/full] step  18200 | loss 4.7110 (rank 4.708 ctr 0.000) | q_nnz 14.4 (teacher 21.8) | flops 15.4 | lr 1.89e-04 | 16s
[shallow/full] step  18400 | loss 5.3910 (rank 5.388 ctr 0.000) | q_nnz 16.1 (teacher 27.8) | flops 17.3 | lr 1.89e-04 | 6s
[shallow/full] step  18600 | loss 4.8108 (rank 4.807 ctr 0.000) | q_nnz 15.7 (teacher 21.6) | flops 16.9 | lr 1.88e-04 | 6s
[shallow/full] step  18800 | loss 4.1452 (rank 4.142 ctr 0.000) | q_nnz 15.4 (teacher 20.5) | flops 17.7 | lr 1.88e-04 | 13s
[shallow/full] step  19000 | loss 5.7463 (rank 5.742 ctr 0.000) | q_nnz 18.4 (teacher 24.0) | flops 19.6 | lr 1.88e-04 | 6s
[shallow/full] step  19200 | loss 6.5297 (rank 6.526 ctr 0.000) | q_nnz 18.8 (teacher 25.5) | flops 19.7 | lr 1.87e-04 | 6s
[shallow/full] step  19400 | loss 5.2099 (rank 5.206 ctr 0.000) | q_nnz 17.7 (teacher 23.2) | flops 17.4 | lr 1.87e-04 | 14s
[shallow/full] step  19600 | loss 5.8235 (rank 5.820 ctr 0.000) | q_nnz 17.9 (teacher 23.9) | flops 18.1 | lr 1.87e-04 | 6s
[shallow/full] step  19800 | loss 5.1513 (rank 5.148 ctr 0.000) | q_nnz 15.2 (teacher 24.7) | flops 15.4 | lr 1.87e-04 | 6s
[shallow/full] step  20000 | loss 4.6142 (rank 4.611 ctr 0.000) | q_nnz 16.2 (teacher 23.7) | flops 18.0 | lr 1.86e-04 | 13s
  Saved → checkpoints_splade-v3/splade_shallow_first5/align_step_20000.pt
[shallow] Eval at step 20000 …
  [NanoMSMARCO] loading …
  [NanoMSMARCO] encoding 5043 docs (doc_splade) …
  [NanoMSMARCO] encoding 50 queries (query_model, dense) …
  [NanoMSMARCO] NDCG@10  query_doc (dense)  : 0.6923
  [NanoNFCorpus] loading …
  [NanoNFCorpus] encoding 2953 docs (doc_splade) …
  [NanoNFCorpus] encoding 50 queries (query_model, dense) …
  [NanoNFCorpus] NDCG@10  query_doc (dense)  : 0.3298
  New best NanoMSMARCO query_doc NDCG@10=0.6923 → checkpoints_splade-v3/splade_shallow_first5/best_NanoMSMARCO.pt
[shallow/full] step  20200 | loss 4.4539 (rank 4.450 ctr 0.000) | q_nnz 16.1 (teacher 21.9) | flops 18.8 | lr 1.86e-04 | 58s
[shallow/full] step  20400 | loss 4.7117 (rank 4.708 ctr 0.000) | q_nnz 16.8 (teacher 23.7) | flops 17.7 | lr 1.86e-04 | 6s
[shallow/full] step  20600 | loss 4.5501 (rank 4.546 ctr 0.000) | q_nnz 16.9 (teacher 22.4) | flops 18.9 | lr 1.85e-04 | 14s
[shallow/full] step  20800 | loss 4.9662 (rank 4.963 ctr 0.000) | q_nnz 15.1 (teacher 22.9) | flops 17.1 | lr 1.85e-04 | 6s
[shallow/full] step  21000 | loss 4.2548 (rank 4.251 ctr 0.000) | q_nnz 17.1 (teacher 22.6) | flops 18.7 | lr 1.84e-04 | 6s
[shallow/full] step  21200 | loss 4.5178 (rank 4.515 ctr 0.000) | q_nnz 14.3 (teacher 21.4) | flops 15.9 | lr 1.84e-04 | 14s
[shallow/full] step  21400 | loss 6.7807 (rank 6.777 ctr 0.000) | q_nnz 17.7 (teacher 26.9) | flops 16.7 | lr 1.84e-04 | 6s
[shallow/full] step  21600 | loss 4.2917 (rank 4.288 ctr 0.000) | q_nnz 16.0 (teacher 22.2) | flops 16.9 | lr 1.83e-04 | 6s
[shallow/full] step  21800 | loss 4.6560 (rank 4.653 ctr 0.000) | q_nnz 14.1 (teacher 23.0) | flops 15.5 | lr 1.83e-04 | 6s
[shallow/full] step  22000 | loss 5.3844 (rank 5.381 ctr 0.000) | q_nnz 15.2 (teacher 22.9) | flops 16.4 | lr 1.83e-04 | 14s
[shallow/full] step  22200 | loss 4.5990 (rank 4.596 ctr 0.000) | q_nnz 16.6 (teacher 23.7) | flops 17.0 | lr 1.82e-04 | 6s
[shallow/full] step  22400 | loss 4.3789 (rank 4.376 ctr 0.000) | q_nnz 16.4 (teacher 24.0) | flops 16.4 | lr 1.82e-04 | 6s
[shallow/full] step  22600 | loss 4.2740 (rank 4.271 ctr 0.000) | q_nnz 15.2 (teacher 23.8) | flops 16.1 | lr 1.82e-04 | 13s
[shallow/full] step  22800 | loss 4.7762 (rank 4.773 ctr 0.000) | q_nnz 17.2 (teacher 20.1) | flops 18.4 | lr 1.81e-04 | 6s
[shallow/full] step  23000 | loss 5.3750 (rank 5.371 ctr 0.000) | q_nnz 17.8 (teacher 24.8) | flops 18.6 | lr 1.81e-04 | 6s
[shallow/full] step  23200 | loss 3.7546 (rank 3.752 ctr 0.000) | q_nnz 13.1 (teacher 19.1) | flops 15.4 | lr 1.80e-04 | 14s
[shallow/full] step  23400 | loss 4.6419 (rank 4.639 ctr 0.000) | q_nnz 15.8 (teacher 23.1) | flops 16.8 | lr 1.80e-04 | 6s
[shallow/full] step  23600 | loss 4.3688 (rank 4.365 ctr 0.000) | q_nnz 16.1 (teacher 23.7) | flops 17.0 | lr 1.80e-04 | 6s
[shallow/full] step  23800 | loss 5.4308 (rank 5.427 ctr 0.000) | q_nnz 17.1 (teacher 25.3) | flops 18.0 | lr 1.79e-04 | 13s
[shallow/full] step  24000 | loss 4.9274 (rank 4.924 ctr 0.000) | q_nnz 15.1 (teacher 25.2) | flops 16.0 | lr 1.79e-04 | 6s
[shallow/full] step  24200 | loss 5.4952 (rank 5.492 ctr 0.000) | q_nnz 16.6 (teacher 21.6) | flops 18.1 | lr 1.78e-04 | 6s
[shallow/full] step  24400 | loss 4.6655 (rank 4.662 ctr 0.000) | q_nnz 18.0 (teacher 24.1) | flops 18.4 | lr 1.78e-04 | 14s
[shallow/full] step  24600 | loss 6.2126 (rank 6.209 ctr 0.000) | q_nnz 19.2 (teacher 27.9) | flops 20.2 | lr 1.78e-04 | 6s
[shallow/full] step  24800 | loss 5.0512 (rank 5.048 ctr 0.000) | q_nnz 17.2 (teacher 22.1) | flops 17.8 | lr 1.77e-04 | 6s
[shallow/full] step  25000 | loss 4.7944 (rank 4.791 ctr 0.000) | q_nnz 17.6 (teacher 23.9) | flops 18.5 | lr 1.77e-04 | 16s
[shallow/full] step  25200 | loss 4.5563 (rank 4.553 ctr 0.000) | q_nnz 17.6 (teacher 26.0) | flops 18.2 | lr 1.76e-04 | 6s
[shallow/full] step  25400 | loss 3.7681 (rank 3.765 ctr 0.000) | q_nnz 16.2 (teacher 24.4) | flops 17.2 | lr 1.76e-04 | 6s
[shallow/full] step  25600 | loss 4.2737 (rank 4.271 ctr 0.000) | q_nnz 13.4 (teacher 18.8) | flops 15.0 | lr 1.75e-04 | 13s
[shallow/full] step  25800 | loss 6.4642 (rank 6.461 ctr 0.000) | q_nnz 17.9 (teacher 24.1) | flops 18.3 | lr 1.75e-04 | 6s
[shallow/full] step  26000 | loss 5.1687 (rank 5.165 ctr 0.000) | q_nnz 15.9 (teacher 23.1) | flops 17.8 | lr 1.75e-04 | 6s
[shallow/full] step  26200 | loss 3.4918 (rank 3.488 ctr 0.000) | q_nnz 16.1 (teacher 21.7) | flops 17.9 | lr 1.74e-04 | 6s
[shallow/full] step  26400 | loss 4.8854 (rank 4.882 ctr 0.000) | q_nnz 17.1 (teacher 25.4) | flops 18.3 | lr 1.74e-04 | 14s
[shallow/full] step  26600 | loss 4.8494 (rank 4.846 ctr 0.000) | q_nnz 16.2 (teacher 22.8) | flops 17.0 | lr 1.73e-04 | 6s
[shallow/full] step  26800 | loss 4.9859 (rank 4.983 ctr 0.000) | q_nnz 16.9 (teacher 23.7) | flops 17.0 | lr 1.73e-04 | 6s
[shallow/full] step  27000 | loss 4.5669 (rank 4.563 ctr 0.000) | q_nnz 19.9 (teacher 24.9) | flops 19.4 | lr 1.72e-04 | 13s
[shallow/full] step  27200 | loss 3.9597 (rank 3.956 ctr 0.000) | q_nnz 16.4 (teacher 24.4) | flops 17.7 | lr 1.72e-04 | 6s
[shallow/full] step  27400 | loss 5.1726 (rank 5.169 ctr 0.000) | q_nnz 18.3 (teacher 25.5) | flops 19.0 | lr 1.71e-04 | 6s
[shallow/full] step  27600 | loss 4.6081 (rank 4.604 ctr 0.000) | q_nnz 17.5 (teacher 24.6) | flops 19.0 | lr 1.71e-04 | 14s
[shallow/full] step  27800 | loss 4.4721 (rank 4.469 ctr 0.000) | q_nnz 15.7 (teacher 24.2) | flops 16.6 | lr 1.70e-04 | 6s
[shallow/full] step  28000 | loss 4.0753 (rank 4.072 ctr 0.000) | q_nnz 16.6 (teacher 24.3) | flops 17.3 | lr 1.70e-04 | 6s
[shallow/full] step  28200 | loss 3.9417 (rank 3.938 ctr 0.000) | q_nnz 16.1 (teacher 22.5) | flops 17.5 | lr 1.70e-04 | 13s
[shallow/full] step  28400 | loss 4.3964 (rank 4.393 ctr 0.000) | q_nnz 16.6 (teacher 25.1) | flops 17.9 | lr 1.69e-04 | 6s
[shallow/full] step  28600 | loss 4.6264 (rank 4.623 ctr 0.000) | q_nnz 16.8 (teacher 24.2) | flops 16.0 | lr 1.69e-04 | 6s
[shallow/full] step  28800 | loss 3.6173 (rank 3.614 ctr 0.000) | q_nnz 14.8 (teacher 21.4) | flops 15.2 | lr 1.68e-04 | 14s
[shallow/full] step  29000 | loss 5.9308 (rank 5.927 ctr 0.000) | q_nnz 19.2 (teacher 26.3) | flops 18.7 | lr 1.68e-04 | 6s
[shallow/full] step  29200 | loss 4.2716 (rank 4.268 ctr 0.000) | q_nnz 16.8 (teacher 23.9) | flops 17.0 | lr 1.67e-04 | 6s
[shallow/full] step  29400 | loss 4.0595 (rank 4.057 ctr 0.000) | q_nnz 14.4 (teacher 22.0) | flops 14.0 | lr 1.67e-04 | 13s
[shallow/full] step  29600 | loss 3.8878 (rank 3.885 ctr 0.000) | q_nnz 14.1 (teacher 20.7) | flops 15.9 | lr 1.66e-04 | 6s
[shallow/full] step  29800 | loss 5.0916 (rank 5.088 ctr 0.000) | q_nnz 17.0 (teacher 24.6) | flops 17.6 | lr 1.66e-04 | 6s
[shallow/full] step  30000 | loss 4.6089 (rank 4.605 ctr 0.000) | q_nnz 17.7 (teacher 24.8) | flops 17.6 | lr 1.65e-04 | 13s
  Saved → checkpoints_splade-v3/splade_shallow_first5/align_step_30000.pt
[shallow] Eval at step 30000 …
  [NanoMSMARCO] loading …
  [NanoMSMARCO] encoding 5043 docs (doc_splade) …
  [NanoMSMARCO] encoding 50 queries (query_model, dense) …
  [NanoMSMARCO] NDCG@10  query_doc (dense)  : 0.7020
  [NanoNFCorpus] loading …
  [NanoNFCorpus] encoding 2953 docs (doc_splade) …
  [NanoNFCorpus] encoding 50 queries (query_model, dense) …
  [NanoNFCorpus] NDCG@10  query_doc (dense)  : 0.3145
  New best NanoMSMARCO query_doc NDCG@10=0.7020 → checkpoints_splade-v3/splade_shallow_first5/best_NanoMSMARCO.pt
[shallow/full] step  30200 | loss 4.0074 (rank 4.004 ctr 0.000) | q_nnz 14.6 (teacher 22.9) | flops 15.6 | lr 1.65e-04 | 58s
[shallow/full] step  30400 | loss 4.3041 (rank 4.301 ctr 0.000) | q_nnz 14.6 (teacher 24.4) | flops 15.6 | lr 1.64e-04 | 6s
[shallow/full] step  30600 | loss 4.3828 (rank 4.379 ctr 0.000) | q_nnz 16.9 (teacher 23.9) | flops 17.2 | lr 1.64e-04 | 14s
[shallow/full] step  30800 | loss 4.1717 (rank 4.168 ctr 0.000) | q_nnz 14.5 (teacher 24.0) | flops 16.2 | lr 1.63e-04 | 6s
[shallow/full] step  31000 | loss 3.8322 (rank 3.829 ctr 0.000) | q_nnz 15.1 (teacher 22.3) | flops 15.8 | lr 1.63e-04 | 6s
[shallow/full] step  31200 | loss 4.4898 (rank 4.486 ctr 0.000) | q_nnz 16.4 (teacher 24.6) | flops 16.9 | lr 1.62e-04 | 6s
[shallow/full] step  31400 | loss 4.4277 (rank 4.424 ctr 0.000) | q_nnz 15.4 (teacher 22.6) | flops 16.1 | lr 1.61e-04 | 14s
[shallow/full] step  31600 | loss 3.7515 (rank 3.748 ctr 0.000) | q_nnz 15.2 (teacher 22.7) | flops 15.8 | lr 1.61e-04 | 6s
[shallow/full] step  31800 | loss 4.7740 (rank 4.770 ctr 0.000) | q_nnz 19.0 (teacher 25.2) | flops 18.9 | lr 1.60e-04 | 6s
[shallow/full] step  32000 | loss 3.9303 (rank 3.927 ctr 0.000) | q_nnz 14.8 (teacher 23.8) | flops 15.9 | lr 1.60e-04 | 14s
[shallow/full] step  32200 | loss 5.4216 (rank 5.418 ctr 0.000) | q_nnz 19.7 (teacher 24.2) | flops 19.1 | lr 1.59e-04 | 6s
[shallow/full] step  32400 | loss 4.7469 (rank 4.744 ctr 0.000) | q_nnz 16.6 (teacher 26.2) | flops 16.6 | lr 1.59e-04 | 6s
[shallow/full] step  32600 | loss 4.9007 (rank 4.897 ctr 0.000) | q_nnz 18.7 (teacher 29.3) | flops 19.2 | lr 1.58e-04 | 14s
[shallow/full] step  32800 | loss 3.9332 (rank 3.930 ctr 0.000) | q_nnz 15.2 (teacher 22.2) | flops 16.2 | lr 1.58e-04 | 6s
[shallow/full] step  33000 | loss 4.3397 (rank 4.337 ctr 0.000) | q_nnz 16.4 (teacher 23.6) | flops 15.4 | lr 1.57e-04 | 6s
[shallow/full] step  33200 | loss 4.1229 (rank 4.119 ctr 0.000) | q_nnz 19.9 (teacher 25.6) | flops 18.9 | lr 1.57e-04 | 14s
[shallow/full] step  33400 | loss 4.1702 (rank 4.167 ctr 0.000) | q_nnz 16.5 (teacher 24.9) | flops 16.5 | lr 1.56e-04 | 6s
[shallow/full] step  33600 | loss 3.0609 (rank 3.058 ctr 0.000) | q_nnz 13.6 (teacher 20.4) | flops 16.1 | lr 1.56e-04 | 6s
[shallow/full] step  33800 | loss 5.0346 (rank 5.031 ctr 0.000) | q_nnz 16.8 (teacher 22.8) | flops 18.0 | lr 1.55e-04 | 14s
[shallow/full] step  34000 | loss 4.3747 (rank 4.371 ctr 0.000) | q_nnz 15.1 (teacher 23.6) | flops 16.3 | lr 1.54e-04 | 6s
[shallow/full] step  34200 | loss 4.0448 (rank 4.041 ctr 0.000) | q_nnz 17.1 (teacher 23.5) | flops 18.1 | lr 1.54e-04 | 6s
[shallow/full] step  34400 | loss 3.8572 (rank 3.854 ctr 0.000) | q_nnz 15.1 (teacher 23.0) | flops 15.6 | lr 1.53e-04 | 13s
[shallow/full] step  34600 | loss 3.8780 (rank 3.874 ctr 0.000) | q_nnz 17.4 (teacher 23.2) | flops 17.9 | lr 1.53e-04 | 6s
[shallow/full] step  34800 | loss 5.0040 (rank 5.001 ctr 0.000) | q_nnz 18.0 (teacher 25.8) | flops 17.6 | lr 1.52e-04 | 6s
[shallow/full] step  35000 | loss 3.6235 (rank 3.620 ctr 0.000) | q_nnz 15.1 (teacher 22.7) | flops 16.6 | lr 1.52e-04 | 13s
[shallow/full] step  35200 | loss 4.3815 (rank 4.378 ctr 0.000) | q_nnz 15.6 (teacher 22.8) | flops 17.5 | lr 1.51e-04 | 6s
[shallow/full] step  35400 | loss 4.2216 (rank 4.218 ctr 0.000) | q_nnz 18.1 (teacher 24.5) | flops 17.5 | lr 1.50e-04 | 6s
[shallow/full] step  35600 | loss 5.3836 (rank 5.380 ctr 0.000) | q_nnz 18.6 (teacher 25.3) | flops 18.6 | lr 1.50e-04 | 14s
[shallow/full] step  35800 | loss 4.5413 (rank 4.538 ctr 0.000) | q_nnz 16.0 (teacher 23.3) | flops 17.9 | lr 1.49e-04 | 6s
[shallow/full] step  36000 | loss 3.9097 (rank 3.906 ctr 0.000) | q_nnz 17.2 (teacher 22.2) | flops 17.9 | lr 1.49e-04 | 6s
[shallow/full] step  36200 | loss 4.0742 (rank 4.071 ctr 0.000) | q_nnz 14.4 (teacher 22.9) | flops 15.6 | lr 1.48e-04 | 14s
[shallow/full] step  36400 | loss 3.4500 (rank 3.447 ctr 0.000) | q_nnz 15.5 (teacher 23.6) | flops 16.4 | lr 1.48e-04 | 6s
[shallow/full] step  36600 | loss 4.2421 (rank 4.239 ctr 0.000) | q_nnz 17.1 (teacher 25.2) | flops 16.8 | lr 1.47e-04 | 6s
[shallow/full] step  36800 | loss 3.8347 (rank 3.831 ctr 0.000) | q_nnz 16.8 (teacher 24.1) | flops 17.3 | lr 1.46e-04 | 6s
[shallow/full] step  37000 | loss 3.7773 (rank 3.774 ctr 0.000) | q_nnz 15.2 (teacher 24.4) | flops 15.2 | lr 1.46e-04 | 14s
[shallow/full] step  37200 | loss 4.0907 (rank 4.087 ctr 0.000) | q_nnz 17.7 (teacher 24.9) | flops 18.8 | lr 1.45e-04 | 6s
[shallow/full] step  37400 | loss 4.5963 (rank 4.593 ctr 0.000) | q_nnz 15.0 (teacher 21.7) | flops 16.4 | lr 1.45e-04 | 6s
[shallow/full] step  37600 | loss 5.5456 (rank 5.542 ctr 0.000) | q_nnz 17.4 (teacher 28.0) | flops 17.6 | lr 1.44e-04 | 16s
[shallow/full] step  37800 | loss 4.4124 (rank 4.409 ctr 0.000) | q_nnz 16.2 (teacher 24.5) | flops 17.6 | lr 1.43e-04 | 6s
[shallow/full] step  38000 | loss 4.5029 (rank 4.499 ctr 0.000) | q_nnz 18.1 (teacher 25.9) | flops 19.1 | lr 1.43e-04 | 6s
[shallow/full] step  38200 | loss 3.1888 (rank 3.186 ctr 0.000) | q_nnz 13.6 (teacher 21.9) | flops 15.2 | lr 1.42e-04 | 13s
[shallow/full] step  38400 | loss 5.0386 (rank 5.035 ctr 0.000) | q_nnz 17.6 (teacher 26.4) | flops 17.2 | lr 1.42e-04 | 6s
[shallow/full] step  38600 | loss 4.3910 (rank 4.387 ctr 0.000) | q_nnz 17.3 (teacher 22.7) | flops 17.6 | lr 1.41e-04 | 6s
[shallow/full] step  38800 | loss 4.5334 (rank 4.530 ctr 0.000) | q_nnz 18.8 (teacher 23.7) | flops 18.7 | lr 1.40e-04 | 14s
[shallow/full] step  39000 | loss 4.5993 (rank 4.596 ctr 0.000) | q_nnz 15.4 (teacher 25.2) | flops 15.9 | lr 1.40e-04 | 6s
[shallow/full] step  39200 | loss 3.6823 (rank 3.679 ctr 0.000) | q_nnz 15.7 (teacher 20.8) | flops 16.5 | lr 1.39e-04 | 6s
[shallow/full] step  39400 | loss 5.9827 (rank 5.979 ctr 0.000) | q_nnz 19.2 (teacher 30.4) | flops 17.0 | lr 1.39e-04 | 14s
[shallow/full] step  39600 | loss 4.9605 (rank 4.957 ctr 0.000) | q_nnz 17.9 (teacher 25.4) | flops 17.9 | lr 1.38e-04 | 6s
[shallow/full] step  39800 | loss 5.2956 (rank 5.292 ctr 0.000) | q_nnz 17.6 (teacher 27.2) | flops 17.5 | lr 1.37e-04 | 6s
[shallow/full] step  40000 | loss 3.8275 (rank 3.824 ctr 0.000) | q_nnz 17.4 (teacher 26.1) | flops 17.4 | lr 1.37e-04 | 14s
  Saved → checkpoints_splade-v3/splade_shallow_first5/align_step_40000.pt
[shallow] Eval at step 40000 …
  [NanoMSMARCO] loading …
  [NanoMSMARCO] encoding 5043 docs (doc_splade) …
  [NanoMSMARCO] encoding 50 queries (query_model, dense) …
  [NanoMSMARCO] NDCG@10  query_doc (dense)  : 0.6934
  [NanoNFCorpus] loading …
  [NanoNFCorpus] encoding 2953 docs (doc_splade) …
  [NanoNFCorpus] encoding 50 queries (query_model, dense) …
  [NanoNFCorpus] NDCG@10  query_doc (dense)  : 0.3199
[shallow/full] step  40200 | loss 3.5678 (rank 3.564 ctr 0.000) | q_nnz 16.7 (teacher 22.8) | flops 17.0 | lr 1.36e-04 | 58s
[shallow/full] step  40400 | loss 5.0093 (rank 5.006 ctr 0.000) | q_nnz 16.0 (teacher 21.6) | flops 15.8 | lr 1.35e-04 | 6s
[shallow/full] step  40600 | loss 4.1107 (rank 4.107 ctr 0.000) | q_nnz 18.4 (teacher 24.9) | flops 18.5 | lr 1.35e-04 | 13s
[shallow/full] step  40800 | loss 3.9163 (rank 3.913 ctr 0.000) | q_nnz 18.8 (teacher 24.9) | flops 18.4 | lr 1.34e-04 | 6s
[shallow/full] step  41000 | loss 3.5223 (rank 3.519 ctr 0.000) | q_nnz 15.9 (teacher 19.8) | flops 17.5 | lr 1.34e-04 | 6s
[shallow/full] step  41200 | loss 4.2145 (rank 4.211 ctr 0.000) | q_nnz 15.9 (teacher 21.3) | flops 15.9 | lr 1.33e-04 | 14s
[shallow/full] step  41400 | loss 4.8843 (rank 4.881 ctr 0.000) | q_nnz 16.0 (teacher 25.9) | flops 17.5 | lr 1.32e-04 | 6s
[shallow/full] step  41600 | loss 3.7827 (rank 3.780 ctr 0.000) | q_nnz 16.4 (teacher 21.3) | flops 16.0 | lr 1.32e-04 | 6s
[shallow/full] step  41800 | loss 4.3833 (rank 4.380 ctr 0.000) | q_nnz 18.6 (teacher 25.0) | flops 18.8 | lr 1.31e-04 | 6s
[shallow/full] step  42000 | loss 4.0387 (rank 4.035 ctr 0.000) | q_nnz 17.3 (teacher 24.6) | flops 18.3 | lr 1.30e-04 | 13s
[shallow/full] step  42200 | loss 4.4200 (rank 4.416 ctr 0.000) | q_nnz 16.6 (teacher 22.6) | flops 18.0 | lr 1.30e-04 | 6s
[shallow/full] step  42400 | loss 4.6870 (rank 4.683 ctr 0.000) | q_nnz 17.7 (teacher 26.1) | flops 18.4 | lr 1.29e-04 | 6s
[shallow/full] step  42600 | loss 4.0367 (rank 4.033 ctr 0.000) | q_nnz 17.1 (teacher 22.6) | flops 17.0 | lr 1.29e-04 | 14s
[shallow/full] step  42800 | loss 3.7311 (rank 3.728 ctr 0.000) | q_nnz 14.7 (teacher 25.1) | flops 15.3 | lr 1.28e-04 | 6s
[shallow/full] step  43000 | loss 3.6846 (rank 3.681 ctr 0.000) | q_nnz 15.1 (teacher 23.4) | flops 17.0 | lr 1.27e-04 | 6s
[shallow/full] step  43200 | loss 4.1354 (rank 4.132 ctr 0.000) | q_nnz 19.0 (teacher 24.8) | flops 18.3 | lr 1.27e-04 | 13s
[shallow/full] step  43400 | loss 4.2083 (rank 4.204 ctr 0.000) | q_nnz 19.4 (teacher 27.8) | flops 19.3 | lr 1.26e-04 | 6s
[shallow/full] step  43600 | loss 4.5595 (rank 4.556 ctr 0.000) | q_nnz 15.6 (teacher 24.1) | flops 15.5 | lr 1.25e-04 | 6s
[shallow/full] step  43800 | loss 3.3406 (rank 3.337 ctr 0.000) | q_nnz 15.3 (teacher 21.8) | flops 17.3 | lr 1.25e-04 | 14s
[shallow/full] step  44000 | loss 4.1938 (rank 4.190 ctr 0.000) | q_nnz 17.6 (teacher 25.5) | flops 18.0 | lr 1.24e-04 | 6s
[shallow/full] step  44200 | loss 4.2468 (rank 4.243 ctr 0.000) | q_nnz 17.6 (teacher 26.5) | flops 17.8 | lr 1.23e-04 | 6s
[shallow/full] step  44400 | loss 3.8388 (rank 3.835 ctr 0.000) | q_nnz 15.4 (teacher 22.4) | flops 17.3 | lr 1.23e-04 | 14s
[shallow/full] step  44600 | loss 3.8296 (rank 3.826 ctr 0.000) | q_nnz 15.0 (teacher 22.0) | flops 16.2 | lr 1.22e-04 | 6s
[shallow/full] step  44800 | loss 3.4255 (rank 3.422 ctr 0.000) | q_nnz 16.6 (teacher 24.7) | flops 17.4 | lr 1.21e-04 | 6s
[shallow/full] step  45000 | loss 3.6178 (rank 3.614 ctr 0.000) | q_nnz 16.9 (teacher 23.3) | flops 16.9 | lr 1.21e-04 | 13s
[shallow/full] step  45200 | loss 3.2413 (rank 3.238 ctr 0.000) | q_nnz 16.7 (teacher 23.8) | flops 18.1 | lr 1.20e-04 | 6s
[shallow/full] step  45400 | loss 3.7251 (rank 3.722 ctr 0.000) | q_nnz 15.8 (teacher 22.8) | flops 17.3 | lr 1.20e-04 | 6s
[shallow/full] step  45600 | loss 4.6611 (rank 4.658 ctr 0.000) | q_nnz 17.4 (teacher 25.0) | flops 17.5 | lr 1.19e-04 | 14s
[shallow/full] step  45800 | loss 3.7158 (rank 3.712 ctr 0.000) | q_nnz 16.1 (teacher 22.4) | flops 16.6 | lr 1.18e-04 | 6s
[shallow/full] step  46000 | loss 4.3658 (rank 4.363 ctr 0.000) | q_nnz 15.6 (teacher 22.2) | flops 15.8 | lr 1.18e-04 | 6s
[shallow/full] step  46200 | loss 3.4240 (rank 3.421 ctr 0.000) | q_nnz 17.7 (teacher 21.9) | flops 17.2 | lr 1.17e-04 | 13s
[shallow/full] step  46400 | loss 3.4841 (rank 3.481 ctr 0.000) | q_nnz 14.9 (teacher 20.7) | flops 16.2 | lr 1.16e-04 | 6s
[shallow/full] step  46600 | loss 3.3461 (rank 3.343 ctr 0.000) | q_nnz 16.5 (teacher 22.6) | flops 17.6 | lr 1.16e-04 | 6s
[shallow/full] step  46800 | loss 4.3144 (rank 4.311 ctr 0.000) | q_nnz 15.5 (teacher 23.2) | flops 17.1 | lr 1.15e-04 | 14s
[shallow/full] step  47000 | loss 4.2744 (rank 4.271 ctr 0.000) | q_nnz 15.3 (teacher 21.9) | flops 16.4 | lr 1.14e-04 | 6s
[shallow/full] step  47200 | loss 3.6354 (rank 3.632 ctr 0.000) | q_nnz 14.3 (teacher 21.8) | flops 16.0 | lr 1.14e-04 | 6s
[shallow/full] step  47400 | loss 3.5988 (rank 3.595 ctr 0.000) | q_nnz 16.5 (teacher 23.7) | flops 16.3 | lr 1.13e-04 | 6s
[shallow/full] step  47600 | loss 3.5872 (rank 3.584 ctr 0.000) | q_nnz 15.3 (teacher 23.8) | flops 16.8 | lr 1.12e-04 | 13s
[shallow/full] step  47800 | loss 5.7160 (rank 5.712 ctr 0.000) | q_nnz 19.8 (teacher 25.1) | flops 19.1 | lr 1.12e-04 | 6s
[shallow/full] step  48000 | loss 4.5902 (rank 4.586 ctr 0.000) | q_nnz 18.9 (teacher 26.5) | flops 18.5 | lr 1.11e-04 | 6s
[shallow/full] step  48200 | loss 4.1109 (rank 4.108 ctr 0.000) | q_nnz 16.5 (teacher 22.6) | flops 16.8 | lr 1.10e-04 | 14s
[shallow/full] step  48400 | loss 5.0593 (rank 5.056 ctr 0.000) | q_nnz 18.4 (teacher 27.4) | flops 17.7 | lr 1.10e-04 | 6s
[shallow/full] step  48600 | loss 4.2915 (rank 4.288 ctr 0.000) | q_nnz 15.9 (teacher 24.1) | flops 15.9 | lr 1.09e-04 | 6s
[shallow/full] step  48800 | loss 4.2469 (rank 4.243 ctr 0.000) | q_nnz 17.4 (teacher 23.6) | flops 17.3 | lr 1.08e-04 | 14s
[shallow/full] step  49000 | loss 4.2440 (rank 4.240 ctr 0.000) | q_nnz 17.6 (teacher 25.6) | flops 18.5 | lr 1.08e-04 | 6s
[shallow/full] step  49200 | loss 4.8517 (rank 4.848 ctr 0.000) | q_nnz 17.8 (teacher 23.8) | flops 17.5 | lr 1.07e-04 | 6s
[shallow/full] step  49400 | loss 3.4567 (rank 3.453 ctr 0.000) | q_nnz 15.9 (teacher 22.4) | flops 16.7 | lr 1.06e-04 | 14s
[shallow/full] step  49600 | loss 4.1390 (rank 4.136 ctr 0.000) | q_nnz 16.2 (teacher 22.9) | flops 17.3 | lr 1.06e-04 | 6s
[shallow/full] step  49800 | loss 3.5584 (rank 3.555 ctr 0.000) | q_nnz 16.4 (teacher 26.6) | flops 17.1 | lr 1.05e-04 | 6s
[shallow/full] step  50000 | loss 3.0745 (rank 3.071 ctr 0.000) | q_nnz 14.4 (teacher 21.5) | flops 15.4 | lr 1.04e-04 | 16s
  Saved → checkpoints_splade-v3/splade_shallow_first5/align_step_50000.pt
[shallow] Eval at step 50000 …
  [NanoMSMARCO] loading …
  [NanoMSMARCO] encoding 5043 docs (doc_splade) …
  [NanoMSMARCO] encoding 50 queries (query_model, dense) …
  [NanoMSMARCO] NDCG@10  query_doc (dense)  : 0.7083
  [NanoNFCorpus] loading …
  [NanoNFCorpus] encoding 2953 docs (doc_splade) …
  [NanoNFCorpus] encoding 50 queries (query_model, dense) …
  [NanoNFCorpus] NDCG@10  query_doc (dense)  : 0.3289
  New best NanoMSMARCO query_doc NDCG@10=0.7083 → checkpoints_splade-v3/splade_shallow_first5/best_NanoMSMARCO.pt
[shallow] Done. Final checkpoint → checkpoints_splade-v3/splade_shallow_first5/align_final.pt
