Device: cuda
[shallow] doc=naver/splade-v3 | n_layers=2 | freeze_warmup=5000 | alignment=50000 | lr=0.0002 | nway=8 | lambda_q=0.0002 | align_loss_kind=mse | kd_temperature=1.0 | use_contrastive=False | contrastive_coeff=0.0 | log_ranking_metrics=False | grad_accum=2 | freeze_head_after_warmup=True
[shallow] Loading frozen doc SPLADE: naver/splade-v3 …

Loading weights:   0%|          | 0/204 [00:00<?, ?it/s]
Loading weights: 100%|██████████| 204/204 [00:00<00:00, 48262.06it/s]
[shallow] Building shallow query model from same checkpoint, keeping 2 layers …
[shallow] Using explicit doc-layer indices for query body: [10, 11]

Loading weights:   0%|          | 0/204 [00:00<?, ?it/s]
Loading weights: 100%|██████████| 204/204 [00:00<00:00, 21413.43it/s]
/home/capemox/projects/sae-smo-splade/train.py:2659: FutureWarning: `torch.cuda.amp.GradScaler(args...)` is deprecated. Please use `torch.amp.GradScaler('cuda', args...)` instead.
  scaler = GradScaler(enabled=fp16 and device.type == "cuda")
Exception in thread Thread-auto_conversion:
Traceback (most recent call last):
  File "/home/capemox/.local/share/uv/python/cpython-3.10.16-linux-x86_64-gnu/lib/python3.10/threading.py", line 1016, in _bootstrap_inner
    self.run()
  File "/home/capemox/.local/share/uv/python/cpython-3.10.16-linux-x86_64-gnu/lib/python3.10/threading.py", line 953, in run
    self._target(*self._args, **self._kwargs)
  File "/home/capemox/projects/sae-smo-splade/.venv/lib/python3.10/site-packages/transformers/safetensors_conversion.py", line 117, in auto_conversion
    raise e
  File "/home/capemox/projects/sae-smo-splade/.venv/lib/python3.10/site-packages/transformers/safetensors_conversion.py", line 96, in auto_conversion
    sha = get_conversion_pr_reference(api, pretrained_model_name_or_path, **cached_file_kwargs)
  File "/home/capemox/projects/sae-smo-splade/.venv/lib/python3.10/site-packages/transformers/safetensors_conversion.py", line 77, in get_conversion_pr_reference
    raise OSError(
OSError: Could not create safetensors conversion PR. The repo does not appear to have a file named pytorch_model.bin or model.safetensors.If you are loading with variant, use `use_safetensors=False` to load the original model.
Exception in thread Thread-auto_conversion:
Traceback (most recent call last):
  File "/home/capemox/.local/share/uv/python/cpython-3.10.16-linux-x86_64-gnu/lib/python3.10/threading.py", line 1016, in _bootstrap_inner
    self.run()
  File "/home/capemox/.local/share/uv/python/cpython-3.10.16-linux-x86_64-gnu/lib/python3.10/threading.py", line 953, in run
    self._target(*self._args, **self._kwargs)
  File "/home/capemox/projects/sae-smo-splade/.venv/lib/python3.10/site-packages/transformers/safetensors_conversion.py", line 117, in auto_conversion
    raise e
  File "/home/capemox/projects/sae-smo-splade/.venv/lib/python3.10/site-packages/transformers/safetensors_conversion.py", line 96, in auto_conversion
    sha = get_conversion_pr_reference(api, pretrained_model_name_or_path, **cached_file_kwargs)
  File "/home/capemox/projects/sae-smo-splade/.venv/lib/python3.10/site-packages/transformers/safetensors_conversion.py", line 77, in get_conversion_pr_reference
    raise OSError(
OSError: Could not create safetensors conversion PR. The repo does not appear to have a file named pytorch_model.bin or model.safetensors.If you are loading with variant, use `use_safetensors=False` to load the original model.
/home/capemox/projects/sae-smo-splade/train.py:2793: FutureWarning: `torch.cuda.amp.autocast(args...)` is deprecated. Please use `torch.amp.autocast('cuda', args...)` instead.
  with autocast(enabled=fp16 and device.type == "cuda"):
/home/capemox/projects/sae-smo-splade/train.py:2857: UserWarning: Detected call of `lr_scheduler.step()` before `optimizer.step()`. In PyTorch 1.1.0 and later, you should call them in the opposite order: `optimizer.step()` before `lr_scheduler.step()`.  Failure to do this will result in PyTorch skipping the first value of the learning rate schedule. See more details at https://pytorch.org/docs/stable/optim.html#how-to-adjust-learning-rate
  scaler.step(optimizer); scaler.update(); scheduler.step()
[shallow] Query model params (after truncation): 38.6M (was 12-layer original); will freeze embeddings + head during warmup.
[shallow] Phase 0 (frozen warmup). Trainable params: 14.2M / 38.6M total.
[shallow] Initial eval — doc_doc ceiling + query_doc baseline …
  [NanoMSMARCO] loading …
  [NanoMSMARCO] encoding 5043 docs (doc_splade) …
  [NanoMSMARCO] encoding 50 queries (doc_doc ceiling) …
  [NanoMSMARCO] NDCG@10  doc_doc (ceiling) : 0.7001
  [NanoMSMARCO] encoding 50 queries (query_model, dense) …
  [NanoMSMARCO] NDCG@10  query_doc (dense)  : 0.5918
  [NanoNFCorpus] loading …
  [NanoNFCorpus] encoding 2953 docs (doc_splade) …
  [NanoNFCorpus] encoding 50 queries (doc_doc ceiling) …
  [NanoNFCorpus] NDCG@10  doc_doc (ceiling) : 0.3448
  [NanoNFCorpus] encoding 50 queries (query_model, dense) …
  [NanoNFCorpus] NDCG@10  query_doc (dense)  : 0.3115
[shallow] Training loop (50000 steps remaining) …
[shallow/warm] step    200 | loss 7.3331 (rank 7.333 ctr 0.000) | q_nnz 66.9 (teacher 24.1) | flops 18.0 | lr 2.00e-04 | 16s
[shallow/warm] step    400 | loss 5.7386 (rank 5.738 ctr 0.000) | q_nnz 55.7 (teacher 23.7) | flops 16.5 | lr 2.00e-04 | 4s
[shallow/warm] step    600 | loss 5.3666 (rank 5.366 ctr 0.000) | q_nnz 50.3 (teacher 23.9) | flops 18.1 | lr 2.00e-04 | 4s
[shallow/warm] step    800 | loss 5.8603 (rank 5.860 ctr 0.000) | q_nnz 36.6 (teacher 22.3) | flops 18.3 | lr 2.00e-04 | 12s
[shallow/warm] step   1000 | loss 4.8937 (rank 4.893 ctr 0.000) | q_nnz 32.1 (teacher 21.8) | flops 18.3 | lr 2.00e-04 | 4s
[shallow/warm] step   1200 | loss 5.3577 (rank 5.357 ctr 0.000) | q_nnz 19.2 (teacher 22.6) | flops 17.8 | lr 2.00e-04 | 4s
[shallow/warm] step   1400 | loss 7.8295 (rank 7.828 ctr 0.000) | q_nnz 22.5 (teacher 24.3) | flops 20.1 | lr 2.00e-04 | 12s
[shallow/warm] step   1600 | loss 7.5364 (rank 7.535 ctr 0.000) | q_nnz 22.2 (teacher 24.0) | flops 20.8 | lr 2.00e-04 | 4s
[shallow/warm] step   1800 | loss 8.4666 (rank 8.465 ctr 0.000) | q_nnz 22.4 (teacher 23.8) | flops 20.3 | lr 2.00e-04 | 4s
[shallow/warm] step   2000 | loss 6.4431 (rank 6.442 ctr 0.000) | q_nnz 18.3 (teacher 21.7) | flops 18.9 | lr 2.00e-04 | 11s
[shallow/warm] step   2200 | loss 10.8267 (rank 10.825 ctr 0.000) | q_nnz 23.1 (teacher 24.8) | flops 23.1 | lr 2.00e-04 | 4s
[shallow/warm] step   2400 | loss 8.0998 (rank 8.098 ctr 0.000) | q_nnz 21.2 (teacher 23.2) | flops 21.7 | lr 2.00e-04 | 4s
[shallow/warm] step   2600 | loss 7.8493 (rank 7.847 ctr 0.000) | q_nnz 18.5 (teacher 23.3) | flops 19.4 | lr 2.00e-04 | 13s
[shallow/warm] step   2800 | loss 7.8158 (rank 7.813 ctr 0.000) | q_nnz 19.4 (teacher 21.6) | flops 21.3 | lr 2.00e-04 | 4s
[shallow/warm] step   3000 | loss 5.8736 (rank 5.872 ctr 0.000) | q_nnz 15.7 (teacher 22.4) | flops 16.6 | lr 2.00e-04 | 4s
[shallow/warm] step   3200 | loss 6.5058 (rank 6.504 ctr 0.000) | q_nnz 16.2 (teacher 21.8) | flops 17.6 | lr 2.00e-04 | 12s
[shallow/warm] step   3400 | loss 8.0257 (rank 8.023 ctr 0.000) | q_nnz 19.8 (teacher 24.9) | flops 19.8 | lr 1.99e-04 | 4s
[shallow/warm] step   3600 | loss 9.3310 (rank 9.328 ctr 0.000) | q_nnz 19.5 (teacher 24.6) | flops 21.6 | lr 1.99e-04 | 4s
[shallow/warm] step   3800 | loss 6.9833 (rank 6.980 ctr 0.000) | q_nnz 18.1 (teacher 23.8) | flops 19.3 | lr 1.99e-04 | 12s
[shallow/warm] step   4000 | loss 8.1674 (rank 8.164 ctr 0.000) | q_nnz 20.0 (teacher 27.8) | flops 19.5 | lr 1.99e-04 | 4s
[shallow/warm] step   4200 | loss 6.9846 (rank 6.982 ctr 0.000) | q_nnz 18.7 (teacher 24.4) | flops 18.0 | lr 1.99e-04 | 4s
[shallow/warm] step   4400 | loss 6.3450 (rank 6.342 ctr 0.000) | q_nnz 18.8 (teacher 24.0) | flops 19.9 | lr 1.99e-04 | 11s
[shallow/warm] step   4600 | loss 7.1590 (rank 7.156 ctr 0.000) | q_nnz 17.9 (teacher 24.8) | flops 18.2 | lr 1.99e-04 | 4s
[shallow/warm] step   4800 | loss 6.0245 (rank 6.021 ctr 0.000) | q_nnz 16.8 (teacher 23.4) | flops 18.5 | lr 1.99e-04 | 4s
[shallow/warm] step   5000 | loss 8.1973 (rank 8.194 ctr 0.000) | q_nnz 17.8 (teacher 22.7) | flops 18.9 | lr 1.99e-04 | 11s
[shallow] Step 5000: switched to Phase 1. body_lr=1.99e-04 head_lr=0.00e+00
[shallow/full] step   5200 | loss 8.3269 (rank 8.323 ctr 0.000) | q_nnz 18.7 (teacher 26.1) | flops 18.4 | lr 1.99e-04 | 4s
[shallow/full] step   5400 | loss 6.4326 (rank 6.429 ctr 0.000) | q_nnz 15.9 (teacher 23.9) | flops 15.9 | lr 1.99e-04 | 4s
[shallow/full] step   5600 | loss 6.9109 (rank 6.907 ctr 0.000) | q_nnz 18.6 (teacher 24.7) | flops 19.2 | lr 1.99e-04 | 4s
[shallow/full] step   5800 | loss 6.2543 (rank 6.251 ctr 0.000) | q_nnz 16.0 (teacher 23.9) | flops 16.7 | lr 1.99e-04 | 13s
[shallow/full] step   6000 | loss 5.8988 (rank 5.895 ctr 0.000) | q_nnz 16.3 (teacher 24.1) | flops 17.0 | lr 1.99e-04 | 4s
[shallow/full] step   6200 | loss 6.1626 (rank 6.159 ctr 0.000) | q_nnz 15.1 (teacher 24.4) | flops 16.5 | lr 1.99e-04 | 4s
[shallow/full] step   6400 | loss 7.4606 (rank 7.457 ctr 0.000) | q_nnz 16.2 (teacher 28.6) | flops 17.6 | lr 1.99e-04 | 12s
[shallow/full] step   6600 | loss 6.3568 (rank 6.353 ctr 0.000) | q_nnz 16.7 (teacher 21.7) | flops 17.3 | lr 1.99e-04 | 4s
[shallow/full] step   6800 | loss 6.8882 (rank 6.885 ctr 0.000) | q_nnz 17.8 (teacher 22.6) | flops 18.1 | lr 1.99e-04 | 4s
[shallow/full] step   7000 | loss 5.2765 (rank 5.273 ctr 0.000) | q_nnz 14.0 (teacher 22.1) | flops 15.5 | lr 1.99e-04 | 12s
[shallow/full] step   7200 | loss 7.1596 (rank 7.156 ctr 0.000) | q_nnz 18.2 (teacher 27.8) | flops 18.9 | lr 1.99e-04 | 4s
[shallow/full] step   7400 | loss 6.0922 (rank 6.089 ctr 0.000) | q_nnz 15.9 (teacher 20.8) | flops 18.0 | lr 1.98e-04 | 4s
[shallow/full] step   7600 | loss 6.0489 (rank 6.045 ctr 0.000) | q_nnz 17.4 (teacher 22.4) | flops 17.9 | lr 1.98e-04 | 12s
[shallow/full] step   7800 | loss 6.8772 (rank 6.874 ctr 0.000) | q_nnz 17.2 (teacher 24.2) | flops 18.0 | lr 1.98e-04 | 4s
[shallow/full] step   8000 | loss 9.4902 (rank 9.486 ctr 0.000) | q_nnz 21.2 (teacher 25.2) | flops 21.3 | lr 1.98e-04 | 4s
[shallow/full] step   8200 | loss 6.6226 (rank 6.619 ctr 0.000) | q_nnz 18.6 (teacher 28.0) | flops 18.3 | lr 1.98e-04 | 13s
[shallow/full] step   8400 | loss 4.0166 (rank 4.013 ctr 0.000) | q_nnz 15.2 (teacher 19.6) | flops 16.8 | lr 1.98e-04 | 4s
[shallow/full] step   8600 | loss 5.9360 (rank 5.933 ctr 0.000) | q_nnz 15.9 (teacher 21.7) | flops 16.4 | lr 1.98e-04 | 4s
[shallow/full] step   8800 | loss 5.9688 (rank 5.965 ctr 0.000) | q_nnz 17.9 (teacher 23.4) | flops 19.1 | lr 1.98e-04 | 12s
[shallow/full] step   9000 | loss 7.6165 (rank 7.613 ctr 0.000) | q_nnz 16.6 (teacher 23.2) | flops 17.3 | lr 1.98e-04 | 4s
[shallow/full] step   9200 | loss 7.5796 (rank 7.576 ctr 0.000) | q_nnz 17.3 (teacher 24.7) | flops 19.7 | lr 1.98e-04 | 4s
[shallow/full] step   9400 | loss 5.1505 (rank 5.147 ctr 0.000) | q_nnz 15.9 (teacher 19.9) | flops 17.0 | lr 1.98e-04 | 12s
[shallow/full] step   9600 | loss 6.8185 (rank 6.815 ctr 0.000) | q_nnz 17.9 (teacher 22.0) | flops 18.0 | lr 1.98e-04 | 4s
[shallow/full] step   9800 | loss 5.7716 (rank 5.768 ctr 0.000) | q_nnz 16.9 (teacher 24.9) | flops 17.1 | lr 1.98e-04 | 4s
[shallow/full] step  10000 | loss 6.3209 (rank 6.317 ctr 0.000) | q_nnz 16.9 (teacher 23.9) | flops 18.1 | lr 1.97e-04 | 12s
  Saved → checkpoints_splade-v3/splade_shallow_last2/align_step_10000.pt
[shallow] Eval at step 10000 …
  [NanoMSMARCO] loading …
  [NanoMSMARCO] encoding 5043 docs (doc_splade) …
  [NanoMSMARCO] encoding 50 queries (query_model, dense) …
  [NanoMSMARCO] NDCG@10  query_doc (dense)  : 0.6947
  [NanoNFCorpus] loading …
  [NanoNFCorpus] encoding 2953 docs (doc_splade) …
  [NanoNFCorpus] encoding 50 queries (query_model, dense) …
  [NanoNFCorpus] NDCG@10  query_doc (dense)  : 0.3262
  New best NanoMSMARCO query_doc NDCG@10=0.6947 → checkpoints_splade-v3/splade_shallow_last2/best_NanoMSMARCO.pt
[shallow/full] step  10200 | loss 6.7340 (rank 6.730 ctr 0.000) | q_nnz 18.8 (teacher 23.8) | flops 18.8 | lr 1.97e-04 | 56s
[shallow/full] step  10400 | loss 6.6816 (rank 6.678 ctr 0.000) | q_nnz 17.0 (teacher 25.3) | flops 18.4 | lr 1.97e-04 | 4s
[shallow/full] step  10600 | loss 6.8108 (rank 6.807 ctr 0.000) | q_nnz 15.4 (teacher 23.2) | flops 17.8 | lr 1.97e-04 | 12s
[shallow/full] step  10800 | loss 5.2452 (rank 5.242 ctr 0.000) | q_nnz 16.9 (teacher 20.4) | flops 18.2 | lr 1.97e-04 | 4s
[shallow/full] step  11000 | loss 8.0892 (rank 8.086 ctr 0.000) | q_nnz 17.8 (teacher 24.9) | flops 17.7 | lr 1.97e-04 | 4s
[shallow/full] step  11200 | loss 7.0897 (rank 7.086 ctr 0.000) | q_nnz 16.6 (teacher 24.2) | flops 17.8 | lr 1.97e-04 | 4s
[shallow/full] step  11400 | loss 5.4704 (rank 5.467 ctr 0.000) | q_nnz 15.4 (teacher 19.7) | flops 17.1 | lr 1.96e-04 | 12s
[shallow/full] step  11600 | loss 6.7885 (rank 6.785 ctr 0.000) | q_nnz 16.3 (teacher 21.9) | flops 18.0 | lr 1.96e-04 | 4s
[shallow/full] step  11800 | loss 6.1616 (rank 6.158 ctr 0.000) | q_nnz 19.0 (teacher 21.8) | flops 19.8 | lr 1.96e-04 | 4s
[shallow/full] step  12000 | loss 4.9561 (rank 4.953 ctr 0.000) | q_nnz 15.9 (teacher 20.8) | flops 16.8 | lr 1.96e-04 | 12s
[shallow/full] step  12200 | loss 5.7827 (rank 5.779 ctr 0.000) | q_nnz 19.6 (teacher 24.0) | flops 19.6 | lr 1.96e-04 | 4s
[shallow/full] step  12400 | loss 7.2793 (rank 7.275 ctr 0.000) | q_nnz 19.1 (teacher 24.1) | flops 20.0 | lr 1.96e-04 | 4s
[shallow/full] step  12600 | loss 5.5226 (rank 5.519 ctr 0.000) | q_nnz 17.0 (teacher 24.7) | flops 17.6 | lr 1.96e-04 | 12s
[shallow/full] step  12800 | loss 7.1484 (rank 7.144 ctr 0.000) | q_nnz 20.2 (teacher 26.4) | flops 20.4 | lr 1.95e-04 | 4s
[shallow/full] step  13000 | loss 7.0173 (rank 7.013 ctr 0.000) | q_nnz 19.2 (teacher 24.9) | flops 20.1 | lr 1.95e-04 | 4s
[shallow/full] step  13200 | loss 5.9151 (rank 5.912 ctr 0.000) | q_nnz 15.3 (teacher 23.4) | flops 16.9 | lr 1.95e-04 | 12s
[shallow/full] step  13400 | loss 5.2098 (rank 5.206 ctr 0.000) | q_nnz 14.6 (teacher 19.6) | flops 17.3 | lr 1.95e-04 | 4s
[shallow/full] step  13600 | loss 5.4390 (rank 5.436 ctr 0.000) | q_nnz 16.2 (teacher 22.2) | flops 17.0 | lr 1.95e-04 | 4s
[shallow/full] step  13800 | loss 5.5013 (rank 5.498 ctr 0.000) | q_nnz 15.8 (teacher 21.4) | flops 17.0 | lr 1.94e-04 | 12s
[shallow/full] step  14000 | loss 6.7259 (rank 6.722 ctr 0.000) | q_nnz 20.4 (teacher 26.9) | flops 21.0 | lr 1.94e-04 | 4s
[shallow/full] step  14200 | loss 6.1524 (rank 6.149 ctr 0.000) | q_nnz 18.1 (teacher 24.1) | flops 17.9 | lr 1.94e-04 | 4s
[shallow/full] step  14400 | loss 5.7610 (rank 5.758 ctr 0.000) | q_nnz 14.3 (teacher 21.8) | flops 15.7 | lr 1.94e-04 | 12s
[shallow/full] step  14600 | loss 5.2578 (rank 5.254 ctr 0.000) | q_nnz 16.3 (teacher 22.4) | flops 17.1 | lr 1.94e-04 | 4s
[shallow/full] step  14800 | loss 6.0573 (rank 6.054 ctr 0.000) | q_nnz 15.6 (teacher 24.1) | flops 16.4 | lr 1.93e-04 | 4s
[shallow/full] step  15000 | loss 5.1661 (rank 5.163 ctr 0.000) | q_nnz 16.6 (teacher 26.6) | flops 16.8 | lr 1.93e-04 | 12s
[shallow/full] step  15200 | loss 5.4493 (rank 5.446 ctr 0.000) | q_nnz 14.4 (teacher 23.1) | flops 15.5 | lr 1.93e-04 | 4s
[shallow/full] step  15400 | loss 5.7951 (rank 5.792 ctr 0.000) | q_nnz 16.6 (teacher 24.9) | flops 17.6 | lr 1.93e-04 | 4s
[shallow/full] step  15600 | loss 4.3775 (rank 4.374 ctr 0.000) | q_nnz 14.5 (teacher 22.1) | flops 15.8 | lr 1.92e-04 | 11s
[shallow/full] step  15800 | loss 6.3245 (rank 6.321 ctr 0.000) | q_nnz 19.1 (teacher 28.2) | flops 19.6 | lr 1.92e-04 | 4s
[shallow/full] step  16000 | loss 6.2378 (rank 6.234 ctr 0.000) | q_nnz 17.6 (teacher 22.6) | flops 17.9 | lr 1.92e-04 | 4s
[shallow/full] step  16200 | loss 7.7619 (rank 7.757 ctr 0.000) | q_nnz 22.2 (teacher 25.9) | flops 22.1 | lr 1.92e-04 | 4s
[shallow/full] step  16400 | loss 4.9028 (rank 4.900 ctr 0.000) | q_nnz 15.4 (teacher 21.1) | flops 16.5 | lr 1.91e-04 | 12s
[shallow/full] step  16600 | loss 6.5538 (rank 6.550 ctr 0.000) | q_nnz 17.6 (teacher 24.8) | flops 18.2 | lr 1.91e-04 | 4s
[shallow/full] step  16800 | loss 5.1288 (rank 5.125 ctr 0.000) | q_nnz 17.1 (teacher 22.7) | flops 18.6 | lr 1.91e-04 | 4s
[shallow/full] step  17000 | loss 5.8729 (rank 5.870 ctr 0.000) | q_nnz 17.3 (teacher 22.9) | flops 16.7 | lr 1.91e-04 | 12s
[shallow/full] step  17200 | loss 8.1839 (rank 8.181 ctr 0.000) | q_nnz 16.9 (teacher 26.0) | flops 16.7 | lr 1.90e-04 | 4s
[shallow/full] step  17400 | loss 5.5482 (rank 5.545 ctr 0.000) | q_nnz 17.2 (teacher 22.3) | flops 18.4 | lr 1.90e-04 | 4s
[shallow/full] step  17600 | loss 5.7885 (rank 5.785 ctr 0.000) | q_nnz 16.9 (teacher 22.4) | flops 17.3 | lr 1.90e-04 | 12s
[shallow/full] step  17800 | loss 5.1429 (rank 5.140 ctr 0.000) | q_nnz 16.8 (teacher 22.2) | flops 16.8 | lr 1.90e-04 | 4s
[shallow/full] step  18000 | loss 5.9941 (rank 5.990 ctr 0.000) | q_nnz 18.1 (teacher 24.2) | flops 18.9 | lr 1.89e-04 | 4s
[shallow/full] step  18200 | loss 5.3753 (rank 5.372 ctr 0.000) | q_nnz 15.0 (teacher 21.1) | flops 16.4 | lr 1.89e-04 | 13s
[shallow/full] step  18400 | loss 6.6982 (rank 6.694 ctr 0.000) | q_nnz 19.3 (teacher 25.8) | flops 18.3 | lr 1.89e-04 | 4s
[shallow/full] step  18600 | loss 5.8928 (rank 5.889 ctr 0.000) | q_nnz 19.2 (teacher 24.9) | flops 19.4 | lr 1.88e-04 | 4s
[shallow/full] step  18800 | loss 6.0301 (rank 6.027 ctr 0.000) | q_nnz 17.9 (teacher 22.2) | flops 17.8 | lr 1.88e-04 | 12s
[shallow/full] step  19000 | loss 4.3399 (rank 4.337 ctr 0.000) | q_nnz 14.6 (teacher 18.3) | flops 16.2 | lr 1.88e-04 | 4s
[shallow/full] step  19200 | loss 4.9160 (rank 4.913 ctr 0.000) | q_nnz 17.0 (teacher 22.4) | flops 17.3 | lr 1.87e-04 | 4s
[shallow/full] step  19400 | loss 6.4789 (rank 6.475 ctr 0.000) | q_nnz 17.4 (teacher 24.8) | flops 18.4 | lr 1.87e-04 | 12s
[shallow/full] step  19600 | loss 5.5153 (rank 5.512 ctr 0.000) | q_nnz 18.4 (teacher 24.2) | flops 17.7 | lr 1.87e-04 | 4s
[shallow/full] step  19800 | loss 5.0730 (rank 5.069 ctr 0.000) | q_nnz 17.3 (teacher 24.1) | flops 17.7 | lr 1.87e-04 | 4s
[shallow/full] step  20000 | loss 4.6723 (rank 4.669 ctr 0.000) | q_nnz 14.0 (teacher 23.8) | flops 15.5 | lr 1.86e-04 | 11s
  Saved → checkpoints_splade-v3/splade_shallow_last2/align_step_20000.pt
[shallow] Eval at step 20000 …
  [NanoMSMARCO] loading …
  [NanoMSMARCO] encoding 5043 docs (doc_splade) …
  [NanoMSMARCO] encoding 50 queries (query_model, dense) …
  [NanoMSMARCO] NDCG@10  query_doc (dense)  : 0.6926
  [NanoNFCorpus] loading …
  [NanoNFCorpus] encoding 2953 docs (doc_splade) …
  [NanoNFCorpus] encoding 50 queries (query_model, dense) …
  [NanoNFCorpus] NDCG@10  query_doc (dense)  : 0.3218
[shallow/full] step  20200 | loss 6.0845 (rank 6.081 ctr 0.000) | q_nnz 19.2 (teacher 24.6) | flops 17.7 | lr 1.86e-04 | 56s
[shallow/full] step  20400 | loss 5.1335 (rank 5.130 ctr 0.000) | q_nnz 16.3 (teacher 23.4) | flops 16.3 | lr 1.86e-04 | 4s
[shallow/full] step  20600 | loss 5.1829 (rank 5.180 ctr 0.000) | q_nnz 15.8 (teacher 22.2) | flops 16.5 | lr 1.85e-04 | 12s
[shallow/full] step  20800 | loss 5.5727 (rank 5.569 ctr 0.000) | q_nnz 17.0 (teacher 20.4) | flops 17.2 | lr 1.85e-04 | 4s
[shallow/full] step  21000 | loss 5.2642 (rank 5.261 ctr 0.000) | q_nnz 15.4 (teacher 22.7) | flops 17.5 | lr 1.84e-04 | 4s
[shallow/full] step  21200 | loss 4.8933 (rank 4.890 ctr 0.000) | q_nnz 15.6 (teacher 20.8) | flops 17.2 | lr 1.84e-04 | 12s
[shallow/full] step  21400 | loss 5.3647 (rank 5.362 ctr 0.000) | q_nnz 15.1 (teacher 21.7) | flops 15.4 | lr 1.84e-04 | 4s
[shallow/full] step  21600 | loss 5.4910 (rank 5.488 ctr 0.000) | q_nnz 16.1 (teacher 24.1) | flops 16.5 | lr 1.83e-04 | 4s
[shallow/full] step  21800 | loss 6.2599 (rank 6.256 ctr 0.000) | q_nnz 17.8 (teacher 26.3) | flops 17.9 | lr 1.83e-04 | 4s
[shallow/full] step  22000 | loss 5.2636 (rank 5.260 ctr 0.000) | q_nnz 17.1 (teacher 25.6) | flops 17.6 | lr 1.83e-04 | 12s
[shallow/full] step  22200 | loss 5.5285 (rank 5.525 ctr 0.000) | q_nnz 19.5 (teacher 22.1) | flops 18.5 | lr 1.82e-04 | 4s
[shallow/full] step  22400 | loss 5.6348 (rank 5.632 ctr 0.000) | q_nnz 16.3 (teacher 20.2) | flops 15.4 | lr 1.82e-04 | 4s
[shallow/full] step  22600 | loss 5.0511 (rank 5.048 ctr 0.000) | q_nnz 15.4 (teacher 23.4) | flops 17.2 | lr 1.82e-04 | 12s
[shallow/full] step  22800 | loss 5.4391 (rank 5.436 ctr 0.000) | q_nnz 14.8 (teacher 26.4) | flops 15.2 | lr 1.81e-04 | 4s
[shallow/full] step  23000 | loss 5.7807 (rank 5.777 ctr 0.000) | q_nnz 18.9 (teacher 25.1) | flops 18.5 | lr 1.81e-04 | 4s
[shallow/full] step  23200 | loss 6.5082 (rank 6.504 ctr 0.000) | q_nnz 21.8 (teacher 23.6) | flops 20.4 | lr 1.80e-04 | 12s
[shallow/full] step  23400 | loss 5.4918 (rank 5.489 ctr 0.000) | q_nnz 16.1 (teacher 24.9) | flops 15.9 | lr 1.80e-04 | 4s
[shallow/full] step  23600 | loss 4.3577 (rank 4.355 ctr 0.000) | q_nnz 14.2 (teacher 22.8) | flops 15.0 | lr 1.80e-04 | 4s
[shallow/full] step  23800 | loss 6.2564 (rank 6.253 ctr 0.000) | q_nnz 19.1 (teacher 23.6) | flops 19.3 | lr 1.79e-04 | 12s
[shallow/full] step  24000 | loss 5.7246 (rank 5.721 ctr 0.000) | q_nnz 17.2 (teacher 21.6) | flops 17.6 | lr 1.79e-04 | 4s
[shallow/full] step  24200 | loss 5.5277 (rank 5.524 ctr 0.000) | q_nnz 17.2 (teacher 22.2) | flops 17.4 | lr 1.78e-04 | 4s
[shallow/full] step  24400 | loss 4.8084 (rank 4.805 ctr 0.000) | q_nnz 16.7 (teacher 23.4) | flops 17.2 | lr 1.78e-04 | 12s
[shallow/full] step  24600 | loss 6.7319 (rank 6.728 ctr 0.000) | q_nnz 19.6 (teacher 23.9) | flops 19.5 | lr 1.78e-04 | 4s
[shallow/full] step  24800 | loss 5.2970 (rank 5.294 ctr 0.000) | q_nnz 16.5 (teacher 26.8) | flops 16.4 | lr 1.77e-04 | 4s
[shallow/full] step  25000 | loss 5.4178 (rank 5.414 ctr 0.000) | q_nnz 18.3 (teacher 23.2) | flops 17.7 | lr 1.77e-04 | 15s
[shallow/full] step  25200 | loss 6.1591 (rank 6.156 ctr 0.000) | q_nnz 16.4 (teacher 21.7) | flops 17.3 | lr 1.76e-04 | 4s
[shallow/full] step  25400 | loss 4.6656 (rank 4.662 ctr 0.000) | q_nnz 18.2 (teacher 23.9) | flops 18.8 | lr 1.76e-04 | 4s
[shallow/full] step  25600 | loss 5.8155 (rank 5.811 ctr 0.000) | q_nnz 21.8 (teacher 26.1) | flops 21.1 | lr 1.75e-04 | 15s
[shallow/full] step  25800 | loss 6.6255 (rank 6.622 ctr 0.000) | q_nnz 19.1 (teacher 27.9) | flops 19.2 | lr 1.75e-04 | 4s
[shallow/full] step  26000 | loss 5.8063 (rank 5.803 ctr 0.000) | q_nnz 18.2 (teacher 23.6) | flops 17.3 | lr 1.75e-04 | 4s
[shallow/full] step  26200 | loss 4.5888 (rank 4.585 ctr 0.000) | q_nnz 16.9 (teacher 21.3) | flops 17.3 | lr 1.74e-04 | 4s
[shallow/full] step  26400 | loss 4.7048 (rank 4.702 ctr 0.000) | q_nnz 14.8 (teacher 21.1) | flops 15.1 | lr 1.74e-04 | 13s
[shallow/full] step  26600 | loss 5.9966 (rank 5.993 ctr 0.000) | q_nnz 15.9 (teacher 20.8) | flops 16.8 | lr 1.73e-04 | 4s
[shallow/full] step  26800 | loss 5.4736 (rank 5.470 ctr 0.000) | q_nnz 18.1 (teacher 24.7) | flops 16.7 | lr 1.73e-04 | 4s
[shallow/full] step  27000 | loss 4.7153 (rank 4.712 ctr 0.000) | q_nnz 16.1 (teacher 21.7) | flops 16.7 | lr 1.72e-04 | 12s
[shallow/full] step  27200 | loss 4.8470 (rank 4.844 ctr 0.000) | q_nnz 14.6 (teacher 20.0) | flops 15.4 | lr 1.72e-04 | 4s
[shallow/full] step  27400 | loss 7.6892 (rank 7.685 ctr 0.000) | q_nnz 19.4 (teacher 25.0) | flops 19.5 | lr 1.71e-04 | 4s
[shallow/full] step  27600 | loss 5.7781 (rank 5.774 ctr 0.000) | q_nnz 19.5 (teacher 23.8) | flops 18.9 | lr 1.71e-04 | 13s
[shallow/full] step  27800 | loss 5.8918 (rank 5.888 ctr 0.000) | q_nnz 18.0 (teacher 24.2) | flops 19.0 | lr 1.70e-04 | 4s
[shallow/full] step  28000 | loss 4.9163 (rank 4.913 ctr 0.000) | q_nnz 18.9 (teacher 24.9) | flops 18.7 | lr 1.70e-04 | 4s
[shallow/full] step  28200 | loss 5.8375 (rank 5.834 ctr 0.000) | q_nnz 16.1 (teacher 23.8) | flops 16.0 | lr 1.70e-04 | 13s
[shallow/full] step  28400 | loss 4.7756 (rank 4.772 ctr 0.000) | q_nnz 17.7 (teacher 24.4) | flops 17.9 | lr 1.69e-04 | 4s
[shallow/full] step  28600 | loss 4.2891 (rank 4.286 ctr 0.000) | q_nnz 15.2 (teacher 21.2) | flops 16.1 | lr 1.69e-04 | 4s
[shallow/full] step  28800 | loss 6.0892 (rank 6.085 ctr 0.000) | q_nnz 18.8 (teacher 25.5) | flops 18.7 | lr 1.68e-04 | 13s
[shallow/full] step  29000 | loss 3.9104 (rank 3.907 ctr 0.000) | q_nnz 15.6 (teacher 23.6) | flops 16.7 | lr 1.68e-04 | 4s
[shallow/full] step  29200 | loss 5.3418 (rank 5.338 ctr 0.000) | q_nnz 17.9 (teacher 24.2) | flops 19.1 | lr 1.67e-04 | 4s
[shallow/full] step  29400 | loss 5.2866 (rank 5.283 ctr 0.000) | q_nnz 17.4 (teacher 23.7) | flops 16.8 | lr 1.67e-04 | 12s
[shallow/full] step  29600 | loss 5.2148 (rank 5.212 ctr 0.000) | q_nnz 16.1 (teacher 24.5) | flops 16.0 | lr 1.66e-04 | 4s
[shallow/full] step  29800 | loss 4.9755 (rank 4.972 ctr 0.000) | q_nnz 17.2 (teacher 24.7) | flops 17.3 | lr 1.66e-04 | 4s
[shallow/full] step  30000 | loss 5.8047 (rank 5.801 ctr 0.000) | q_nnz 18.2 (teacher 24.8) | flops 19.1 | lr 1.65e-04 | 12s
  Saved → checkpoints_splade-v3/splade_shallow_last2/align_step_30000.pt
[shallow] Eval at step 30000 …
  [NanoMSMARCO] loading …
  [NanoMSMARCO] encoding 5043 docs (doc_splade) …
  [NanoMSMARCO] encoding 50 queries (query_model, dense) …
  [NanoMSMARCO] NDCG@10  query_doc (dense)  : 0.6845
  [NanoNFCorpus] loading …
  [NanoNFCorpus] encoding 2953 docs (doc_splade) …
  [NanoNFCorpus] encoding 50 queries (query_model, dense) …
  [NanoNFCorpus] NDCG@10  query_doc (dense)  : 0.3214
[shallow/full] step  30200 | loss 5.2514 (rank 5.248 ctr 0.000) | q_nnz 15.7 (teacher 20.9) | flops 16.9 | lr 1.65e-04 | 56s
[shallow/full] step  30400 | loss 4.3066 (rank 4.303 ctr 0.000) | q_nnz 16.1 (teacher 22.6) | flops 17.4 | lr 1.64e-04 | 4s
[shallow/full] step  30600 | loss 3.8979 (rank 3.895 ctr 0.000) | q_nnz 15.8 (teacher 22.2) | flops 16.5 | lr 1.64e-04 | 13s
[shallow/full] step  30800 | loss 5.2300 (rank 5.226 ctr 0.000) | q_nnz 18.2 (teacher 23.9) | flops 18.5 | lr 1.63e-04 | 4s
[shallow/full] step  31000 | loss 5.6818 (rank 5.678 ctr 0.000) | q_nnz 16.9 (teacher 21.8) | flops 16.8 | lr 1.63e-04 | 4s
[shallow/full] step  31200 | loss 4.5442 (rank 4.541 ctr 0.000) | q_nnz 13.8 (teacher 19.1) | flops 15.8 | lr 1.62e-04 | 4s
[shallow/full] step  31400 | loss 6.6507 (rank 6.647 ctr 0.000) | q_nnz 18.9 (teacher 24.9) | flops 18.0 | lr 1.61e-04 | 12s
[shallow/full] step  31600 | loss 6.5315 (rank 6.528 ctr 0.000) | q_nnz 18.0 (teacher 24.8) | flops 19.6 | lr 1.61e-04 | 4s
[shallow/full] step  31800 | loss 5.6109 (rank 5.608 ctr 0.000) | q_nnz 15.9 (teacher 22.1) | flops 17.0 | lr 1.60e-04 | 4s
[shallow/full] step  32000 | loss 4.3916 (rank 4.388 ctr 0.000) | q_nnz 15.9 (teacher 22.2) | flops 16.5 | lr 1.60e-04 | 13s
[shallow/full] step  32200 | loss 6.1070 (rank 6.103 ctr 0.000) | q_nnz 18.6 (teacher 26.2) | flops 17.9 | lr 1.59e-04 | 4s
[shallow/full] step  32400 | loss 5.1300 (rank 5.127 ctr 0.000) | q_nnz 17.5 (teacher 25.6) | flops 17.4 | lr 1.59e-04 | 4s
[shallow/full] step  32600 | loss 4.8869 (rank 4.884 ctr 0.000) | q_nnz 15.3 (teacher 22.4) | flops 15.9 | lr 1.58e-04 | 13s
[shallow/full] step  32800 | loss 6.1209 (rank 6.117 ctr 0.000) | q_nnz 19.2 (teacher 26.1) | flops 17.3 | lr 1.58e-04 | 4s
[shallow/full] step  33000 | loss 5.4762 (rank 5.473 ctr 0.000) | q_nnz 18.2 (teacher 25.8) | flops 18.2 | lr 1.57e-04 | 4s
[shallow/full] step  33200 | loss 6.3201 (rank 6.316 ctr 0.000) | q_nnz 16.2 (teacher 24.3) | flops 18.1 | lr 1.57e-04 | 13s
[shallow/full] step  33400 | loss 5.5545 (rank 5.551 ctr 0.000) | q_nnz 18.4 (teacher 24.0) | flops 18.3 | lr 1.56e-04 | 4s
[shallow/full] step  33600 | loss 5.4310 (rank 5.428 ctr 0.000) | q_nnz 16.9 (teacher 24.1) | flops 17.0 | lr 1.56e-04 | 4s
[shallow/full] step  33800 | loss 5.6949 (rank 5.691 ctr 0.000) | q_nnz 16.8 (teacher 23.1) | flops 17.1 | lr 1.55e-04 | 12s
[shallow/full] step  34000 | loss 4.6765 (rank 4.673 ctr 0.000) | q_nnz 16.1 (teacher 25.0) | flops 15.8 | lr 1.54e-04 | 4s
[shallow/full] step  34200 | loss 4.5691 (rank 4.565 ctr 0.000) | q_nnz 17.5 (teacher 24.9) | flops 18.8 | lr 1.54e-04 | 4s
[shallow/full] step  34400 | loss 5.4590 (rank 5.455 ctr 0.000) | q_nnz 16.7 (teacher 23.6) | flops 17.6 | lr 1.53e-04 | 13s
[shallow/full] step  34600 | loss 5.6156 (rank 5.612 ctr 0.000) | q_nnz 18.7 (teacher 24.7) | flops 17.9 | lr 1.53e-04 | 4s
[shallow/full] step  34800 | loss 4.4879 (rank 4.485 ctr 0.000) | q_nnz 15.4 (teacher 21.8) | flops 15.9 | lr 1.52e-04 | 4s
[shallow/full] step  35000 | loss 3.9042 (rank 3.901 ctr 0.000) | q_nnz 15.5 (teacher 21.2) | flops 16.2 | lr 1.52e-04 | 12s
[shallow/full] step  35200 | loss 4.5467 (rank 4.543 ctr 0.000) | q_nnz 16.2 (teacher 23.6) | flops 16.4 | lr 1.51e-04 | 4s
[shallow/full] step  35400 | loss 4.8118 (rank 4.808 ctr 0.000) | q_nnz 15.9 (teacher 22.7) | flops 16.6 | lr 1.50e-04 | 4s
[shallow/full] step  35600 | loss 6.3581 (rank 6.354 ctr 0.000) | q_nnz 19.6 (teacher 24.3) | flops 19.6 | lr 1.50e-04 | 13s
[shallow/full] step  35800 | loss 4.6416 (rank 4.638 ctr 0.000) | q_nnz 17.2 (teacher 25.5) | flops 16.7 | lr 1.49e-04 | 4s
[shallow/full] step  36000 | loss 5.3895 (rank 5.386 ctr 0.000) | q_nnz 17.4 (teacher 23.8) | flops 18.2 | lr 1.49e-04 | 4s
[shallow/full] step  36200 | loss 4.5528 (rank 4.549 ctr 0.000) | q_nnz 17.6 (teacher 24.2) | flops 17.8 | lr 1.48e-04 | 13s
[shallow/full] step  36400 | loss 5.3604 (rank 5.357 ctr 0.000) | q_nnz 18.5 (teacher 24.1) | flops 18.2 | lr 1.48e-04 | 4s
[shallow/full] step  36600 | loss 5.1812 (rank 5.177 ctr 0.000) | q_nnz 19.2 (teacher 26.0) | flops 18.5 | lr 1.47e-04 | 4s
[shallow/full] step  36800 | loss 4.9916 (rank 4.988 ctr 0.000) | q_nnz 18.3 (teacher 24.0) | flops 18.4 | lr 1.46e-04 | 4s
[shallow/full] step  37000 | loss 4.0867 (rank 4.084 ctr 0.000) | q_nnz 14.6 (teacher 19.6) | flops 14.8 | lr 1.46e-04 | 13s
[shallow/full] step  37200 | loss 4.4444 (rank 4.441 ctr 0.000) | q_nnz 15.7 (teacher 23.2) | flops 16.0 | lr 1.45e-04 | 4s
[shallow/full] step  37400 | loss 5.5714 (rank 5.568 ctr 0.000) | q_nnz 16.5 (teacher 21.4) | flops 17.2 | lr 1.45e-04 | 4s
[shallow/full] step  37600 | loss 6.5189 (rank 6.515 ctr 0.000) | q_nnz 20.9 (teacher 25.7) | flops 20.4 | lr 1.44e-04 | 12s
[shallow/full] step  37800 | loss 5.9413 (rank 5.938 ctr 0.000) | q_nnz 18.1 (teacher 24.0) | flops 17.4 | lr 1.43e-04 | 4s
[shallow/full] step  38000 | loss 4.9133 (rank 4.910 ctr 0.000) | q_nnz 17.6 (teacher 25.4) | flops 17.5 | lr 1.43e-04 | 4s
[shallow/full] step  38200 | loss 4.6884 (rank 4.685 ctr 0.000) | q_nnz 16.3 (teacher 22.8) | flops 16.7 | lr 1.42e-04 | 13s
[shallow/full] step  38400 | loss 5.3306 (rank 5.327 ctr 0.000) | q_nnz 18.6 (teacher 27.6) | flops 18.0 | lr 1.42e-04 | 4s
[shallow/full] step  38600 | loss 5.6251 (rank 5.622 ctr 0.000) | q_nnz 16.5 (teacher 25.7) | flops 17.1 | lr 1.41e-04 | 4s
[shallow/full] step  38800 | loss 4.6649 (rank 4.661 ctr 0.000) | q_nnz 17.8 (teacher 23.8) | flops 17.9 | lr 1.40e-04 | 13s
[shallow/full] step  39000 | loss 4.7641 (rank 4.761 ctr 0.000) | q_nnz 17.7 (teacher 23.0) | flops 18.0 | lr 1.40e-04 | 4s
[shallow/full] step  39200 | loss 5.4100 (rank 5.406 ctr 0.000) | q_nnz 18.2 (teacher 25.2) | flops 17.7 | lr 1.39e-04 | 4s
[shallow/full] step  39400 | loss 4.7202 (rank 4.717 ctr 0.000) | q_nnz 17.4 (teacher 24.0) | flops 18.3 | lr 1.39e-04 | 12s
[shallow/full] step  39600 | loss 5.8623 (rank 5.859 ctr 0.000) | q_nnz 16.2 (teacher 23.2) | flops 18.2 | lr 1.38e-04 | 4s
[shallow/full] step  39800 | loss 4.6032 (rank 4.600 ctr 0.000) | q_nnz 16.9 (teacher 25.3) | flops 17.5 | lr 1.37e-04 | 4s
[shallow/full] step  40000 | loss 4.6462 (rank 4.643 ctr 0.000) | q_nnz 16.9 (teacher 25.3) | flops 16.9 | lr 1.37e-04 | 12s
  Saved → checkpoints_splade-v3/splade_shallow_last2/align_step_40000.pt
[shallow] Eval at step 40000 …
  [NanoMSMARCO] loading …
  [NanoMSMARCO] encoding 5043 docs (doc_splade) …
  [NanoMSMARCO] encoding 50 queries (query_model, dense) …
  [NanoMSMARCO] NDCG@10  query_doc (dense)  : 0.6904
  [NanoNFCorpus] loading …
  [NanoNFCorpus] encoding 2953 docs (doc_splade) …
  [NanoNFCorpus] encoding 50 queries (query_model, dense) …
  [NanoNFCorpus] NDCG@10  query_doc (dense)  : 0.3222
[shallow/full] step  40200 | loss 4.8528 (rank 4.849 ctr 0.000) | q_nnz 17.0 (teacher 23.8) | flops 18.1 | lr 1.36e-04 | 56s
[shallow/full] step  40400 | loss 4.7949 (rank 4.791 ctr 0.000) | q_nnz 17.1 (teacher 23.3) | flops 17.8 | lr 1.35e-04 | 4s
[shallow/full] step  40600 | loss 5.6517 (rank 5.648 ctr 0.000) | q_nnz 15.8 (teacher 24.4) | flops 16.7 | lr 1.35e-04 | 12s
[shallow/full] step  40800 | loss 5.5543 (rank 5.551 ctr 0.000) | q_nnz 17.1 (teacher 25.2) | flops 17.3 | lr 1.34e-04 | 4s
[shallow/full] step  41000 | loss 4.0905 (rank 4.087 ctr 0.000) | q_nnz 15.6 (teacher 21.4) | flops 16.5 | lr 1.34e-04 | 4s
[shallow/full] step  41200 | loss 5.2600 (rank 5.257 ctr 0.000) | q_nnz 17.6 (teacher 25.0) | flops 17.4 | lr 1.33e-04 | 13s
[shallow/full] step  41400 | loss 5.6170 (rank 5.613 ctr 0.000) | q_nnz 18.4 (teacher 23.8) | flops 17.7 | lr 1.32e-04 | 4s
[shallow/full] step  41600 | loss 5.1776 (rank 5.174 ctr 0.000) | q_nnz 17.1 (teacher 23.8) | flops 17.0 | lr 1.32e-04 | 4s
[shallow/full] step  41800 | loss 4.3848 (rank 4.382 ctr 0.000) | q_nnz 14.8 (teacher 21.4) | flops 15.8 | lr 1.31e-04 | 4s
[shallow/full] step  42000 | loss 4.9767 (rank 4.973 ctr 0.000) | q_nnz 19.1 (teacher 25.0) | flops 18.5 | lr 1.30e-04 | 12s
[shallow/full] step  42200 | loss 3.4957 (rank 3.493 ctr 0.000) | q_nnz 14.1 (teacher 21.8) | flops 14.8 | lr 1.30e-04 | 4s
[shallow/full] step  42400 | loss 5.3363 (rank 5.333 ctr 0.000) | q_nnz 16.5 (teacher 25.8) | flops 16.8 | lr 1.29e-04 | 4s
[shallow/full] step  42600 | loss 6.1527 (rank 6.149 ctr 0.000) | q_nnz 18.8 (teacher 24.1) | flops 18.6 | lr 1.29e-04 | 12s
[shallow/full] step  42800 | loss 5.0848 (rank 5.081 ctr 0.000) | q_nnz 17.2 (teacher 22.4) | flops 18.5 | lr 1.28e-04 | 4s
[shallow/full] step  43000 | loss 6.1951 (rank 6.192 ctr 0.000) | q_nnz 17.6 (teacher 23.6) | flops 17.4 | lr 1.27e-04 | 4s
[shallow/full] step  43200 | loss 4.1901 (rank 4.187 ctr 0.000) | q_nnz 17.2 (teacher 21.5) | flops 17.2 | lr 1.27e-04 | 12s
[shallow/full] step  43400 | loss 5.2063 (rank 5.202 ctr 0.000) | q_nnz 19.0 (teacher 26.9) | flops 19.3 | lr 1.26e-04 | 4s
[shallow/full] step  43600 | loss 4.5935 (rank 4.590 ctr 0.000) | q_nnz 16.2 (teacher 21.9) | flops 17.0 | lr 1.25e-04 | 4s
[shallow/full] step  43800 | loss 5.1576 (rank 5.154 ctr 0.000) | q_nnz 20.3 (teacher 24.3) | flops 19.9 | lr 1.25e-04 | 12s
[shallow/full] step  44000 | loss 4.8050 (rank 4.802 ctr 0.000) | q_nnz 18.6 (teacher 26.9) | flops 17.5 | lr 1.24e-04 | 4s
[shallow/full] step  44200 | loss 4.6253 (rank 4.622 ctr 0.000) | q_nnz 16.0 (teacher 22.6) | flops 16.6 | lr 1.23e-04 | 4s
[shallow/full] step  44400 | loss 5.5810 (rank 5.577 ctr 0.000) | q_nnz 18.5 (teacher 25.2) | flops 18.8 | lr 1.23e-04 | 13s
[shallow/full] step  44600 | loss 4.0959 (rank 4.092 ctr 0.000) | q_nnz 17.3 (teacher 23.2) | flops 17.4 | lr 1.22e-04 | 4s
[shallow/full] step  44800 | loss 3.6553 (rank 3.652 ctr 0.000) | q_nnz 15.4 (teacher 20.9) | flops 15.9 | lr 1.21e-04 | 4s
[shallow/full] step  45000 | loss 4.4053 (rank 4.402 ctr 0.000) | q_nnz 17.7 (teacher 22.2) | flops 18.2 | lr 1.21e-04 | 12s
[shallow/full] step  45200 | loss 4.6103 (rank 4.607 ctr 0.000) | q_nnz 15.9 (teacher 24.5) | flops 16.2 | lr 1.20e-04 | 4s
[shallow/full] step  45400 | loss 5.1456 (rank 5.142 ctr 0.000) | q_nnz 16.5 (teacher 22.6) | flops 16.4 | lr 1.20e-04 | 4s
[shallow/full] step  45600 | loss 4.2057 (rank 4.202 ctr 0.000) | q_nnz 15.6 (teacher 24.5) | flops 16.5 | lr 1.19e-04 | 13s
[shallow/full] step  45800 | loss 4.0743 (rank 4.071 ctr 0.000) | q_nnz 15.8 (teacher 21.1) | flops 16.5 | lr 1.18e-04 | 4s
[shallow/full] step  46000 | loss 6.3437 (rank 6.340 ctr 0.000) | q_nnz 17.9 (teacher 25.1) | flops 17.5 | lr 1.18e-04 | 4s
[shallow/full] step  46200 | loss 4.8007 (rank 4.797 ctr 0.000) | q_nnz 17.5 (teacher 24.7) | flops 17.4 | lr 1.17e-04 | 12s
[shallow/full] step  46400 | loss 4.5382 (rank 4.535 ctr 0.000) | q_nnz 15.5 (teacher 22.5) | flops 16.1 | lr 1.16e-04 | 4s
[shallow/full] step  46600 | loss 4.3765 (rank 4.373 ctr 0.000) | q_nnz 15.8 (teacher 20.8) | flops 16.7 | lr 1.16e-04 | 4s
[shallow/full] step  46800 | loss 5.1106 (rank 5.107 ctr 0.000) | q_nnz 16.6 (teacher 23.6) | flops 17.3 | lr 1.15e-04 | 13s
[shallow/full] step  47000 | loss 4.6784 (rank 4.675 ctr 0.000) | q_nnz 15.6 (teacher 23.1) | flops 16.9 | lr 1.14e-04 | 4s
[shallow/full] step  47200 | loss 5.0136 (rank 5.010 ctr 0.000) | q_nnz 20.2 (teacher 24.6) | flops 18.9 | lr 1.14e-04 | 4s
[shallow/full] step  47400 | loss 4.8336 (rank 4.830 ctr 0.000) | q_nnz 18.0 (teacher 24.5) | flops 18.0 | lr 1.13e-04 | 4s
[shallow/full] step  47600 | loss 3.8693 (rank 3.866 ctr 0.000) | q_nnz 15.0 (teacher 21.4) | flops 16.1 | lr 1.12e-04 | 12s
[shallow/full] step  47800 | loss 5.2202 (rank 5.217 ctr 0.000) | q_nnz 18.7 (teacher 22.6) | flops 17.9 | lr 1.12e-04 | 4s
[shallow/full] step  48000 | loss 4.1008 (rank 4.097 ctr 0.000) | q_nnz 16.9 (teacher 23.2) | flops 17.5 | lr 1.11e-04 | 4s
[shallow/full] step  48200 | loss 5.1609 (rank 5.157 ctr 0.000) | q_nnz 17.5 (teacher 24.4) | flops 17.7 | lr 1.10e-04 | 13s
[shallow/full] step  48400 | loss 5.3825 (rank 5.379 ctr 0.000) | q_nnz 16.8 (teacher 25.1) | flops 15.4 | lr 1.10e-04 | 4s
[shallow/full] step  48600 | loss 4.8160 (rank 4.813 ctr 0.000) | q_nnz 16.7 (teacher 24.8) | flops 16.7 | lr 1.09e-04 | 4s
[shallow/full] step  48800 | loss 4.6285 (rank 4.625 ctr 0.000) | q_nnz 17.0 (teacher 22.8) | flops 17.1 | lr 1.08e-04 | 12s
[shallow/full] step  49000 | loss 5.3377 (rank 5.334 ctr 0.000) | q_nnz 17.1 (teacher 26.8) | flops 17.2 | lr 1.08e-04 | 4s
[shallow/full] step  49200 | loss 3.1332 (rank 3.130 ctr 0.000) | q_nnz 13.9 (teacher 20.2) | flops 15.5 | lr 1.07e-04 | 4s
[shallow/full] step  49400 | loss 6.1706 (rank 6.167 ctr 0.000) | q_nnz 17.6 (teacher 24.4) | flops 17.8 | lr 1.06e-04 | 12s
[shallow/full] step  49600 | loss 3.5164 (rank 3.513 ctr 0.000) | q_nnz 16.4 (teacher 20.9) | flops 17.1 | lr 1.06e-04 | 4s
[shallow/full] step  49800 | loss 4.6994 (rank 4.696 ctr 0.000) | q_nnz 18.2 (teacher 25.8) | flops 18.3 | lr 1.05e-04 | 4s
[shallow/full] step  50000 | loss 4.9204 (rank 4.917 ctr 0.000) | q_nnz 16.5 (teacher 21.8) | flops 17.1 | lr 1.04e-04 | 15s
  Saved → checkpoints_splade-v3/splade_shallow_last2/align_step_50000.pt
[shallow] Eval at step 50000 …
  [NanoMSMARCO] loading …
  [NanoMSMARCO] encoding 5043 docs (doc_splade) …
  [NanoMSMARCO] encoding 50 queries (query_model, dense) …
  [NanoMSMARCO] NDCG@10  query_doc (dense)  : 0.6900
  [NanoNFCorpus] loading …
  [NanoNFCorpus] encoding 2953 docs (doc_splade) …
  [NanoNFCorpus] encoding 50 queries (query_model, dense) …
  [NanoNFCorpus] NDCG@10  query_doc (dense)  : 0.3243
[shallow] Done. Final checkpoint → checkpoints_splade-v3/splade_shallow_last2/align_final.pt
