Device: cuda
[shallow] doc=naver/splade-v3 | n_layers=5 | freeze_warmup=5000 | alignment=50000 | lr=0.0002 | nway=8 | lambda_q=0.0002 | align_loss_kind=mse | kd_temperature=1.0 | use_contrastive=False | contrastive_coeff=0.0 | log_ranking_metrics=False | grad_accum=2 | freeze_head_after_warmup=True
[shallow] Loading frozen doc SPLADE: naver/splade-v3 …

Loading weights:   0%|          | 0/204 [00:00<?, ?it/s]
Loading weights: 100%|██████████| 204/204 [00:00<00:00, 49553.37it/s]
[shallow] Building shallow query model from same checkpoint, keeping 5 layers …
[shallow] Using explicit doc-layer indices for query body: [7, 8, 9, 10, 11]

Loading weights:   0%|          | 0/204 [00:00<?, ?it/s]
Loading weights: 100%|██████████| 204/204 [00:00<00:00, 18010.78it/s]
/home/capemox/projects/sae-smo-splade/train.py:2659: FutureWarning: `torch.cuda.amp.GradScaler(args...)` is deprecated. Please use `torch.amp.GradScaler('cuda', args...)` instead.
  scaler = GradScaler(enabled=fp16 and device.type == "cuda")
Exception in thread Thread-auto_conversion:
Traceback (most recent call last):
  File "/home/capemox/.local/share/uv/python/cpython-3.10.16-linux-x86_64-gnu/lib/python3.10/threading.py", line 1016, in _bootstrap_inner
    self.run()
  File "/home/capemox/.local/share/uv/python/cpython-3.10.16-linux-x86_64-gnu/lib/python3.10/threading.py", line 953, in run
    self._target(*self._args, **self._kwargs)
  File "/home/capemox/projects/sae-smo-splade/.venv/lib/python3.10/site-packages/transformers/safetensors_conversion.py", line 117, in auto_conversion
    raise e
  File "/home/capemox/projects/sae-smo-splade/.venv/lib/python3.10/site-packages/transformers/safetensors_conversion.py", line 96, in auto_conversion
    sha = get_conversion_pr_reference(api, pretrained_model_name_or_path, **cached_file_kwargs)
  File "/home/capemox/projects/sae-smo-splade/.venv/lib/python3.10/site-packages/transformers/safetensors_conversion.py", line 77, in get_conversion_pr_reference
    raise OSError(
OSError: Could not create safetensors conversion PR. The repo does not appear to have a file named pytorch_model.bin or model.safetensors.If you are loading with variant, use `use_safetensors=False` to load the original model.
Exception in thread Thread-auto_conversion:
Traceback (most recent call last):
  File "/home/capemox/.local/share/uv/python/cpython-3.10.16-linux-x86_64-gnu/lib/python3.10/threading.py", line 1016, in _bootstrap_inner
    self.run()
  File "/home/capemox/.local/share/uv/python/cpython-3.10.16-linux-x86_64-gnu/lib/python3.10/threading.py", line 953, in run
    self._target(*self._args, **self._kwargs)
  File "/home/capemox/projects/sae-smo-splade/.venv/lib/python3.10/site-packages/transformers/safetensors_conversion.py", line 117, in auto_conversion
    raise e
  File "/home/capemox/projects/sae-smo-splade/.venv/lib/python3.10/site-packages/transformers/safetensors_conversion.py", line 96, in auto_conversion
    sha = get_conversion_pr_reference(api, pretrained_model_name_or_path, **cached_file_kwargs)
  File "/home/capemox/projects/sae-smo-splade/.venv/lib/python3.10/site-packages/transformers/safetensors_conversion.py", line 77, in get_conversion_pr_reference
    raise OSError(
OSError: Could not create safetensors conversion PR. The repo does not appear to have a file named pytorch_model.bin or model.safetensors.If you are loading with variant, use `use_safetensors=False` to load the original model.
/home/capemox/projects/sae-smo-splade/train.py:2793: FutureWarning: `torch.cuda.amp.autocast(args...)` is deprecated. Please use `torch.amp.autocast('cuda', args...)` instead.
  with autocast(enabled=fp16 and device.type == "cuda"):
/home/capemox/projects/sae-smo-splade/train.py:2857: UserWarning: Detected call of `lr_scheduler.step()` before `optimizer.step()`. In PyTorch 1.1.0 and later, you should call them in the opposite order: `optimizer.step()` before `lr_scheduler.step()`.  Failure to do this will result in PyTorch skipping the first value of the learning rate schedule. See more details at https://pytorch.org/docs/stable/optim.html#how-to-adjust-learning-rate
  scaler.step(optimizer); scaler.update(); scheduler.step()
[shallow] Query model params (after truncation): 59.9M (was 12-layer original); will freeze embeddings + head during warmup.
[shallow] Phase 0 (frozen warmup). Trainable params: 35.4M / 59.9M total.
[shallow] Initial eval — doc_doc ceiling + query_doc baseline …
  [NanoMSMARCO] loading …
  [NanoMSMARCO] encoding 5043 docs (doc_splade) …
  [NanoMSMARCO] encoding 50 queries (doc_doc ceiling) …
  [NanoMSMARCO] NDCG@10  doc_doc (ceiling) : 0.7001
  [NanoMSMARCO] encoding 50 queries (query_model, dense) …
  [NanoMSMARCO] NDCG@10  query_doc (dense)  : 0.6015
  [NanoNFCorpus] loading …
  [NanoNFCorpus] encoding 2953 docs (doc_splade) …
  [NanoNFCorpus] encoding 50 queries (doc_doc ceiling) …
  [NanoNFCorpus] NDCG@10  doc_doc (ceiling) : 0.3448
  [NanoNFCorpus] encoding 50 queries (query_model, dense) …
  [NanoNFCorpus] NDCG@10  query_doc (dense)  : 0.3337
[shallow] Training loop (50000 steps remaining) …
[shallow/warm] step    200 | loss 4.7563 (rank 4.756 ctr 0.000) | q_nnz 54.2 (teacher 21.6) | flops 17.0 | lr 2.00e-04 | 17s
[shallow/warm] step    400 | loss 4.4872 (rank 4.487 ctr 0.000) | q_nnz 50.9 (teacher 21.5) | flops 18.2 | lr 2.00e-04 | 6s
[shallow/warm] step    600 | loss 4.2177 (rank 4.217 ctr 0.000) | q_nnz 30.2 (teacher 22.1) | flops 16.7 | lr 2.00e-04 | 6s
[shallow/warm] step    800 | loss 4.5565 (rank 4.556 ctr 0.000) | q_nnz 34.2 (teacher 23.4) | flops 18.8 | lr 2.00e-04 | 13s
[shallow/warm] step   1000 | loss 5.0227 (rank 5.022 ctr 0.000) | q_nnz 22.2 (teacher 24.4) | flops 18.7 | lr 2.00e-04 | 6s
[shallow/warm] step   1200 | loss 6.1631 (rank 6.162 ctr 0.000) | q_nnz 18.1 (teacher 22.4) | flops 21.1 | lr 2.00e-04 | 6s
[shallow/warm] step   1400 | loss 8.2434 (rank 8.242 ctr 0.000) | q_nnz 24.2 (teacher 28.5) | flops 20.4 | lr 2.00e-04 | 14s
[shallow/warm] step   1600 | loss 6.5643 (rank 6.563 ctr 0.000) | q_nnz 22.1 (teacher 25.4) | flops 20.5 | lr 2.00e-04 | 6s
[shallow/warm] step   1800 | loss 5.4433 (rank 5.442 ctr 0.000) | q_nnz 15.2 (teacher 23.6) | flops 17.2 | lr 2.00e-04 | 6s
[shallow/warm] step   2000 | loss 5.3803 (rank 5.379 ctr 0.000) | q_nnz 18.1 (teacher 22.8) | flops 20.1 | lr 2.00e-04 | 13s
[shallow/warm] step   2200 | loss 6.1786 (rank 6.177 ctr 0.000) | q_nnz 17.1 (teacher 20.9) | flops 19.5 | lr 2.00e-04 | 6s
[shallow/warm] step   2400 | loss 5.9725 (rank 5.971 ctr 0.000) | q_nnz 18.7 (teacher 22.2) | flops 20.2 | lr 2.00e-04 | 6s
[shallow/warm] step   2600 | loss 5.5200 (rank 5.518 ctr 0.000) | q_nnz 15.6 (teacher 22.4) | flops 17.2 | lr 2.00e-04 | 14s
[shallow/warm] step   2800 | loss 7.2088 (rank 7.206 ctr 0.000) | q_nnz 20.8 (teacher 26.6) | flops 21.0 | lr 2.00e-04 | 6s
[shallow/warm] step   3000 | loss 7.2894 (rank 7.287 ctr 0.000) | q_nnz 17.3 (teacher 25.5) | flops 18.6 | lr 2.00e-04 | 6s
[shallow/warm] step   3200 | loss 6.3494 (rank 6.347 ctr 0.000) | q_nnz 16.5 (teacher 20.0) | flops 18.6 | lr 2.00e-04 | 13s
[shallow/warm] step   3400 | loss 6.1898 (rank 6.187 ctr 0.000) | q_nnz 18.8 (teacher 27.4) | flops 18.4 | lr 1.99e-04 | 6s
[shallow/warm] step   3600 | loss 5.7458 (rank 5.743 ctr 0.000) | q_nnz 15.6 (teacher 20.8) | flops 18.0 | lr 1.99e-04 | 6s
[shallow/warm] step   3800 | loss 6.0720 (rank 6.069 ctr 0.000) | q_nnz 16.6 (teacher 24.4) | flops 17.1 | lr 1.99e-04 | 14s
[shallow/warm] step   4000 | loss 6.2231 (rank 6.220 ctr 0.000) | q_nnz 18.2 (teacher 25.2) | flops 19.4 | lr 1.99e-04 | 6s
[shallow/warm] step   4200 | loss 6.1942 (rank 6.191 ctr 0.000) | q_nnz 17.2 (teacher 23.5) | flops 17.2 | lr 1.99e-04 | 6s
[shallow/warm] step   4400 | loss 6.4250 (rank 6.422 ctr 0.000) | q_nnz 15.8 (teacher 25.2) | flops 15.9 | lr 1.99e-04 | 13s
[shallow/warm] step   4600 | loss 5.9879 (rank 5.985 ctr 0.000) | q_nnz 15.7 (teacher 24.6) | flops 16.9 | lr 1.99e-04 | 6s
[shallow/warm] step   4800 | loss 5.3587 (rank 5.355 ctr 0.000) | q_nnz 16.8 (teacher 21.2) | flops 19.4 | lr 1.99e-04 | 6s
[shallow/warm] step   5000 | loss 5.5115 (rank 5.508 ctr 0.000) | q_nnz 13.5 (teacher 22.9) | flops 15.6 | lr 1.99e-04 | 13s
[shallow] Step 5000: switched to Phase 1. body_lr=1.99e-04 head_lr=0.00e+00
[shallow/full] step   5200 | loss 7.3035 (rank 7.299 ctr 0.000) | q_nnz 19.9 (teacher 25.9) | flops 21.2 | lr 1.99e-04 | 6s
[shallow/full] step   5400 | loss 7.9214 (rank 7.917 ctr 0.000) | q_nnz 18.9 (teacher 24.8) | flops 21.9 | lr 1.99e-04 | 6s
[shallow/full] step   5600 | loss 6.3598 (rank 6.356 ctr 0.000) | q_nnz 16.7 (teacher 21.9) | flops 18.3 | lr 1.99e-04 | 6s
[shallow/full] step   5800 | loss 5.1013 (rank 5.098 ctr 0.000) | q_nnz 16.8 (teacher 22.4) | flops 17.6 | lr 1.99e-04 | 14s
[shallow/full] step   6000 | loss 6.0123 (rank 6.008 ctr 0.000) | q_nnz 18.8 (teacher 24.1) | flops 20.1 | lr 1.99e-04 | 6s
[shallow/full] step   6200 | loss 7.6448 (rank 7.640 ctr 0.000) | q_nnz 20.2 (teacher 25.8) | flops 21.5 | lr 1.99e-04 | 6s
[shallow/full] step   6400 | loss 5.8939 (rank 5.890 ctr 0.000) | q_nnz 18.4 (teacher 22.9) | flops 19.3 | lr 1.99e-04 | 13s
[shallow/full] step   6600 | loss 5.5864 (rank 5.583 ctr 0.000) | q_nnz 17.1 (teacher 25.9) | flops 17.9 | lr 1.99e-04 | 6s
[shallow/full] step   6800 | loss 6.5375 (rank 6.534 ctr 0.000) | q_nnz 15.7 (teacher 22.1) | flops 17.3 | lr 1.99e-04 | 6s
[shallow/full] step   7000 | loss 5.8159 (rank 5.813 ctr 0.000) | q_nnz 14.2 (teacher 22.6) | flops 16.4 | lr 1.99e-04 | 13s
[shallow/full] step   7200 | loss 5.0022 (rank 4.998 ctr 0.000) | q_nnz 19.2 (teacher 25.3) | flops 19.3 | lr 1.99e-04 | 6s
[shallow/full] step   7400 | loss 5.1113 (rank 5.108 ctr 0.000) | q_nnz 17.3 (teacher 24.0) | flops 17.2 | lr 1.98e-04 | 6s
[shallow/full] step   7600 | loss 5.4526 (rank 5.449 ctr 0.000) | q_nnz 14.1 (teacher 22.4) | flops 15.7 | lr 1.98e-04 | 13s
[shallow/full] step   7800 | loss 6.1060 (rank 6.103 ctr 0.000) | q_nnz 15.6 (teacher 22.9) | flops 17.2 | lr 1.98e-04 | 6s
[shallow/full] step   8000 | loss 6.0361 (rank 6.033 ctr 0.000) | q_nnz 15.6 (teacher 22.1) | flops 17.1 | lr 1.98e-04 | 6s
[shallow/full] step   8200 | loss 5.7280 (rank 5.724 ctr 0.000) | q_nnz 16.2 (teacher 23.6) | flops 19.0 | lr 1.98e-04 | 17s
[shallow/full] step   8400 | loss 6.3057 (rank 6.302 ctr 0.000) | q_nnz 16.8 (teacher 23.4) | flops 18.2 | lr 1.98e-04 | 6s
[shallow/full] step   8600 | loss 7.1557 (rank 7.152 ctr 0.000) | q_nnz 18.2 (teacher 26.1) | flops 18.7 | lr 1.98e-04 | 6s
[shallow/full] step   8800 | loss 6.4939 (rank 6.490 ctr 0.000) | q_nnz 18.0 (teacher 23.8) | flops 18.0 | lr 1.98e-04 | 13s
[shallow/full] step   9000 | loss 6.1583 (rank 6.156 ctr 0.000) | q_nnz 13.7 (teacher 24.5) | flops 14.1 | lr 1.98e-04 | 6s
[shallow/full] step   9200 | loss 5.7412 (rank 5.737 ctr 0.000) | q_nnz 16.6 (teacher 21.9) | flops 18.8 | lr 1.98e-04 | 6s
[shallow/full] step   9400 | loss 4.9246 (rank 4.921 ctr 0.000) | q_nnz 15.4 (teacher 21.2) | flops 16.8 | lr 1.98e-04 | 13s
[shallow/full] step   9600 | loss 5.1697 (rank 5.166 ctr 0.000) | q_nnz 16.8 (teacher 22.3) | flops 18.0 | lr 1.98e-04 | 6s
[shallow/full] step   9800 | loss 6.6465 (rank 6.643 ctr 0.000) | q_nnz 19.1 (teacher 25.9) | flops 18.8 | lr 1.98e-04 | 6s
[shallow/full] step  10000 | loss 6.1886 (rank 6.185 ctr 0.000) | q_nnz 17.8 (teacher 25.2) | flops 18.6 | lr 1.97e-04 | 14s
  Saved → checkpoints_splade-v3/splade_shallow_last5/align_step_10000.pt
[shallow] Eval at step 10000 …
  [NanoMSMARCO] loading …
  [NanoMSMARCO] encoding 5043 docs (doc_splade) …
  [NanoMSMARCO] encoding 50 queries (query_model, dense) …
  [NanoMSMARCO] NDCG@10  query_doc (dense)  : 0.6943
  [NanoNFCorpus] loading …
  [NanoNFCorpus] encoding 2953 docs (doc_splade) …
  [NanoNFCorpus] encoding 50 queries (query_model, dense) …
  [NanoNFCorpus] NDCG@10  query_doc (dense)  : 0.3256
  New best NanoMSMARCO query_doc NDCG@10=0.6943 → checkpoints_splade-v3/splade_shallow_last5/best_NanoMSMARCO.pt
[shallow/full] step  10200 | loss 5.1436 (rank 5.140 ctr 0.000) | q_nnz 16.8 (teacher 24.3) | flops 16.5 | lr 1.97e-04 | 58s
[shallow/full] step  10400 | loss 6.8890 (rank 6.885 ctr 0.000) | q_nnz 21.1 (teacher 25.5) | flops 21.1 | lr 1.97e-04 | 6s
[shallow/full] step  10600 | loss 4.7601 (rank 4.757 ctr 0.000) | q_nnz 15.4 (teacher 22.6) | flops 16.5 | lr 1.97e-04 | 14s
[shallow/full] step  10800 | loss 5.1234 (rank 5.120 ctr 0.000) | q_nnz 16.9 (teacher 23.7) | flops 17.5 | lr 1.97e-04 | 6s
[shallow/full] step  11000 | loss 6.9197 (rank 6.915 ctr 0.000) | q_nnz 21.0 (teacher 26.7) | flops 21.3 | lr 1.97e-04 | 6s
[shallow/full] step  11200 | loss 5.8220 (rank 5.819 ctr 0.000) | q_nnz 16.2 (teacher 23.5) | flops 16.2 | lr 1.97e-04 | 6s
[shallow/full] step  11400 | loss 4.7963 (rank 4.793 ctr 0.000) | q_nnz 15.8 (teacher 23.9) | flops 17.3 | lr 1.96e-04 | 13s
[shallow/full] step  11600 | loss 6.1671 (rank 6.164 ctr 0.000) | q_nnz 16.1 (teacher 23.5) | flops 17.6 | lr 1.96e-04 | 6s
[shallow/full] step  11800 | loss 5.6399 (rank 5.637 ctr 0.000) | q_nnz 16.5 (teacher 21.9) | flops 17.2 | lr 1.96e-04 | 6s
[shallow/full] step  12000 | loss 5.7168 (rank 5.713 ctr 0.000) | q_nnz 15.6 (teacher 24.8) | flops 16.7 | lr 1.96e-04 | 13s
[shallow/full] step  12200 | loss 5.1770 (rank 5.174 ctr 0.000) | q_nnz 15.5 (teacher 22.8) | flops 16.6 | lr 1.96e-04 | 6s
[shallow/full] step  12400 | loss 4.3804 (rank 4.377 ctr 0.000) | q_nnz 14.2 (teacher 22.2) | flops 15.6 | lr 1.96e-04 | 6s
[shallow/full] step  12600 | loss 5.3875 (rank 5.384 ctr 0.000) | q_nnz 18.9 (teacher 23.2) | flops 18.6 | lr 1.96e-04 | 13s
[shallow/full] step  12800 | loss 6.0755 (rank 6.072 ctr 0.000) | q_nnz 18.7 (teacher 28.1) | flops 18.4 | lr 1.95e-04 | 6s
[shallow/full] step  13000 | loss 5.7817 (rank 5.778 ctr 0.000) | q_nnz 17.5 (teacher 24.3) | flops 18.5 | lr 1.95e-04 | 6s
[shallow/full] step  13200 | loss 5.0483 (rank 5.045 ctr 0.000) | q_nnz 14.9 (teacher 23.8) | flops 15.6 | lr 1.95e-04 | 13s
[shallow/full] step  13400 | loss 5.9089 (rank 5.905 ctr 0.000) | q_nnz 17.6 (teacher 24.6) | flops 18.8 | lr 1.95e-04 | 6s
[shallow/full] step  13600 | loss 5.0221 (rank 5.019 ctr 0.000) | q_nnz 16.7 (teacher 23.9) | flops 16.9 | lr 1.95e-04 | 6s
[shallow/full] step  13800 | loss 6.1736 (rank 6.170 ctr 0.000) | q_nnz 17.9 (teacher 25.5) | flops 17.3 | lr 1.94e-04 | 14s
[shallow/full] step  14000 | loss 5.9143 (rank 5.911 ctr 0.000) | q_nnz 17.4 (teacher 23.2) | flops 18.4 | lr 1.94e-04 | 6s
[shallow/full] step  14200 | loss 5.6017 (rank 5.598 ctr 0.000) | q_nnz 18.1 (teacher 22.1) | flops 18.1 | lr 1.94e-04 | 6s
[shallow/full] step  14400 | loss 5.8439 (rank 5.840 ctr 0.000) | q_nnz 18.9 (teacher 26.6) | flops 19.7 | lr 1.94e-04 | 14s
[shallow/full] step  14600 | loss 5.5054 (rank 5.502 ctr 0.000) | q_nnz 16.4 (teacher 22.6) | flops 17.6 | lr 1.94e-04 | 6s
[shallow/full] step  14800 | loss 4.4164 (rank 4.413 ctr 0.000) | q_nnz 15.6 (teacher 21.4) | flops 15.9 | lr 1.93e-04 | 6s
[shallow/full] step  15000 | loss 6.4893 (rank 6.485 ctr 0.000) | q_nnz 18.6 (teacher 22.5) | flops 19.0 | lr 1.93e-04 | 13s
[shallow/full] step  15200 | loss 5.9033 (rank 5.900 ctr 0.000) | q_nnz 17.3 (teacher 25.1) | flops 17.1 | lr 1.93e-04 | 6s
[shallow/full] step  15400 | loss 5.5391 (rank 5.535 ctr 0.000) | q_nnz 19.1 (teacher 24.7) | flops 18.9 | lr 1.93e-04 | 6s
[shallow/full] step  15600 | loss 5.4746 (rank 5.471 ctr 0.000) | q_nnz 16.1 (teacher 24.0) | flops 17.1 | lr 1.92e-04 | 13s
[shallow/full] step  15800 | loss 5.3934 (rank 5.390 ctr 0.000) | q_nnz 14.6 (teacher 24.1) | flops 16.1 | lr 1.92e-04 | 6s
[shallow/full] step  16000 | loss 5.5417 (rank 5.538 ctr 0.000) | q_nnz 19.7 (teacher 25.8) | flops 18.7 | lr 1.92e-04 | 6s
[shallow/full] step  16200 | loss 5.3673 (rank 5.364 ctr 0.000) | q_nnz 17.8 (teacher 24.3) | flops 18.8 | lr 1.92e-04 | 6s
[shallow/full] step  16400 | loss 5.1590 (rank 5.155 ctr 0.000) | q_nnz 16.9 (teacher 22.1) | flops 17.5 | lr 1.91e-04 | 14s
[shallow/full] step  16600 | loss 4.1131 (rank 4.110 ctr 0.000) | q_nnz 14.5 (teacher 20.9) | flops 16.1 | lr 1.91e-04 | 6s
[shallow/full] step  16800 | loss 4.2316 (rank 4.228 ctr 0.000) | q_nnz 16.7 (teacher 23.4) | flops 17.2 | lr 1.91e-04 | 6s
[shallow/full] step  17000 | loss 4.3747 (rank 4.371 ctr 0.000) | q_nnz 16.8 (teacher 22.9) | flops 17.7 | lr 1.91e-04 | 14s
[shallow/full] step  17200 | loss 4.1941 (rank 4.191 ctr 0.000) | q_nnz 15.7 (teacher 21.2) | flops 16.5 | lr 1.90e-04 | 6s
[shallow/full] step  17400 | loss 4.7054 (rank 4.702 ctr 0.000) | q_nnz 14.3 (teacher 22.5) | flops 14.9 | lr 1.90e-04 | 6s
[shallow/full] step  17600 | loss 4.0000 (rank 3.997 ctr 0.000) | q_nnz 13.8 (teacher 23.6) | flops 15.4 | lr 1.90e-04 | 13s
[shallow/full] step  17800 | loss 4.8121 (rank 4.809 ctr 0.000) | q_nnz 13.1 (teacher 22.4) | flops 13.6 | lr 1.90e-04 | 6s
[shallow/full] step  18000 | loss 5.2464 (rank 5.242 ctr 0.000) | q_nnz 18.8 (teacher 25.0) | flops 19.7 | lr 1.89e-04 | 6s
[shallow/full] step  18200 | loss 5.3978 (rank 5.394 ctr 0.000) | q_nnz 17.2 (teacher 23.4) | flops 18.4 | lr 1.89e-04 | 13s
[shallow/full] step  18400 | loss 4.8471 (rank 4.844 ctr 0.000) | q_nnz 14.6 (teacher 23.6) | flops 15.1 | lr 1.89e-04 | 6s
[shallow/full] step  18600 | loss 5.0556 (rank 5.052 ctr 0.000) | q_nnz 16.9 (teacher 22.8) | flops 18.1 | lr 1.88e-04 | 6s
[shallow/full] step  18800 | loss 5.8664 (rank 5.863 ctr 0.000) | q_nnz 17.2 (teacher 22.2) | flops 18.7 | lr 1.88e-04 | 14s
[shallow/full] step  19000 | loss 4.7270 (rank 4.724 ctr 0.000) | q_nnz 15.9 (teacher 23.0) | flops 17.0 | lr 1.88e-04 | 6s
[shallow/full] step  19200 | loss 3.8164 (rank 3.813 ctr 0.000) | q_nnz 14.1 (teacher 20.5) | flops 16.2 | lr 1.87e-04 | 6s
[shallow/full] step  19400 | loss 6.2388 (rank 6.235 ctr 0.000) | q_nnz 20.4 (teacher 25.9) | flops 19.8 | lr 1.87e-04 | 14s
[shallow/full] step  19600 | loss 5.5489 (rank 5.545 ctr 0.000) | q_nnz 18.9 (teacher 24.6) | flops 18.6 | lr 1.87e-04 | 6s
[shallow/full] step  19800 | loss 4.9960 (rank 4.993 ctr 0.000) | q_nnz 14.3 (teacher 21.9) | flops 14.9 | lr 1.87e-04 | 6s
[shallow/full] step  20000 | loss 4.1869 (rank 4.184 ctr 0.000) | q_nnz 15.2 (teacher 23.0) | flops 16.4 | lr 1.86e-04 | 13s
  Saved → checkpoints_splade-v3/splade_shallow_last5/align_step_20000.pt
[shallow] Eval at step 20000 …
  [NanoMSMARCO] loading …
  [NanoMSMARCO] encoding 5043 docs (doc_splade) …
  [NanoMSMARCO] encoding 50 queries (query_model, dense) …
  [NanoMSMARCO] NDCG@10  query_doc (dense)  : 0.6749
  [NanoNFCorpus] loading …
  [NanoNFCorpus] encoding 2953 docs (doc_splade) …
  [NanoNFCorpus] encoding 50 queries (query_model, dense) …
  [NanoNFCorpus] NDCG@10  query_doc (dense)  : 0.3241
[shallow/full] step  20200 | loss 4.6058 (rank 4.602 ctr 0.000) | q_nnz 18.4 (teacher 26.8) | flops 18.7 | lr 1.86e-04 | 58s
[shallow/full] step  20400 | loss 4.3840 (rank 4.381 ctr 0.000) | q_nnz 14.9 (teacher 21.2) | flops 17.1 | lr 1.86e-04 | 6s
[shallow/full] step  20600 | loss 5.6984 (rank 5.695 ctr 0.000) | q_nnz 17.8 (teacher 25.0) | flops 18.7 | lr 1.85e-04 | 14s
[shallow/full] step  20800 | loss 4.9115 (rank 4.908 ctr 0.000) | q_nnz 17.0 (teacher 23.9) | flops 16.1 | lr 1.85e-04 | 6s
[shallow/full] step  21000 | loss 4.4997 (rank 4.496 ctr 0.000) | q_nnz 15.6 (teacher 22.4) | flops 16.8 | lr 1.84e-04 | 6s
[shallow/full] step  21200 | loss 5.0597 (rank 5.056 ctr 0.000) | q_nnz 16.2 (teacher 24.2) | flops 16.7 | lr 1.84e-04 | 13s
[shallow/full] step  21400 | loss 5.5905 (rank 5.587 ctr 0.000) | q_nnz 17.5 (teacher 24.4) | flops 18.2 | lr 1.84e-04 | 6s
[shallow/full] step  21600 | loss 4.2053 (rank 4.202 ctr 0.000) | q_nnz 16.2 (teacher 26.1) | flops 16.5 | lr 1.83e-04 | 6s
[shallow/full] step  21800 | loss 5.8738 (rank 5.870 ctr 0.000) | q_nnz 20.2 (teacher 26.8) | flops 19.2 | lr 1.83e-04 | 6s
[shallow/full] step  22000 | loss 6.5300 (rank 6.526 ctr 0.000) | q_nnz 19.3 (teacher 25.4) | flops 20.1 | lr 1.83e-04 | 14s
[shallow/full] step  22200 | loss 3.4630 (rank 3.460 ctr 0.000) | q_nnz 14.2 (teacher 21.2) | flops 15.9 | lr 1.82e-04 | 6s
[shallow/full] step  22400 | loss 5.7096 (rank 5.706 ctr 0.000) | q_nnz 14.8 (teacher 22.6) | flops 16.3 | lr 1.82e-04 | 6s
[shallow/full] step  22600 | loss 5.4876 (rank 5.484 ctr 0.000) | q_nnz 17.4 (teacher 23.8) | flops 18.1 | lr 1.82e-04 | 13s
[shallow/full] step  22800 | loss 4.7210 (rank 4.718 ctr 0.000) | q_nnz 15.6 (teacher 22.2) | flops 17.5 | lr 1.81e-04 | 6s
[shallow/full] step  23000 | loss 4.4774 (rank 4.474 ctr 0.000) | q_nnz 17.9 (teacher 25.4) | flops 17.5 | lr 1.81e-04 | 6s
[shallow/full] step  23200 | loss 4.5510 (rank 4.548 ctr 0.000) | q_nnz 16.1 (teacher 22.8) | flops 16.8 | lr 1.80e-04 | 14s
[shallow/full] step  23400 | loss 4.1165 (rank 4.113 ctr 0.000) | q_nnz 17.9 (teacher 22.6) | flops 18.8 | lr 1.80e-04 | 6s
[shallow/full] step  23600 | loss 5.7873 (rank 5.783 ctr 0.000) | q_nnz 18.9 (teacher 25.6) | flops 19.1 | lr 1.80e-04 | 6s
[shallow/full] step  23800 | loss 4.4004 (rank 4.397 ctr 0.000) | q_nnz 16.9 (teacher 24.3) | flops 16.6 | lr 1.79e-04 | 13s
[shallow/full] step  24000 | loss 4.9693 (rank 4.966 ctr 0.000) | q_nnz 13.6 (teacher 25.4) | flops 15.1 | lr 1.79e-04 | 6s
[shallow/full] step  24200 | loss 5.0339 (rank 5.030 ctr 0.000) | q_nnz 18.2 (teacher 25.4) | flops 18.3 | lr 1.78e-04 | 6s
[shallow/full] step  24400 | loss 5.0446 (rank 5.041 ctr 0.000) | q_nnz 14.7 (teacher 22.8) | flops 16.5 | lr 1.78e-04 | 13s
[shallow/full] step  24600 | loss 4.3338 (rank 4.330 ctr 0.000) | q_nnz 17.0 (teacher 23.2) | flops 18.2 | lr 1.78e-04 | 6s
[shallow/full] step  24800 | loss 4.0060 (rank 4.003 ctr 0.000) | q_nnz 17.2 (teacher 20.1) | flops 16.9 | lr 1.77e-04 | 6s
[shallow/full] step  25000 | loss 4.1487 (rank 4.145 ctr 0.000) | q_nnz 17.9 (teacher 24.3) | flops 17.8 | lr 1.77e-04 | 16s
[shallow/full] step  25200 | loss 4.3612 (rank 4.358 ctr 0.000) | q_nnz 17.7 (teacher 24.9) | flops 17.9 | lr 1.76e-04 | 6s
[shallow/full] step  25400 | loss 5.0189 (rank 5.016 ctr 0.000) | q_nnz 16.9 (teacher 23.4) | flops 17.0 | lr 1.76e-04 | 6s
[shallow/full] step  25600 | loss 4.8453 (rank 4.842 ctr 0.000) | q_nnz 16.2 (teacher 25.7) | flops 17.3 | lr 1.75e-04 | 13s
[shallow/full] step  25800 | loss 4.3934 (rank 4.390 ctr 0.000) | q_nnz 18.2 (teacher 24.2) | flops 17.8 | lr 1.75e-04 | 6s
[shallow/full] step  26000 | loss 4.0323 (rank 4.029 ctr 0.000) | q_nnz 16.9 (teacher 23.1) | flops 17.8 | lr 1.75e-04 | 6s
[shallow/full] step  26200 | loss 5.1821 (rank 5.178 ctr 0.000) | q_nnz 18.2 (teacher 26.4) | flops 18.9 | lr 1.74e-04 | 6s
[shallow/full] step  26400 | loss 4.2331 (rank 4.230 ctr 0.000) | q_nnz 16.8 (teacher 23.4) | flops 18.1 | lr 1.74e-04 | 14s
[shallow/full] step  26600 | loss 5.6768 (rank 5.673 ctr 0.000) | q_nnz 18.7 (teacher 26.5) | flops 18.5 | lr 1.73e-04 | 6s
[shallow/full] step  26800 | loss 5.7953 (rank 5.791 ctr 0.000) | q_nnz 20.6 (teacher 27.2) | flops 19.3 | lr 1.73e-04 | 6s
[shallow/full] step  27000 | loss 5.1963 (rank 5.193 ctr 0.000) | q_nnz 15.9 (teacher 21.9) | flops 17.3 | lr 1.72e-04 | 13s
[shallow/full] step  27200 | loss 3.7092 (rank 3.706 ctr 0.000) | q_nnz 15.9 (teacher 23.2) | flops 16.4 | lr 1.72e-04 | 6s
[shallow/full] step  27400 | loss 4.8487 (rank 4.845 ctr 0.000) | q_nnz 17.2 (teacher 25.9) | flops 17.2 | lr 1.71e-04 | 6s
[shallow/full] step  27600 | loss 5.0127 (rank 5.009 ctr 0.000) | q_nnz 18.2 (teacher 22.8) | flops 18.0 | lr 1.71e-04 | 15s
[shallow/full] step  27800 | loss 5.2905 (rank 5.287 ctr 0.000) | q_nnz 16.2 (teacher 24.8) | flops 16.5 | lr 1.70e-04 | 6s
[shallow/full] step  28000 | loss 3.6728 (rank 3.670 ctr 0.000) | q_nnz 15.8 (teacher 22.1) | flops 15.8 | lr 1.70e-04 | 6s
[shallow/full] step  28200 | loss 4.5618 (rank 4.559 ctr 0.000) | q_nnz 14.6 (teacher 19.4) | flops 16.0 | lr 1.70e-04 | 13s
[shallow/full] step  28400 | loss 3.3301 (rank 3.327 ctr 0.000) | q_nnz 15.6 (teacher 21.5) | flops 16.4 | lr 1.69e-04 | 6s
[shallow/full] step  28600 | loss 4.8543 (rank 4.851 ctr 0.000) | q_nnz 16.1 (teacher 22.6) | flops 16.1 | lr 1.69e-04 | 6s
[shallow/full] step  28800 | loss 4.2641 (rank 4.261 ctr 0.000) | q_nnz 15.2 (teacher 21.2) | flops 15.8 | lr 1.68e-04 | 14s
[shallow/full] step  29000 | loss 3.8626 (rank 3.859 ctr 0.000) | q_nnz 15.6 (teacher 22.9) | flops 16.9 | lr 1.68e-04 | 6s
[shallow/full] step  29200 | loss 6.0808 (rank 6.077 ctr 0.000) | q_nnz 17.2 (teacher 29.6) | flops 17.7 | lr 1.67e-04 | 6s
[shallow/full] step  29400 | loss 3.7542 (rank 3.751 ctr 0.000) | q_nnz 16.6 (teacher 22.2) | flops 17.5 | lr 1.67e-04 | 13s
[shallow/full] step  29600 | loss 4.8939 (rank 4.891 ctr 0.000) | q_nnz 16.2 (teacher 22.7) | flops 16.5 | lr 1.66e-04 | 6s
[shallow/full] step  29800 | loss 4.6476 (rank 4.644 ctr 0.000) | q_nnz 18.1 (teacher 25.8) | flops 18.4 | lr 1.66e-04 | 6s
[shallow/full] step  30000 | loss 3.8537 (rank 3.851 ctr 0.000) | q_nnz 14.5 (teacher 21.7) | flops 15.4 | lr 1.65e-04 | 13s
  Saved → checkpoints_splade-v3/splade_shallow_last5/align_step_30000.pt
[shallow] Eval at step 30000 …
  [NanoMSMARCO] loading …
  [NanoMSMARCO] encoding 5043 docs (doc_splade) …
  [NanoMSMARCO] encoding 50 queries (query_model, dense) …
  [NanoMSMARCO] NDCG@10  query_doc (dense)  : 0.7023
  [NanoNFCorpus] loading …
  [NanoNFCorpus] encoding 2953 docs (doc_splade) …
  [NanoNFCorpus] encoding 50 queries (query_model, dense) …
  [NanoNFCorpus] NDCG@10  query_doc (dense)  : 0.3216
  New best NanoMSMARCO query_doc NDCG@10=0.7023 → checkpoints_splade-v3/splade_shallow_last5/best_NanoMSMARCO.pt
[shallow/full] step  30200 | loss 4.9810 (rank 4.978 ctr 0.000) | q_nnz 17.4 (teacher 25.8) | flops 17.5 | lr 1.65e-04 | 58s
[shallow/full] step  30400 | loss 4.5137 (rank 4.510 ctr 0.000) | q_nnz 17.9 (teacher 25.7) | flops 18.2 | lr 1.64e-04 | 6s
[shallow/full] step  30600 | loss 4.6362 (rank 4.632 ctr 0.000) | q_nnz 18.1 (teacher 24.4) | flops 18.4 | lr 1.64e-04 | 14s
[shallow/full] step  30800 | loss 4.6127 (rank 4.609 ctr 0.000) | q_nnz 17.3 (teacher 23.1) | flops 16.6 | lr 1.63e-04 | 6s
[shallow/full] step  31000 | loss 3.8900 (rank 3.887 ctr 0.000) | q_nnz 14.3 (teacher 21.7) | flops 15.8 | lr 1.63e-04 | 6s
[shallow/full] step  31200 | loss 4.4335 (rank 4.430 ctr 0.000) | q_nnz 16.5 (teacher 24.1) | flops 16.9 | lr 1.62e-04 | 6s
[shallow/full] step  31400 | loss 4.1513 (rank 4.148 ctr 0.000) | q_nnz 15.6 (teacher 25.8) | flops 16.3 | lr 1.61e-04 | 13s
[shallow/full] step  31600 | loss 3.7228 (rank 3.720 ctr 0.000) | q_nnz 15.8 (teacher 21.1) | flops 16.7 | lr 1.61e-04 | 6s
[shallow/full] step  31800 | loss 4.0638 (rank 4.060 ctr 0.000) | q_nnz 17.5 (teacher 23.8) | flops 17.3 | lr 1.60e-04 | 6s
[shallow/full] step  32000 | loss 5.0583 (rank 5.055 ctr 0.000) | q_nnz 16.9 (teacher 22.1) | flops 17.2 | lr 1.60e-04 | 13s
[shallow/full] step  32200 | loss 5.5175 (rank 5.514 ctr 0.000) | q_nnz 14.9 (teacher 23.7) | flops 15.8 | lr 1.59e-04 | 6s
[shallow/full] step  32400 | loss 4.9921 (rank 4.988 ctr 0.000) | q_nnz 18.4 (teacher 24.7) | flops 19.4 | lr 1.59e-04 | 6s
[shallow/full] step  32600 | loss 6.0236 (rank 6.020 ctr 0.000) | q_nnz 19.1 (teacher 29.1) | flops 18.4 | lr 1.58e-04 | 13s
[shallow/full] step  32800 | loss 4.5617 (rank 4.558 ctr 0.000) | q_nnz 17.6 (teacher 23.8) | flops 18.3 | lr 1.58e-04 | 6s
[shallow/full] step  33000 | loss 3.8308 (rank 3.828 ctr 0.000) | q_nnz 14.7 (teacher 19.7) | flops 15.0 | lr 1.57e-04 | 6s
[shallow/full] step  33200 | loss 4.0926 (rank 4.089 ctr 0.000) | q_nnz 16.1 (teacher 22.2) | flops 17.1 | lr 1.57e-04 | 14s
[shallow/full] step  33400 | loss 4.3490 (rank 4.346 ctr 0.000) | q_nnz 17.6 (teacher 24.6) | flops 17.4 | lr 1.56e-04 | 6s
[shallow/full] step  33600 | loss 4.7097 (rank 4.706 ctr 0.000) | q_nnz 16.9 (teacher 23.4) | flops 17.5 | lr 1.56e-04 | 6s
[shallow/full] step  33800 | loss 4.1201 (rank 4.117 ctr 0.000) | q_nnz 16.0 (teacher 21.9) | flops 17.4 | lr 1.55e-04 | 15s
[shallow/full] step  34000 | loss 4.5631 (rank 4.560 ctr 0.000) | q_nnz 17.1 (teacher 24.0) | flops 17.9 | lr 1.54e-04 | 6s
[shallow/full] step  34200 | loss 4.1581 (rank 4.155 ctr 0.000) | q_nnz 16.6 (teacher 21.6) | flops 17.6 | lr 1.54e-04 | 6s
[shallow/full] step  34400 | loss 3.9079 (rank 3.905 ctr 0.000) | q_nnz 17.0 (teacher 24.4) | flops 16.8 | lr 1.53e-04 | 14s
[shallow/full] step  34600 | loss 3.5762 (rank 3.573 ctr 0.000) | q_nnz 14.7 (teacher 20.5) | flops 15.8 | lr 1.53e-04 | 6s
[shallow/full] step  34800 | loss 3.9485 (rank 3.945 ctr 0.000) | q_nnz 17.3 (teacher 22.1) | flops 17.1 | lr 1.52e-04 | 6s
[shallow/full] step  35000 | loss 4.2866 (rank 4.283 ctr 0.000) | q_nnz 17.0 (teacher 23.0) | flops 16.9 | lr 1.52e-04 | 15s
[shallow/full] step  35200 | loss 4.1914 (rank 4.188 ctr 0.000) | q_nnz 15.1 (teacher 23.8) | flops 16.0 | lr 1.51e-04 | 6s
[shallow/full] step  35400 | loss 4.4872 (rank 4.484 ctr 0.000) | q_nnz 14.6 (teacher 24.0) | flops 15.3 | lr 1.50e-04 | 6s
[shallow/full] step  35600 | loss 4.0293 (rank 4.026 ctr 0.000) | q_nnz 15.8 (teacher 22.8) | flops 16.7 | lr 1.50e-04 | 14s
[shallow/full] step  35800 | loss 3.8189 (rank 3.815 ctr 0.000) | q_nnz 15.7 (teacher 22.9) | flops 17.1 | lr 1.49e-04 | 6s
[shallow/full] step  36000 | loss 4.0597 (rank 4.056 ctr 0.000) | q_nnz 15.9 (teacher 23.3) | flops 16.6 | lr 1.49e-04 | 6s
[shallow/full] step  36200 | loss 4.0255 (rank 4.022 ctr 0.000) | q_nnz 15.3 (teacher 22.1) | flops 16.5 | lr 1.48e-04 | 13s
[shallow/full] step  36400 | loss 4.4936 (rank 4.490 ctr 0.000) | q_nnz 16.4 (teacher 24.7) | flops 16.5 | lr 1.48e-04 | 6s
[shallow/full] step  36600 | loss 3.8962 (rank 3.893 ctr 0.000) | q_nnz 15.9 (teacher 23.4) | flops 15.7 | lr 1.47e-04 | 6s
[shallow/full] step  36800 | loss 4.2697 (rank 4.266 ctr 0.000) | q_nnz 16.2 (teacher 24.0) | flops 16.2 | lr 1.46e-04 | 6s
[shallow/full] step  37000 | loss 4.2587 (rank 4.255 ctr 0.000) | q_nnz 16.4 (teacher 23.2) | flops 17.7 | lr 1.46e-04 | 13s
[shallow/full] step  37200 | loss 4.0909 (rank 4.087 ctr 0.000) | q_nnz 17.2 (teacher 24.8) | flops 18.0 | lr 1.45e-04 | 6s
[shallow/full] step  37400 | loss 5.1318 (rank 5.128 ctr 0.000) | q_nnz 18.6 (teacher 26.4) | flops 17.2 | lr 1.45e-04 | 6s
[shallow/full] step  37600 | loss 3.4805 (rank 3.477 ctr 0.000) | q_nnz 17.1 (teacher 21.8) | flops 17.5 | lr 1.44e-04 | 13s
[shallow/full] step  37800 | loss 4.0803 (rank 4.077 ctr 0.000) | q_nnz 16.3 (teacher 22.1) | flops 16.4 | lr 1.43e-04 | 6s
[shallow/full] step  38000 | loss 4.6940 (rank 4.691 ctr 0.000) | q_nnz 16.9 (teacher 24.8) | flops 16.6 | lr 1.43e-04 | 6s
[shallow/full] step  38200 | loss 4.5555 (rank 4.552 ctr 0.000) | q_nnz 17.3 (teacher 25.2) | flops 16.9 | lr 1.42e-04 | 13s
[shallow/full] step  38400 | loss 4.5782 (rank 4.575 ctr 0.000) | q_nnz 15.8 (teacher 22.4) | flops 17.7 | lr 1.42e-04 | 6s
[shallow/full] step  38600 | loss 4.6655 (rank 4.662 ctr 0.000) | q_nnz 18.4 (teacher 24.9) | flops 18.6 | lr 1.41e-04 | 6s
[shallow/full] step  38800 | loss 4.3049 (rank 4.301 ctr 0.000) | q_nnz 17.5 (teacher 25.0) | flops 17.6 | lr 1.40e-04 | 14s
[shallow/full] step  39000 | loss 4.8402 (rank 4.837 ctr 0.000) | q_nnz 14.5 (teacher 25.2) | flops 15.5 | lr 1.40e-04 | 6s
[shallow/full] step  39200 | loss 4.3539 (rank 4.350 ctr 0.000) | q_nnz 18.3 (teacher 25.1) | flops 19.4 | lr 1.39e-04 | 6s
[shallow/full] step  39400 | loss 4.8645 (rank 4.860 ctr 0.000) | q_nnz 20.8 (teacher 27.1) | flops 19.9 | lr 1.39e-04 | 14s
[shallow/full] step  39600 | loss 5.3307 (rank 5.327 ctr 0.000) | q_nnz 18.1 (teacher 24.9) | flops 18.2 | lr 1.38e-04 | 6s
[shallow/full] step  39800 | loss 4.2015 (rank 4.198 ctr 0.000) | q_nnz 18.3 (teacher 26.2) | flops 18.2 | lr 1.37e-04 | 6s
[shallow/full] step  40000 | loss 4.1945 (rank 4.191 ctr 0.000) | q_nnz 18.2 (teacher 25.6) | flops 18.9 | lr 1.37e-04 | 13s
  Saved → checkpoints_splade-v3/splade_shallow_last5/align_step_40000.pt
[shallow] Eval at step 40000 …
  [NanoMSMARCO] loading …
  [NanoMSMARCO] encoding 5043 docs (doc_splade) …
  [NanoMSMARCO] encoding 50 queries (query_model, dense) …
  [NanoMSMARCO] NDCG@10  query_doc (dense)  : 0.6909
  [NanoNFCorpus] loading …
  [NanoNFCorpus] encoding 2953 docs (doc_splade) …
  [NanoNFCorpus] encoding 50 queries (query_model, dense) …
  [NanoNFCorpus] NDCG@10  query_doc (dense)  : 0.3322
[shallow/full] step  40200 | loss 4.1047 (rank 4.101 ctr 0.000) | q_nnz 16.1 (teacher 22.4) | flops 17.0 | lr 1.36e-04 | 60s
[shallow/full] step  40400 | loss 4.0968 (rank 4.093 ctr 0.000) | q_nnz 16.4 (teacher 22.7) | flops 17.4 | lr 1.35e-04 | 6s
[shallow/full] step  40600 | loss 4.7935 (rank 4.790 ctr 0.000) | q_nnz 16.2 (teacher 22.4) | flops 16.7 | lr 1.35e-04 | 13s
[shallow/full] step  40800 | loss 5.0449 (rank 5.041 ctr 0.000) | q_nnz 19.8 (teacher 25.8) | flops 19.6 | lr 1.34e-04 | 6s
[shallow/full] step  41000 | loss 4.1520 (rank 4.148 ctr 0.000) | q_nnz 18.8 (teacher 25.7) | flops 17.8 | lr 1.34e-04 | 6s
[shallow/full] step  41200 | loss 5.7899 (rank 5.786 ctr 0.000) | q_nnz 20.4 (teacher 25.7) | flops 20.7 | lr 1.33e-04 | 14s
[shallow/full] step  41400 | loss 3.5863 (rank 3.583 ctr 0.000) | q_nnz 13.0 (teacher 19.7) | flops 14.7 | lr 1.32e-04 | 6s
[shallow/full] step  41600 | loss 5.1478 (rank 5.144 ctr 0.000) | q_nnz 19.1 (teacher 26.6) | flops 19.2 | lr 1.32e-04 | 6s
[shallow/full] step  41800 | loss 3.8020 (rank 3.798 ctr 0.000) | q_nnz 15.8 (teacher 20.1) | flops 17.9 | lr 1.31e-04 | 6s
[shallow/full] step  42000 | loss 4.6414 (rank 4.638 ctr 0.000) | q_nnz 18.0 (teacher 25.2) | flops 16.9 | lr 1.30e-04 | 13s
[shallow/full] step  42200 | loss 4.2641 (rank 4.261 ctr 0.000) | q_nnz 14.6 (teacher 24.4) | flops 15.4 | lr 1.30e-04 | 6s
[shallow/full] step  42400 | loss 5.2306 (rank 5.227 ctr 0.000) | q_nnz 17.2 (teacher 23.2) | flops 17.7 | lr 1.29e-04 | 6s
[shallow/full] step  42600 | loss 3.5514 (rank 3.548 ctr 0.000) | q_nnz 14.1 (teacher 18.9) | flops 15.1 | lr 1.29e-04 | 14s
[shallow/full] step  42800 | loss 4.2392 (rank 4.236 ctr 0.000) | q_nnz 16.2 (teacher 18.0) | flops 16.4 | lr 1.28e-04 | 6s
[shallow/full] step  43000 | loss 4.4744 (rank 4.471 ctr 0.000) | q_nnz 16.4 (teacher 24.7) | flops 16.4 | lr 1.27e-04 | 6s
[shallow/full] step  43200 | loss 4.0696 (rank 4.066 ctr 0.000) | q_nnz 15.8 (teacher 21.6) | flops 16.2 | lr 1.27e-04 | 13s
[shallow/full] step  43400 | loss 4.0435 (rank 4.040 ctr 0.000) | q_nnz 16.2 (teacher 24.1) | flops 16.7 | lr 1.26e-04 | 6s
[shallow/full] step  43600 | loss 4.5118 (rank 4.508 ctr 0.000) | q_nnz 18.1 (teacher 25.9) | flops 18.0 | lr 1.25e-04 | 6s
[shallow/full] step  43800 | loss 4.9846 (rank 4.981 ctr 0.000) | q_nnz 18.0 (teacher 25.3) | flops 18.0 | lr 1.25e-04 | 13s
[shallow/full] step  44000 | loss 4.4060 (rank 4.402 ctr 0.000) | q_nnz 16.8 (teacher 22.4) | flops 17.7 | lr 1.24e-04 | 6s
[shallow/full] step  44200 | loss 3.8189 (rank 3.816 ctr 0.000) | q_nnz 16.2 (teacher 23.6) | flops 16.6 | lr 1.23e-04 | 6s
[shallow/full] step  44400 | loss 4.4089 (rank 4.406 ctr 0.000) | q_nnz 17.7 (teacher 26.5) | flops 17.1 | lr 1.23e-04 | 14s
[shallow/full] step  44600 | loss 5.1193 (rank 5.116 ctr 0.000) | q_nnz 16.2 (teacher 25.4) | flops 17.2 | lr 1.22e-04 | 6s
[shallow/full] step  44800 | loss 5.3110 (rank 5.308 ctr 0.000) | q_nnz 17.8 (teacher 26.1) | flops 17.3 | lr 1.21e-04 | 6s
[shallow/full] step  45000 | loss 4.8360 (rank 4.833 ctr 0.000) | q_nnz 16.8 (teacher 25.1) | flops 17.1 | lr 1.21e-04 | 13s
[shallow/full] step  45200 | loss 4.7364 (rank 4.733 ctr 0.000) | q_nnz 16.1 (teacher 26.6) | flops 15.7 | lr 1.20e-04 | 6s
[shallow/full] step  45400 | loss 4.7548 (rank 4.751 ctr 0.000) | q_nnz 17.9 (teacher 26.1) | flops 18.8 | lr 1.20e-04 | 6s
[shallow/full] step  45600 | loss 3.5767 (rank 3.573 ctr 0.000) | q_nnz 16.7 (teacher 24.2) | flops 16.4 | lr 1.19e-04 | 14s
[shallow/full] step  45800 | loss 4.1294 (rank 4.126 ctr 0.000) | q_nnz 16.8 (teacher 22.8) | flops 18.1 | lr 1.18e-04 | 6s
[shallow/full] step  46000 | loss 4.0499 (rank 4.046 ctr 0.000) | q_nnz 16.2 (teacher 21.8) | flops 17.4 | lr 1.18e-04 | 6s
[shallow/full] step  46200 | loss 5.4205 (rank 5.417 ctr 0.000) | q_nnz 19.0 (teacher 28.1) | flops 17.9 | lr 1.17e-04 | 13s
[shallow/full] step  46400 | loss 3.9938 (rank 3.991 ctr 0.000) | q_nnz 15.8 (teacher 22.1) | flops 16.3 | lr 1.16e-04 | 6s
[shallow/full] step  46600 | loss 3.9946 (rank 3.991 ctr 0.000) | q_nnz 16.2 (teacher 23.1) | flops 16.4 | lr 1.16e-04 | 6s
[shallow/full] step  46800 | loss 4.0833 (rank 4.080 ctr 0.000) | q_nnz 16.9 (teacher 22.8) | flops 17.4 | lr 1.15e-04 | 14s
[shallow/full] step  47000 | loss 4.1462 (rank 4.143 ctr 0.000) | q_nnz 16.1 (teacher 23.7) | flops 16.3 | lr 1.14e-04 | 6s
[shallow/full] step  47200 | loss 4.2729 (rank 4.269 ctr 0.000) | q_nnz 17.1 (teacher 23.1) | flops 17.0 | lr 1.14e-04 | 6s
[shallow/full] step  47400 | loss 4.0944 (rank 4.091 ctr 0.000) | q_nnz 15.9 (teacher 24.6) | flops 17.5 | lr 1.13e-04 | 6s
[shallow/full] step  47600 | loss 3.7519 (rank 3.748 ctr 0.000) | q_nnz 17.8 (teacher 23.6) | flops 18.6 | lr 1.12e-04 | 13s
[shallow/full] step  47800 | loss 4.5274 (rank 4.524 ctr 0.000) | q_nnz 17.6 (teacher 26.4) | flops 17.4 | lr 1.12e-04 | 6s
[shallow/full] step  48000 | loss 4.6874 (rank 4.684 ctr 0.000) | q_nnz 16.3 (teacher 22.8) | flops 15.7 | lr 1.11e-04 | 6s
[shallow/full] step  48200 | loss 3.4858 (rank 3.482 ctr 0.000) | q_nnz 17.4 (teacher 24.4) | flops 17.5 | lr 1.10e-04 | 14s
[shallow/full] step  48400 | loss 4.9310 (rank 4.927 ctr 0.000) | q_nnz 19.8 (teacher 28.5) | flops 18.8 | lr 1.10e-04 | 6s
[shallow/full] step  48600 | loss 3.8334 (rank 3.830 ctr 0.000) | q_nnz 16.3 (teacher 25.4) | flops 15.3 | lr 1.09e-04 | 6s
[shallow/full] step  48800 | loss 3.4616 (rank 3.458 ctr 0.000) | q_nnz 16.0 (teacher 23.8) | flops 16.5 | lr 1.08e-04 | 13s
[shallow/full] step  49000 | loss 3.7239 (rank 3.721 ctr 0.000) | q_nnz 17.1 (teacher 23.1) | flops 16.5 | lr 1.08e-04 | 6s
[shallow/full] step  49200 | loss 4.0478 (rank 4.044 ctr 0.000) | q_nnz 15.6 (teacher 24.2) | flops 16.6 | lr 1.07e-04 | 6s
[shallow/full] step  49400 | loss 3.3520 (rank 3.349 ctr 0.000) | q_nnz 15.2 (teacher 23.5) | flops 16.1 | lr 1.06e-04 | 13s
[shallow/full] step  49600 | loss 3.4290 (rank 3.426 ctr 0.000) | q_nnz 16.2 (teacher 22.4) | flops 16.4 | lr 1.06e-04 | 6s
[shallow/full] step  49800 | loss 3.8221 (rank 3.819 ctr 0.000) | q_nnz 17.3 (teacher 25.4) | flops 17.2 | lr 1.05e-04 | 6s
[shallow/full] step  50000 | loss 4.6170 (rank 4.614 ctr 0.000) | q_nnz 17.9 (teacher 24.4) | flops 16.8 | lr 1.04e-04 | 16s
  Saved → checkpoints_splade-v3/splade_shallow_last5/align_step_50000.pt
[shallow] Eval at step 50000 …
  [NanoMSMARCO] loading …
  [NanoMSMARCO] encoding 5043 docs (doc_splade) …
  [NanoMSMARCO] encoding 50 queries (query_model, dense) …
  [NanoMSMARCO] NDCG@10  query_doc (dense)  : 0.6959
  [NanoNFCorpus] loading …
  [NanoNFCorpus] encoding 2953 docs (doc_splade) …
  [NanoNFCorpus] encoding 50 queries (query_model, dense) …
  [NanoNFCorpus] NDCG@10  query_doc (dense)  : 0.3292
[shallow] Done. Final checkpoint → checkpoints_splade-v3/splade_shallow_last5/align_final.pt
