Device: cuda
[shallow] doc=naver/splade-v3 | n_layers=2 | freeze_warmup=5000 | alignment=50000 | lr=0.0002 | nway=8 | lambda_q=0.0002 | align_loss_kind=mse | kd_temperature=1.0 | use_contrastive=False | contrastive_coeff=0.0 | log_ranking_metrics=False | grad_accum=2 | freeze_head_after_warmup=True
[shallow] Loading frozen doc SPLADE: naver/splade-v3 …

Loading weights:   0%|          | 0/204 [00:00<?, ?it/s]
Loading weights: 100%|██████████| 204/204 [00:00<00:00, 49135.06it/s]
[shallow] Building shallow query model from same checkpoint, keeping 2 layers …
[shallow] Using explicit doc-layer indices for query body: [0, 11]

Loading weights:   0%|          | 0/204 [00:00<?, ?it/s]
Loading weights: 100%|██████████| 204/204 [00:00<00:00, 29838.12it/s]
/home/capemox/projects/sae-smo-splade/train.py:2659: FutureWarning: `torch.cuda.amp.GradScaler(args...)` is deprecated. Please use `torch.amp.GradScaler('cuda', args...)` instead.
  scaler = GradScaler(enabled=fp16 and device.type == "cuda")
Exception in thread Thread-auto_conversion:
Traceback (most recent call last):
  File "/home/capemox/.local/share/uv/python/cpython-3.10.16-linux-x86_64-gnu/lib/python3.10/threading.py", line 1016, in _bootstrap_inner
    self.run()
  File "/home/capemox/.local/share/uv/python/cpython-3.10.16-linux-x86_64-gnu/lib/python3.10/threading.py", line 953, in run
    self._target(*self._args, **self._kwargs)
  File "/home/capemox/projects/sae-smo-splade/.venv/lib/python3.10/site-packages/transformers/safetensors_conversion.py", line 117, in auto_conversion
    raise e
  File "/home/capemox/projects/sae-smo-splade/.venv/lib/python3.10/site-packages/transformers/safetensors_conversion.py", line 96, in auto_conversion
    sha = get_conversion_pr_reference(api, pretrained_model_name_or_path, **cached_file_kwargs)
  File "/home/capemox/projects/sae-smo-splade/.venv/lib/python3.10/site-packages/transformers/safetensors_conversion.py", line 77, in get_conversion_pr_reference
    raise OSError(
OSError: Could not create safetensors conversion PR. The repo does not appear to have a file named pytorch_model.bin or model.safetensors.If you are loading with variant, use `use_safetensors=False` to load the original model.
Exception in thread Thread-auto_conversion:
Traceback (most recent call last):
  File "/home/capemox/.local/share/uv/python/cpython-3.10.16-linux-x86_64-gnu/lib/python3.10/threading.py", line 1016, in _bootstrap_inner
    self.run()
  File "/home/capemox/.local/share/uv/python/cpython-3.10.16-linux-x86_64-gnu/lib/python3.10/threading.py", line 953, in run
    self._target(*self._args, **self._kwargs)
  File "/home/capemox/projects/sae-smo-splade/.venv/lib/python3.10/site-packages/transformers/safetensors_conversion.py", line 117, in auto_conversion
    raise e
  File "/home/capemox/projects/sae-smo-splade/.venv/lib/python3.10/site-packages/transformers/safetensors_conversion.py", line 96, in auto_conversion
    sha = get_conversion_pr_reference(api, pretrained_model_name_or_path, **cached_file_kwargs)
  File "/home/capemox/projects/sae-smo-splade/.venv/lib/python3.10/site-packages/transformers/safetensors_conversion.py", line 77, in get_conversion_pr_reference
    raise OSError(
OSError: Could not create safetensors conversion PR. The repo does not appear to have a file named pytorch_model.bin or model.safetensors.If you are loading with variant, use `use_safetensors=False` to load the original model.
/home/capemox/projects/sae-smo-splade/train.py:2793: FutureWarning: `torch.cuda.amp.autocast(args...)` is deprecated. Please use `torch.amp.autocast('cuda', args...)` instead.
  with autocast(enabled=fp16 and device.type == "cuda"):
/home/capemox/projects/sae-smo-splade/train.py:2857: UserWarning: Detected call of `lr_scheduler.step()` before `optimizer.step()`. In PyTorch 1.1.0 and later, you should call them in the opposite order: `optimizer.step()` before `lr_scheduler.step()`.  Failure to do this will result in PyTorch skipping the first value of the learning rate schedule. See more details at https://pytorch.org/docs/stable/optim.html#how-to-adjust-learning-rate
  scaler.step(optimizer); scaler.update(); scheduler.step()
[shallow] Query model params (after truncation): 38.6M (was 12-layer original); will freeze embeddings + head during warmup.
[shallow] Phase 0 (frozen warmup). Trainable params: 14.2M / 38.6M total.
[shallow] Initial eval — doc_doc ceiling + query_doc baseline …
  [NanoMSMARCO] loading …
  [NanoMSMARCO] encoding 5043 docs (doc_splade) …
  [NanoMSMARCO] encoding 50 queries (doc_doc ceiling) …
  [NanoMSMARCO] NDCG@10  doc_doc (ceiling) : 0.7001
  [NanoMSMARCO] encoding 50 queries (query_model, dense) …
  [NanoMSMARCO] NDCG@10  query_doc (dense)  : 0.6336
  [NanoNFCorpus] loading …
  [NanoNFCorpus] encoding 2953 docs (doc_splade) …
  [NanoNFCorpus] encoding 50 queries (doc_doc ceiling) …
  [NanoNFCorpus] NDCG@10  doc_doc (ceiling) : 0.3448
  [NanoNFCorpus] encoding 50 queries (query_model, dense) …
  [NanoNFCorpus] NDCG@10  query_doc (dense)  : 0.3142
[shallow] Training loop (50000 steps remaining) …
[shallow/warm] step    200 | loss 6.6723 (rank 6.672 ctr 0.000) | q_nnz 62.8 (teacher 23.9) | flops 17.1 | lr 2.00e-04 | 16s
[shallow/warm] step    400 | loss 5.1180 (rank 5.118 ctr 0.000) | q_nnz 44.9 (teacher 23.2) | flops 16.6 | lr 2.00e-04 | 4s
[shallow/warm] step    600 | loss 4.1823 (rank 4.182 ctr 0.000) | q_nnz 33.8 (teacher 23.4) | flops 17.0 | lr 2.00e-04 | 4s
[shallow/warm] step    800 | loss 4.4076 (rank 4.407 ctr 0.000) | q_nnz 30.7 (teacher 23.8) | flops 16.9 | lr 2.00e-04 | 12s
[shallow/warm] step   1000 | loss 5.9831 (rank 5.982 ctr 0.000) | q_nnz 29.3 (teacher 28.7) | flops 19.3 | lr 2.00e-04 | 4s
[shallow/warm] step   1200 | loss 5.0012 (rank 5.000 ctr 0.000) | q_nnz 18.5 (teacher 23.1) | flops 18.2 | lr 2.00e-04 | 4s
[shallow/warm] step   1400 | loss 7.4239 (rank 7.423 ctr 0.000) | q_nnz 19.7 (teacher 22.8) | flops 20.4 | lr 2.00e-04 | 12s
[shallow/warm] step   1600 | loss 7.8992 (rank 7.898 ctr 0.000) | q_nnz 18.4 (teacher 22.6) | flops 21.4 | lr 2.00e-04 | 4s
[shallow/warm] step   1800 | loss 5.1823 (rank 5.181 ctr 0.000) | q_nnz 16.4 (teacher 22.9) | flops 18.6 | lr 2.00e-04 | 4s
[shallow/warm] step   2000 | loss 5.5008 (rank 5.499 ctr 0.000) | q_nnz 16.9 (teacher 22.1) | flops 18.8 | lr 2.00e-04 | 11s
[shallow/warm] step   2200 | loss 6.9552 (rank 6.953 ctr 0.000) | q_nnz 19.8 (teacher 20.6) | flops 22.9 | lr 2.00e-04 | 4s
[shallow/warm] step   2400 | loss 5.7506 (rank 5.749 ctr 0.000) | q_nnz 15.6 (teacher 22.4) | flops 16.6 | lr 2.00e-04 | 4s
[shallow/warm] step   2600 | loss 6.5570 (rank 6.555 ctr 0.000) | q_nnz 17.8 (teacher 23.2) | flops 19.4 | lr 2.00e-04 | 12s
[shallow/warm] step   2800 | loss 6.4126 (rank 6.410 ctr 0.000) | q_nnz 18.4 (teacher 23.8) | flops 20.7 | lr 2.00e-04 | 4s
[shallow/warm] step   3000 | loss 6.4128 (rank 6.410 ctr 0.000) | q_nnz 17.4 (teacher 21.4) | flops 19.7 | lr 2.00e-04 | 4s
[shallow/warm] step   3200 | loss 6.3745 (rank 6.372 ctr 0.000) | q_nnz 14.8 (teacher 22.6) | flops 16.1 | lr 2.00e-04 | 11s
[shallow/warm] step   3400 | loss 5.8809 (rank 5.879 ctr 0.000) | q_nnz 16.9 (teacher 22.5) | flops 17.5 | lr 1.99e-04 | 4s
[shallow/warm] step   3600 | loss 6.7641 (rank 6.762 ctr 0.000) | q_nnz 17.7 (teacher 23.1) | flops 17.8 | lr 1.99e-04 | 4s
[shallow/warm] step   3800 | loss 6.6762 (rank 6.673 ctr 0.000) | q_nnz 19.1 (teacher 25.6) | flops 19.6 | lr 1.99e-04 | 12s
[shallow/warm] step   4000 | loss 6.9016 (rank 6.898 ctr 0.000) | q_nnz 18.9 (teacher 25.2) | flops 20.4 | lr 1.99e-04 | 4s
[shallow/warm] step   4200 | loss 7.1159 (rank 7.113 ctr 0.000) | q_nnz 19.4 (teacher 25.9) | flops 19.6 | lr 1.99e-04 | 4s
[shallow/warm] step   4400 | loss 8.2736 (rank 8.270 ctr 0.000) | q_nnz 21.2 (teacher 25.1) | flops 21.9 | lr 1.99e-04 | 11s
[shallow/warm] step   4600 | loss 7.0010 (rank 6.998 ctr 0.000) | q_nnz 15.8 (teacher 24.7) | flops 17.8 | lr 1.99e-04 | 4s
[shallow/warm] step   4800 | loss 5.6505 (rank 5.647 ctr 0.000) | q_nnz 17.6 (teacher 23.6) | flops 18.7 | lr 1.99e-04 | 4s
[shallow/warm] step   5000 | loss 6.6485 (rank 6.645 ctr 0.000) | q_nnz 17.8 (teacher 24.1) | flops 19.0 | lr 1.99e-04 | 12s
[shallow] Step 5000: switched to Phase 1. body_lr=1.99e-04 head_lr=0.00e+00
[shallow/full] step   5200 | loss 6.4114 (rank 6.408 ctr 0.000) | q_nnz 18.1 (teacher 23.1) | flops 18.9 | lr 1.99e-04 | 4s
[shallow/full] step   5400 | loss 6.0807 (rank 6.078 ctr 0.000) | q_nnz 15.9 (teacher 26.1) | flops 16.0 | lr 1.99e-04 | 4s
[shallow/full] step   5600 | loss 5.1827 (rank 5.180 ctr 0.000) | q_nnz 15.0 (teacher 21.9) | flops 15.7 | lr 1.99e-04 | 4s
[shallow/full] step   5800 | loss 4.8585 (rank 4.855 ctr 0.000) | q_nnz 15.3 (teacher 19.2) | flops 16.5 | lr 1.99e-04 | 13s
[shallow/full] step   6000 | loss 6.3436 (rank 6.340 ctr 0.000) | q_nnz 15.1 (teacher 20.4) | flops 17.1 | lr 1.99e-04 | 4s
[shallow/full] step   6200 | loss 6.4534 (rank 6.450 ctr 0.000) | q_nnz 17.3 (teacher 22.1) | flops 18.0 | lr 1.99e-04 | 4s
[shallow/full] step   6400 | loss 6.7787 (rank 6.775 ctr 0.000) | q_nnz 18.1 (teacher 26.2) | flops 19.7 | lr 1.99e-04 | 12s
[shallow/full] step   6600 | loss 5.4942 (rank 5.491 ctr 0.000) | q_nnz 15.8 (teacher 22.6) | flops 16.9 | lr 1.99e-04 | 4s
[shallow/full] step   6800 | loss 6.0672 (rank 6.063 ctr 0.000) | q_nnz 18.3 (teacher 24.1) | flops 18.8 | lr 1.99e-04 | 4s
[shallow/full] step   7000 | loss 5.1693 (rank 5.166 ctr 0.000) | q_nnz 15.0 (teacher 23.1) | flops 16.5 | lr 1.99e-04 | 12s
[shallow/full] step   7200 | loss 6.3025 (rank 6.299 ctr 0.000) | q_nnz 16.3 (teacher 22.8) | flops 17.2 | lr 1.99e-04 | 4s
[shallow/full] step   7400 | loss 5.4174 (rank 5.414 ctr 0.000) | q_nnz 16.0 (teacher 24.2) | flops 17.9 | lr 1.98e-04 | 4s
[shallow/full] step   7600 | loss 5.9824 (rank 5.979 ctr 0.000) | q_nnz 16.7 (teacher 23.9) | flops 17.2 | lr 1.98e-04 | 14s
[shallow/full] step   7800 | loss 5.9140 (rank 5.910 ctr 0.000) | q_nnz 16.6 (teacher 25.8) | flops 17.4 | lr 1.98e-04 | 4s
[shallow/full] step   8000 | loss 7.4310 (rank 7.427 ctr 0.000) | q_nnz 18.2 (teacher 25.4) | flops 18.3 | lr 1.98e-04 | 4s
[shallow/full] step   8200 | loss 6.2178 (rank 6.214 ctr 0.000) | q_nnz 16.6 (teacher 24.2) | flops 17.7 | lr 1.98e-04 | 13s
[shallow/full] step   8400 | loss 5.4046 (rank 5.401 ctr 0.000) | q_nnz 15.8 (teacher 24.8) | flops 18.6 | lr 1.98e-04 | 4s
[shallow/full] step   8600 | loss 5.7483 (rank 5.744 ctr 0.000) | q_nnz 18.4 (teacher 23.2) | flops 19.6 | lr 1.98e-04 | 4s
[shallow/full] step   8800 | loss 8.2543 (rank 8.250 ctr 0.000) | q_nnz 18.7 (teacher 25.1) | flops 20.2 | lr 1.98e-04 | 12s
[shallow/full] step   9000 | loss 6.3472 (rank 6.343 ctr 0.000) | q_nnz 16.9 (teacher 23.3) | flops 18.9 | lr 1.98e-04 | 4s
[shallow/full] step   9200 | loss 5.2739 (rank 5.271 ctr 0.000) | q_nnz 15.1 (teacher 25.1) | flops 16.0 | lr 1.98e-04 | 4s
[shallow/full] step   9400 | loss 5.7641 (rank 5.761 ctr 0.000) | q_nnz 16.1 (teacher 22.8) | flops 18.2 | lr 1.98e-04 | 12s
[shallow/full] step   9600 | loss 5.4356 (rank 5.432 ctr 0.000) | q_nnz 18.1 (teacher 21.8) | flops 18.8 | lr 1.98e-04 | 4s
[shallow/full] step   9800 | loss 6.0457 (rank 6.042 ctr 0.000) | q_nnz 17.7 (teacher 24.2) | flops 18.1 | lr 1.98e-04 | 4s
[shallow/full] step  10000 | loss 5.1422 (rank 5.139 ctr 0.000) | q_nnz 16.8 (teacher 26.3) | flops 17.2 | lr 1.97e-04 | 12s
  Saved → checkpoints_splade-v3/splade_shallow_spaced2/align_step_10000.pt
[shallow] Eval at step 10000 …
  [NanoMSMARCO] loading …
  [NanoMSMARCO] encoding 5043 docs (doc_splade) …
  [NanoMSMARCO] encoding 50 queries (query_model, dense) …
  [NanoMSMARCO] NDCG@10  query_doc (dense)  : 0.6756
  [NanoNFCorpus] loading …
  [NanoNFCorpus] encoding 2953 docs (doc_splade) …
  [NanoNFCorpus] encoding 50 queries (query_model, dense) …
  [NanoNFCorpus] NDCG@10  query_doc (dense)  : 0.3309
  New best NanoMSMARCO query_doc NDCG@10=0.6756 → checkpoints_splade-v3/splade_shallow_spaced2/best_NanoMSMARCO.pt
[shallow/full] step  10200 | loss 5.6345 (rank 5.631 ctr 0.000) | q_nnz 17.0 (teacher 24.7) | flops 16.3 | lr 1.97e-04 | 56s
[shallow/full] step  10400 | loss 6.0348 (rank 6.031 ctr 0.000) | q_nnz 17.1 (teacher 25.9) | flops 18.1 | lr 1.97e-04 | 4s
[shallow/full] step  10600 | loss 4.5504 (rank 4.547 ctr 0.000) | q_nnz 14.2 (teacher 20.6) | flops 16.0 | lr 1.97e-04 | 12s
[shallow/full] step  10800 | loss 6.0552 (rank 6.051 ctr 0.000) | q_nnz 19.2 (teacher 25.1) | flops 19.6 | lr 1.97e-04 | 4s
[shallow/full] step  11000 | loss 5.6947 (rank 5.691 ctr 0.000) | q_nnz 16.4 (teacher 22.6) | flops 17.4 | lr 1.97e-04 | 4s
[shallow/full] step  11200 | loss 5.4511 (rank 5.448 ctr 0.000) | q_nnz 17.4 (teacher 22.9) | flops 17.8 | lr 1.97e-04 | 4s
[shallow/full] step  11400 | loss 5.2066 (rank 5.203 ctr 0.000) | q_nnz 15.8 (teacher 25.4) | flops 17.1 | lr 1.96e-04 | 11s
[shallow/full] step  11600 | loss 5.6467 (rank 5.643 ctr 0.000) | q_nnz 17.6 (teacher 27.0) | flops 18.1 | lr 1.96e-04 | 4s
[shallow/full] step  11800 | loss 5.0492 (rank 5.046 ctr 0.000) | q_nnz 17.6 (teacher 25.2) | flops 18.2 | lr 1.96e-04 | 4s
[shallow/full] step  12000 | loss 6.9970 (rank 6.993 ctr 0.000) | q_nnz 18.4 (teacher 28.4) | flops 19.2 | lr 1.96e-04 | 12s
[shallow/full] step  12200 | loss 6.3247 (rank 6.321 ctr 0.000) | q_nnz 18.6 (teacher 26.1) | flops 19.2 | lr 1.96e-04 | 4s
[shallow/full] step  12400 | loss 6.5840 (rank 6.580 ctr 0.000) | q_nnz 19.4 (teacher 23.6) | flops 19.9 | lr 1.96e-04 | 4s
[shallow/full] step  12600 | loss 5.3358 (rank 5.332 ctr 0.000) | q_nnz 17.6 (teacher 23.1) | flops 17.4 | lr 1.96e-04 | 12s
[shallow/full] step  12800 | loss 5.6851 (rank 5.682 ctr 0.000) | q_nnz 16.4 (teacher 24.7) | flops 16.2 | lr 1.95e-04 | 4s
[shallow/full] step  13000 | loss 5.2716 (rank 5.268 ctr 0.000) | q_nnz 18.5 (teacher 27.7) | flops 18.3 | lr 1.95e-04 | 4s
[shallow/full] step  13200 | loss 5.4797 (rank 5.476 ctr 0.000) | q_nnz 16.4 (teacher 24.8) | flops 18.0 | lr 1.95e-04 | 12s
[shallow/full] step  13400 | loss 5.2319 (rank 5.228 ctr 0.000) | q_nnz 18.8 (teacher 22.3) | flops 19.7 | lr 1.95e-04 | 4s
[shallow/full] step  13600 | loss 5.1300 (rank 5.127 ctr 0.000) | q_nnz 15.7 (teacher 21.9) | flops 17.3 | lr 1.95e-04 | 4s
[shallow/full] step  13800 | loss 5.5568 (rank 5.553 ctr 0.000) | q_nnz 18.4 (teacher 23.9) | flops 18.8 | lr 1.94e-04 | 13s
[shallow/full] step  14000 | loss 6.7953 (rank 6.791 ctr 0.000) | q_nnz 19.8 (teacher 27.1) | flops 19.6 | lr 1.94e-04 | 5s
[shallow/full] step  14200 | loss 4.9006 (rank 4.897 ctr 0.000) | q_nnz 14.4 (teacher 20.2) | flops 16.0 | lr 1.94e-04 | 4s
[shallow/full] step  14400 | loss 5.6685 (rank 5.665 ctr 0.000) | q_nnz 19.3 (teacher 25.1) | flops 17.7 | lr 1.94e-04 | 12s
[shallow/full] step  14600 | loss 5.3729 (rank 5.369 ctr 0.000) | q_nnz 15.8 (teacher 24.8) | flops 18.0 | lr 1.94e-04 | 4s
[shallow/full] step  14800 | loss 6.2925 (rank 6.289 ctr 0.000) | q_nnz 18.2 (teacher 26.4) | flops 18.7 | lr 1.93e-04 | 4s
[shallow/full] step  15000 | loss 4.0898 (rank 4.087 ctr 0.000) | q_nnz 14.9 (teacher 21.0) | flops 16.3 | lr 1.93e-04 | 14s
[shallow/full] step  15200 | loss 6.2795 (rank 6.276 ctr 0.000) | q_nnz 16.0 (teacher 23.0) | flops 17.3 | lr 1.93e-04 | 4s
[shallow/full] step  15400 | loss 5.7628 (rank 5.759 ctr 0.000) | q_nnz 17.8 (teacher 23.4) | flops 19.0 | lr 1.93e-04 | 4s
[shallow/full] step  15600 | loss 5.8002 (rank 5.796 ctr 0.000) | q_nnz 20.2 (teacher 24.7) | flops 19.5 | lr 1.92e-04 | 12s
[shallow/full] step  15800 | loss 4.9740 (rank 4.971 ctr 0.000) | q_nnz 17.2 (teacher 22.8) | flops 17.2 | lr 1.92e-04 | 4s
[shallow/full] step  16000 | loss 5.8269 (rank 5.823 ctr 0.000) | q_nnz 19.8 (teacher 24.4) | flops 19.9 | lr 1.92e-04 | 5s
[shallow/full] step  16200 | loss 6.8782 (rank 6.875 ctr 0.000) | q_nnz 17.6 (teacher 25.4) | flops 18.3 | lr 1.92e-04 | 4s
[shallow/full] step  16400 | loss 5.8102 (rank 5.806 ctr 0.000) | q_nnz 17.8 (teacher 24.0) | flops 19.4 | lr 1.91e-04 | 13s
[shallow/full] step  16600 | loss 6.2888 (rank 6.285 ctr 0.000) | q_nnz 18.7 (teacher 22.6) | flops 19.3 | lr 1.91e-04 | 4s
[shallow/full] step  16800 | loss 4.6617 (rank 4.658 ctr 0.000) | q_nnz 15.9 (teacher 23.4) | flops 16.5 | lr 1.91e-04 | 4s
[shallow/full] step  17000 | loss 5.1083 (rank 5.105 ctr 0.000) | q_nnz 16.7 (teacher 21.6) | flops 16.8 | lr 1.91e-04 | 12s
[shallow/full] step  17200 | loss 5.6478 (rank 5.645 ctr 0.000) | q_nnz 17.8 (teacher 25.2) | flops 16.6 | lr 1.90e-04 | 4s
[shallow/full] step  17400 | loss 5.3391 (rank 5.336 ctr 0.000) | q_nnz 16.8 (teacher 23.6) | flops 17.0 | lr 1.90e-04 | 4s
[shallow/full] step  17600 | loss 6.0942 (rank 6.091 ctr 0.000) | q_nnz 17.1 (teacher 25.1) | flops 18.2 | lr 1.90e-04 | 12s
[shallow/full] step  17800 | loss 5.4559 (rank 5.452 ctr 0.000) | q_nnz 17.3 (teacher 21.9) | flops 18.7 | lr 1.90e-04 | 4s
[shallow/full] step  18000 | loss 5.9770 (rank 5.974 ctr 0.000) | q_nnz 16.6 (teacher 25.8) | flops 16.8 | lr 1.89e-04 | 4s
[shallow/full] step  18200 | loss 4.5186 (rank 4.515 ctr 0.000) | q_nnz 16.5 (teacher 23.8) | flops 18.4 | lr 1.89e-04 | 12s
[shallow/full] step  18400 | loss 5.4648 (rank 5.461 ctr 0.000) | q_nnz 16.9 (teacher 24.1) | flops 17.1 | lr 1.89e-04 | 4s
[shallow/full] step  18600 | loss 5.2990 (rank 5.295 ctr 0.000) | q_nnz 18.1 (teacher 22.8) | flops 18.5 | lr 1.88e-04 | 4s
[shallow/full] step  18800 | loss 5.1609 (rank 5.157 ctr 0.000) | q_nnz 16.9 (teacher 24.8) | flops 17.5 | lr 1.88e-04 | 12s
[shallow/full] step  19000 | loss 4.7942 (rank 4.791 ctr 0.000) | q_nnz 17.1 (teacher 21.3) | flops 16.7 | lr 1.88e-04 | 4s
[shallow/full] step  19200 | loss 4.9906 (rank 4.987 ctr 0.000) | q_nnz 18.2 (teacher 25.9) | flops 18.1 | lr 1.87e-04 | 4s
[shallow/full] step  19400 | loss 6.4019 (rank 6.398 ctr 0.000) | q_nnz 16.5 (teacher 23.5) | flops 17.7 | lr 1.87e-04 | 13s
[shallow/full] step  19600 | loss 4.5480 (rank 4.544 ctr 0.000) | q_nnz 15.5 (teacher 22.6) | flops 17.6 | lr 1.87e-04 | 4s
[shallow/full] step  19800 | loss 4.7832 (rank 4.780 ctr 0.000) | q_nnz 17.3 (teacher 23.6) | flops 18.2 | lr 1.87e-04 | 4s
[shallow/full] step  20000 | loss 5.1431 (rank 5.140 ctr 0.000) | q_nnz 16.8 (teacher 26.3) | flops 18.0 | lr 1.86e-04 | 12s
  Saved → checkpoints_splade-v3/splade_shallow_spaced2/align_step_20000.pt
[shallow] Eval at step 20000 …
  [NanoMSMARCO] loading …
  [NanoMSMARCO] encoding 5043 docs (doc_splade) …
  [NanoMSMARCO] encoding 50 queries (query_model, dense) …
  [NanoMSMARCO] NDCG@10  query_doc (dense)  : 0.6788
  [NanoNFCorpus] loading …
  [NanoNFCorpus] encoding 2953 docs (doc_splade) …
  [NanoNFCorpus] encoding 50 queries (query_model, dense) …
  [NanoNFCorpus] NDCG@10  query_doc (dense)  : 0.3191
  New best NanoMSMARCO query_doc NDCG@10=0.6788 → checkpoints_splade-v3/splade_shallow_spaced2/best_NanoMSMARCO.pt
[shallow/full] step  20200 | loss 5.0975 (rank 5.094 ctr 0.000) | q_nnz 16.4 (teacher 21.5) | flops 17.2 | lr 1.86e-04 | 57s
[shallow/full] step  20400 | loss 5.0887 (rank 5.085 ctr 0.000) | q_nnz 16.9 (teacher 23.1) | flops 18.3 | lr 1.86e-04 | 4s
[shallow/full] step  20600 | loss 4.2281 (rank 4.225 ctr 0.000) | q_nnz 13.7 (teacher 20.1) | flops 15.5 | lr 1.85e-04 | 12s
[shallow/full] step  20800 | loss 4.6087 (rank 4.605 ctr 0.000) | q_nnz 17.1 (teacher 21.7) | flops 18.0 | lr 1.85e-04 | 4s
[shallow/full] step  21000 | loss 5.0684 (rank 5.065 ctr 0.000) | q_nnz 16.1 (teacher 21.6) | flops 17.7 | lr 1.84e-04 | 4s
[shallow/full] step  21200 | loss 5.7195 (rank 5.716 ctr 0.000) | q_nnz 15.5 (teacher 24.8) | flops 16.0 | lr 1.84e-04 | 12s
[shallow/full] step  21400 | loss 5.1021 (rank 5.099 ctr 0.000) | q_nnz 17.0 (teacher 22.4) | flops 17.8 | lr 1.84e-04 | 4s
[shallow/full] step  21600 | loss 6.1116 (rank 6.107 ctr 0.000) | q_nnz 20.8 (teacher 28.6) | flops 21.3 | lr 1.83e-04 | 4s
[shallow/full] step  21800 | loss 4.1691 (rank 4.166 ctr 0.000) | q_nnz 15.0 (teacher 19.9) | flops 16.7 | lr 1.83e-04 | 4s
[shallow/full] step  22000 | loss 5.8061 (rank 5.803 ctr 0.000) | q_nnz 16.1 (teacher 23.6) | flops 17.6 | lr 1.83e-04 | 12s
[shallow/full] step  22200 | loss 5.4194 (rank 5.416 ctr 0.000) | q_nnz 17.1 (teacher 23.8) | flops 18.1 | lr 1.82e-04 | 4s
[shallow/full] step  22400 | loss 5.2604 (rank 5.257 ctr 0.000) | q_nnz 17.8 (teacher 26.2) | flops 18.5 | lr 1.82e-04 | 4s
[shallow/full] step  22600 | loss 5.6435 (rank 5.640 ctr 0.000) | q_nnz 19.6 (teacher 25.6) | flops 18.8 | lr 1.82e-04 | 13s
[shallow/full] step  22800 | loss 6.0821 (rank 6.078 ctr 0.000) | q_nnz 18.7 (teacher 21.6) | flops 19.0 | lr 1.81e-04 | 4s
[shallow/full] step  23000 | loss 6.0827 (rank 6.079 ctr 0.000) | q_nnz 16.8 (teacher 23.9) | flops 18.2 | lr 1.81e-04 | 4s
[shallow/full] step  23200 | loss 6.0485 (rank 6.045 ctr 0.000) | q_nnz 17.9 (teacher 26.4) | flops 18.7 | lr 1.80e-04 | 12s
[shallow/full] step  23400 | loss 5.2472 (rank 5.244 ctr 0.000) | q_nnz 15.4 (teacher 23.9) | flops 16.0 | lr 1.80e-04 | 4s
[shallow/full] step  23600 | loss 5.4017 (rank 5.398 ctr 0.000) | q_nnz 15.6 (teacher 25.9) | flops 17.3 | lr 1.80e-04 | 4s
[shallow/full] step  23800 | loss 5.6410 (rank 5.637 ctr 0.000) | q_nnz 18.9 (teacher 26.3) | flops 20.2 | lr 1.79e-04 | 13s
[shallow/full] step  24000 | loss 5.4496 (rank 5.446 ctr 0.000) | q_nnz 18.2 (teacher 23.9) | flops 19.9 | lr 1.79e-04 | 4s
[shallow/full] step  24200 | loss 6.0922 (rank 6.088 ctr 0.000) | q_nnz 17.9 (teacher 22.9) | flops 18.5 | lr 1.78e-04 | 4s
[shallow/full] step  24400 | loss 4.9490 (rank 4.945 ctr 0.000) | q_nnz 17.1 (teacher 24.8) | flops 17.8 | lr 1.78e-04 | 12s
[shallow/full] step  24600 | loss 6.0675 (rank 6.064 ctr 0.000) | q_nnz 16.6 (teacher 24.6) | flops 18.0 | lr 1.78e-04 | 4s
[shallow/full] step  24800 | loss 5.1314 (rank 5.128 ctr 0.000) | q_nnz 18.7 (teacher 24.5) | flops 18.9 | lr 1.77e-04 | 4s
[shallow/full] step  25000 | loss 4.8858 (rank 4.882 ctr 0.000) | q_nnz 18.0 (teacher 22.1) | flops 19.2 | lr 1.77e-04 | 15s
[shallow/full] step  25200 | loss 5.3923 (rank 5.389 ctr 0.000) | q_nnz 17.2 (teacher 25.1) | flops 18.2 | lr 1.76e-04 | 4s
[shallow/full] step  25400 | loss 5.0153 (rank 5.012 ctr 0.000) | q_nnz 17.3 (teacher 25.4) | flops 17.2 | lr 1.76e-04 | 4s
[shallow/full] step  25600 | loss 5.5173 (rank 5.514 ctr 0.000) | q_nnz 18.1 (teacher 24.8) | flops 18.1 | lr 1.75e-04 | 12s
[shallow/full] step  25800 | loss 5.3530 (rank 5.350 ctr 0.000) | q_nnz 16.2 (teacher 22.9) | flops 16.4 | lr 1.75e-04 | 4s
[shallow/full] step  26000 | loss 3.8460 (rank 3.843 ctr 0.000) | q_nnz 15.0 (teacher 22.5) | flops 16.8 | lr 1.75e-04 | 4s
[shallow/full] step  26200 | loss 4.9380 (rank 4.935 ctr 0.000) | q_nnz 15.6 (teacher 24.5) | flops 17.4 | lr 1.74e-04 | 4s
[shallow/full] step  26400 | loss 5.9483 (rank 5.945 ctr 0.000) | q_nnz 17.6 (teacher 25.8) | flops 18.3 | lr 1.74e-04 | 12s
[shallow/full] step  26600 | loss 4.7233 (rank 4.720 ctr 0.000) | q_nnz 15.8 (teacher 24.7) | flops 16.9 | lr 1.73e-04 | 4s
[shallow/full] step  26800 | loss 4.8752 (rank 4.872 ctr 0.000) | q_nnz 16.9 (teacher 25.6) | flops 17.8 | lr 1.73e-04 | 4s
[shallow/full] step  27000 | loss 4.5672 (rank 4.564 ctr 0.000) | q_nnz 14.8 (teacher 22.9) | flops 15.7 | lr 1.72e-04 | 11s
[shallow/full] step  27200 | loss 5.1373 (rank 5.134 ctr 0.000) | q_nnz 18.3 (teacher 24.9) | flops 18.0 | lr 1.72e-04 | 4s
[shallow/full] step  27400 | loss 4.9378 (rank 4.934 ctr 0.000) | q_nnz 18.0 (teacher 24.6) | flops 18.3 | lr 1.71e-04 | 4s
[shallow/full] step  27600 | loss 4.6294 (rank 4.626 ctr 0.000) | q_nnz 14.8 (teacher 25.2) | flops 16.1 | lr 1.71e-04 | 12s
[shallow/full] step  27800 | loss 4.2836 (rank 4.280 ctr 0.000) | q_nnz 16.8 (teacher 23.2) | flops 16.8 | lr 1.70e-04 | 4s
[shallow/full] step  28000 | loss 5.1830 (rank 5.179 ctr 0.000) | q_nnz 16.1 (teacher 22.9) | flops 18.1 | lr 1.70e-04 | 4s
[shallow/full] step  28200 | loss 3.8825 (rank 3.879 ctr 0.000) | q_nnz 15.9 (teacher 24.6) | flops 16.1 | lr 1.70e-04 | 12s
[shallow/full] step  28400 | loss 4.6344 (rank 4.631 ctr 0.000) | q_nnz 16.3 (teacher 23.4) | flops 16.9 | lr 1.69e-04 | 4s
[shallow/full] step  28600 | loss 6.0777 (rank 6.074 ctr 0.000) | q_nnz 18.4 (teacher 25.9) | flops 18.0 | lr 1.69e-04 | 4s
[shallow/full] step  28800 | loss 5.1298 (rank 5.127 ctr 0.000) | q_nnz 15.5 (teacher 22.3) | flops 16.3 | lr 1.68e-04 | 13s
[shallow/full] step  29000 | loss 4.4908 (rank 4.487 ctr 0.000) | q_nnz 17.6 (teacher 23.0) | flops 16.9 | lr 1.68e-04 | 4s
[shallow/full] step  29200 | loss 5.3445 (rank 5.341 ctr 0.000) | q_nnz 15.4 (teacher 23.6) | flops 17.3 | lr 1.67e-04 | 4s
[shallow/full] step  29400 | loss 5.1135 (rank 5.110 ctr 0.000) | q_nnz 16.0 (teacher 25.7) | flops 18.0 | lr 1.67e-04 | 11s
[shallow/full] step  29600 | loss 5.9243 (rank 5.920 ctr 0.000) | q_nnz 19.8 (teacher 23.4) | flops 19.3 | lr 1.66e-04 | 4s
[shallow/full] step  29800 | loss 4.3588 (rank 4.355 ctr 0.000) | q_nnz 17.7 (teacher 23.2) | flops 18.1 | lr 1.66e-04 | 4s
[shallow/full] step  30000 | loss 3.9217 (rank 3.918 ctr 0.000) | q_nnz 15.6 (teacher 20.9) | flops 17.4 | lr 1.65e-04 | 11s
  Saved → checkpoints_splade-v3/splade_shallow_spaced2/align_step_30000.pt
[shallow] Eval at step 30000 …
  [NanoMSMARCO] loading …
  [NanoMSMARCO] encoding 5043 docs (doc_splade) …
  [NanoMSMARCO] encoding 50 queries (query_model, dense) …
  [NanoMSMARCO] NDCG@10  query_doc (dense)  : 0.6995
  [NanoNFCorpus] loading …
  [NanoNFCorpus] encoding 2953 docs (doc_splade) …
  [NanoNFCorpus] encoding 50 queries (query_model, dense) …
  [NanoNFCorpus] NDCG@10  query_doc (dense)  : 0.3214
  New best NanoMSMARCO query_doc NDCG@10=0.6995 → checkpoints_splade-v3/splade_shallow_spaced2/best_NanoMSMARCO.pt
[shallow/full] step  30200 | loss 4.8700 (rank 4.867 ctr 0.000) | q_nnz 17.8 (teacher 26.4) | flops 17.3 | lr 1.65e-04 | 57s
[shallow/full] step  30400 | loss 5.0115 (rank 5.008 ctr 0.000) | q_nnz 16.3 (teacher 24.7) | flops 16.3 | lr 1.64e-04 | 4s
[shallow/full] step  30600 | loss 5.6289 (rank 5.625 ctr 0.000) | q_nnz 18.2 (teacher 23.9) | flops 18.2 | lr 1.64e-04 | 15s
[shallow/full] step  30800 | loss 4.7427 (rank 4.740 ctr 0.000) | q_nnz 16.6 (teacher 24.1) | flops 16.0 | lr 1.63e-04 | 4s
[shallow/full] step  31000 | loss 4.6270 (rank 4.624 ctr 0.000) | q_nnz 16.8 (teacher 24.0) | flops 16.8 | lr 1.63e-04 | 4s
[shallow/full] step  31200 | loss 5.0002 (rank 4.997 ctr 0.000) | q_nnz 16.0 (teacher 23.6) | flops 16.9 | lr 1.62e-04 | 4s
[shallow/full] step  31400 | loss 4.3926 (rank 4.389 ctr 0.000) | q_nnz 17.1 (teacher 23.4) | flops 18.6 | lr 1.61e-04 | 12s
[shallow/full] step  31600 | loss 3.3609 (rank 3.358 ctr 0.000) | q_nnz 14.6 (teacher 21.9) | flops 16.2 | lr 1.61e-04 | 4s
[shallow/full] step  31800 | loss 5.5321 (rank 5.528 ctr 0.000) | q_nnz 18.6 (teacher 27.8) | flops 18.8 | lr 1.60e-04 | 4s
[shallow/full] step  32000 | loss 3.7391 (rank 3.736 ctr 0.000) | q_nnz 14.8 (teacher 20.8) | flops 16.9 | lr 1.60e-04 | 12s
[shallow/full] step  32200 | loss 5.5572 (rank 5.554 ctr 0.000) | q_nnz 16.8 (teacher 23.2) | flops 17.7 | lr 1.59e-04 | 4s
[shallow/full] step  32400 | loss 6.1687 (rank 6.165 ctr 0.000) | q_nnz 19.5 (teacher 26.7) | flops 19.3 | lr 1.59e-04 | 4s
[shallow/full] step  32600 | loss 4.7776 (rank 4.774 ctr 0.000) | q_nnz 15.5 (teacher 24.6) | flops 17.2 | lr 1.58e-04 | 11s
[shallow/full] step  32800 | loss 6.1556 (rank 6.152 ctr 0.000) | q_nnz 19.8 (teacher 27.6) | flops 18.7 | lr 1.58e-04 | 4s
[shallow/full] step  33000 | loss 5.3396 (rank 5.336 ctr 0.000) | q_nnz 16.9 (teacher 23.6) | flops 16.9 | lr 1.57e-04 | 4s
[shallow/full] step  33200 | loss 5.3027 (rank 5.299 ctr 0.000) | q_nnz 18.7 (teacher 24.2) | flops 18.6 | lr 1.57e-04 | 12s
[shallow/full] step  33400 | loss 4.2034 (rank 4.200 ctr 0.000) | q_nnz 14.8 (teacher 21.6) | flops 15.2 | lr 1.56e-04 | 4s
[shallow/full] step  33600 | loss 4.4780 (rank 4.474 ctr 0.000) | q_nnz 17.6 (teacher 24.4) | flops 18.1 | lr 1.56e-04 | 4s
[shallow/full] step  33800 | loss 3.8346 (rank 3.831 ctr 0.000) | q_nnz 14.9 (teacher 20.3) | flops 17.0 | lr 1.55e-04 | 11s
[shallow/full] step  34000 | loss 4.6026 (rank 4.599 ctr 0.000) | q_nnz 16.6 (teacher 25.9) | flops 16.9 | lr 1.54e-04 | 4s
[shallow/full] step  34200 | loss 4.1312 (rank 4.128 ctr 0.000) | q_nnz 15.9 (teacher 24.8) | flops 17.1 | lr 1.54e-04 | 4s
[shallow/full] step  34400 | loss 4.6996 (rank 4.696 ctr 0.000) | q_nnz 15.2 (teacher 22.6) | flops 16.5 | lr 1.53e-04 | 12s
[shallow/full] step  34600 | loss 4.3906 (rank 4.387 ctr 0.000) | q_nnz 16.9 (teacher 22.8) | flops 17.1 | lr 1.53e-04 | 4s
[shallow/full] step  34800 | loss 4.9631 (rank 4.960 ctr 0.000) | q_nnz 16.8 (teacher 27.2) | flops 17.0 | lr 1.52e-04 | 4s
[shallow/full] step  35000 | loss 4.3346 (rank 4.331 ctr 0.000) | q_nnz 16.2 (teacher 20.2) | flops 18.5 | lr 1.52e-04 | 12s
[shallow/full] step  35200 | loss 3.9354 (rank 3.932 ctr 0.000) | q_nnz 15.9 (teacher 22.7) | flops 16.8 | lr 1.51e-04 | 4s
[shallow/full] step  35400 | loss 3.7561 (rank 3.753 ctr 0.000) | q_nnz 14.8 (teacher 21.1) | flops 16.1 | lr 1.50e-04 | 4s
[shallow/full] step  35600 | loss 4.5801 (rank 4.577 ctr 0.000) | q_nnz 16.2 (teacher 26.1) | flops 16.7 | lr 1.50e-04 | 12s
[shallow/full] step  35800 | loss 4.2598 (rank 4.256 ctr 0.000) | q_nnz 16.6 (teacher 22.3) | flops 16.9 | lr 1.49e-04 | 4s
[shallow/full] step  36000 | loss 4.9098 (rank 4.906 ctr 0.000) | q_nnz 18.6 (teacher 25.3) | flops 19.2 | lr 1.49e-04 | 4s
[shallow/full] step  36200 | loss 4.4877 (rank 4.484 ctr 0.000) | q_nnz 15.2 (teacher 22.7) | flops 15.9 | lr 1.48e-04 | 12s
[shallow/full] step  36400 | loss 4.2811 (rank 4.278 ctr 0.000) | q_nnz 15.6 (teacher 22.2) | flops 15.7 | lr 1.48e-04 | 4s
[shallow/full] step  36600 | loss 6.4355 (rank 6.432 ctr 0.000) | q_nnz 16.1 (teacher 24.1) | flops 18.4 | lr 1.47e-04 | 4s
[shallow/full] step  36800 | loss 5.1237 (rank 5.120 ctr 0.000) | q_nnz 17.2 (teacher 23.3) | flops 17.7 | lr 1.46e-04 | 4s
[shallow/full] step  37000 | loss 4.0240 (rank 4.021 ctr 0.000) | q_nnz 16.7 (teacher 20.6) | flops 17.2 | lr 1.46e-04 | 12s
[shallow/full] step  37200 | loss 3.6481 (rank 3.645 ctr 0.000) | q_nnz 15.3 (teacher 20.9) | flops 16.5 | lr 1.45e-04 | 4s
[shallow/full] step  37400 | loss 4.3750 (rank 4.372 ctr 0.000) | q_nnz 16.7 (teacher 24.6) | flops 16.9 | lr 1.45e-04 | 4s
[shallow/full] step  37600 | loss 5.7330 (rank 5.729 ctr 0.000) | q_nnz 17.8 (teacher 24.2) | flops 17.7 | lr 1.44e-04 | 12s
[shallow/full] step  37800 | loss 4.2908 (rank 4.288 ctr 0.000) | q_nnz 15.4 (teacher 22.0) | flops 15.9 | lr 1.43e-04 | 4s
[shallow/full] step  38000 | loss 4.8031 (rank 4.800 ctr 0.000) | q_nnz 14.9 (teacher 22.5) | flops 15.9 | lr 1.43e-04 | 4s
[shallow/full] step  38200 | loss 4.5881 (rank 4.585 ctr 0.000) | q_nnz 17.6 (teacher 25.3) | flops 17.9 | lr 1.42e-04 | 12s
[shallow/full] step  38400 | loss 4.7847 (rank 4.781 ctr 0.000) | q_nnz 17.4 (teacher 23.9) | flops 17.2 | lr 1.42e-04 | 5s
[shallow/full] step  38600 | loss 4.0536 (rank 4.050 ctr 0.000) | q_nnz 15.4 (teacher 21.6) | flops 16.7 | lr 1.41e-04 | 4s
[shallow/full] step  38800 | loss 5.1730 (rank 5.169 ctr 0.000) | q_nnz 18.0 (teacher 23.4) | flops 17.6 | lr 1.40e-04 | 12s
[shallow/full] step  39000 | loss 5.2098 (rank 5.206 ctr 0.000) | q_nnz 17.0 (teacher 27.1) | flops 17.7 | lr 1.40e-04 | 5s
[shallow/full] step  39200 | loss 5.6283 (rank 5.624 ctr 0.000) | q_nnz 19.6 (teacher 29.1) | flops 19.6 | lr 1.39e-04 | 4s
[shallow/full] step  39400 | loss 4.1011 (rank 4.098 ctr 0.000) | q_nnz 15.6 (teacher 21.8) | flops 17.1 | lr 1.39e-04 | 12s
[shallow/full] step  39600 | loss 4.5898 (rank 4.586 ctr 0.000) | q_nnz 18.1 (teacher 24.7) | flops 18.4 | lr 1.38e-04 | 4s
[shallow/full] step  39800 | loss 4.0858 (rank 4.082 ctr 0.000) | q_nnz 16.3 (teacher 22.6) | flops 18.0 | lr 1.37e-04 | 4s
[shallow/full] step  40000 | loss 4.1166 (rank 4.113 ctr 0.000) | q_nnz 15.4 (teacher 22.1) | flops 16.2 | lr 1.37e-04 | 14s
  Saved → checkpoints_splade-v3/splade_shallow_spaced2/align_step_40000.pt
[shallow] Eval at step 40000 …
  [NanoMSMARCO] loading …
  [NanoMSMARCO] encoding 5043 docs (doc_splade) …
  [NanoMSMARCO] encoding 50 queries (query_model, dense) …
  [NanoMSMARCO] NDCG@10  query_doc (dense)  : 0.7048
  [NanoNFCorpus] loading …
  [NanoNFCorpus] encoding 2953 docs (doc_splade) …
  [NanoNFCorpus] encoding 50 queries (query_model, dense) …
  [NanoNFCorpus] NDCG@10  query_doc (dense)  : 0.3291
  New best NanoMSMARCO query_doc NDCG@10=0.7048 → checkpoints_splade-v3/splade_shallow_spaced2/best_NanoMSMARCO.pt
[shallow/full] step  40200 | loss 4.4463 (rank 4.443 ctr 0.000) | q_nnz 14.7 (teacher 22.4) | flops 16.7 | lr 1.36e-04 | 57s
[shallow/full] step  40400 | loss 5.0024 (rank 4.999 ctr 0.000) | q_nnz 17.0 (teacher 23.7) | flops 17.8 | lr 1.35e-04 | 4s
[shallow/full] step  40600 | loss 4.7671 (rank 4.764 ctr 0.000) | q_nnz 17.8 (teacher 24.7) | flops 17.7 | lr 1.35e-04 | 12s
[shallow/full] step  40800 | loss 4.5248 (rank 4.521 ctr 0.000) | q_nnz 16.1 (teacher 23.4) | flops 17.5 | lr 1.34e-04 | 4s
[shallow/full] step  41000 | loss 5.4359 (rank 5.432 ctr 0.000) | q_nnz 17.2 (teacher 23.9) | flops 16.9 | lr 1.34e-04 | 4s
[shallow/full] step  41200 | loss 4.3164 (rank 4.313 ctr 0.000) | q_nnz 15.2 (teacher 23.2) | flops 16.3 | lr 1.33e-04 | 12s
[shallow/full] step  41400 | loss 4.1956 (rank 4.192 ctr 0.000) | q_nnz 15.5 (teacher 20.9) | flops 15.9 | lr 1.32e-04 | 4s
[shallow/full] step  41600 | loss 4.3884 (rank 4.385 ctr 0.000) | q_nnz 17.8 (teacher 22.8) | flops 18.2 | lr 1.32e-04 | 4s
[shallow/full] step  41800 | loss 5.4051 (rank 5.402 ctr 0.000) | q_nnz 17.0 (teacher 23.2) | flops 17.5 | lr 1.31e-04 | 4s
[shallow/full] step  42000 | loss 4.9289 (rank 4.926 ctr 0.000) | q_nnz 17.1 (teacher 22.4) | flops 16.2 | lr 1.30e-04 | 12s
[shallow/full] step  42200 | loss 4.8305 (rank 4.827 ctr 0.000) | q_nnz 17.4 (teacher 24.8) | flops 18.3 | lr 1.30e-04 | 4s
[shallow/full] step  42400 | loss 4.3479 (rank 4.345 ctr 0.000) | q_nnz 16.2 (teacher 24.4) | flops 16.2 | lr 1.29e-04 | 4s
[shallow/full] step  42600 | loss 4.8483 (rank 4.845 ctr 0.000) | q_nnz 17.3 (teacher 23.9) | flops 18.3 | lr 1.29e-04 | 12s
[shallow/full] step  42800 | loss 5.3920 (rank 5.388 ctr 0.000) | q_nnz 16.4 (teacher 22.9) | flops 18.2 | lr 1.28e-04 | 4s
[shallow/full] step  43000 | loss 4.0992 (rank 4.096 ctr 0.000) | q_nnz 15.9 (teacher 24.6) | flops 17.3 | lr 1.27e-04 | 4s
[shallow/full] step  43200 | loss 4.2006 (rank 4.197 ctr 0.000) | q_nnz 17.0 (teacher 25.4) | flops 17.8 | lr 1.27e-04 | 12s
[shallow/full] step  43400 | loss 4.4067 (rank 4.403 ctr 0.000) | q_nnz 16.8 (teacher 23.3) | flops 18.2 | lr 1.26e-04 | 4s
[shallow/full] step  43600 | loss 4.2961 (rank 4.292 ctr 0.000) | q_nnz 16.9 (teacher 23.1) | flops 18.8 | lr 1.25e-04 | 4s
[shallow/full] step  43800 | loss 5.6879 (rank 5.684 ctr 0.000) | q_nnz 17.8 (teacher 25.2) | flops 18.6 | lr 1.25e-04 | 12s
[shallow/full] step  44000 | loss 4.2428 (rank 4.239 ctr 0.000) | q_nnz 17.1 (teacher 24.4) | flops 17.5 | lr 1.24e-04 | 4s
[shallow/full] step  44200 | loss 4.4403 (rank 4.437 ctr 0.000) | q_nnz 17.1 (teacher 26.8) | flops 17.1 | lr 1.23e-04 | 4s
[shallow/full] step  44400 | loss 5.2715 (rank 5.268 ctr 0.000) | q_nnz 16.8 (teacher 24.1) | flops 18.2 | lr 1.23e-04 | 12s
[shallow/full] step  44600 | loss 4.3583 (rank 4.355 ctr 0.000) | q_nnz 17.1 (teacher 23.6) | flops 17.3 | lr 1.22e-04 | 4s
[shallow/full] step  44800 | loss 4.5971 (rank 4.594 ctr 0.000) | q_nnz 15.1 (teacher 22.6) | flops 16.4 | lr 1.21e-04 | 4s
[shallow/full] step  45000 | loss 4.0437 (rank 4.040 ctr 0.000) | q_nnz 16.2 (teacher 23.6) | flops 17.3 | lr 1.21e-04 | 11s
[shallow/full] step  45200 | loss 4.7141 (rank 4.711 ctr 0.000) | q_nnz 17.2 (teacher 25.2) | flops 17.5 | lr 1.20e-04 | 4s
[shallow/full] step  45400 | loss 4.8803 (rank 4.877 ctr 0.000) | q_nnz 15.9 (teacher 23.1) | flops 17.2 | lr 1.20e-04 | 4s
[shallow/full] step  45600 | loss 3.8882 (rank 3.885 ctr 0.000) | q_nnz 12.6 (teacher 18.4) | flops 14.3 | lr 1.19e-04 | 12s
[shallow/full] step  45800 | loss 4.3503 (rank 4.347 ctr 0.000) | q_nnz 17.7 (teacher 26.1) | flops 16.4 | lr 1.18e-04 | 4s
[shallow/full] step  46000 | loss 4.9251 (rank 4.921 ctr 0.000) | q_nnz 18.0 (teacher 23.8) | flops 18.0 | lr 1.18e-04 | 4s
[shallow/full] step  46200 | loss 3.7896 (rank 3.786 ctr 0.000) | q_nnz 14.4 (teacher 20.8) | flops 16.0 | lr 1.17e-04 | 12s
[shallow/full] step  46400 | loss 4.3791 (rank 4.376 ctr 0.000) | q_nnz 16.2 (teacher 22.8) | flops 17.1 | lr 1.16e-04 | 4s
[shallow/full] step  46600 | loss 5.1925 (rank 5.189 ctr 0.000) | q_nnz 15.5 (teacher 23.8) | flops 17.7 | lr 1.16e-04 | 4s
[shallow/full] step  46800 | loss 4.7890 (rank 4.786 ctr 0.000) | q_nnz 17.6 (teacher 22.9) | flops 17.5 | lr 1.15e-04 | 13s
[shallow/full] step  47000 | loss 4.6620 (rank 4.659 ctr 0.000) | q_nnz 15.8 (teacher 22.6) | flops 17.0 | lr 1.14e-04 | 4s
[shallow/full] step  47200 | loss 4.4719 (rank 4.468 ctr 0.000) | q_nnz 17.8 (teacher 24.3) | flops 18.4 | lr 1.14e-04 | 4s
[shallow/full] step  47400 | loss 4.1897 (rank 4.186 ctr 0.000) | q_nnz 15.2 (teacher 24.1) | flops 16.5 | lr 1.13e-04 | 4s
[shallow/full] step  47600 | loss 3.8701 (rank 3.867 ctr 0.000) | q_nnz 15.6 (teacher 23.2) | flops 16.2 | lr 1.12e-04 | 14s
[shallow/full] step  47800 | loss 4.8613 (rank 4.858 ctr 0.000) | q_nnz 18.0 (teacher 24.9) | flops 17.8 | lr 1.12e-04 | 4s
[shallow/full] step  48000 | loss 4.9717 (rank 4.968 ctr 0.000) | q_nnz 15.1 (teacher 23.0) | flops 16.3 | lr 1.11e-04 | 4s
[shallow/full] step  48200 | loss 4.3135 (rank 4.310 ctr 0.000) | q_nnz 15.8 (teacher 24.2) | flops 16.5 | lr 1.10e-04 | 13s
[shallow/full] step  48400 | loss 4.8773 (rank 4.874 ctr 0.000) | q_nnz 17.9 (teacher 25.3) | flops 17.4 | lr 1.10e-04 | 4s
[shallow/full] step  48600 | loss 6.2227 (rank 6.219 ctr 0.000) | q_nnz 21.0 (teacher 28.4) | flops 19.3 | lr 1.09e-04 | 4s
[shallow/full] step  48800 | loss 5.6807 (rank 5.677 ctr 0.000) | q_nnz 16.7 (teacher 23.4) | flops 18.4 | lr 1.08e-04 | 12s
[shallow/full] step  49000 | loss 3.6657 (rank 3.662 ctr 0.000) | q_nnz 15.6 (teacher 21.2) | flops 17.2 | lr 1.08e-04 | 4s
[shallow/full] step  49200 | loss 4.3268 (rank 4.324 ctr 0.000) | q_nnz 15.3 (teacher 23.8) | flops 15.3 | lr 1.07e-04 | 5s
[shallow/full] step  49400 | loss 5.0995 (rank 5.096 ctr 0.000) | q_nnz 18.9 (teacher 26.1) | flops 19.0 | lr 1.06e-04 | 12s
[shallow/full] step  49600 | loss 5.6931 (rank 5.689 ctr 0.000) | q_nnz 18.4 (teacher 26.9) | flops 19.3 | lr 1.06e-04 | 4s
[shallow/full] step  49800 | loss 4.7745 (rank 4.771 ctr 0.000) | q_nnz 16.4 (teacher 23.0) | flops 16.4 | lr 1.05e-04 | 4s
[shallow/full] step  50000 | loss 4.2084 (rank 4.205 ctr 0.000) | q_nnz 16.4 (teacher 21.8) | flops 16.9 | lr 1.04e-04 | 15s
  Saved → checkpoints_splade-v3/splade_shallow_spaced2/align_step_50000.pt
[shallow] Eval at step 50000 …
  [NanoMSMARCO] loading …
  [NanoMSMARCO] encoding 5043 docs (doc_splade) …
  [NanoMSMARCO] encoding 50 queries (query_model, dense) …
  [NanoMSMARCO] NDCG@10  query_doc (dense)  : 0.7220
  [NanoNFCorpus] loading …
  [NanoNFCorpus] encoding 2953 docs (doc_splade) …
  [NanoNFCorpus] encoding 50 queries (query_model, dense) …
  [NanoNFCorpus] NDCG@10  query_doc (dense)  : 0.3215
  New best NanoMSMARCO query_doc NDCG@10=0.7220 → checkpoints_splade-v3/splade_shallow_spaced2/best_NanoMSMARCO.pt
[shallow] Done. Final checkpoint → checkpoints_splade-v3/splade_shallow_spaced2/align_final.pt
