Device: cuda
[shallow] doc=naver/splade-v3 | n_layers=1 | freeze_warmup=5000 | alignment=50000 | lr=0.0002 | nway=8 | lambda_q=0.0002 | align_loss_kind=mse | kd_temperature=1.0 | use_contrastive=False | contrastive_coeff=0.0 | log_ranking_metrics=False | grad_accum=2 | freeze_head_after_warmup=True
[shallow] Loading frozen doc SPLADE: naver/splade-v3 …

Loading weights:   0%|          | 0/204 [00:00<?, ?it/s]
Loading weights: 100%|██████████| 204/204 [00:00<00:00, 45999.57it/s]
[shallow] Building shallow query model from same checkpoint, keeping 1 layers …
[shallow] Using explicit doc-layer indices for query body: [6]

Loading weights:   0%|          | 0/204 [00:00<?, ?it/s]
Loading weights: 100%|██████████| 204/204 [00:00<00:00, 24197.22it/s]
/home/capemox/projects/sae-smo-splade/train.py:2659: FutureWarning: `torch.cuda.amp.GradScaler(args...)` is deprecated. Please use `torch.amp.GradScaler('cuda', args...)` instead.
  scaler = GradScaler(enabled=fp16 and device.type == "cuda")
Exception in thread Thread-auto_conversion:
Traceback (most recent call last):
  File "/home/capemox/.local/share/uv/python/cpython-3.10.16-linux-x86_64-gnu/lib/python3.10/threading.py", line 1016, in _bootstrap_inner
    self.run()
  File "/home/capemox/.local/share/uv/python/cpython-3.10.16-linux-x86_64-gnu/lib/python3.10/threading.py", line 953, in run
    self._target(*self._args, **self._kwargs)
  File "/home/capemox/projects/sae-smo-splade/.venv/lib/python3.10/site-packages/transformers/safetensors_conversion.py", line 117, in auto_conversion
    raise e
  File "/home/capemox/projects/sae-smo-splade/.venv/lib/python3.10/site-packages/transformers/safetensors_conversion.py", line 96, in auto_conversion
    sha = get_conversion_pr_reference(api, pretrained_model_name_or_path, **cached_file_kwargs)
  File "/home/capemox/projects/sae-smo-splade/.venv/lib/python3.10/site-packages/transformers/safetensors_conversion.py", line 77, in get_conversion_pr_reference
    raise OSError(
OSError: Could not create safetensors conversion PR. The repo does not appear to have a file named pytorch_model.bin or model.safetensors.If you are loading with variant, use `use_safetensors=False` to load the original model.
Exception in thread Thread-auto_conversion:
Traceback (most recent call last):
  File "/home/capemox/.local/share/uv/python/cpython-3.10.16-linux-x86_64-gnu/lib/python3.10/threading.py", line 1016, in _bootstrap_inner
    self.run()
  File "/home/capemox/.local/share/uv/python/cpython-3.10.16-linux-x86_64-gnu/lib/python3.10/threading.py", line 953, in run
    self._target(*self._args, **self._kwargs)
  File "/home/capemox/projects/sae-smo-splade/.venv/lib/python3.10/site-packages/transformers/safetensors_conversion.py", line 117, in auto_conversion
    raise e
  File "/home/capemox/projects/sae-smo-splade/.venv/lib/python3.10/site-packages/transformers/safetensors_conversion.py", line 96, in auto_conversion
    sha = get_conversion_pr_reference(api, pretrained_model_name_or_path, **cached_file_kwargs)
  File "/home/capemox/projects/sae-smo-splade/.venv/lib/python3.10/site-packages/transformers/safetensors_conversion.py", line 77, in get_conversion_pr_reference
    raise OSError(
OSError: Could not create safetensors conversion PR. The repo does not appear to have a file named pytorch_model.bin or model.safetensors.If you are loading with variant, use `use_safetensors=False` to load the original model.
/home/capemox/projects/sae-smo-splade/train.py:2793: FutureWarning: `torch.cuda.amp.autocast(args...)` is deprecated. Please use `torch.amp.autocast('cuda', args...)` instead.
  with autocast(enabled=fp16 and device.type == "cuda"):
/home/capemox/projects/sae-smo-splade/train.py:2857: UserWarning: Detected call of `lr_scheduler.step()` before `optimizer.step()`. In PyTorch 1.1.0 and later, you should call them in the opposite order: `optimizer.step()` before `lr_scheduler.step()`.  Failure to do this will result in PyTorch skipping the first value of the learning rate schedule. See more details at https://pytorch.org/docs/stable/optim.html#how-to-adjust-learning-rate
  scaler.step(optimizer); scaler.update(); scheduler.step()
[shallow] Query model params (after truncation): 31.5M (was 12-layer original); will freeze embeddings + head during warmup.
[shallow] Phase 0 (frozen warmup). Trainable params: 7.1M / 31.5M total.
[shallow] Initial eval — doc_doc ceiling + query_doc baseline …
  [NanoMSMARCO] loading …
  [NanoMSMARCO] encoding 5043 docs (doc_splade) …
  [NanoMSMARCO] encoding 50 queries (doc_doc ceiling) …
  [NanoMSMARCO] NDCG@10  doc_doc (ceiling) : 0.7001
  [NanoMSMARCO] encoding 50 queries (query_model, dense) …
  [NanoMSMARCO] NDCG@10  query_doc (dense)  : 0.0000
  [NanoNFCorpus] loading …
  [NanoNFCorpus] encoding 2953 docs (doc_splade) …
  [NanoNFCorpus] encoding 50 queries (doc_doc ceiling) …
  [NanoNFCorpus] NDCG@10  doc_doc (ceiling) : 0.3448
  [NanoNFCorpus] encoding 50 queries (query_model, dense) …
  [NanoNFCorpus] NDCG@10  query_doc (dense)  : 0.1006
[shallow] Training loop (50000 steps remaining) …
[shallow/warm] step    200 | loss 8.7194 (rank 8.719 ctr 0.000) | q_nnz 79.8 (teacher 21.8) | flops 17.7 | lr 2.00e-04 | 15s
[shallow/warm] step    400 | loss 8.5285 (rank 8.528 ctr 0.000) | q_nnz 105.0 (teacher 24.6) | flops 20.4 | lr 2.00e-04 | 4s
[shallow/warm] step    600 | loss 6.5657 (rank 6.565 ctr 0.000) | q_nnz 82.8 (teacher 24.0) | flops 18.7 | lr 2.00e-04 | 4s
[shallow/warm] step    800 | loss 5.5199 (rank 5.519 ctr 0.000) | q_nnz 72.8 (teacher 24.8) | flops 19.5 | lr 2.00e-04 | 11s
[shallow/warm] step   1000 | loss 6.9923 (rank 6.991 ctr 0.000) | q_nnz 55.8 (teacher 25.1) | flops 20.3 | lr 2.00e-04 | 4s
[shallow/warm] step   1200 | loss 7.2328 (rank 7.232 ctr 0.000) | q_nnz 43.0 (teacher 28.8) | flops 18.6 | lr 2.00e-04 | 4s
[shallow/warm] step   1400 | loss 6.3159 (rank 6.315 ctr 0.000) | q_nnz 30.9 (teacher 21.1) | flops 19.7 | lr 2.00e-04 | 12s
[shallow/warm] step   1600 | loss 8.1181 (rank 8.117 ctr 0.000) | q_nnz 22.3 (teacher 21.4) | flops 19.0 | lr 2.00e-04 | 4s
[shallow/warm] step   1800 | loss 9.3891 (rank 9.388 ctr 0.000) | q_nnz 25.2 (teacher 23.7) | flops 21.4 | lr 2.00e-04 | 4s
[shallow/warm] step   2000 | loss 8.9460 (rank 8.944 ctr 0.000) | q_nnz 24.6 (teacher 26.5) | flops 21.0 | lr 2.00e-04 | 11s
[shallow/warm] step   2200 | loss 9.4099 (rank 9.408 ctr 0.000) | q_nnz 23.1 (teacher 25.7) | flops 20.8 | lr 2.00e-04 | 4s
[shallow/warm] step   2400 | loss 7.4749 (rank 7.473 ctr 0.000) | q_nnz 15.9 (teacher 23.9) | flops 16.2 | lr 2.00e-04 | 4s
[shallow/warm] step   2600 | loss 9.0907 (rank 9.088 ctr 0.000) | q_nnz 23.6 (teacher 25.5) | flops 22.3 | lr 2.00e-04 | 12s
[shallow/warm] step   2800 | loss 11.5020 (rank 11.499 ctr 0.000) | q_nnz 26.1 (teacher 24.9) | flops 24.3 | lr 2.00e-04 | 4s
[shallow/warm] step   3000 | loss 8.4988 (rank 8.496 ctr 0.000) | q_nnz 22.3 (teacher 25.5) | flops 20.1 | lr 2.00e-04 | 4s
[shallow/warm] step   3200 | loss 9.6946 (rank 9.692 ctr 0.000) | q_nnz 23.9 (teacher 25.0) | flops 20.7 | lr 2.00e-04 | 11s
[shallow/warm] step   3400 | loss 7.6108 (rank 7.608 ctr 0.000) | q_nnz 21.8 (teacher 26.2) | flops 19.8 | lr 1.99e-04 | 4s
[shallow/warm] step   3600 | loss 6.6279 (rank 6.626 ctr 0.000) | q_nnz 15.0 (teacher 23.5) | flops 16.9 | lr 1.99e-04 | 4s
[shallow/warm] step   3800 | loss 6.4366 (rank 6.434 ctr 0.000) | q_nnz 17.9 (teacher 23.7) | flops 16.8 | lr 1.99e-04 | 12s
[shallow/warm] step   4000 | loss 10.1758 (rank 10.172 ctr 0.000) | q_nnz 18.9 (teacher 21.4) | flops 20.6 | lr 1.99e-04 | 4s
[shallow/warm] step   4200 | loss 8.3293 (rank 8.326 ctr 0.000) | q_nnz 20.8 (teacher 25.2) | flops 19.3 | lr 1.99e-04 | 4s
[shallow/warm] step   4400 | loss 9.1138 (rank 9.110 ctr 0.000) | q_nnz 20.4 (teacher 23.9) | flops 20.1 | lr 1.99e-04 | 11s
[shallow/warm] step   4600 | loss 7.4673 (rank 7.464 ctr 0.000) | q_nnz 17.1 (teacher 21.2) | flops 17.7 | lr 1.99e-04 | 4s
[shallow/warm] step   4800 | loss 7.0837 (rank 7.080 ctr 0.000) | q_nnz 17.6 (teacher 22.6) | flops 17.5 | lr 1.99e-04 | 4s
[shallow/warm] step   5000 | loss 8.6504 (rank 8.647 ctr 0.000) | q_nnz 21.4 (teacher 26.4) | flops 18.8 | lr 1.99e-04 | 11s
[shallow] Step 5000: switched to Phase 1. body_lr=1.99e-04 head_lr=0.00e+00
[shallow/full] step   5200 | loss 8.2521 (rank 8.249 ctr 0.000) | q_nnz 18.2 (teacher 26.2) | flops 17.9 | lr 1.99e-04 | 4s
[shallow/full] step   5400 | loss 7.7800 (rank 7.776 ctr 0.000) | q_nnz 18.8 (teacher 25.5) | flops 18.6 | lr 1.99e-04 | 4s
[shallow/full] step   5600 | loss 8.1003 (rank 8.096 ctr 0.000) | q_nnz 20.2 (teacher 25.7) | flops 20.9 | lr 1.99e-04 | 4s
[shallow/full] step   5800 | loss 7.2691 (rank 7.266 ctr 0.000) | q_nnz 16.5 (teacher 22.6) | flops 16.4 | lr 1.99e-04 | 13s
[shallow/full] step   6000 | loss 8.6441 (rank 8.641 ctr 0.000) | q_nnz 16.1 (teacher 25.3) | flops 16.2 | lr 1.99e-04 | 4s
[shallow/full] step   6200 | loss 7.4415 (rank 7.438 ctr 0.000) | q_nnz 18.7 (teacher 24.1) | flops 18.2 | lr 1.99e-04 | 4s
[shallow/full] step   6400 | loss 6.7254 (rank 6.722 ctr 0.000) | q_nnz 15.9 (teacher 22.3) | flops 17.2 | lr 1.99e-04 | 11s
[shallow/full] step   6600 | loss 9.7854 (rank 9.782 ctr 0.000) | q_nnz 20.1 (teacher 23.6) | flops 19.3 | lr 1.99e-04 | 4s
[shallow/full] step   6800 | loss 6.9220 (rank 6.918 ctr 0.000) | q_nnz 18.1 (teacher 23.6) | flops 18.1 | lr 1.99e-04 | 4s
[shallow/full] step   7000 | loss 7.4873 (rank 7.484 ctr 0.000) | q_nnz 15.8 (teacher 23.8) | flops 17.0 | lr 1.99e-04 | 12s
[shallow/full] step   7200 | loss 8.2939 (rank 8.290 ctr 0.000) | q_nnz 17.7 (teacher 25.6) | flops 17.6 | lr 1.99e-04 | 4s
[shallow/full] step   7400 | loss 7.9228 (rank 7.919 ctr 0.000) | q_nnz 18.2 (teacher 22.1) | flops 19.1 | lr 1.98e-04 | 4s
[shallow/full] step   7600 | loss 7.4175 (rank 7.413 ctr 0.000) | q_nnz 19.9 (teacher 22.7) | flops 20.9 | lr 1.98e-04 | 11s
[shallow/full] step   7800 | loss 8.8714 (rank 8.868 ctr 0.000) | q_nnz 18.8 (teacher 30.1) | flops 19.5 | lr 1.98e-04 | 4s
[shallow/full] step   8000 | loss 8.5091 (rank 8.505 ctr 0.000) | q_nnz 19.1 (teacher 23.8) | flops 19.1 | lr 1.98e-04 | 4s
[shallow/full] step   8200 | loss 6.4140 (rank 6.411 ctr 0.000) | q_nnz 16.4 (teacher 25.2) | flops 16.8 | lr 1.98e-04 | 13s
[shallow/full] step   8400 | loss 7.6924 (rank 7.689 ctr 0.000) | q_nnz 16.5 (teacher 23.4) | flops 17.2 | lr 1.98e-04 | 4s
[shallow/full] step   8600 | loss 10.1299 (rank 10.126 ctr 0.000) | q_nnz 21.9 (teacher 27.1) | flops 20.4 | lr 1.98e-04 | 4s
[shallow/full] step   8800 | loss 6.4232 (rank 6.420 ctr 0.000) | q_nnz 17.1 (teacher 22.4) | flops 17.2 | lr 1.98e-04 | 11s
[shallow/full] step   9000 | loss 7.9246 (rank 7.921 ctr 0.000) | q_nnz 18.0 (teacher 23.8) | flops 20.0 | lr 1.98e-04 | 4s
[shallow/full] step   9200 | loss 6.1899 (rank 6.186 ctr 0.000) | q_nnz 16.9 (teacher 24.0) | flops 17.9 | lr 1.98e-04 | 4s
[shallow/full] step   9400 | loss 9.0795 (rank 9.076 ctr 0.000) | q_nnz 16.4 (teacher 25.4) | flops 17.3 | lr 1.98e-04 | 11s
[shallow/full] step   9600 | loss 7.1726 (rank 7.169 ctr 0.000) | q_nnz 18.1 (teacher 25.1) | flops 18.9 | lr 1.98e-04 | 4s
[shallow/full] step   9800 | loss 7.3512 (rank 7.348 ctr 0.000) | q_nnz 17.7 (teacher 22.6) | flops 17.2 | lr 1.98e-04 | 4s
[shallow/full] step  10000 | loss 7.7880 (rank 7.784 ctr 0.000) | q_nnz 16.8 (teacher 24.4) | flops 18.6 | lr 1.97e-04 | 12s
  Saved → checkpoints_splade-v3/splade_shallow_spaced1/align_step_10000.pt
[shallow] Eval at step 10000 …
  [NanoMSMARCO] loading …
  [NanoMSMARCO] encoding 5043 docs (doc_splade) …
  [NanoMSMARCO] encoding 50 queries (query_model, dense) …
  [NanoMSMARCO] NDCG@10  query_doc (dense)  : 0.6710
  [NanoNFCorpus] loading …
  [NanoNFCorpus] encoding 2953 docs (doc_splade) …
  [NanoNFCorpus] encoding 50 queries (query_model, dense) …
  [NanoNFCorpus] NDCG@10  query_doc (dense)  : 0.3254
  New best NanoMSMARCO query_doc NDCG@10=0.6710 → checkpoints_splade-v3/splade_shallow_spaced1/best_NanoMSMARCO.pt
[shallow/full] step  10200 | loss 7.2402 (rank 7.237 ctr 0.000) | q_nnz 17.8 (teacher 25.2) | flops 18.3 | lr 1.97e-04 | 56s
[shallow/full] step  10400 | loss 7.7810 (rank 7.777 ctr 0.000) | q_nnz 20.8 (teacher 26.9) | flops 17.7 | lr 1.97e-04 | 4s
[shallow/full] step  10600 | loss 6.9515 (rank 6.948 ctr 0.000) | q_nnz 18.3 (teacher 25.1) | flops 18.3 | lr 1.97e-04 | 14s
[shallow/full] step  10800 | loss 6.5767 (rank 6.573 ctr 0.000) | q_nnz 17.7 (teacher 22.4) | flops 18.2 | lr 1.97e-04 | 4s
[shallow/full] step  11000 | loss 5.2590 (rank 5.256 ctr 0.000) | q_nnz 14.3 (teacher 21.2) | flops 15.0 | lr 1.97e-04 | 4s
[shallow/full] step  11200 | loss 6.5344 (rank 6.531 ctr 0.000) | q_nnz 16.6 (teacher 21.7) | flops 17.0 | lr 1.97e-04 | 4s
[shallow/full] step  11400 | loss 6.9606 (rank 6.957 ctr 0.000) | q_nnz 16.1 (teacher 24.5) | flops 16.3 | lr 1.96e-04 | 11s
[shallow/full] step  11600 | loss 7.5080 (rank 7.504 ctr 0.000) | q_nnz 15.6 (teacher 23.8) | flops 18.3 | lr 1.96e-04 | 4s
[shallow/full] step  11800 | loss 7.8722 (rank 7.869 ctr 0.000) | q_nnz 17.1 (teacher 24.4) | flops 17.6 | lr 1.96e-04 | 4s
[shallow/full] step  12000 | loss 6.0938 (rank 6.091 ctr 0.000) | q_nnz 14.4 (teacher 22.7) | flops 15.5 | lr 1.96e-04 | 11s
[shallow/full] step  12200 | loss 8.6018 (rank 8.598 ctr 0.000) | q_nnz 19.4 (teacher 23.4) | flops 19.0 | lr 1.96e-04 | 4s
[shallow/full] step  12400 | loss 7.8253 (rank 7.822 ctr 0.000) | q_nnz 19.5 (teacher 28.0) | flops 18.4 | lr 1.96e-04 | 4s
[shallow/full] step  12600 | loss 6.1843 (rank 6.181 ctr 0.000) | q_nnz 14.8 (teacher 20.4) | flops 16.4 | lr 1.96e-04 | 12s
[shallow/full] step  12800 | loss 6.8933 (rank 6.890 ctr 0.000) | q_nnz 18.4 (teacher 24.4) | flops 19.0 | lr 1.95e-04 | 4s
[shallow/full] step  13000 | loss 7.3834 (rank 7.380 ctr 0.000) | q_nnz 19.1 (teacher 24.5) | flops 19.2 | lr 1.95e-04 | 4s
[shallow/full] step  13200 | loss 6.7205 (rank 6.717 ctr 0.000) | q_nnz 18.5 (teacher 23.9) | flops 18.8 | lr 1.95e-04 | 12s
[shallow/full] step  13400 | loss 7.6012 (rank 7.597 ctr 0.000) | q_nnz 17.8 (teacher 22.9) | flops 18.8 | lr 1.95e-04 | 4s
[shallow/full] step  13600 | loss 6.3160 (rank 6.312 ctr 0.000) | q_nnz 18.6 (teacher 25.7) | flops 18.7 | lr 1.95e-04 | 4s
[shallow/full] step  13800 | loss 6.9969 (rank 6.993 ctr 0.000) | q_nnz 17.9 (teacher 22.1) | flops 18.6 | lr 1.94e-04 | 13s
[shallow/full] step  14000 | loss 7.2596 (rank 7.256 ctr 0.000) | q_nnz 17.1 (teacher 25.1) | flops 18.0 | lr 1.94e-04 | 4s
[shallow/full] step  14200 | loss 7.7446 (rank 7.741 ctr 0.000) | q_nnz 16.4 (teacher 23.1) | flops 17.3 | lr 1.94e-04 | 4s
[shallow/full] step  14400 | loss 6.3237 (rank 6.320 ctr 0.000) | q_nnz 17.4 (teacher 23.1) | flops 16.3 | lr 1.94e-04 | 11s
[shallow/full] step  14600 | loss 5.7863 (rank 5.783 ctr 0.000) | q_nnz 15.4 (teacher 22.8) | flops 16.5 | lr 1.94e-04 | 4s
[shallow/full] step  14800 | loss 6.5718 (rank 6.568 ctr 0.000) | q_nnz 16.9 (teacher 23.9) | flops 17.5 | lr 1.93e-04 | 4s
[shallow/full] step  15000 | loss 6.6602 (rank 6.657 ctr 0.000) | q_nnz 18.0 (teacher 23.5) | flops 17.8 | lr 1.93e-04 | 12s
[shallow/full] step  15200 | loss 6.5450 (rank 6.541 ctr 0.000) | q_nnz 18.0 (teacher 23.6) | flops 18.0 | lr 1.93e-04 | 4s
[shallow/full] step  15400 | loss 8.5159 (rank 8.512 ctr 0.000) | q_nnz 21.3 (teacher 24.5) | flops 20.3 | lr 1.93e-04 | 4s
[shallow/full] step  15600 | loss 6.6859 (rank 6.682 ctr 0.000) | q_nnz 17.9 (teacher 23.2) | flops 17.8 | lr 1.92e-04 | 12s
[shallow/full] step  15800 | loss 6.7671 (rank 6.764 ctr 0.000) | q_nnz 17.4 (teacher 21.8) | flops 17.8 | lr 1.92e-04 | 4s
[shallow/full] step  16000 | loss 6.3993 (rank 6.396 ctr 0.000) | q_nnz 15.3 (teacher 25.4) | flops 16.2 | lr 1.92e-04 | 4s
[shallow/full] step  16200 | loss 7.4155 (rank 7.412 ctr 0.000) | q_nnz 18.0 (teacher 28.0) | flops 17.8 | lr 1.92e-04 | 4s
[shallow/full] step  16400 | loss 6.5519 (rank 6.549 ctr 0.000) | q_nnz 15.9 (teacher 23.2) | flops 16.7 | lr 1.91e-04 | 12s
[shallow/full] step  16600 | loss 7.3497 (rank 7.346 ctr 0.000) | q_nnz 17.1 (teacher 23.6) | flops 19.6 | lr 1.91e-04 | 4s
[shallow/full] step  16800 | loss 7.9430 (rank 7.939 ctr 0.000) | q_nnz 19.3 (teacher 26.2) | flops 20.1 | lr 1.91e-04 | 4s
[shallow/full] step  17000 | loss 5.5956 (rank 5.593 ctr 0.000) | q_nnz 14.0 (teacher 18.6) | flops 15.1 | lr 1.91e-04 | 12s
[shallow/full] step  17200 | loss 5.3547 (rank 5.352 ctr 0.000) | q_nnz 13.2 (teacher 19.2) | flops 14.4 | lr 1.90e-04 | 4s
[shallow/full] step  17400 | loss 6.3895 (rank 6.386 ctr 0.000) | q_nnz 15.1 (teacher 22.5) | flops 17.6 | lr 1.90e-04 | 4s
[shallow/full] step  17600 | loss 6.6742 (rank 6.671 ctr 0.000) | q_nnz 17.1 (teacher 26.2) | flops 16.1 | lr 1.90e-04 | 11s
[shallow/full] step  17800 | loss 7.2501 (rank 7.247 ctr 0.000) | q_nnz 17.1 (teacher 24.9) | flops 17.3 | lr 1.90e-04 | 4s
[shallow/full] step  18000 | loss 7.1179 (rank 7.114 ctr 0.000) | q_nnz 17.8 (teacher 24.9) | flops 17.8 | lr 1.89e-04 | 4s
[shallow/full] step  18200 | loss 5.9174 (rank 5.914 ctr 0.000) | q_nnz 14.7 (teacher 24.1) | flops 15.7 | lr 1.89e-04 | 12s
[shallow/full] step  18400 | loss 6.6948 (rank 6.691 ctr 0.000) | q_nnz 16.8 (teacher 23.2) | flops 17.5 | lr 1.89e-04 | 4s
[shallow/full] step  18600 | loss 6.0378 (rank 6.034 ctr 0.000) | q_nnz 18.3 (teacher 25.2) | flops 18.4 | lr 1.88e-04 | 4s
[shallow/full] step  18800 | loss 8.2616 (rank 8.258 ctr 0.000) | q_nnz 18.6 (teacher 24.1) | flops 20.3 | lr 1.88e-04 | 12s
[shallow/full] step  19000 | loss 7.6261 (rank 7.622 ctr 0.000) | q_nnz 18.6 (teacher 21.7) | flops 19.4 | lr 1.88e-04 | 4s
[shallow/full] step  19200 | loss 6.8551 (rank 6.852 ctr 0.000) | q_nnz 17.3 (teacher 25.3) | flops 17.3 | lr 1.87e-04 | 4s
[shallow/full] step  19400 | loss 6.1304 (rank 6.127 ctr 0.000) | q_nnz 17.7 (teacher 24.2) | flops 18.3 | lr 1.87e-04 | 12s
[shallow/full] step  19600 | loss 7.3005 (rank 7.297 ctr 0.000) | q_nnz 19.2 (teacher 26.1) | flops 19.4 | lr 1.87e-04 | 4s
[shallow/full] step  19800 | loss 7.2981 (rank 7.295 ctr 0.000) | q_nnz 15.5 (teacher 24.7) | flops 15.5 | lr 1.87e-04 | 4s
[shallow/full] step  20000 | loss 6.5627 (rank 6.559 ctr 0.000) | q_nnz 18.2 (teacher 23.2) | flops 20.1 | lr 1.86e-04 | 11s
  Saved → checkpoints_splade-v3/splade_shallow_spaced1/align_step_20000.pt
[shallow] Eval at step 20000 …
  [NanoMSMARCO] loading …
  [NanoMSMARCO] encoding 5043 docs (doc_splade) …
  [NanoMSMARCO] encoding 50 queries (query_model, dense) …
  [NanoMSMARCO] NDCG@10  query_doc (dense)  : 0.6822
  [NanoNFCorpus] loading …
  [NanoNFCorpus] encoding 2953 docs (doc_splade) …
  [NanoNFCorpus] encoding 50 queries (query_model, dense) …
  [NanoNFCorpus] NDCG@10  query_doc (dense)  : 0.3182
  New best NanoMSMARCO query_doc NDCG@10=0.6822 → checkpoints_splade-v3/splade_shallow_spaced1/best_NanoMSMARCO.pt
[shallow/full] step  20200 | loss 6.5260 (rank 6.522 ctr 0.000) | q_nnz 17.3 (teacher 22.4) | flops 18.9 | lr 1.86e-04 | 57s
[shallow/full] step  20400 | loss 5.1926 (rank 5.189 ctr 0.000) | q_nnz 15.7 (teacher 22.3) | flops 16.2 | lr 1.86e-04 | 4s
[shallow/full] step  20600 | loss 5.8929 (rank 5.889 ctr 0.000) | q_nnz 19.3 (teacher 24.1) | flops 19.0 | lr 1.85e-04 | 12s
[shallow/full] step  20800 | loss 5.8021 (rank 5.799 ctr 0.000) | q_nnz 14.3 (teacher 21.2) | flops 15.0 | lr 1.85e-04 | 4s
[shallow/full] step  21000 | loss 6.6390 (rank 6.635 ctr 0.000) | q_nnz 17.6 (teacher 23.5) | flops 18.9 | lr 1.84e-04 | 4s
[shallow/full] step  21200 | loss 6.3582 (rank 6.355 ctr 0.000) | q_nnz 16.8 (teacher 24.9) | flops 16.9 | lr 1.84e-04 | 11s
[shallow/full] step  21400 | loss 6.4874 (rank 6.484 ctr 0.000) | q_nnz 17.1 (teacher 23.9) | flops 18.6 | lr 1.84e-04 | 4s
[shallow/full] step  21600 | loss 6.1331 (rank 6.130 ctr 0.000) | q_nnz 18.3 (teacher 24.4) | flops 17.7 | lr 1.83e-04 | 4s
[shallow/full] step  21800 | loss 5.1206 (rank 5.118 ctr 0.000) | q_nnz 14.3 (teacher 22.1) | flops 15.1 | lr 1.83e-04 | 4s
[shallow/full] step  22000 | loss 6.3974 (rank 6.394 ctr 0.000) | q_nnz 18.1 (teacher 21.8) | flops 17.2 | lr 1.83e-04 | 13s
[shallow/full] step  22200 | loss 4.7861 (rank 4.783 ctr 0.000) | q_nnz 15.0 (teacher 21.7) | flops 16.6 | lr 1.82e-04 | 4s
[shallow/full] step  22400 | loss 8.4287 (rank 8.425 ctr 0.000) | q_nnz 18.9 (teacher 25.4) | flops 18.6 | lr 1.82e-04 | 4s
[shallow/full] step  22600 | loss 6.0659 (rank 6.062 ctr 0.000) | q_nnz 16.6 (teacher 23.9) | flops 17.5 | lr 1.82e-04 | 12s
[shallow/full] step  22800 | loss 6.4474 (rank 6.444 ctr 0.000) | q_nnz 17.1 (teacher 23.7) | flops 18.0 | lr 1.81e-04 | 4s
[shallow/full] step  23000 | loss 6.5212 (rank 6.518 ctr 0.000) | q_nnz 17.6 (teacher 23.7) | flops 17.3 | lr 1.81e-04 | 4s
[shallow/full] step  23200 | loss 6.6613 (rank 6.658 ctr 0.000) | q_nnz 17.9 (teacher 24.2) | flops 17.8 | lr 1.80e-04 | 12s
[shallow/full] step  23400 | loss 6.0590 (rank 6.055 ctr 0.000) | q_nnz 16.9 (teacher 25.4) | flops 17.8 | lr 1.80e-04 | 4s
[shallow/full] step  23600 | loss 7.4475 (rank 7.444 ctr 0.000) | q_nnz 18.1 (teacher 24.9) | flops 17.8 | lr 1.80e-04 | 4s
[shallow/full] step  23800 | loss 7.1153 (rank 7.112 ctr 0.000) | q_nnz 19.6 (teacher 27.1) | flops 19.1 | lr 1.79e-04 | 12s
[shallow/full] step  24000 | loss 7.5494 (rank 7.546 ctr 0.000) | q_nnz 18.5 (teacher 24.8) | flops 18.7 | lr 1.79e-04 | 4s
[shallow/full] step  24200 | loss 6.0565 (rank 6.053 ctr 0.000) | q_nnz 16.7 (teacher 24.0) | flops 17.6 | lr 1.78e-04 | 4s
[shallow/full] step  24400 | loss 5.4003 (rank 5.397 ctr 0.000) | q_nnz 16.3 (teacher 19.4) | flops 18.1 | lr 1.78e-04 | 12s
[shallow/full] step  24600 | loss 6.1931 (rank 6.189 ctr 0.000) | q_nnz 17.7 (teacher 23.8) | flops 18.3 | lr 1.78e-04 | 4s
[shallow/full] step  24800 | loss 5.8037 (rank 5.800 ctr 0.000) | q_nnz 15.2 (teacher 22.8) | flops 16.2 | lr 1.77e-04 | 4s
[shallow/full] step  25000 | loss 6.3647 (rank 6.361 ctr 0.000) | q_nnz 17.1 (teacher 22.7) | flops 17.4 | lr 1.77e-04 | 14s
[shallow/full] step  25200 | loss 6.6966 (rank 6.693 ctr 0.000) | q_nnz 19.8 (teacher 25.8) | flops 19.6 | lr 1.76e-04 | 4s
[shallow/full] step  25400 | loss 6.0453 (rank 6.041 ctr 0.000) | q_nnz 17.6 (teacher 24.1) | flops 19.3 | lr 1.76e-04 | 4s
[shallow/full] step  25600 | loss 5.6066 (rank 5.603 ctr 0.000) | q_nnz 14.4 (teacher 20.9) | flops 16.1 | lr 1.75e-04 | 11s
[shallow/full] step  25800 | loss 5.9737 (rank 5.970 ctr 0.000) | q_nnz 15.7 (teacher 22.7) | flops 16.3 | lr 1.75e-04 | 4s
[shallow/full] step  26000 | loss 6.5817 (rank 6.578 ctr 0.000) | q_nnz 19.9 (teacher 23.5) | flops 19.4 | lr 1.75e-04 | 4s
[shallow/full] step  26200 | loss 4.9606 (rank 4.957 ctr 0.000) | q_nnz 15.6 (teacher 18.9) | flops 17.6 | lr 1.74e-04 | 4s
[shallow/full] step  26400 | loss 5.9601 (rank 5.957 ctr 0.000) | q_nnz 15.2 (teacher 24.0) | flops 16.4 | lr 1.74e-04 | 12s
[shallow/full] step  26600 | loss 7.0036 (rank 7.000 ctr 0.000) | q_nnz 17.4 (teacher 27.8) | flops 17.2 | lr 1.73e-04 | 4s
[shallow/full] step  26800 | loss 6.3576 (rank 6.354 ctr 0.000) | q_nnz 17.1 (teacher 23.5) | flops 19.1 | lr 1.73e-04 | 4s
[shallow/full] step  27000 | loss 8.3979 (rank 8.394 ctr 0.000) | q_nnz 19.5 (teacher 25.8) | flops 18.2 | lr 1.72e-04 | 15s
[shallow/full] step  27200 | loss 5.6579 (rank 5.654 ctr 0.000) | q_nnz 18.2 (teacher 25.6) | flops 17.9 | lr 1.72e-04 | 4s
[shallow/full] step  27400 | loss 7.0511 (rank 7.047 ctr 0.000) | q_nnz 19.2 (teacher 26.4) | flops 18.3 | lr 1.71e-04 | 4s
[shallow/full] step  27600 | loss 7.1286 (rank 7.125 ctr 0.000) | q_nnz 19.0 (teacher 26.0) | flops 17.1 | lr 1.71e-04 | 12s
[shallow/full] step  27800 | loss 5.4179 (rank 5.415 ctr 0.000) | q_nnz 16.9 (teacher 21.9) | flops 17.0 | lr 1.70e-04 | 4s
[shallow/full] step  28000 | loss 5.5813 (rank 5.578 ctr 0.000) | q_nnz 17.6 (teacher 25.2) | flops 17.5 | lr 1.70e-04 | 4s
[shallow/full] step  28200 | loss 4.8519 (rank 4.848 ctr 0.000) | q_nnz 18.6 (teacher 24.4) | flops 18.1 | lr 1.70e-04 | 14s
[shallow/full] step  28400 | loss 6.3186 (rank 6.315 ctr 0.000) | q_nnz 16.2 (teacher 24.8) | flops 17.0 | lr 1.69e-04 | 4s
[shallow/full] step  28600 | loss 7.3470 (rank 7.343 ctr 0.000) | q_nnz 18.0 (teacher 26.0) | flops 19.3 | lr 1.69e-04 | 4s
[shallow/full] step  28800 | loss 5.5325 (rank 5.529 ctr 0.000) | q_nnz 18.0 (teacher 21.4) | flops 18.8 | lr 1.68e-04 | 12s
[shallow/full] step  29000 | loss 5.7900 (rank 5.786 ctr 0.000) | q_nnz 19.1 (teacher 25.6) | flops 18.6 | lr 1.68e-04 | 4s
[shallow/full] step  29200 | loss 6.3153 (rank 6.312 ctr 0.000) | q_nnz 15.4 (teacher 22.6) | flops 16.5 | lr 1.67e-04 | 4s
[shallow/full] step  29400 | loss 7.1875 (rank 7.183 ctr 0.000) | q_nnz 20.5 (teacher 24.3) | flops 20.4 | lr 1.67e-04 | 11s
[shallow/full] step  29600 | loss 5.8139 (rank 5.811 ctr 0.000) | q_nnz 16.2 (teacher 24.0) | flops 16.5 | lr 1.66e-04 | 4s
[shallow/full] step  29800 | loss 5.4069 (rank 5.404 ctr 0.000) | q_nnz 16.5 (teacher 22.4) | flops 16.8 | lr 1.66e-04 | 4s
[shallow/full] step  30000 | loss 4.6229 (rank 4.619 ctr 0.000) | q_nnz 16.2 (teacher 22.9) | flops 17.5 | lr 1.65e-04 | 11s
  Saved → checkpoints_splade-v3/splade_shallow_spaced1/align_step_30000.pt
[shallow] Eval at step 30000 …
  [NanoMSMARCO] loading …
  [NanoMSMARCO] encoding 5043 docs (doc_splade) …
  [NanoMSMARCO] encoding 50 queries (query_model, dense) …
  [NanoMSMARCO] NDCG@10  query_doc (dense)  : 0.6717
  [NanoNFCorpus] loading …
  [NanoNFCorpus] encoding 2953 docs (doc_splade) …
  [NanoNFCorpus] encoding 50 queries (query_model, dense) …
  [NanoNFCorpus] NDCG@10  query_doc (dense)  : 0.3229
[shallow/full] step  30200 | loss 6.2875 (rank 6.284 ctr 0.000) | q_nnz 18.2 (teacher 25.1) | flops 18.7 | lr 1.65e-04 | 56s
[shallow/full] step  30400 | loss 5.8182 (rank 5.815 ctr 0.000) | q_nnz 17.6 (teacher 24.4) | flops 17.4 | lr 1.64e-04 | 4s
[shallow/full] step  30600 | loss 6.4335 (rank 6.430 ctr 0.000) | q_nnz 17.4 (teacher 24.9) | flops 18.1 | lr 1.64e-04 | 12s
[shallow/full] step  30800 | loss 6.0622 (rank 6.059 ctr 0.000) | q_nnz 17.8 (teacher 29.3) | flops 18.3 | lr 1.63e-04 | 4s
[shallow/full] step  31000 | loss 6.5687 (rank 6.565 ctr 0.000) | q_nnz 20.0 (teacher 24.8) | flops 19.4 | lr 1.63e-04 | 4s
[shallow/full] step  31200 | loss 5.5798 (rank 5.576 ctr 0.000) | q_nnz 16.2 (teacher 26.7) | flops 16.8 | lr 1.62e-04 | 4s
[shallow/full] step  31400 | loss 5.6920 (rank 5.688 ctr 0.000) | q_nnz 17.1 (teacher 26.1) | flops 17.7 | lr 1.61e-04 | 12s
[shallow/full] step  31600 | loss 5.2315 (rank 5.228 ctr 0.000) | q_nnz 15.8 (teacher 22.0) | flops 15.8 | lr 1.61e-04 | 4s
[shallow/full] step  31800 | loss 5.4092 (rank 5.406 ctr 0.000) | q_nnz 16.8 (teacher 22.8) | flops 16.8 | lr 1.60e-04 | 4s
[shallow/full] step  32000 | loss 6.9649 (rank 6.961 ctr 0.000) | q_nnz 17.1 (teacher 23.4) | flops 18.2 | lr 1.60e-04 | 12s
[shallow/full] step  32200 | loss 6.0024 (rank 5.999 ctr 0.000) | q_nnz 17.6 (teacher 20.9) | flops 18.0 | lr 1.59e-04 | 4s
[shallow/full] step  32400 | loss 6.6400 (rank 6.636 ctr 0.000) | q_nnz 19.4 (teacher 25.2) | flops 19.4 | lr 1.59e-04 | 4s
[shallow/full] step  32600 | loss 6.9521 (rank 6.948 ctr 0.000) | q_nnz 17.3 (teacher 24.7) | flops 18.6 | lr 1.58e-04 | 11s
[shallow/full] step  32800 | loss 7.7656 (rank 7.762 ctr 0.000) | q_nnz 19.8 (teacher 25.6) | flops 20.5 | lr 1.58e-04 | 4s
[shallow/full] step  33000 | loss 5.9006 (rank 5.897 ctr 0.000) | q_nnz 17.0 (teacher 25.4) | flops 17.0 | lr 1.57e-04 | 4s
[shallow/full] step  33200 | loss 7.0871 (rank 7.083 ctr 0.000) | q_nnz 20.4 (teacher 23.0) | flops 19.5 | lr 1.57e-04 | 12s
[shallow/full] step  33400 | loss 6.7750 (rank 6.771 ctr 0.000) | q_nnz 21.6 (teacher 28.3) | flops 19.1 | lr 1.56e-04 | 4s
[shallow/full] step  33600 | loss 6.2894 (rank 6.286 ctr 0.000) | q_nnz 17.9 (teacher 24.0) | flops 18.2 | lr 1.56e-04 | 4s
[shallow/full] step  33800 | loss 5.0508 (rank 5.047 ctr 0.000) | q_nnz 15.8 (teacher 21.6) | flops 16.9 | lr 1.55e-04 | 12s
[shallow/full] step  34000 | loss 6.0252 (rank 6.022 ctr 0.000) | q_nnz 19.2 (teacher 26.6) | flops 18.1 | lr 1.54e-04 | 4s
[shallow/full] step  34200 | loss 8.5192 (rank 8.515 ctr 0.000) | q_nnz 20.4 (teacher 26.5) | flops 19.8 | lr 1.54e-04 | 4s
[shallow/full] step  34400 | loss 5.7666 (rank 5.763 ctr 0.000) | q_nnz 14.8 (teacher 23.1) | flops 16.7 | lr 1.53e-04 | 11s
[shallow/full] step  34600 | loss 5.0617 (rank 5.059 ctr 0.000) | q_nnz 16.3 (teacher 22.4) | flops 16.2 | lr 1.53e-04 | 4s
[shallow/full] step  34800 | loss 4.8662 (rank 4.863 ctr 0.000) | q_nnz 17.9 (teacher 24.4) | flops 17.2 | lr 1.52e-04 | 4s
[shallow/full] step  35000 | loss 4.3868 (rank 4.383 ctr 0.000) | q_nnz 15.1 (teacher 21.3) | flops 16.9 | lr 1.52e-04 | 12s
[shallow/full] step  35200 | loss 5.1601 (rank 5.157 ctr 0.000) | q_nnz 15.6 (teacher 21.8) | flops 16.4 | lr 1.51e-04 | 4s
[shallow/full] step  35400 | loss 5.8574 (rank 5.854 ctr 0.000) | q_nnz 16.8 (teacher 23.8) | flops 17.7 | lr 1.50e-04 | 4s
[shallow/full] step  35600 | loss 6.1724 (rank 6.169 ctr 0.000) | q_nnz 18.1 (teacher 24.8) | flops 18.0 | lr 1.50e-04 | 13s
[shallow/full] step  35800 | loss 7.0691 (rank 7.065 ctr 0.000) | q_nnz 19.8 (teacher 26.2) | flops 19.5 | lr 1.49e-04 | 4s
[shallow/full] step  36000 | loss 5.7974 (rank 5.794 ctr 0.000) | q_nnz 16.8 (teacher 22.1) | flops 16.7 | lr 1.49e-04 | 4s
[shallow/full] step  36200 | loss 4.7689 (rank 4.766 ctr 0.000) | q_nnz 16.2 (teacher 22.4) | flops 17.0 | lr 1.48e-04 | 14s
[shallow/full] step  36400 | loss 6.4155 (rank 6.412 ctr 0.000) | q_nnz 18.8 (teacher 27.7) | flops 19.2 | lr 1.48e-04 | 4s
[shallow/full] step  36600 | loss 6.7893 (rank 6.786 ctr 0.000) | q_nnz 16.7 (teacher 23.1) | flops 17.5 | lr 1.47e-04 | 4s
[shallow/full] step  36800 | loss 5.9149 (rank 5.911 ctr 0.000) | q_nnz 17.6 (teacher 22.5) | flops 19.4 | lr 1.46e-04 | 4s
[shallow/full] step  37000 | loss 7.4067 (rank 7.403 ctr 0.000) | q_nnz 18.6 (teacher 26.6) | flops 19.0 | lr 1.46e-04 | 12s
[shallow/full] step  37200 | loss 5.2521 (rank 5.249 ctr 0.000) | q_nnz 17.6 (teacher 25.2) | flops 17.8 | lr 1.45e-04 | 4s
[shallow/full] step  37400 | loss 6.1463 (rank 6.143 ctr 0.000) | q_nnz 15.9 (teacher 23.4) | flops 16.6 | lr 1.45e-04 | 4s
[shallow/full] step  37600 | loss 5.7475 (rank 5.744 ctr 0.000) | q_nnz 16.4 (teacher 24.8) | flops 17.7 | lr 1.44e-04 | 11s
[shallow/full] step  37800 | loss 4.9260 (rank 4.923 ctr 0.000) | q_nnz 16.7 (teacher 23.4) | flops 16.4 | lr 1.43e-04 | 4s
[shallow/full] step  38000 | loss 6.1048 (rank 6.101 ctr 0.000) | q_nnz 16.4 (teacher 25.1) | flops 16.9 | lr 1.43e-04 | 4s
[shallow/full] step  38200 | loss 6.6862 (rank 6.682 ctr 0.000) | q_nnz 19.1 (teacher 24.9) | flops 19.3 | lr 1.42e-04 | 11s
[shallow/full] step  38400 | loss 5.7200 (rank 5.716 ctr 0.000) | q_nnz 16.8 (teacher 23.5) | flops 17.8 | lr 1.42e-04 | 4s
[shallow/full] step  38600 | loss 5.5417 (rank 5.538 ctr 0.000) | q_nnz 19.4 (teacher 21.1) | flops 19.7 | lr 1.41e-04 | 4s
[shallow/full] step  38800 | loss 6.5006 (rank 6.497 ctr 0.000) | q_nnz 17.3 (teacher 24.9) | flops 17.5 | lr 1.40e-04 | 12s
[shallow/full] step  39000 | loss 5.3466 (rank 5.343 ctr 0.000) | q_nnz 19.2 (teacher 23.9) | flops 18.6 | lr 1.40e-04 | 4s
[shallow/full] step  39200 | loss 6.0263 (rank 6.023 ctr 0.000) | q_nnz 17.1 (teacher 25.7) | flops 18.0 | lr 1.39e-04 | 4s
[shallow/full] step  39400 | loss 6.4138 (rank 6.410 ctr 0.000) | q_nnz 18.3 (teacher 24.3) | flops 18.9 | lr 1.39e-04 | 11s
[shallow/full] step  39600 | loss 7.6760 (rank 7.672 ctr 0.000) | q_nnz 20.1 (teacher 23.1) | flops 20.6 | lr 1.38e-04 | 4s
[shallow/full] step  39800 | loss 5.4600 (rank 5.457 ctr 0.000) | q_nnz 15.1 (teacher 23.2) | flops 16.5 | lr 1.37e-04 | 4s
[shallow/full] step  40000 | loss 6.6013 (rank 6.597 ctr 0.000) | q_nnz 19.6 (teacher 28.8) | flops 19.2 | lr 1.37e-04 | 11s
  Saved → checkpoints_splade-v3/splade_shallow_spaced1/align_step_40000.pt
[shallow] Eval at step 40000 …
  [NanoMSMARCO] loading …
  [NanoMSMARCO] encoding 5043 docs (doc_splade) …
  [NanoMSMARCO] encoding 50 queries (query_model, dense) …
  [NanoMSMARCO] NDCG@10  query_doc (dense)  : 0.6647
  [NanoNFCorpus] loading …
  [NanoNFCorpus] encoding 2953 docs (doc_splade) …
  [NanoNFCorpus] encoding 50 queries (query_model, dense) …
  [NanoNFCorpus] NDCG@10  query_doc (dense)  : 0.3188
[shallow/full] step  40200 | loss 6.4601 (rank 6.456 ctr 0.000) | q_nnz 21.2 (teacher 23.9) | flops 21.1 | lr 1.36e-04 | 56s
[shallow/full] step  40400 | loss 7.0377 (rank 7.034 ctr 0.000) | q_nnz 17.7 (teacher 27.1) | flops 17.5 | lr 1.35e-04 | 4s
[shallow/full] step  40600 | loss 5.7426 (rank 5.739 ctr 0.000) | q_nnz 18.6 (teacher 25.2) | flops 19.1 | lr 1.35e-04 | 11s
[shallow/full] step  40800 | loss 5.9959 (rank 5.993 ctr 0.000) | q_nnz 17.0 (teacher 25.1) | flops 16.6 | lr 1.34e-04 | 4s
[shallow/full] step  41000 | loss 5.8844 (rank 5.881 ctr 0.000) | q_nnz 16.9 (teacher 24.5) | flops 17.3 | lr 1.34e-04 | 4s
[shallow/full] step  41200 | loss 5.3722 (rank 5.369 ctr 0.000) | q_nnz 17.9 (teacher 25.3) | flops 18.2 | lr 1.33e-04 | 12s
[shallow/full] step  41400 | loss 7.0970 (rank 7.093 ctr 0.000) | q_nnz 20.4 (teacher 28.6) | flops 18.4 | lr 1.32e-04 | 4s
[shallow/full] step  41600 | loss 5.6553 (rank 5.652 ctr 0.000) | q_nnz 18.1 (teacher 24.1) | flops 17.3 | lr 1.32e-04 | 4s
[shallow/full] step  41800 | loss 6.4975 (rank 6.494 ctr 0.000) | q_nnz 17.9 (teacher 22.2) | flops 18.8 | lr 1.31e-04 | 4s
[shallow/full] step  42000 | loss 5.8459 (rank 5.843 ctr 0.000) | q_nnz 16.2 (teacher 22.4) | flops 16.6 | lr 1.30e-04 | 11s
[shallow/full] step  42200 | loss 4.8937 (rank 4.890 ctr 0.000) | q_nnz 15.8 (teacher 23.2) | flops 16.8 | lr 1.30e-04 | 4s
[shallow/full] step  42400 | loss 6.4093 (rank 6.406 ctr 0.000) | q_nnz 16.9 (teacher 24.9) | flops 18.3 | lr 1.29e-04 | 4s
[shallow/full] step  42600 | loss 5.7079 (rank 5.704 ctr 0.000) | q_nnz 17.4 (teacher 25.4) | flops 18.8 | lr 1.29e-04 | 11s
[shallow/full] step  42800 | loss 5.1484 (rank 5.145 ctr 0.000) | q_nnz 16.0 (teacher 21.1) | flops 16.9 | lr 1.28e-04 | 4s
[shallow/full] step  43000 | loss 5.1002 (rank 5.097 ctr 0.000) | q_nnz 14.9 (teacher 23.3) | flops 16.1 | lr 1.27e-04 | 4s
[shallow/full] step  43200 | loss 5.4579 (rank 5.455 ctr 0.000) | q_nnz 17.4 (teacher 25.4) | flops 17.1 | lr 1.27e-04 | 11s
[shallow/full] step  43400 | loss 4.9729 (rank 4.969 ctr 0.000) | q_nnz 17.4 (teacher 23.7) | flops 18.2 | lr 1.26e-04 | 4s
[shallow/full] step  43600 | loss 5.6569 (rank 5.654 ctr 0.000) | q_nnz 16.1 (teacher 21.4) | flops 16.6 | lr 1.25e-04 | 4s
[shallow/full] step  43800 | loss 5.4645 (rank 5.461 ctr 0.000) | q_nnz 15.9 (teacher 19.9) | flops 16.5 | lr 1.25e-04 | 11s
[shallow/full] step  44000 | loss 5.9054 (rank 5.902 ctr 0.000) | q_nnz 16.4 (teacher 24.3) | flops 17.0 | lr 1.24e-04 | 4s
[shallow/full] step  44200 | loss 5.5108 (rank 5.507 ctr 0.000) | q_nnz 17.4 (teacher 23.9) | flops 16.6 | lr 1.23e-04 | 4s
[shallow/full] step  44400 | loss 5.3954 (rank 5.392 ctr 0.000) | q_nnz 17.6 (teacher 24.9) | flops 16.8 | lr 1.23e-04 | 14s
[shallow/full] step  44600 | loss 6.0115 (rank 6.008 ctr 0.000) | q_nnz 17.4 (teacher 23.5) | flops 18.2 | lr 1.22e-04 | 4s
[shallow/full] step  44800 | loss 5.4404 (rank 5.437 ctr 0.000) | q_nnz 16.8 (teacher 24.8) | flops 17.7 | lr 1.21e-04 | 4s
[shallow/full] step  45000 | loss 5.1442 (rank 5.141 ctr 0.000) | q_nnz 16.1 (teacher 24.1) | flops 17.5 | lr 1.21e-04 | 11s
[shallow/full] step  45200 | loss 5.3543 (rank 5.351 ctr 0.000) | q_nnz 16.8 (teacher 22.0) | flops 18.1 | lr 1.20e-04 | 4s
[shallow/full] step  45400 | loss 5.9603 (rank 5.957 ctr 0.000) | q_nnz 18.5 (teacher 23.3) | flops 18.1 | lr 1.20e-04 | 4s
[shallow/full] step  45600 | loss 4.8755 (rank 4.872 ctr 0.000) | q_nnz 18.6 (teacher 24.4) | flops 18.6 | lr 1.19e-04 | 12s
[shallow/full] step  45800 | loss 4.5949 (rank 4.591 ctr 0.000) | q_nnz 16.0 (teacher 21.8) | flops 17.4 | lr 1.18e-04 | 4s
[shallow/full] step  46000 | loss 4.9172 (rank 4.914 ctr 0.000) | q_nnz 17.1 (teacher 22.0) | flops 18.0 | lr 1.18e-04 | 4s
[shallow/full] step  46200 | loss 5.8565 (rank 5.853 ctr 0.000) | q_nnz 17.1 (teacher 24.4) | flops 17.5 | lr 1.17e-04 | 11s
[shallow/full] step  46400 | loss 4.7029 (rank 4.699 ctr 0.000) | q_nnz 17.2 (teacher 21.1) | flops 17.2 | lr 1.16e-04 | 4s
[shallow/full] step  46600 | loss 5.1962 (rank 5.193 ctr 0.000) | q_nnz 16.2 (teacher 22.8) | flops 16.8 | lr 1.16e-04 | 4s
[shallow/full] step  46800 | loss 6.4887 (rank 6.485 ctr 0.000) | q_nnz 18.5 (teacher 24.2) | flops 17.9 | lr 1.15e-04 | 12s
[shallow/full] step  47000 | loss 5.4064 (rank 5.403 ctr 0.000) | q_nnz 17.4 (teacher 22.9) | flops 19.2 | lr 1.14e-04 | 4s
[shallow/full] step  47200 | loss 5.9660 (rank 5.963 ctr 0.000) | q_nnz 17.0 (teacher 24.5) | flops 17.2 | lr 1.14e-04 | 4s
[shallow/full] step  47400 | loss 5.2391 (rank 5.235 ctr 0.000) | q_nnz 18.6 (teacher 25.1) | flops 18.3 | lr 1.13e-04 | 4s
[shallow/full] step  47600 | loss 6.0820 (rank 6.079 ctr 0.000) | q_nnz 19.2 (teacher 27.8) | flops 16.9 | lr 1.12e-04 | 11s
[shallow/full] step  47800 | loss 6.4316 (rank 6.428 ctr 0.000) | q_nnz 18.5 (teacher 21.7) | flops 20.3 | lr 1.12e-04 | 4s
[shallow/full] step  48000 | loss 5.7396 (rank 5.736 ctr 0.000) | q_nnz 15.5 (teacher 23.9) | flops 15.9 | lr 1.11e-04 | 4s
[shallow/full] step  48200 | loss 6.1487 (rank 6.145 ctr 0.000) | q_nnz 18.2 (teacher 25.1) | flops 19.5 | lr 1.10e-04 | 11s
[shallow/full] step  48400 | loss 5.5882 (rank 5.585 ctr 0.000) | q_nnz 16.6 (teacher 25.2) | flops 17.7 | lr 1.10e-04 | 4s
[shallow/full] step  48600 | loss 5.8342 (rank 5.830 ctr 0.000) | q_nnz 20.2 (teacher 23.4) | flops 19.0 | lr 1.09e-04 | 4s
[shallow/full] step  48800 | loss 5.7603 (rank 5.756 ctr 0.000) | q_nnz 18.1 (teacher 23.2) | flops 19.3 | lr 1.08e-04 | 11s
[shallow/full] step  49000 | loss 5.5536 (rank 5.550 ctr 0.000) | q_nnz 17.1 (teacher 24.4) | flops 17.1 | lr 1.08e-04 | 4s
[shallow/full] step  49200 | loss 4.7101 (rank 4.707 ctr 0.000) | q_nnz 15.6 (teacher 22.9) | flops 15.9 | lr 1.07e-04 | 4s
[shallow/full] step  49400 | loss 5.1066 (rank 5.103 ctr 0.000) | q_nnz 18.6 (teacher 23.8) | flops 18.2 | lr 1.06e-04 | 11s
[shallow/full] step  49600 | loss 5.7971 (rank 5.794 ctr 0.000) | q_nnz 18.1 (teacher 25.3) | flops 17.9 | lr 1.06e-04 | 4s
[shallow/full] step  49800 | loss 5.0500 (rank 5.046 ctr 0.000) | q_nnz 17.8 (teacher 24.9) | flops 18.5 | lr 1.05e-04 | 4s
[shallow/full] step  50000 | loss 5.6832 (rank 5.679 ctr 0.000) | q_nnz 19.0 (teacher 26.8) | flops 18.8 | lr 1.04e-04 | 15s
  Saved → checkpoints_splade-v3/splade_shallow_spaced1/align_step_50000.pt
[shallow] Eval at step 50000 …
  [NanoMSMARCO] loading …
  [NanoMSMARCO] encoding 5043 docs (doc_splade) …
  [NanoMSMARCO] encoding 50 queries (query_model, dense) …
  [NanoMSMARCO] NDCG@10  query_doc (dense)  : 0.6951
  [NanoNFCorpus] loading …
  [NanoNFCorpus] encoding 2953 docs (doc_splade) …
  [NanoNFCorpus] encoding 50 queries (query_model, dense) …
  [NanoNFCorpus] NDCG@10  query_doc (dense)  : 0.3239
  New best NanoMSMARCO query_doc NDCG@10=0.6951 → checkpoints_splade-v3/splade_shallow_spaced1/best_NanoMSMARCO.pt
[shallow] Done. Final checkpoint → checkpoints_splade-v3/splade_shallow_spaced1/align_final.pt
