Device: cuda
Loading frozen doc SPLADE: naver/splade-v3 ...

Loading weights:   0%|          | 0/204 [00:00<?, ?it/s]
Loading weights: 100%|██████████| 204/204 [00:00<00:00, 40042.96it/s]

────────────────────────────────────────────────────────────
[nfcorpus]
  Loading queries and qrels ...
Exception in thread Thread-auto_conversion:
Traceback (most recent call last):
  File "/home/capemox/.local/share/uv/python/cpython-3.10.16-linux-x86_64-gnu/lib/python3.10/threading.py", line 1016, in _bootstrap_inner
    self.run()
  File "/home/capemox/.local/share/uv/python/cpython-3.10.16-linux-x86_64-gnu/lib/python3.10/threading.py", line 953, in run
    self._target(*self._args, **self._kwargs)
  File "/home/capemox/projects/sae-smo-splade/.venv/lib/python3.10/site-packages/transformers/safetensors_conversion.py", line 117, in auto_conversion
    raise e
  File "/home/capemox/projects/sae-smo-splade/.venv/lib/python3.10/site-packages/transformers/safetensors_conversion.py", line 96, in auto_conversion
    sha = get_conversion_pr_reference(api, pretrained_model_name_or_path, **cached_file_kwargs)
  File "/home/capemox/projects/sae-smo-splade/.venv/lib/python3.10/site-packages/transformers/safetensors_conversion.py", line 77, in get_conversion_pr_reference
    raise OSError(
OSError: Could not create safetensors conversion PR. The repo does not appear to have a file named pytorch_model.bin or model.safetensors.If you are loading with variant, use `use_safetensors=False` to load the original model.
  323 queries, 323 with relevance judgments
  Encoding queries with doc encoder (ceiling) ...
  queries (doc_splade): 64/323
  queries (doc_splade): 128/323
  queries (doc_splade): 192/323
  queries (doc_splade): 256/323
  queries (doc_splade): 320/323
  queries (doc_splade): 323/323
  Retrieving from pre-built index (3,633 docs) ...

  scoring:   0%|          | 0.00/3.63k [00:00<?, ?doc/s]
  scoring: 100%|██████████| 3.63k/3.63k [00:00<00:00, 20.6kdoc/s]
  scoring: 100%|██████████| 3.63k/3.63k [00:00<00:00, 20.6kdoc/s]
  NDCG@10: 0.3423  MRR@10: 0.5689  [index (3,633 docs)]

────────────────────────────────────────────────────────────
[scifact]
  Loading queries and qrels ...
  300 queries, 300 with relevance judgments
  Encoding queries with doc encoder (ceiling) ...
  queries (doc_splade): 64/300
  queries (doc_splade): 128/300
  queries (doc_splade): 192/300
  queries (doc_splade): 256/300
  queries (doc_splade): 300/300
  Retrieving from pre-built index (5,183 docs) ...

  scoring:   0%|          | 0.00/5.18k [00:00<?, ?doc/s]
  scoring: 100%|██████████| 5.18k/5.18k [00:00<00:00, 154kdoc/s]
  NDCG@10: 0.6370  MRR@10: 0.6065  [index (5,183 docs)]

────────────────────────────────────────────────────────────
[arguana]
  Loading queries and qrels ...
  1406 queries, 1406 with relevance judgments
  Encoding queries with doc encoder (ceiling) ...
  queries (doc_splade): 64/1406
  queries (doc_splade): 128/1406
  queries (doc_splade): 192/1406
  queries (doc_splade): 256/1406
  queries (doc_splade): 320/1406
  queries (doc_splade): 384/1406
  queries (doc_splade): 448/1406
  queries (doc_splade): 512/1406
  queries (doc_splade): 576/1406
  queries (doc_splade): 640/1406
  queries (doc_splade): 704/1406
  queries (doc_splade): 768/1406
  queries (doc_splade): 832/1406
  queries (doc_splade): 896/1406
  queries (doc_splade): 960/1406
  queries (doc_splade): 1024/1406
  queries (doc_splade): 1088/1406
  queries (doc_splade): 1152/1406
  queries (doc_splade): 1216/1406
  queries (doc_splade): 1280/1406
  queries (doc_splade): 1344/1406
  queries (doc_splade): 1406/1406
  Retrieving from pre-built index (8,674 docs) ...

  scoring:   0%|          | 0.00/8.67k [00:00<?, ?doc/s]
  scoring: 100%|██████████| 8.67k/8.67k [00:00<00:00, 106kdoc/s]
  NDCG@10: 0.3210  MRR@10: 0.2129  [index (8,674 docs)]

────────────────────────────────────────────────────────────
[scidocs]
  Loading queries and qrels ...
  1000 queries, 1000 with relevance judgments
  Encoding queries with doc encoder (ceiling) ...
  queries (doc_splade): 64/1000
  queries (doc_splade): 128/1000
  queries (doc_splade): 192/1000
  queries (doc_splade): 256/1000
  queries (doc_splade): 320/1000
  queries (doc_splade): 384/1000
  queries (doc_splade): 448/1000
  queries (doc_splade): 512/1000
  queries (doc_splade): 576/1000
  queries (doc_splade): 640/1000
  queries (doc_splade): 704/1000
  queries (doc_splade): 768/1000
  queries (doc_splade): 832/1000
  queries (doc_splade): 896/1000
  queries (doc_splade): 960/1000
  queries (doc_splade): 1000/1000
  Retrieving from pre-built index (25,657 docs) ...

  scoring:   0%|          | 0.00/25.7k [00:00<?, ?doc/s]
  scoring: 100%|██████████| 25.7k/25.7k [00:00<00:00, 105kdoc/s]
  scoring: 100%|██████████| 25.7k/25.7k [00:00<00:00, 105kdoc/s]
  NDCG@10: 0.1575  MRR@10: 0.2777  [index (25,657 docs)]

────────────────────────────────────────────────────────────
[fiqa]
  Loading queries and qrels ...
  648 queries, 648 with relevance judgments
  Encoding queries with doc encoder (ceiling) ...
  queries (doc_splade): 64/648
  queries (doc_splade): 128/648
  queries (doc_splade): 192/648
  queries (doc_splade): 256/648
  queries (doc_splade): 320/648
  queries (doc_splade): 384/648
  queries (doc_splade): 448/648
  queries (doc_splade): 512/648
  queries (doc_splade): 576/648
  queries (doc_splade): 640/648
  queries (doc_splade): 648/648
  Retrieving from pre-built index (57,638 docs) ...

  scoring:   0%|          | 0.00/57.6k [00:00<?, ?doc/s]
  scoring:  87%|████████▋ | 50.0k/57.6k [00:00<00:00, 60.4kdoc/s]
  scoring: 100%|██████████| 57.6k/57.6k [00:00<00:00, 63.8kdoc/s]
  NDCG@10: 0.3459  MRR@10: 0.4223  [index (57,638 docs)]

────────────────────────────────────────────────────────────
[trec-covid]
  Loading queries and qrels ...
  50 queries, 50 with relevance judgments
  Encoding queries with doc encoder (ceiling) ...
  queries (doc_splade): 50/50
  Retrieving from pre-built index (171,332 docs) ...

  scoring:   0%|          | 0.00/171k [00:00<?, ?doc/s]
  scoring:  29%|██▉       | 50.0k/171k [00:00<00:00, 169kdoc/s]
  scoring:  58%|█████▊    | 100k/171k [00:00<00:00, 155kdoc/s] 
  scoring:  88%|████████▊ | 150k/171k [00:00<00:00, 151kdoc/s]
  scoring: 100%|██████████| 171k/171k [00:01<00:00, 154kdoc/s]
  scoring: 100%|██████████| 171k/171k [00:01<00:00, 155kdoc/s]
  NDCG@10: 0.7509  MRR@10: 0.9217  [index (171,332 docs)]

────────────────────────────────────────────────────────────
[webis-touche2020]
  Loading queries and qrels ...
  49 queries, 49 with relevance judgments
  Encoding queries with doc encoder (ceiling) ...
  queries (doc_splade): 49/49
  Retrieving from pre-built index (382,545 docs) ...

  scoring:   0%|          | 0.00/383k [00:00<?, ?doc/s]
  scoring:  13%|█▎        | 50.0k/383k [00:00<00:02, 138kdoc/s]
  scoring:  26%|██▌       | 100k/383k [00:00<00:02, 140kdoc/s] 
  scoring:  39%|███▉      | 150k/383k [00:01<00:01, 152kdoc/s]
  scoring:  52%|█████▏    | 200k/383k [00:01<00:01, 147kdoc/s]
  scoring:  65%|██████▌   | 250k/383k [00:01<00:00, 144kdoc/s]
  scoring:  78%|███████▊  | 300k/383k [00:02<00:00, 149kdoc/s]
  scoring:  91%|█████████▏| 350k/383k [00:02<00:00, 150kdoc/s]
  scoring: 100%|██████████| 383k/383k [00:02<00:00, 151kdoc/s]
  scoring: 100%|██████████| 383k/383k [00:02<00:00, 148kdoc/s]
  NDCG@10: 0.2961  MRR@10: 0.5504  [index (382,545 docs)]

────────────────────────────────────────────────────────────
[quora]
  Loading queries and qrels ...
  10000 queries, 10000 with relevance judgments
  Encoding queries with doc encoder (ceiling) ...
  queries (doc_splade): 64/10000
  queries (doc_splade): 128/10000
  queries (doc_splade): 192/10000
  queries (doc_splade): 256/10000
  queries (doc_splade): 320/10000
  queries (doc_splade): 384/10000
  queries (doc_splade): 448/10000
  queries (doc_splade): 512/10000
  queries (doc_splade): 576/10000
  queries (doc_splade): 640/10000
  queries (doc_splade): 704/10000
  queries (doc_splade): 768/10000
  queries (doc_splade): 832/10000
  queries (doc_splade): 896/10000
  queries (doc_splade): 960/10000
  queries (doc_splade): 1024/10000
  queries (doc_splade): 1088/10000
  queries (doc_splade): 1152/10000
  queries (doc_splade): 1216/10000
  queries (doc_splade): 1280/10000
  queries (doc_splade): 1344/10000
  queries (doc_splade): 1408/10000
  queries (doc_splade): 1472/10000
  queries (doc_splade): 1536/10000
  queries (doc_splade): 1600/10000
  queries (doc_splade): 1664/10000
  queries (doc_splade): 1728/10000
  queries (doc_splade): 1792/10000
  queries (doc_splade): 1856/10000
  queries (doc_splade): 1920/10000
  queries (doc_splade): 1984/10000
  queries (doc_splade): 2048/10000
  queries (doc_splade): 2112/10000
  queries (doc_splade): 2176/10000
  queries (doc_splade): 2240/10000
  queries (doc_splade): 2304/10000
  queries (doc_splade): 2368/10000
  queries (doc_splade): 2432/10000
  queries (doc_splade): 2496/10000
  queries (doc_splade): 2560/10000
  queries (doc_splade): 2624/10000
  queries (doc_splade): 2688/10000
  queries (doc_splade): 2752/10000
  queries (doc_splade): 2816/10000
  queries (doc_splade): 2880/10000
  queries (doc_splade): 2944/10000
  queries (doc_splade): 3008/10000
  queries (doc_splade): 3072/10000
  queries (doc_splade): 3136/10000
  queries (doc_splade): 3200/10000
  queries (doc_splade): 3264/10000
  queries (doc_splade): 3328/10000
  queries (doc_splade): 3392/10000
  queries (doc_splade): 3456/10000
  queries (doc_splade): 3520/10000
  queries (doc_splade): 3584/10000
  queries (doc_splade): 3648/10000
  queries (doc_splade): 3712/10000
  queries (doc_splade): 3776/10000
  queries (doc_splade): 3840/10000
  queries (doc_splade): 3904/10000
  queries (doc_splade): 3968/10000
  queries (doc_splade): 4032/10000
  queries (doc_splade): 4096/10000
  queries (doc_splade): 4160/10000
  queries (doc_splade): 4224/10000
  queries (doc_splade): 4288/10000
  queries (doc_splade): 4352/10000
  queries (doc_splade): 4416/10000
  queries (doc_splade): 4480/10000
  queries (doc_splade): 4544/10000
  queries (doc_splade): 4608/10000
  queries (doc_splade): 4672/10000
  queries (doc_splade): 4736/10000
  queries (doc_splade): 4800/10000
  queries (doc_splade): 4864/10000
  queries (doc_splade): 4928/10000
  queries (doc_splade): 4992/10000
  queries (doc_splade): 5056/10000
  queries (doc_splade): 5120/10000
  queries (doc_splade): 5184/10000
  queries (doc_splade): 5248/10000
  queries (doc_splade): 5312/10000
  queries (doc_splade): 5376/10000
  queries (doc_splade): 5440/10000
  queries (doc_splade): 5504/10000
  queries (doc_splade): 5568/10000
  queries (doc_splade): 5632/10000
  queries (doc_splade): 5696/10000
  queries (doc_splade): 5760/10000
  queries (doc_splade): 5824/10000
  queries (doc_splade): 5888/10000
  queries (doc_splade): 5952/10000
  queries (doc_splade): 6016/10000
  queries (doc_splade): 6080/10000
  queries (doc_splade): 6144/10000
  queries (doc_splade): 6208/10000
  queries (doc_splade): 6272/10000
  queries (doc_splade): 6336/10000
  queries (doc_splade): 6400/10000
  queries (doc_splade): 6464/10000
  queries (doc_splade): 6528/10000
  queries (doc_splade): 6592/10000
  queries (doc_splade): 6656/10000
  queries (doc_splade): 6720/10000
  queries (doc_splade): 6784/10000
  queries (doc_splade): 6848/10000
  queries (doc_splade): 6912/10000
  queries (doc_splade): 6976/10000
  queries (doc_splade): 7040/10000
  queries (doc_splade): 7104/10000
  queries (doc_splade): 7168/10000
  queries (doc_splade): 7232/10000
  queries (doc_splade): 7296/10000
  queries (doc_splade): 7360/10000
  queries (doc_splade): 7424/10000
  queries (doc_splade): 7488/10000
  queries (doc_splade): 7552/10000
  queries (doc_splade): 7616/10000
  queries (doc_splade): 7680/10000
  queries (doc_splade): 7744/10000
  queries (doc_splade): 7808/10000
  queries (doc_splade): 7872/10000
  queries (doc_splade): 7936/10000
  queries (doc_splade): 8000/10000
  queries (doc_splade): 8064/10000
  queries (doc_splade): 8128/10000
  queries (doc_splade): 8192/10000
  queries (doc_splade): 8256/10000
  queries (doc_splade): 8320/10000
  queries (doc_splade): 8384/10000
  queries (doc_splade): 8448/10000
  queries (doc_splade): 8512/10000
  queries (doc_splade): 8576/10000
  queries (doc_splade): 8640/10000
  queries (doc_splade): 8704/10000
  queries (doc_splade): 8768/10000
  queries (doc_splade): 8832/10000
  queries (doc_splade): 8896/10000
  queries (doc_splade): 8960/10000
  queries (doc_splade): 9024/10000
  queries (doc_splade): 9088/10000
  queries (doc_splade): 9152/10000
  queries (doc_splade): 9216/10000
  queries (doc_splade): 9280/10000
  queries (doc_splade): 9344/10000
  queries (doc_splade): 9408/10000
  queries (doc_splade): 9472/10000
  queries (doc_splade): 9536/10000
  queries (doc_splade): 9600/10000
  queries (doc_splade): 9664/10000
  queries (doc_splade): 9728/10000
  queries (doc_splade): 9792/10000
  queries (doc_splade): 9856/10000
  queries (doc_splade): 9920/10000
  queries (doc_splade): 9984/10000
  queries (doc_splade): 10000/10000
  Retrieving from pre-built index (522,931 docs) ...

  scoring:   0%|          | 0.00/523k [00:00<?, ?doc/s]
  scoring:  10%|▉         | 50.0k/523k [00:13<02:11, 3.59kdoc/s]
  scoring:  19%|█▉        | 100k/523k [00:18<01:11, 5.91kdoc/s] 
  scoring:  29%|██▊       | 150k/523k [00:21<00:43, 8.55kdoc/s]
  scoring:  38%|███▊      | 200k/523k [00:24<00:29, 10.8kdoc/s]
  scoring:  48%|████▊     | 250k/523k [00:26<00:21, 12.7kdoc/s]
  scoring:  57%|█████▋    | 300k/523k [00:29<00:15, 14.2kdoc/s]
  scoring:  67%|██████▋   | 350k/523k [00:32<00:11, 15.3kdoc/s]
  scoring:  76%|███████▋  | 400k/523k [00:35<00:07, 16.1kdoc/s]
  scoring:  86%|████████▌ | 450k/523k [00:37<00:04, 16.5kdoc/s]
  scoring:  96%|█████████▌| 500k/523k [00:40<00:01, 16.9kdoc/s]
  scoring: 100%|██████████| 523k/523k [00:41<00:00, 17.1kdoc/s]
  scoring: 100%|██████████| 523k/523k [00:41<00:00, 12.5kdoc/s]
  NDCG@10: 0.8138  MRR@10: 0.7997  [index (522,931 docs)]

────────────────────────────────────────────────────────────
[nq]
  Loading queries and qrels ...
  3452 queries, 3452 with relevance judgments
  Encoding queries with doc encoder (ceiling) ...
  queries (doc_splade): 64/3452
  queries (doc_splade): 128/3452
  queries (doc_splade): 192/3452
  queries (doc_splade): 256/3452
  queries (doc_splade): 320/3452
  queries (doc_splade): 384/3452
  queries (doc_splade): 448/3452
  queries (doc_splade): 512/3452
  queries (doc_splade): 576/3452
  queries (doc_splade): 640/3452
  queries (doc_splade): 704/3452
  queries (doc_splade): 768/3452
  queries (doc_splade): 832/3452
  queries (doc_splade): 896/3452
  queries (doc_splade): 960/3452
  queries (doc_splade): 1024/3452
  queries (doc_splade): 1088/3452
  queries (doc_splade): 1152/3452
  queries (doc_splade): 1216/3452
  queries (doc_splade): 1280/3452
  queries (doc_splade): 1344/3452
  queries (doc_splade): 1408/3452
  queries (doc_splade): 1472/3452
  queries (doc_splade): 1536/3452
  queries (doc_splade): 1600/3452
  queries (doc_splade): 1664/3452
  queries (doc_splade): 1728/3452
  queries (doc_splade): 1792/3452
  queries (doc_splade): 1856/3452
  queries (doc_splade): 1920/3452
  queries (doc_splade): 1984/3452
  queries (doc_splade): 2048/3452
  queries (doc_splade): 2112/3452
  queries (doc_splade): 2176/3452
  queries (doc_splade): 2240/3452
  queries (doc_splade): 2304/3452
  queries (doc_splade): 2368/3452
  queries (doc_splade): 2432/3452
  queries (doc_splade): 2496/3452
  queries (doc_splade): 2560/3452
  queries (doc_splade): 2624/3452
  queries (doc_splade): 2688/3452
  queries (doc_splade): 2752/3452
  queries (doc_splade): 2816/3452
  queries (doc_splade): 2880/3452
  queries (doc_splade): 2944/3452
  queries (doc_splade): 3008/3452
  queries (doc_splade): 3072/3452
  queries (doc_splade): 3136/3452
  queries (doc_splade): 3200/3452
  queries (doc_splade): 3264/3452
  queries (doc_splade): 3328/3452
  queries (doc_splade): 3392/3452
  queries (doc_splade): 3452/3452
  Retrieving from pre-built index (2,681,468 docs) ...

  scoring:   0%|          | 0.00/2.68M [00:00<?, ?doc/s]
  scoring:   2%|▏         | 50.0k/2.68M [00:01<01:02, 41.9kdoc/s]
  scoring:   4%|▎         | 100k/2.68M [00:02<00:59, 43.0kdoc/s] 
  scoring:   6%|▌         | 150k/2.68M [00:03<00:57, 44.1kdoc/s]
  scoring:   7%|▋         | 200k/2.68M [00:04<00:57, 43.1kdoc/s]
  scoring:   9%|▉         | 250k/2.68M [00:05<00:56, 42.9kdoc/s]
  scoring:  11%|█         | 300k/2.68M [00:06<00:55, 42.9kdoc/s]
  scoring:  13%|█▎        | 350k/2.68M [00:08<00:54, 42.5kdoc/s]
  scoring:  15%|█▍        | 400k/2.68M [00:09<00:53, 42.7kdoc/s]
  scoring:  17%|█▋        | 450k/2.68M [00:10<00:52, 42.4kdoc/s]
  scoring:  19%|█▊        | 500k/2.68M [00:11<00:51, 42.2kdoc/s]
  scoring:  21%|██        | 550k/2.68M [00:12<00:50, 42.1kdoc/s]
  scoring:  22%|██▏       | 600k/2.68M [00:14<00:49, 42.1kdoc/s]
  scoring:  24%|██▍       | 650k/2.68M [00:15<00:48, 41.6kdoc/s]
  scoring:  26%|██▌       | 700k/2.68M [00:16<00:47, 41.9kdoc/s]
  scoring:  28%|██▊       | 750k/2.68M [00:17<00:46, 41.8kdoc/s]
  scoring:  30%|██▉       | 800k/2.68M [00:18<00:44, 42.2kdoc/s]
  scoring:  32%|███▏      | 850k/2.68M [00:20<00:43, 41.9kdoc/s]
  scoring:  34%|███▎      | 900k/2.68M [00:21<00:42, 41.8kdoc/s]
  scoring:  35%|███▌      | 950k/2.68M [00:22<00:41, 41.5kdoc/s]
  scoring:  37%|███▋      | 1.00M/2.68M [00:23<00:40, 41.6kdoc/s]
  scoring:  39%|███▉      | 1.05M/2.68M [00:24<00:39, 41.8kdoc/s]
  scoring:  41%|████      | 1.10M/2.68M [00:26<00:38, 41.5kdoc/s]
  scoring:  43%|████▎     | 1.15M/2.68M [00:27<00:36, 41.8kdoc/s]
  scoring:  45%|████▍     | 1.20M/2.68M [00:28<00:35, 41.4kdoc/s]
  scoring:  47%|████▋     | 1.25M/2.68M [00:29<00:34, 41.5kdoc/s]
  scoring:  48%|████▊     | 1.30M/2.68M [00:30<00:33, 41.7kdoc/s]
  scoring:  50%|█████     | 1.35M/2.68M [00:32<00:31, 41.9kdoc/s]
  scoring:  52%|█████▏    | 1.40M/2.68M [00:33<00:31, 41.2kdoc/s]
  scoring:  54%|█████▍    | 1.45M/2.68M [00:34<00:29, 41.1kdoc/s]
  scoring:  56%|█████▌    | 1.50M/2.68M [00:35<00:28, 41.1kdoc/s]
  scoring:  58%|█████▊    | 1.55M/2.68M [00:37<00:27, 40.9kdoc/s]
  scoring:  60%|█████▉    | 1.60M/2.68M [00:38<00:26, 40.4kdoc/s]
  scoring:  62%|██████▏   | 1.65M/2.68M [00:39<00:25, 40.5kdoc/s]
  scoring:  63%|██████▎   | 1.70M/2.68M [00:40<00:24, 40.5kdoc/s]
  scoring:  65%|██████▌   | 1.75M/2.68M [00:41<00:22, 40.6kdoc/s]
  scoring:  67%|██████▋   | 1.80M/2.68M [00:43<00:21, 40.6kdoc/s]
  scoring:  69%|██████▉   | 1.85M/2.68M [00:44<00:20, 40.7kdoc/s]
  scoring:  71%|███████   | 1.90M/2.68M [00:45<00:19, 41.1kdoc/s]
  scoring:  73%|███████▎  | 1.95M/2.68M [00:46<00:18, 40.4kdoc/s]
  scoring:  75%|███████▍  | 2.00M/2.68M [00:48<00:16, 40.7kdoc/s]
  scoring:  76%|███████▋  | 2.05M/2.68M [00:49<00:15, 40.3kdoc/s]
  scoring:  78%|███████▊  | 2.10M/2.68M [00:50<00:14, 40.6kdoc/s]
  scoring:  80%|████████  | 2.15M/2.68M [00:51<00:13, 40.5kdoc/s]
  scoring:  82%|████████▏ | 2.20M/2.68M [00:53<00:11, 40.1kdoc/s]
  scoring:  84%|████████▍ | 2.25M/2.68M [00:54<00:10, 40.7kdoc/s]
  scoring:  86%|████████▌ | 2.30M/2.68M [00:55<00:09, 40.1kdoc/s]
  scoring:  88%|████████▊ | 2.35M/2.68M [00:56<00:08, 40.3kdoc/s]
  scoring:  90%|████████▉ | 2.40M/2.68M [00:58<00:07, 39.7kdoc/s]
  scoring:  91%|█████████▏| 2.45M/2.68M [00:59<00:05, 40.0kdoc/s]
  scoring:  93%|█████████▎| 2.50M/2.68M [01:00<00:04, 40.1kdoc/s]
  scoring:  95%|█████████▌| 2.55M/2.68M [01:01<00:03, 40.1kdoc/s]
  scoring:  97%|█████████▋| 2.60M/2.68M [01:03<00:02, 40.1kdoc/s]
  scoring:  99%|█████████▉| 2.65M/2.68M [01:04<00:00, 40.0kdoc/s]
  scoring: 100%|██████████| 2.68M/2.68M [01:05<00:00, 40.5kdoc/s]
  scoring: 100%|██████████| 2.68M/2.68M [01:05<00:00, 41.2kdoc/s]
  NDCG@10: 0.5766  MRR@10: 0.5308  [index (2,681,468 docs)]

────────────────────────────────────────────────────────────
[dbpedia-entity]
  Loading queries and qrels ...
  400 queries, 400 with relevance judgments
  Encoding queries with doc encoder (ceiling) ...
  queries (doc_splade): 64/400
  queries (doc_splade): 128/400
  queries (doc_splade): 192/400
  queries (doc_splade): 256/400
  queries (doc_splade): 320/400
  queries (doc_splade): 384/400
  queries (doc_splade): 400/400
  Retrieving from pre-built index (4,635,922 docs) ...

  scoring:   0%|          | 0.00/4.64M [00:00<?, ?doc/s]
  scoring:   1%|          | 50.0k/4.64M [00:00<00:28, 160kdoc/s]
  scoring:   2%|▏         | 100k/4.64M [00:00<00:26, 173kdoc/s] 
  scoring:   3%|▎         | 150k/4.64M [00:00<00:28, 159kdoc/s]
  scoring:   4%|▍         | 200k/4.64M [00:01<00:29, 151kdoc/s]
  scoring:   5%|▌         | 250k/4.64M [00:01<00:28, 153kdoc/s]
  scoring:   6%|▋         | 300k/4.64M [00:01<00:28, 151kdoc/s]
  scoring:   8%|▊         | 350k/4.64M [00:02<00:29, 147kdoc/s]
  scoring:   9%|▊         | 400k/4.64M [00:02<00:28, 147kdoc/s]
  scoring:  10%|▉         | 450k/4.64M [00:02<00:27, 150kdoc/s]
  scoring:  11%|█         | 500k/4.64M [00:03<00:28, 146kdoc/s]
  scoring:  12%|█▏        | 550k/4.64M [00:03<00:27, 149kdoc/s]
  scoring:  13%|█▎        | 600k/4.64M [00:03<00:26, 155kdoc/s]
  scoring:  14%|█▍        | 650k/4.64M [00:04<00:26, 148kdoc/s]
  scoring:  15%|█▌        | 700k/4.64M [00:04<00:25, 152kdoc/s]
  scoring:  16%|█▌        | 750k/4.64M [00:04<00:25, 152kdoc/s]
  scoring:  17%|█▋        | 800k/4.64M [00:05<00:25, 148kdoc/s]
  scoring:  18%|█▊        | 850k/4.64M [00:05<00:24, 152kdoc/s]
  scoring:  19%|█▉        | 900k/4.64M [00:05<00:24, 149kdoc/s]
  scoring:  20%|██        | 950k/4.64M [00:06<00:24, 148kdoc/s]
  scoring:  22%|██▏       | 1.00M/4.64M [00:06<00:24, 150kdoc/s]
  scoring:  23%|██▎       | 1.05M/4.64M [00:06<00:23, 153kdoc/s]
  scoring:  24%|██▎       | 1.10M/4.64M [00:07<00:23, 152kdoc/s]
  scoring:  25%|██▍       | 1.15M/4.64M [00:07<00:21, 160kdoc/s]
  scoring:  26%|██▌       | 1.20M/4.64M [00:07<00:21, 159kdoc/s]
  scoring:  27%|██▋       | 1.25M/4.64M [00:08<00:21, 158kdoc/s]
  scoring:  28%|██▊       | 1.30M/4.64M [00:08<00:21, 153kdoc/s]
  scoring:  29%|██▉       | 1.35M/4.64M [00:08<00:21, 155kdoc/s]
  scoring:  30%|███       | 1.40M/4.64M [00:09<00:21, 152kdoc/s]
  scoring:  31%|███▏      | 1.45M/4.64M [00:09<00:21, 148kdoc/s]
  scoring:  32%|███▏      | 1.50M/4.64M [00:09<00:21, 148kdoc/s]
  scoring:  33%|███▎      | 1.55M/4.64M [00:10<00:20, 152kdoc/s]
  scoring:  35%|███▍      | 1.60M/4.64M [00:10<00:20, 152kdoc/s]
  scoring:  36%|███▌      | 1.65M/4.64M [00:10<00:19, 152kdoc/s]
  scoring:  37%|███▋      | 1.70M/4.64M [00:11<00:18, 161kdoc/s]
  scoring:  38%|███▊      | 1.75M/4.64M [00:11<00:18, 157kdoc/s]
  scoring:  39%|███▉      | 1.80M/4.64M [00:11<00:17, 159kdoc/s]
  scoring:  40%|███▉      | 1.85M/4.64M [00:12<00:17, 160kdoc/s]
  scoring:  41%|████      | 1.90M/4.64M [00:12<00:17, 159kdoc/s]
  scoring:  42%|████▏     | 1.95M/4.64M [00:12<00:16, 162kdoc/s]
  scoring:  43%|████▎     | 2.00M/4.64M [00:12<00:15, 168kdoc/s]
  scoring:  44%|████▍     | 2.05M/4.64M [00:13<00:16, 161kdoc/s]
  scoring:  45%|████▌     | 2.10M/4.64M [00:13<00:15, 162kdoc/s]
  scoring:  46%|████▋     | 2.15M/4.64M [00:13<00:15, 157kdoc/s]
  scoring:  47%|████▋     | 2.20M/4.64M [00:14<00:15, 156kdoc/s]
  scoring:  49%|████▊     | 2.25M/4.64M [00:14<00:15, 157kdoc/s]
  scoring:  50%|████▉     | 2.30M/4.64M [00:14<00:14, 159kdoc/s]
  scoring:  51%|█████     | 2.35M/4.64M [00:15<00:14, 155kdoc/s]
  scoring:  52%|█████▏    | 2.40M/4.64M [00:15<00:14, 158kdoc/s]
  scoring:  53%|█████▎    | 2.45M/4.64M [00:15<00:14, 155kdoc/s]
  scoring:  54%|█████▍    | 2.50M/4.64M [00:16<00:13, 154kdoc/s]
  scoring:  55%|█████▌    | 2.55M/4.64M [00:16<00:13, 157kdoc/s]
  scoring:  56%|█████▌    | 2.60M/4.64M [00:16<00:13, 154kdoc/s]
  scoring:  57%|█████▋    | 2.65M/4.64M [00:17<00:12, 154kdoc/s]
  scoring:  58%|█████▊    | 2.70M/4.64M [00:17<00:12, 158kdoc/s]
  scoring:  59%|█████▉    | 2.75M/4.64M [00:17<00:12, 153kdoc/s]
  scoring:  60%|██████    | 2.80M/4.64M [00:18<00:11, 155kdoc/s]
  scoring:  61%|██████▏   | 2.85M/4.64M [00:18<00:11, 160kdoc/s]
  scoring:  63%|██████▎   | 2.90M/4.64M [00:18<00:11, 155kdoc/s]
  scoring:  64%|██████▎   | 2.95M/4.64M [00:19<00:10, 159kdoc/s]
  scoring:  65%|██████▍   | 3.00M/4.64M [00:19<00:10, 158kdoc/s]
  scoring:  66%|██████▌   | 3.05M/4.64M [00:19<00:10, 154kdoc/s]
  scoring:  67%|██████▋   | 3.10M/4.64M [00:20<00:09, 157kdoc/s]
  scoring:  68%|██████▊   | 3.15M/4.64M [00:20<00:09, 163kdoc/s]
  scoring:  69%|██████▉   | 3.20M/4.64M [00:20<00:09, 159kdoc/s]
  scoring:  70%|███████   | 3.25M/4.64M [00:20<00:08, 159kdoc/s]
  scoring:  71%|███████   | 3.30M/4.64M [00:21<00:08, 154kdoc/s]
  scoring:  72%|███████▏  | 3.35M/4.64M [00:21<00:08, 154kdoc/s]
  scoring:  73%|███████▎  | 3.40M/4.64M [00:21<00:07, 156kdoc/s]
  scoring:  74%|███████▍  | 3.45M/4.64M [00:22<00:07, 156kdoc/s]
  scoring:  75%|███████▌  | 3.50M/4.64M [00:22<00:07, 159kdoc/s]
  scoring:  77%|███████▋  | 3.55M/4.64M [00:22<00:06, 160kdoc/s]
  scoring:  78%|███████▊  | 3.60M/4.64M [00:23<00:06, 154kdoc/s]
  scoring:  79%|███████▊  | 3.65M/4.64M [00:23<00:06, 158kdoc/s]
  scoring:  80%|███████▉  | 3.70M/4.64M [00:23<00:05, 161kdoc/s]
  scoring:  81%|████████  | 3.75M/4.64M [00:24<00:05, 156kdoc/s]
  scoring:  82%|████████▏ | 3.80M/4.64M [00:24<00:05, 160kdoc/s]
  scoring:  83%|████████▎ | 3.85M/4.64M [00:24<00:04, 159kdoc/s]
  scoring:  84%|████████▍ | 3.90M/4.64M [00:25<00:04, 155kdoc/s]
  scoring:  85%|████████▌ | 3.95M/4.64M [00:25<00:04, 156kdoc/s]
  scoring:  86%|████████▋ | 4.00M/4.64M [00:25<00:04, 155kdoc/s]
  scoring:  87%|████████▋ | 4.05M/4.64M [00:26<00:03, 149kdoc/s]
  scoring:  88%|████████▊ | 4.10M/4.64M [00:26<00:03, 154kdoc/s]
  scoring:  90%|████████▉ | 4.15M/4.64M [00:26<00:03, 159kdoc/s]
  scoring:  91%|█████████ | 4.20M/4.64M [00:27<00:02, 154kdoc/s]
  scoring:  92%|█████████▏| 4.25M/4.64M [00:27<00:02, 157kdoc/s]
  scoring:  93%|█████████▎| 4.30M/4.64M [00:27<00:02, 157kdoc/s]
  scoring:  94%|█████████▍| 4.35M/4.64M [00:28<00:01, 152kdoc/s]
  scoring:  95%|█████████▍| 4.40M/4.64M [00:28<00:01, 156kdoc/s]
  scoring:  96%|█████████▌| 4.45M/4.64M [00:28<00:01, 157kdoc/s]
  scoring:  97%|█████████▋| 4.50M/4.64M [00:29<00:00, 151kdoc/s]
  scoring:  98%|█████████▊| 4.55M/4.64M [00:29<00:00, 155kdoc/s]
  scoring:  99%|█████████▉| 4.60M/4.64M [00:29<00:00, 160kdoc/s]
  scoring: 100%|██████████| 4.64M/4.64M [00:29<00:00, 162kdoc/s]
  scoring: 100%|██████████| 4.64M/4.64M [00:29<00:00, 155kdoc/s]
  NDCG@10: 0.4494  MRR@10: 0.7528  [index (4,635,922 docs)]

────────────────────────────────────────────────────────────
[hotpotqa]
  Loading queries and qrels ...
  7405 queries, 7405 with relevance judgments
  Encoding queries with doc encoder (ceiling) ...
  queries (doc_splade): 64/7405
  queries (doc_splade): 128/7405
  queries (doc_splade): 192/7405
  queries (doc_splade): 256/7405
  queries (doc_splade): 320/7405
  queries (doc_splade): 384/7405
  queries (doc_splade): 448/7405
  queries (doc_splade): 512/7405
  queries (doc_splade): 576/7405
  queries (doc_splade): 640/7405
  queries (doc_splade): 704/7405
  queries (doc_splade): 768/7405
  queries (doc_splade): 832/7405
  queries (doc_splade): 896/7405
  queries (doc_splade): 960/7405
  queries (doc_splade): 1024/7405
  queries (doc_splade): 1088/7405
  queries (doc_splade): 1152/7405
  queries (doc_splade): 1216/7405
  queries (doc_splade): 1280/7405
  queries (doc_splade): 1344/7405
  queries (doc_splade): 1408/7405
  queries (doc_splade): 1472/7405
  queries (doc_splade): 1536/7405
  queries (doc_splade): 1600/7405
  queries (doc_splade): 1664/7405
  queries (doc_splade): 1728/7405
  queries (doc_splade): 1792/7405
  queries (doc_splade): 1856/7405
  queries (doc_splade): 1920/7405
  queries (doc_splade): 1984/7405
  queries (doc_splade): 2048/7405
  queries (doc_splade): 2112/7405
  queries (doc_splade): 2176/7405
  queries (doc_splade): 2240/7405
  queries (doc_splade): 2304/7405
  queries (doc_splade): 2368/7405
  queries (doc_splade): 2432/7405
  queries (doc_splade): 2496/7405
  queries (doc_splade): 2560/7405
  queries (doc_splade): 2624/7405
  queries (doc_splade): 2688/7405
  queries (doc_splade): 2752/7405
  queries (doc_splade): 2816/7405
  queries (doc_splade): 2880/7405
  queries (doc_splade): 2944/7405
  queries (doc_splade): 3008/7405
  queries (doc_splade): 3072/7405
  queries (doc_splade): 3136/7405
  queries (doc_splade): 3200/7405
  queries (doc_splade): 3264/7405
  queries (doc_splade): 3328/7405
  queries (doc_splade): 3392/7405
  queries (doc_splade): 3456/7405
  queries (doc_splade): 3520/7405
  queries (doc_splade): 3584/7405
  queries (doc_splade): 3648/7405
  queries (doc_splade): 3712/7405
  queries (doc_splade): 3776/7405
  queries (doc_splade): 3840/7405
  queries (doc_splade): 3904/7405
  queries (doc_splade): 3968/7405
  queries (doc_splade): 4032/7405
  queries (doc_splade): 4096/7405
  queries (doc_splade): 4160/7405
  queries (doc_splade): 4224/7405
  queries (doc_splade): 4288/7405
  queries (doc_splade): 4352/7405
  queries (doc_splade): 4416/7405
  queries (doc_splade): 4480/7405
  queries (doc_splade): 4544/7405
  queries (doc_splade): 4608/7405
  queries (doc_splade): 4672/7405
  queries (doc_splade): 4736/7405
  queries (doc_splade): 4800/7405
  queries (doc_splade): 4864/7405
  queries (doc_splade): 4928/7405
  queries (doc_splade): 4992/7405
  queries (doc_splade): 5056/7405
  queries (doc_splade): 5120/7405
  queries (doc_splade): 5184/7405
  queries (doc_splade): 5248/7405
  queries (doc_splade): 5312/7405
  queries (doc_splade): 5376/7405
  queries (doc_splade): 5440/7405
  queries (doc_splade): 5504/7405
  queries (doc_splade): 5568/7405
  queries (doc_splade): 5632/7405
  queries (doc_splade): 5696/7405
  queries (doc_splade): 5760/7405
  queries (doc_splade): 5824/7405
  queries (doc_splade): 5888/7405
  queries (doc_splade): 5952/7405
  queries (doc_splade): 6016/7405
  queries (doc_splade): 6080/7405
  queries (doc_splade): 6144/7405
  queries (doc_splade): 6208/7405
  queries (doc_splade): 6272/7405
  queries (doc_splade): 6336/7405
  queries (doc_splade): 6400/7405
  queries (doc_splade): 6464/7405
  queries (doc_splade): 6528/7405
  queries (doc_splade): 6592/7405
  queries (doc_splade): 6656/7405
  queries (doc_splade): 6720/7405
  queries (doc_splade): 6784/7405
  queries (doc_splade): 6848/7405
  queries (doc_splade): 6912/7405
  queries (doc_splade): 6976/7405
  queries (doc_splade): 7040/7405
  queries (doc_splade): 7104/7405
  queries (doc_splade): 7168/7405
  queries (doc_splade): 7232/7405
  queries (doc_splade): 7296/7405
  queries (doc_splade): 7360/7405
  queries (doc_splade): 7405/7405
  Retrieving from pre-built index (5,233,329 docs) ...

  scoring:   0%|          | 0.00/5.23M [00:00<?, ?doc/s]
  scoring:   1%|          | 50.0k/5.23M [00:02<04:24, 19.6kdoc/s]
  scoring:   2%|▏         | 100k/5.23M [00:05<04:16, 20.0kdoc/s] 
  scoring:   3%|▎         | 150k/5.23M [00:07<04:14, 20.0kdoc/s]
  scoring:   4%|▍         | 200k/5.23M [00:10<04:13, 19.9kdoc/s]
  scoring:   5%|▍         | 250k/5.23M [00:12<04:10, 19.9kdoc/s]
  scoring:   6%|▌         | 300k/5.23M [00:15<04:05, 20.1kdoc/s]
  scoring:   7%|▋         | 350k/5.23M [00:17<04:04, 20.0kdoc/s]
  scoring:   8%|▊         | 400k/5.23M [00:20<04:00, 20.1kdoc/s]
  scoring:   9%|▊         | 450k/5.23M [00:22<03:58, 20.1kdoc/s]
  scoring:  10%|▉         | 500k/5.23M [00:24<03:54, 20.2kdoc/s]
  scoring:  11%|█         | 550k/5.23M [00:27<03:53, 20.1kdoc/s]
  scoring:  11%|█▏        | 600k/5.23M [00:29<03:48, 20.2kdoc/s]
  scoring:  12%|█▏        | 650k/5.23M [00:31<03:18, 23.1kdoc/s]
  scoring:  13%|█▎        | 700k/5.23M [00:32<02:52, 26.2kdoc/s]
  scoring:  14%|█▍        | 750k/5.23M [00:33<02:34, 29.0kdoc/s]
  scoring:  15%|█▌        | 800k/5.23M [00:35<02:21, 31.3kdoc/s]
  scoring:  16%|█▌        | 850k/5.23M [00:36<02:11, 33.3kdoc/s]
  scoring:  17%|█▋        | 900k/5.23M [00:37<02:04, 34.9kdoc/s]
  scoring:  18%|█▊        | 950k/5.23M [00:39<02:20, 30.6kdoc/s]
  scoring:  19%|█▉        | 1.00M/5.23M [00:42<02:42, 26.1kdoc/s]
  scoring:  20%|██        | 1.05M/5.23M [00:45<02:55, 23.8kdoc/s]
  scoring:  21%|██        | 1.10M/5.23M [00:47<03:05, 22.2kdoc/s]
  scoring:  22%|██▏       | 1.15M/5.23M [00:50<03:11, 21.3kdoc/s]
  scoring:  23%|██▎       | 1.20M/5.23M [00:52<03:15, 20.6kdoc/s]
  scoring:  24%|██▍       | 1.25M/5.23M [00:55<03:18, 20.1kdoc/s]
  scoring:  25%|██▍       | 1.30M/5.23M [00:57<03:06, 21.1kdoc/s]
  scoring:  26%|██▌       | 1.35M/5.23M [01:00<03:07, 20.7kdoc/s]
  scoring:  27%|██▋       | 1.40M/5.23M [01:02<03:04, 20.7kdoc/s]
  scoring:  28%|██▊       | 1.45M/5.23M [01:04<03:02, 20.7kdoc/s]
  scoring:  29%|██▊       | 1.50M/5.23M [01:07<03:01, 20.6kdoc/s]
  scoring:  30%|██▉       | 1.55M/5.23M [01:09<03:01, 20.3kdoc/s]
  scoring:  31%|███       | 1.60M/5.23M [01:12<03:00, 20.1kdoc/s]
  scoring:  32%|███▏      | 1.65M/5.23M [01:14<02:56, 20.3kdoc/s]
  scoring:  32%|███▏      | 1.70M/5.23M [01:17<02:53, 20.3kdoc/s]
  scoring:  33%|███▎      | 1.75M/5.23M [01:19<02:50, 20.4kdoc/s]
  scoring:  34%|███▍      | 1.80M/5.23M [01:22<02:48, 20.4kdoc/s]
  scoring:  35%|███▌      | 1.85M/5.23M [01:24<02:45, 20.4kdoc/s]
  scoring:  36%|███▋      | 1.90M/5.23M [01:27<02:42, 20.5kdoc/s]
  scoring:  37%|███▋      | 1.95M/5.23M [01:29<02:40, 20.5kdoc/s]
  scoring:  38%|███▊      | 2.00M/5.23M [01:31<02:36, 20.6kdoc/s]
  scoring:  39%|███▉      | 2.05M/5.23M [01:34<02:34, 20.6kdoc/s]
  scoring:  40%|████      | 2.10M/5.23M [01:36<02:33, 20.4kdoc/s]
  scoring:  41%|████      | 2.15M/5.23M [01:39<02:30, 20.4kdoc/s]
  scoring:  42%|████▏     | 2.20M/5.23M [01:41<02:29, 20.3kdoc/s]
  scoring:  43%|████▎     | 2.25M/5.23M [01:44<02:26, 20.3kdoc/s]
  scoring:  44%|████▍     | 2.30M/5.23M [01:46<02:23, 20.4kdoc/s]
  scoring:  45%|████▍     | 2.35M/5.23M [01:49<02:21, 20.4kdoc/s]
  scoring:  46%|████▌     | 2.40M/5.23M [01:51<02:18, 20.5kdoc/s]
  scoring:  47%|████▋     | 2.45M/5.23M [01:53<02:16, 20.4kdoc/s]
  scoring:  48%|████▊     | 2.50M/5.23M [01:56<02:13, 20.4kdoc/s]
  scoring:  49%|████▊     | 2.55M/5.23M [01:58<02:11, 20.4kdoc/s]
  scoring:  50%|████▉     | 2.60M/5.23M [02:01<02:07, 20.7kdoc/s]
  scoring:  51%|█████     | 2.65M/5.23M [02:03<02:05, 20.6kdoc/s]
  scoring:  52%|█████▏    | 2.70M/5.23M [02:06<02:03, 20.5kdoc/s]
  scoring:  53%|█████▎    | 2.75M/5.23M [02:08<02:01, 20.5kdoc/s]
  scoring:  54%|█████▎    | 2.80M/5.23M [02:11<01:59, 20.4kdoc/s]
  scoring:  54%|█████▍    | 2.85M/5.23M [02:13<01:56, 20.4kdoc/s]
  scoring:  55%|█████▌    | 2.90M/5.23M [02:15<01:53, 20.6kdoc/s]
  scoring:  56%|█████▋    | 2.95M/5.23M [02:18<01:51, 20.6kdoc/s]
  scoring:  57%|█████▋    | 3.00M/5.23M [02:20<01:48, 20.5kdoc/s]
  scoring:  58%|█████▊    | 3.05M/5.23M [02:23<01:46, 20.6kdoc/s]
  scoring:  59%|█████▉    | 3.10M/5.23M [02:25<01:44, 20.4kdoc/s]
  scoring:  60%|██████    | 3.15M/5.23M [02:28<01:42, 20.3kdoc/s]
  scoring:  61%|██████    | 3.20M/5.23M [02:30<01:40, 20.3kdoc/s]
  scoring:  62%|██████▏   | 3.25M/5.23M [02:33<01:37, 20.4kdoc/s]
  scoring:  63%|██████▎   | 3.30M/5.23M [02:35<01:35, 20.1kdoc/s]
  scoring:  64%|██████▍   | 3.35M/5.23M [02:38<01:33, 20.1kdoc/s]
  scoring:  65%|██████▍   | 3.40M/5.23M [02:40<01:31, 20.1kdoc/s]
  scoring:  66%|██████▌   | 3.45M/5.23M [02:43<01:28, 20.3kdoc/s]
  scoring:  67%|██████▋   | 3.50M/5.23M [02:45<01:25, 20.3kdoc/s]
  scoring:  68%|██████▊   | 3.55M/5.23M [02:47<01:22, 20.4kdoc/s]
  scoring:  69%|██████▉   | 3.60M/5.23M [02:50<01:21, 20.1kdoc/s]
  scoring:  70%|██████▉   | 3.65M/5.23M [02:52<01:18, 20.2kdoc/s]
  scoring:  71%|███████   | 3.70M/5.23M [02:55<01:15, 20.3kdoc/s]
  scoring:  72%|███████▏  | 3.75M/5.23M [02:57<01:13, 20.3kdoc/s]
  scoring:  73%|███████▎  | 3.80M/5.23M [03:00<01:11, 20.1kdoc/s]
  scoring:  74%|███████▎  | 3.85M/5.23M [03:02<01:08, 20.1kdoc/s]
  scoring:  75%|███████▍  | 3.90M/5.23M [03:05<01:05, 20.2kdoc/s]
  scoring:  75%|███████▌  | 3.95M/5.23M [03:07<01:03, 20.3kdoc/s]
  scoring:  76%|███████▋  | 4.00M/5.23M [03:10<01:00, 20.3kdoc/s]
  scoring:  77%|███████▋  | 4.05M/5.23M [03:12<00:58, 20.2kdoc/s]
  scoring:  78%|███████▊  | 4.10M/5.23M [03:15<00:56, 20.1kdoc/s]
  scoring:  79%|███████▉  | 4.15M/5.23M [03:17<00:53, 20.3kdoc/s]
  scoring:  80%|████████  | 4.20M/5.23M [03:19<00:50, 20.4kdoc/s]
  scoring:  81%|████████  | 4.25M/5.23M [03:22<00:48, 20.3kdoc/s]
  scoring:  82%|████████▏ | 4.30M/5.23M [03:24<00:45, 20.5kdoc/s]
  scoring:  83%|████████▎ | 4.35M/5.23M [03:27<00:42, 20.8kdoc/s]
  scoring:  84%|████████▍ | 4.40M/5.23M [03:29<00:40, 20.7kdoc/s]
  scoring:  85%|████████▌ | 4.45M/5.23M [03:32<00:38, 20.4kdoc/s]
  scoring:  86%|████████▌ | 4.50M/5.23M [03:34<00:35, 20.5kdoc/s]
  scoring:  87%|████████▋ | 4.55M/5.23M [03:37<00:33, 20.4kdoc/s]
  scoring:  88%|████████▊ | 4.60M/5.23M [03:39<00:31, 20.4kdoc/s]
  scoring:  89%|████████▉ | 4.65M/5.23M [03:41<00:28, 20.5kdoc/s]
  scoring:  90%|████████▉ | 4.70M/5.23M [03:44<00:25, 20.6kdoc/s]
  scoring:  91%|█████████ | 4.75M/5.23M [03:46<00:23, 20.5kdoc/s]
  scoring:  92%|█████████▏| 4.80M/5.23M [03:49<00:21, 20.5kdoc/s]
  scoring:  93%|█████████▎| 4.85M/5.23M [03:51<00:18, 20.3kdoc/s]
  scoring:  94%|█████████▎| 4.90M/5.23M [03:54<00:16, 20.4kdoc/s]
  scoring:  95%|█████████▍| 4.95M/5.23M [03:56<00:13, 20.5kdoc/s]
  scoring:  96%|█████████▌| 5.00M/5.23M [03:59<00:11, 20.4kdoc/s]
  scoring:  96%|█████████▋| 5.05M/5.23M [04:01<00:09, 20.2kdoc/s]
  scoring:  97%|█████████▋| 5.10M/5.23M [04:04<00:06, 20.2kdoc/s]
  scoring:  98%|█████████▊| 5.15M/5.23M [04:06<00:04, 20.3kdoc/s]
  scoring:  99%|█████████▉| 5.20M/5.23M [04:08<00:01, 20.3kdoc/s]
  scoring: 100%|██████████| 5.23M/5.23M [04:10<00:00, 20.2kdoc/s]
  scoring: 100%|██████████| 5.23M/5.23M [04:10<00:00, 20.9kdoc/s]
  NDCG@10: 0.6830  MRR@10: 0.8638  [index (5,233,329 docs)]

────────────────────────────────────────────────────────────
[fever]
  Loading queries and qrels ...
  6666 queries, 6666 with relevance judgments
  Encoding queries with doc encoder (ceiling) ...
  queries (doc_splade): 64/6666
  queries (doc_splade): 128/6666
  queries (doc_splade): 192/6666
  queries (doc_splade): 256/6666
  queries (doc_splade): 320/6666
  queries (doc_splade): 384/6666
  queries (doc_splade): 448/6666
  queries (doc_splade): 512/6666
  queries (doc_splade): 576/6666
  queries (doc_splade): 640/6666
  queries (doc_splade): 704/6666
  queries (doc_splade): 768/6666
  queries (doc_splade): 832/6666
  queries (doc_splade): 896/6666
  queries (doc_splade): 960/6666
  queries (doc_splade): 1024/6666
  queries (doc_splade): 1088/6666
  queries (doc_splade): 1152/6666
  queries (doc_splade): 1216/6666
  queries (doc_splade): 1280/6666
  queries (doc_splade): 1344/6666
  queries (doc_splade): 1408/6666
  queries (doc_splade): 1472/6666
  queries (doc_splade): 1536/6666
  queries (doc_splade): 1600/6666
  queries (doc_splade): 1664/6666
  queries (doc_splade): 1728/6666
  queries (doc_splade): 1792/6666
  queries (doc_splade): 1856/6666
  queries (doc_splade): 1920/6666
  queries (doc_splade): 1984/6666
  queries (doc_splade): 2048/6666
  queries (doc_splade): 2112/6666
  queries (doc_splade): 2176/6666
  queries (doc_splade): 2240/6666
  queries (doc_splade): 2304/6666
  queries (doc_splade): 2368/6666
  queries (doc_splade): 2432/6666
  queries (doc_splade): 2496/6666
  queries (doc_splade): 2560/6666
  queries (doc_splade): 2624/6666
  queries (doc_splade): 2688/6666
  queries (doc_splade): 2752/6666
  queries (doc_splade): 2816/6666
  queries (doc_splade): 2880/6666
  queries (doc_splade): 2944/6666
  queries (doc_splade): 3008/6666
  queries (doc_splade): 3072/6666
  queries (doc_splade): 3136/6666
  queries (doc_splade): 3200/6666
  queries (doc_splade): 3264/6666
  queries (doc_splade): 3328/6666
  queries (doc_splade): 3392/6666
  queries (doc_splade): 3456/6666
  queries (doc_splade): 3520/6666
  queries (doc_splade): 3584/6666
  queries (doc_splade): 3648/6666
  queries (doc_splade): 3712/6666
  queries (doc_splade): 3776/6666
  queries (doc_splade): 3840/6666
  queries (doc_splade): 3904/6666
  queries (doc_splade): 3968/6666
  queries (doc_splade): 4032/6666
  queries (doc_splade): 4096/6666
  queries (doc_splade): 4160/6666
  queries (doc_splade): 4224/6666
  queries (doc_splade): 4288/6666
  queries (doc_splade): 4352/6666
  queries (doc_splade): 4416/6666
  queries (doc_splade): 4480/6666
  queries (doc_splade): 4544/6666
  queries (doc_splade): 4608/6666
  queries (doc_splade): 4672/6666
  queries (doc_splade): 4736/6666
  queries (doc_splade): 4800/6666
  queries (doc_splade): 4864/6666
  queries (doc_splade): 4928/6666
  queries (doc_splade): 4992/6666
  queries (doc_splade): 5056/6666
  queries (doc_splade): 5120/6666
  queries (doc_splade): 5184/6666
  queries (doc_splade): 5248/6666
  queries (doc_splade): 5312/6666
  queries (doc_splade): 5376/6666
  queries (doc_splade): 5440/6666
  queries (doc_splade): 5504/6666
  queries (doc_splade): 5568/6666
  queries (doc_splade): 5632/6666
  queries (doc_splade): 5696/6666
  queries (doc_splade): 5760/6666
  queries (doc_splade): 5824/6666
  queries (doc_splade): 5888/6666
  queries (doc_splade): 5952/6666
  queries (doc_splade): 6016/6666
  queries (doc_splade): 6080/6666
  queries (doc_splade): 6144/6666
  queries (doc_splade): 6208/6666
  queries (doc_splade): 6272/6666
  queries (doc_splade): 6336/6666
  queries (doc_splade): 6400/6666
  queries (doc_splade): 6464/6666
  queries (doc_splade): 6528/6666
  queries (doc_splade): 6592/6666
  queries (doc_splade): 6656/6666
  queries (doc_splade): 6666/6666
  Retrieving from pre-built index (5,416,568 docs) ...

  scoring:   0%|          | 0.00/5.42M [00:00<?, ?doc/s]
  scoring:   1%|          | 50.0k/5.42M [00:02<04:15, 21.0kdoc/s]
  scoring:   2%|▏         | 100k/5.42M [00:04<04:08, 21.4kdoc/s] 
  scoring:   3%|▎         | 150k/5.42M [00:07<04:07, 21.3kdoc/s]
  scoring:   4%|▎         | 200k/5.42M [00:09<04:04, 21.3kdoc/s]
  scoring:   5%|▍         | 250k/5.42M [00:11<04:01, 21.4kdoc/s]
  scoring:   6%|▌         | 300k/5.42M [00:14<03:58, 21.4kdoc/s]
  scoring:   6%|▋         | 350k/5.42M [00:16<03:55, 21.5kdoc/s]
  scoring:   7%|▋         | 400k/5.42M [00:18<03:53, 21.5kdoc/s]
  scoring:   8%|▊         | 450k/5.42M [00:19<03:20, 24.8kdoc/s]
  scoring:   9%|▉         | 500k/5.42M [00:21<02:52, 28.4kdoc/s]
  scoring:  10%|█         | 550k/5.42M [00:22<02:34, 31.5kdoc/s]
  scoring:  11%|█         | 600k/5.42M [00:23<02:21, 34.1kdoc/s]
  scoring:  12%|█▏        | 650k/5.42M [00:24<02:12, 36.0kdoc/s]
  scoring:  13%|█▎        | 700k/5.42M [00:27<02:41, 29.3kdoc/s]
  scoring:  14%|█▍        | 750k/5.42M [00:29<02:59, 26.0kdoc/s]
  scoring:  15%|█▍        | 800k/5.42M [00:31<02:58, 25.8kdoc/s]
  scoring:  16%|█▌        | 850k/5.42M [00:33<02:55, 26.1kdoc/s]
  scoring:  17%|█▋        | 900k/5.42M [00:35<03:01, 25.0kdoc/s]
  scoring:  18%|█▊        | 950k/5.42M [00:37<02:59, 24.9kdoc/s]
  scoring:  18%|█▊        | 1.00M/5.42M [00:39<02:59, 24.6kdoc/s]
  scoring:  19%|█▉        | 1.05M/5.42M [00:41<02:59, 24.3kdoc/s]
  scoring:  20%|██        | 1.10M/5.42M [00:44<02:58, 24.1kdoc/s]
  scoring:  21%|██        | 1.15M/5.42M [00:46<02:56, 24.2kdoc/s]
  scoring:  22%|██▏       | 1.20M/5.42M [00:48<02:54, 24.1kdoc/s]
  scoring:  23%|██▎       | 1.25M/5.42M [00:50<02:53, 24.0kdoc/s]
  scoring:  24%|██▍       | 1.30M/5.42M [00:52<02:51, 24.0kdoc/s]
  scoring:  25%|██▍       | 1.35M/5.42M [00:54<02:50, 23.9kdoc/s]
  scoring:  26%|██▌       | 1.40M/5.42M [00:56<02:48, 23.8kdoc/s]
  scoring:  27%|██▋       | 1.45M/5.42M [00:58<02:46, 23.8kdoc/s]
  scoring:  28%|██▊       | 1.50M/5.42M [01:00<02:43, 23.9kdoc/s]
  scoring:  29%|██▊       | 1.55M/5.42M [01:02<02:43, 23.7kdoc/s]
  scoring:  30%|██▉       | 1.60M/5.42M [01:05<02:41, 23.7kdoc/s]
  scoring:  30%|███       | 1.65M/5.42M [01:07<02:39, 23.6kdoc/s]
  scoring:  31%|███▏      | 1.70M/5.42M [01:09<02:36, 23.7kdoc/s]
  scoring:  32%|███▏      | 1.75M/5.42M [01:11<02:36, 23.5kdoc/s]
  scoring:  33%|███▎      | 1.80M/5.42M [01:13<02:34, 23.5kdoc/s]
  scoring:  34%|███▍      | 1.85M/5.42M [01:15<02:30, 23.7kdoc/s]
  scoring:  35%|███▌      | 1.90M/5.42M [01:17<02:27, 23.8kdoc/s]
  scoring:  36%|███▌      | 1.95M/5.42M [01:19<02:27, 23.6kdoc/s]
  scoring:  37%|███▋      | 2.00M/5.42M [01:21<02:23, 23.8kdoc/s]
  scoring:  38%|███▊      | 2.05M/5.42M [01:23<02:19, 24.1kdoc/s]
  scoring:  39%|███▉      | 2.10M/5.42M [01:26<02:19, 23.7kdoc/s]
  scoring:  40%|███▉      | 2.15M/5.42M [01:28<02:17, 23.8kdoc/s]
  scoring:  41%|████      | 2.20M/5.42M [01:30<02:12, 24.2kdoc/s]
  scoring:  42%|████▏     | 2.25M/5.42M [01:32<02:10, 24.2kdoc/s]
  scoring:  42%|████▏     | 2.30M/5.42M [01:34<02:09, 24.1kdoc/s]
  scoring:  43%|████▎     | 2.35M/5.42M [01:36<02:06, 24.2kdoc/s]
  scoring:  44%|████▍     | 2.40M/5.42M [01:38<02:04, 24.2kdoc/s]
  scoring:  45%|████▌     | 2.45M/5.42M [01:39<01:47, 27.5kdoc/s]
  scoring:  46%|████▌     | 2.50M/5.42M [01:40<01:35, 30.4kdoc/s]
  scoring:  47%|████▋     | 2.55M/5.42M [01:42<01:27, 32.8kdoc/s]
  scoring:  48%|████▊     | 2.60M/5.42M [01:43<01:19, 35.2kdoc/s]
  scoring:  49%|████▉     | 2.65M/5.42M [01:44<01:15, 36.7kdoc/s]
  scoring:  50%|████▉     | 2.70M/5.42M [01:45<01:11, 37.9kdoc/s]
  scoring:  51%|█████     | 2.75M/5.42M [01:47<01:08, 38.8kdoc/s]
  scoring:  52%|█████▏    | 2.80M/5.42M [01:48<01:07, 38.9kdoc/s]
  scoring:  53%|█████▎    | 2.85M/5.42M [01:49<01:04, 39.6kdoc/s]
  scoring:  54%|█████▎    | 2.90M/5.42M [01:50<01:02, 40.5kdoc/s]
  scoring:  54%|█████▍    | 2.95M/5.42M [01:51<00:59, 41.2kdoc/s]
  scoring:  55%|█████▌    | 3.00M/5.42M [01:53<00:58, 41.1kdoc/s]
  scoring:  56%|█████▋    | 3.05M/5.42M [01:54<00:57, 41.0kdoc/s]
  scoring:  57%|█████▋    | 3.10M/5.42M [01:55<00:56, 40.7kdoc/s]
  scoring:  58%|█████▊    | 3.15M/5.42M [01:56<00:55, 40.9kdoc/s]
  scoring:  59%|█████▉    | 3.20M/5.42M [01:57<00:54, 40.9kdoc/s]
  scoring:  60%|██████    | 3.25M/5.42M [01:59<00:51, 41.9kdoc/s]
  scoring:  61%|██████    | 3.30M/5.42M [02:00<00:49, 42.4kdoc/s]
  scoring:  62%|██████▏   | 3.35M/5.42M [02:01<00:48, 42.4kdoc/s]
  scoring:  63%|██████▎   | 3.40M/5.42M [02:02<00:47, 42.5kdoc/s]
  scoring:  64%|██████▎   | 3.45M/5.42M [02:03<00:46, 41.9kdoc/s]
  scoring:  65%|██████▍   | 3.50M/5.42M [02:05<00:45, 41.9kdoc/s]
  scoring:  66%|██████▌   | 3.55M/5.42M [02:06<00:44, 41.9kdoc/s]
  scoring:  66%|██████▋   | 3.60M/5.42M [02:07<00:43, 41.9kdoc/s]
  scoring:  67%|██████▋   | 3.65M/5.42M [02:08<00:41, 42.4kdoc/s]
  scoring:  68%|██████▊   | 3.70M/5.42M [02:09<00:41, 41.7kdoc/s]
  scoring:  69%|██████▉   | 3.75M/5.42M [02:10<00:39, 42.0kdoc/s]
  scoring:  70%|███████   | 3.80M/5.42M [02:12<00:38, 41.8kdoc/s]
  scoring:  71%|███████   | 3.85M/5.42M [02:13<00:37, 42.0kdoc/s]
  scoring:  72%|███████▏  | 3.90M/5.42M [02:14<00:36, 41.7kdoc/s]
  scoring:  73%|███████▎  | 3.95M/5.42M [02:15<00:34, 42.0kdoc/s]
  scoring:  74%|███████▍  | 4.00M/5.42M [02:16<00:33, 42.7kdoc/s]
  scoring:  75%|███████▍  | 4.05M/5.42M [02:18<00:32, 42.3kdoc/s]
  scoring:  76%|███████▌  | 4.10M/5.42M [02:19<00:31, 41.7kdoc/s]
  scoring:  77%|███████▋  | 4.15M/5.42M [02:20<00:30, 41.7kdoc/s]
  scoring:  78%|███████▊  | 4.20M/5.42M [02:21<00:28, 42.1kdoc/s]
  scoring:  78%|███████▊  | 4.25M/5.42M [02:22<00:27, 42.3kdoc/s]
  scoring:  79%|███████▉  | 4.30M/5.42M [02:24<00:26, 41.8kdoc/s]
  scoring:  80%|████████  | 4.35M/5.42M [02:25<00:25, 41.7kdoc/s]
  scoring:  81%|████████  | 4.40M/5.42M [02:26<00:24, 41.5kdoc/s]
  scoring:  82%|████████▏ | 4.45M/5.42M [02:27<00:23, 41.7kdoc/s]
  scoring:  83%|████████▎ | 4.50M/5.42M [02:28<00:21, 41.7kdoc/s]
  scoring:  84%|████████▍ | 4.55M/5.42M [02:30<00:20, 41.5kdoc/s]
  scoring:  85%|████████▍ | 4.60M/5.42M [02:31<00:19, 41.9kdoc/s]
  scoring:  86%|████████▌ | 4.65M/5.42M [02:32<00:18, 41.9kdoc/s]
  scoring:  87%|████████▋ | 4.70M/5.42M [02:33<00:17, 41.9kdoc/s]
  scoring:  88%|████████▊ | 4.75M/5.42M [02:34<00:16, 41.6kdoc/s]
  scoring:  89%|████████▊ | 4.80M/5.42M [02:36<00:14, 41.2kdoc/s]
  scoring:  90%|████████▉ | 4.85M/5.42M [02:37<00:13, 41.1kdoc/s]
  scoring:  90%|█████████ | 4.90M/5.42M [02:38<00:12, 41.1kdoc/s]
  scoring:  91%|█████████▏| 4.95M/5.42M [02:39<00:11, 41.8kdoc/s]
  scoring:  92%|█████████▏| 5.00M/5.42M [02:40<00:09, 42.4kdoc/s]
  scoring:  93%|█████████▎| 5.05M/5.42M [02:42<00:08, 41.8kdoc/s]
  scoring:  94%|█████████▍| 5.10M/5.42M [02:43<00:07, 41.8kdoc/s]
  scoring:  95%|█████████▌| 5.15M/5.42M [02:44<00:06, 41.5kdoc/s]
  scoring:  96%|█████████▌| 5.20M/5.42M [02:45<00:05, 41.9kdoc/s]
  scoring:  97%|█████████▋| 5.25M/5.42M [02:46<00:03, 42.1kdoc/s]
  scoring:  98%|█████████▊| 5.30M/5.42M [02:48<00:02, 42.6kdoc/s]
  scoring:  99%|█████████▉| 5.35M/5.42M [02:49<00:01, 42.4kdoc/s]
  scoring: 100%|█████████▉| 5.40M/5.42M [02:50<00:00, 41.8kdoc/s]
  scoring: 100%|██████████| 5.42M/5.42M [02:50<00:00, 41.5kdoc/s]
  scoring: 100%|██████████| 5.42M/5.42M [02:50<00:00, 31.7kdoc/s]
  NDCG@10: 0.7645  MRR@10: 0.7644  [index (5,416,568 docs)]

────────────────────────────────────────────────────────────
[climate-fever]
  Loading queries and qrels ...
  1534 queries, 1535 with relevance judgments
  Encoding queries with doc encoder (ceiling) ...
  queries (doc_splade): 64/1534
  queries (doc_splade): 128/1534
  queries (doc_splade): 192/1534
  queries (doc_splade): 256/1534
  queries (doc_splade): 320/1534
  queries (doc_splade): 384/1534
  queries (doc_splade): 448/1534
  queries (doc_splade): 512/1534
  queries (doc_splade): 576/1534
  queries (doc_splade): 640/1534
  queries (doc_splade): 704/1534
  queries (doc_splade): 768/1534
  queries (doc_splade): 832/1534
  queries (doc_splade): 896/1534
  queries (doc_splade): 960/1534
  queries (doc_splade): 1024/1534
  queries (doc_splade): 1088/1534
  queries (doc_splade): 1152/1534
  queries (doc_splade): 1216/1534
  queries (doc_splade): 1280/1534
  queries (doc_splade): 1344/1534
  queries (doc_splade): 1408/1534
  queries (doc_splade): 1472/1534
  queries (doc_splade): 1534/1534
  Retrieving from pre-built index (5,416,593 docs) ...

  scoring:   0%|          | 0.00/5.42M [00:00<?, ?doc/s]
  scoring:   1%|          | 50.0k/5.42M [00:00<00:32, 165kdoc/s]
  scoring:   2%|▏         | 100k/5.42M [00:00<00:33, 158kdoc/s] 
  scoring:   3%|▎         | 150k/5.42M [00:00<00:34, 154kdoc/s]
  scoring:   4%|▎         | 200k/5.42M [00:01<00:35, 146kdoc/s]
  scoring:   5%|▍         | 250k/5.42M [00:01<00:36, 143kdoc/s]
  scoring:   6%|▌         | 300k/5.42M [00:02<00:35, 145kdoc/s]
  scoring:   6%|▋         | 350k/5.42M [00:02<00:35, 145kdoc/s]
  scoring:   7%|▋         | 400k/5.42M [00:02<00:35, 142kdoc/s]
  scoring:   8%|▊         | 450k/5.42M [00:03<00:35, 140kdoc/s]
  scoring:   9%|▉         | 500k/5.42M [00:03<00:34, 145kdoc/s]
  scoring:  10%|█         | 550k/5.42M [00:03<00:33, 145kdoc/s]
  scoring:  11%|█         | 600k/5.42M [00:04<00:33, 145kdoc/s]
  scoring:  12%|█▏        | 650k/5.42M [00:04<00:32, 147kdoc/s]
  scoring:  13%|█▎        | 700k/5.42M [00:04<00:31, 149kdoc/s]
  scoring:  14%|█▍        | 750k/5.42M [00:05<00:31, 147kdoc/s]
  scoring:  15%|█▍        | 800k/5.42M [00:05<00:31, 145kdoc/s]
  scoring:  16%|█▌        | 850k/5.42M [00:05<00:32, 142kdoc/s]
  scoring:  17%|█▋        | 900k/5.42M [00:06<00:31, 144kdoc/s]
  scoring:  18%|█▊        | 950k/5.42M [00:06<00:31, 142kdoc/s]
  scoring:  18%|█▊        | 1.00M/5.42M [00:06<00:31, 139kdoc/s]
  scoring:  19%|█▉        | 1.05M/5.42M [00:07<00:31, 139kdoc/s]
  scoring:  20%|██        | 1.10M/5.42M [00:07<00:31, 137kdoc/s]
  scoring:  21%|██        | 1.15M/5.42M [00:08<00:30, 139kdoc/s]
  scoring:  22%|██▏       | 1.20M/5.42M [00:08<00:31, 135kdoc/s]
  scoring:  23%|██▎       | 1.25M/5.42M [00:08<00:31, 133kdoc/s]
  scoring:  24%|██▍       | 1.30M/5.42M [00:09<00:30, 136kdoc/s]
  scoring:  25%|██▍       | 1.35M/5.42M [00:09<00:29, 136kdoc/s]
  scoring:  26%|██▌       | 1.40M/5.42M [00:09<00:29, 136kdoc/s]
  scoring:  27%|██▋       | 1.45M/5.42M [00:10<00:29, 135kdoc/s]
  scoring:  28%|██▊       | 1.50M/5.42M [00:10<00:28, 136kdoc/s]
  scoring:  29%|██▊       | 1.55M/5.42M [00:11<00:29, 133kdoc/s]
  scoring:  30%|██▉       | 1.60M/5.42M [00:11<00:29, 131kdoc/s]
  scoring:  30%|███       | 1.65M/5.42M [00:11<00:28, 131kdoc/s]
  scoring:  31%|███▏      | 1.70M/5.42M [00:12<00:28, 132kdoc/s]
  scoring:  32%|███▏      | 1.75M/5.42M [00:12<00:27, 133kdoc/s]
  scoring:  33%|███▎      | 1.80M/5.42M [00:12<00:26, 134kdoc/s]
  scoring:  34%|███▍      | 1.85M/5.42M [00:13<00:26, 133kdoc/s]
  scoring:  35%|███▌      | 1.90M/5.42M [00:13<00:26, 133kdoc/s]
  scoring:  36%|███▌      | 1.95M/5.42M [00:14<00:26, 132kdoc/s]
  scoring:  37%|███▋      | 2.00M/5.42M [00:14<00:25, 132kdoc/s]
  scoring:  38%|███▊      | 2.05M/5.42M [00:14<00:25, 133kdoc/s]
  scoring:  39%|███▉      | 2.10M/5.42M [00:15<00:24, 134kdoc/s]
  scoring:  40%|███▉      | 2.15M/5.42M [00:15<00:24, 134kdoc/s]
  scoring:  41%|████      | 2.20M/5.42M [00:15<00:23, 135kdoc/s]
  scoring:  42%|████▏     | 2.25M/5.42M [00:16<00:23, 134kdoc/s]
  scoring:  42%|████▏     | 2.30M/5.42M [00:16<00:23, 132kdoc/s]
  scoring:  43%|████▎     | 2.35M/5.42M [00:17<00:23, 131kdoc/s]
  scoring:  44%|████▍     | 2.40M/5.42M [00:17<00:22, 133kdoc/s]
  scoring:  45%|████▌     | 2.45M/5.42M [00:17<00:22, 131kdoc/s]
  scoring:  46%|████▌     | 2.50M/5.42M [00:18<00:22, 131kdoc/s]
  scoring:  47%|████▋     | 2.55M/5.42M [00:18<00:22, 130kdoc/s]
  scoring:  48%|████▊     | 2.60M/5.42M [00:18<00:21, 128kdoc/s]
  scoring:  49%|████▉     | 2.65M/5.42M [00:19<00:21, 128kdoc/s]
  scoring:  50%|████▉     | 2.70M/5.42M [00:19<00:21, 128kdoc/s]
  scoring:  51%|█████     | 2.75M/5.42M [00:20<00:20, 129kdoc/s]
  scoring:  52%|█████▏    | 2.80M/5.42M [00:20<00:19, 134kdoc/s]
  scoring:  53%|█████▎    | 2.85M/5.42M [00:20<00:18, 136kdoc/s]
  scoring:  54%|█████▎    | 2.90M/5.42M [00:21<00:18, 134kdoc/s]
  scoring:  54%|█████▍    | 2.95M/5.42M [00:21<00:18, 134kdoc/s]
  scoring:  55%|█████▌    | 3.00M/5.42M [00:21<00:17, 135kdoc/s]
  scoring:  56%|█████▋    | 3.05M/5.42M [00:22<00:16, 140kdoc/s]
  scoring:  57%|█████▋    | 3.10M/5.42M [00:22<00:16, 144kdoc/s]
  scoring:  58%|█████▊    | 3.15M/5.42M [00:22<00:15, 142kdoc/s]
  scoring:  59%|█████▉    | 3.20M/5.42M [00:23<00:15, 143kdoc/s]
  scoring:  60%|██████    | 3.25M/5.42M [00:23<00:14, 145kdoc/s]
  scoring:  61%|██████    | 3.30M/5.42M [00:23<00:14, 147kdoc/s]
  scoring:  62%|██████▏   | 3.35M/5.42M [00:24<00:14, 148kdoc/s]
  scoring:  63%|██████▎   | 3.40M/5.42M [00:24<00:13, 147kdoc/s]
  scoring:  64%|██████▎   | 3.45M/5.42M [00:25<00:13, 143kdoc/s]
  scoring:  65%|██████▍   | 3.50M/5.42M [00:25<00:13, 138kdoc/s]
  scoring:  66%|██████▌   | 3.55M/5.42M [00:25<00:13, 136kdoc/s]
  scoring:  66%|██████▋   | 3.60M/5.42M [00:26<00:13, 138kdoc/s]
  scoring:  67%|██████▋   | 3.65M/5.42M [00:26<00:12, 136kdoc/s]
  scoring:  68%|██████▊   | 3.70M/5.42M [00:26<00:12, 136kdoc/s]
  scoring:  69%|██████▉   | 3.75M/5.42M [00:27<00:11, 140kdoc/s]
  scoring:  70%|███████   | 3.80M/5.42M [00:27<00:11, 138kdoc/s]
  scoring:  71%|███████   | 3.85M/5.42M [00:27<00:11, 139kdoc/s]
  scoring:  72%|███████▏  | 3.90M/5.42M [00:28<00:10, 141kdoc/s]
  scoring:  73%|███████▎  | 3.95M/5.42M [00:28<00:10, 141kdoc/s]
  scoring:  74%|███████▍  | 4.00M/5.42M [00:28<00:09, 143kdoc/s]
  scoring:  75%|███████▍  | 4.05M/5.42M [00:29<00:09, 144kdoc/s]
  scoring:  76%|███████▌  | 4.10M/5.42M [00:29<00:09, 141kdoc/s]
  scoring:  77%|███████▋  | 4.15M/5.42M [00:30<00:09, 141kdoc/s]
  scoring:  78%|███████▊  | 4.20M/5.42M [00:30<00:08, 141kdoc/s]
  scoring:  78%|███████▊  | 4.25M/5.42M [00:30<00:08, 142kdoc/s]
  scoring:  79%|███████▉  | 4.30M/5.42M [00:31<00:07, 147kdoc/s]
  scoring:  80%|████████  | 4.35M/5.42M [00:31<00:07, 145kdoc/s]
  scoring:  81%|████████  | 4.40M/5.42M [00:31<00:06, 147kdoc/s]
  scoring:  82%|████████▏ | 4.45M/5.42M [00:32<00:06, 149kdoc/s]
  scoring:  83%|████████▎ | 4.50M/5.42M [00:32<00:06, 144kdoc/s]
  scoring:  84%|████████▍ | 4.55M/5.42M [00:32<00:06, 143kdoc/s]
  scoring:  85%|████████▍ | 4.60M/5.42M [00:33<00:05, 146kdoc/s]
  scoring:  86%|████████▌ | 4.65M/5.42M [00:33<00:05, 146kdoc/s]
  scoring:  87%|████████▋ | 4.70M/5.42M [00:33<00:04, 145kdoc/s]
  scoring:  88%|████████▊ | 4.75M/5.42M [00:34<00:04, 148kdoc/s]
  scoring:  89%|████████▊ | 4.80M/5.42M [00:34<00:04, 142kdoc/s]
  scoring:  90%|████████▉ | 4.85M/5.42M [00:34<00:04, 141kdoc/s]
  scoring:  90%|█████████ | 4.90M/5.42M [00:35<00:03, 143kdoc/s]
  scoring:  91%|█████████▏| 4.95M/5.42M [00:35<00:03, 145kdoc/s]
  scoring:  92%|█████████▏| 5.00M/5.42M [00:35<00:02, 144kdoc/s]
  scoring:  93%|█████████▎| 5.05M/5.42M [00:36<00:02, 144kdoc/s]
  scoring:  94%|█████████▍| 5.10M/5.42M [00:36<00:02, 145kdoc/s]
  scoring:  95%|█████████▌| 5.15M/5.42M [00:36<00:01, 141kdoc/s]
  scoring:  96%|█████████▌| 5.20M/5.42M [00:37<00:01, 142kdoc/s]
  scoring:  97%|█████████▋| 5.25M/5.42M [00:37<00:01, 144kdoc/s]
  scoring:  98%|█████████▊| 5.30M/5.42M [00:38<00:00, 143kdoc/s]
  scoring:  99%|█████████▉| 5.35M/5.42M [00:38<00:00, 142kdoc/s]
  scoring: 100%|█████████▉| 5.40M/5.42M [00:38<00:00, 142kdoc/s]
  scoring: 100%|██████████| 5.42M/5.42M [00:38<00:00, 141kdoc/s]
  scoring: 100%|██████████| 5.42M/5.42M [00:38<00:00, 139kdoc/s]
  NDCG@10: 0.2088  MRR@10: 0.2912  [index (5,416,593 docs)]

============================================================
Checkpoint : naver/splade-v3 (doc_only ceiling)
Stage      : splade_shallow
────────────────────────────────────────────────────────────
Dataset                 NDCG@10     MRR@10
──────────────────────────────────────────
nfcorpus                 0.3423     0.5689
scifact                  0.6370     0.6065
arguana                  0.3210     0.2129
scidocs                  0.1575     0.2777
fiqa                     0.3459     0.4223
trec-covid               0.7509     0.9217
webis-touche2020         0.2961     0.5504
quora                    0.8138     0.7997
nq                       0.5766     0.5308
dbpedia-entity           0.4494     0.7528
hotpotqa                 0.6830     0.8638
fever                    0.7645     0.7644
climate-fever            0.2088     0.2912
──────────────────────────────────────────
Average                  0.4882     0.5818
============================================================
�──
Average                  0.4882     0.5818
============================================================
