Device: cuda
[shallow] doc=naver/splade-v3 | n_layers=3 | freeze_warmup=5000 | alignment=50000 | lr=0.0002 | nway=8 | lambda_q=0.0002 | use_contrastive=False | contrastive_coeff=0.0 | log_ranking_metrics=False | grad_accum=2 | freeze_head_after_warmup=True
[shallow] Loading frozen doc SPLADE: naver/splade-v3 …

Loading weights:   0%|          | 0/204 [00:00<?, ?it/s]
Loading weights: 100%|██████████| 204/204 [00:00<00:00, 23751.23it/s]
[shallow] Building shallow query model from same checkpoint, keeping 3 layers …
[shallow] Using explicit doc-layer indices for query body: [0, 1, 2]

Loading weights:   0%|          | 0/204 [00:00<?, ?it/s]
Loading weights: 100%|██████████| 204/204 [00:00<00:00, 27599.45it/s]
/home/capemox/projects/sae-smo-splade/train.py:2647: FutureWarning: `torch.cuda.amp.GradScaler(args...)` is deprecated. Please use `torch.amp.GradScaler('cuda', args...)` instead.
  scaler = GradScaler(enabled=fp16 and device.type == "cuda")
Exception in thread Thread-auto_conversion:
Traceback (most recent call last):
  File "/home/capemox/.local/share/uv/python/cpython-3.10.16-linux-x86_64-gnu/lib/python3.10/threading.py", line 1016, in _bootstrap_inner
    self.run()
  File "/home/capemox/.local/share/uv/python/cpython-3.10.16-linux-x86_64-gnu/lib/python3.10/threading.py", line 953, in run
    self._target(*self._args, **self._kwargs)
  File "/home/capemox/projects/sae-smo-splade/.venv/lib/python3.10/site-packages/transformers/safetensors_conversion.py", line 117, in auto_conversion
    raise e
  File "/home/capemox/projects/sae-smo-splade/.venv/lib/python3.10/site-packages/transformers/safetensors_conversion.py", line 96, in auto_conversion
    sha = get_conversion_pr_reference(api, pretrained_model_name_or_path, **cached_file_kwargs)
  File "/home/capemox/projects/sae-smo-splade/.venv/lib/python3.10/site-packages/transformers/safetensors_conversion.py", line 77, in get_conversion_pr_reference
    raise OSError(
OSError: Could not create safetensors conversion PR. The repo does not appear to have a file named pytorch_model.bin or model.safetensors.If you are loading with variant, use `use_safetensors=False` to load the original model.
Exception in thread Thread-auto_conversion:
Traceback (most recent call last):
  File "/home/capemox/.local/share/uv/python/cpython-3.10.16-linux-x86_64-gnu/lib/python3.10/threading.py", line 1016, in _bootstrap_inner
    self.run()
  File "/home/capemox/.local/share/uv/python/cpython-3.10.16-linux-x86_64-gnu/lib/python3.10/threading.py", line 953, in run
    self._target(*self._args, **self._kwargs)
  File "/home/capemox/projects/sae-smo-splade/.venv/lib/python3.10/site-packages/transformers/safetensors_conversion.py", line 117, in auto_conversion
    raise e
  File "/home/capemox/projects/sae-smo-splade/.venv/lib/python3.10/site-packages/transformers/safetensors_conversion.py", line 96, in auto_conversion
    sha = get_conversion_pr_reference(api, pretrained_model_name_or_path, **cached_file_kwargs)
  File "/home/capemox/projects/sae-smo-splade/.venv/lib/python3.10/site-packages/transformers/safetensors_conversion.py", line 77, in get_conversion_pr_reference
    raise OSError(
OSError: Could not create safetensors conversion PR. The repo does not appear to have a file named pytorch_model.bin or model.safetensors.If you are loading with variant, use `use_safetensors=False` to load the original model.
/home/capemox/projects/sae-smo-splade/train.py:2734: FutureWarning: `torch.cuda.amp.autocast(args...)` is deprecated. Please use `torch.amp.autocast('cuda', args...)` instead.
  with autocast(enabled=fp16 and device.type == "cuda"):
/home/capemox/projects/sae-smo-splade/train.py:2774: UserWarning: Detected call of `lr_scheduler.step()` before `optimizer.step()`. In PyTorch 1.1.0 and later, you should call them in the opposite order: `optimizer.step()` before `lr_scheduler.step()`.  Failure to do this will result in PyTorch skipping the first value of the learning rate schedule. See more details at https://pytorch.org/docs/stable/optim.html#how-to-adjust-learning-rate
  scaler.step(optimizer); scaler.update(); scheduler.step()
[shallow] Installed factorized lexical matrix: dim=64 init=svd factorized_params=2.0M
[shallow] Query model params (after truncation): 24.3M (was 12-layer original); will freeze embeddings + head during warmup.
[shallow] Phase 0 (frozen warmup). Trainable params: 21.3M / 24.3M total.
[shallow] Initial eval — doc_doc ceiling + query_doc baseline …
  [NanoMSMARCO] loading …
  [NanoMSMARCO] encoding 5043 docs (doc_splade) …
  [NanoMSMARCO] encoding 50 queries (doc_doc ceiling) …
  [NanoMSMARCO] NDCG@10  doc_doc (ceiling) : 0.7001
  [NanoMSMARCO] encoding 50 queries (query_model, dense) …
  [NanoMSMARCO] NDCG@10  query_doc (dense)  : 0.2165
  [NanoNFCorpus] loading …
  [NanoNFCorpus] encoding 2953 docs (doc_splade) …
  [NanoNFCorpus] encoding 50 queries (doc_doc ceiling) …
  [NanoNFCorpus] NDCG@10  doc_doc (ceiling) : 0.3448
  [NanoNFCorpus] encoding 50 queries (query_model, dense) …
  [NanoNFCorpus] NDCG@10  query_doc (dense)  : 0.1544
[shallow] Training loop (50000 steps remaining) …
[shallow/warm] step    200 | loss 12.1129 (rank 12.113 ctr 0.000) | q_nnz 122.9 (teacher 24.9) | flops 25.4 | lr 2.00e-04 | 16s
[shallow/warm] step    400 | loss 9.7797 (rank 9.779 ctr 0.000) | q_nnz 66.1 (teacher 24.1) | flops 19.8 | lr 2.00e-04 | 4s
[shallow/warm] step    600 | loss 10.1577 (rank 10.157 ctr 0.000) | q_nnz 104.1 (teacher 23.7) | flops 23.3 | lr 2.00e-04 | 4s
[shallow/warm] step    800 | loss 9.0489 (rank 9.048 ctr 0.000) | q_nnz 81.1 (teacher 22.0) | flops 19.0 | lr 2.00e-04 | 11s
[shallow/warm] step   1000 | loss 8.4669 (rank 8.466 ctr 0.000) | q_nnz 80.6 (teacher 22.9) | flops 21.3 | lr 2.00e-04 | 4s
[shallow/warm] step   1200 | loss 8.4524 (rank 8.451 ctr 0.000) | q_nnz 51.8 (teacher 22.5) | flops 18.8 | lr 2.00e-04 | 4s
[shallow/warm] step   1400 | loss 8.8016 (rank 8.801 ctr 0.000) | q_nnz 49.4 (teacher 26.8) | flops 17.7 | lr 2.00e-04 | 12s
[shallow/warm] step   1600 | loss 7.6047 (rank 7.604 ctr 0.000) | q_nnz 43.9 (teacher 24.2) | flops 18.0 | lr 2.00e-04 | 4s
[shallow/warm] step   1800 | loss 10.2838 (rank 10.282 ctr 0.000) | q_nnz 37.1 (teacher 24.9) | flops 18.2 | lr 2.00e-04 | 4s
[shallow/warm] step   2000 | loss 9.3559 (rank 9.354 ctr 0.000) | q_nnz 30.2 (teacher 25.7) | flops 19.9 | lr 2.00e-04 | 11s
[shallow/warm] step   2200 | loss 9.8804 (rank 9.879 ctr 0.000) | q_nnz 28.4 (teacher 24.3) | flops 20.3 | lr 2.00e-04 | 4s
[shallow/warm] step   2400 | loss 10.9803 (rank 10.978 ctr 0.000) | q_nnz 30.1 (teacher 26.4) | flops 20.8 | lr 2.00e-04 | 4s
[shallow/warm] step   2600 | loss 10.1219 (rank 10.120 ctr 0.000) | q_nnz 27.0 (teacher 22.2) | flops 18.9 | lr 2.00e-04 | 12s
[shallow/warm] step   2800 | loss 9.6165 (rank 9.615 ctr 0.000) | q_nnz 23.7 (teacher 25.2) | flops 16.2 | lr 2.00e-04 | 4s
[shallow/warm] step   3000 | loss 10.1881 (rank 10.186 ctr 0.000) | q_nnz 27.8 (teacher 22.7) | flops 19.5 | lr 2.00e-04 | 4s
[shallow/warm] step   3200 | loss 11.6501 (rank 11.648 ctr 0.000) | q_nnz 30.8 (teacher 25.7) | flops 19.2 | lr 2.00e-04 | 11s
[shallow/warm] step   3400 | loss 10.5919 (rank 10.589 ctr 0.000) | q_nnz 28.9 (teacher 22.6) | flops 20.2 | lr 1.99e-04 | 4s
[shallow/warm] step   3600 | loss 9.5760 (rank 9.574 ctr 0.000) | q_nnz 23.1 (teacher 22.3) | flops 16.8 | lr 1.99e-04 | 4s
[shallow/warm] step   3800 | loss 9.7633 (rank 9.761 ctr 0.000) | q_nnz 21.8 (teacher 21.1) | flops 17.1 | lr 1.99e-04 | 12s
[shallow/warm] step   4000 | loss 10.8225 (rank 10.820 ctr 0.000) | q_nnz 21.7 (teacher 23.4) | flops 16.8 | lr 1.99e-04 | 4s
[shallow/warm] step   4200 | loss 9.4521 (rank 9.449 ctr 0.000) | q_nnz 25.9 (teacher 22.8) | flops 18.4 | lr 1.99e-04 | 4s
[shallow/warm] step   4400 | loss 9.3965 (rank 9.394 ctr 0.000) | q_nnz 19.8 (teacher 24.1) | flops 15.0 | lr 1.99e-04 | 11s
[shallow/warm] step   4600 | loss 8.6609 (rank 8.658 ctr 0.000) | q_nnz 19.2 (teacher 22.5) | flops 16.0 | lr 1.99e-04 | 4s
[shallow/warm] step   4800 | loss 10.7308 (rank 10.727 ctr 0.000) | q_nnz 24.8 (teacher 22.6) | flops 17.9 | lr 1.99e-04 | 4s
[shallow/warm] step   5000 | loss 8.1184 (rank 8.116 ctr 0.000) | q_nnz 19.4 (teacher 21.5) | flops 14.2 | lr 1.99e-04 | 12s
[shallow] Step 5000: switched to Phase 1. body_lr=1.99e-04 head_lr=0.00e+00
[shallow/full] step   5200 | loss 9.5209 (rank 9.517 ctr 0.000) | q_nnz 24.7 (teacher 20.8) | flops 18.2 | lr 1.99e-04 | 4s
[shallow/full] step   5400 | loss 8.7531 (rank 8.750 ctr 0.000) | q_nnz 21.8 (teacher 21.6) | flops 16.5 | lr 1.99e-04 | 4s
[shallow/full] step   5600 | loss 10.3984 (rank 10.395 ctr 0.000) | q_nnz 23.3 (teacher 24.0) | flops 17.0 | lr 1.99e-04 | 4s
[shallow/full] step   5800 | loss 8.7683 (rank 8.765 ctr 0.000) | q_nnz 22.2 (teacher 19.3) | flops 17.4 | lr 1.99e-04 | 15s
[shallow/full] step   6000 | loss 9.5711 (rank 9.568 ctr 0.000) | q_nnz 19.2 (teacher 22.7) | flops 14.6 | lr 1.99e-04 | 4s
[shallow/full] step   6200 | loss 10.2238 (rank 10.220 ctr 0.000) | q_nnz 25.8 (teacher 21.0) | flops 18.9 | lr 1.99e-04 | 4s
[shallow/full] step   6400 | loss 11.1436 (rank 11.140 ctr 0.000) | q_nnz 26.3 (teacher 24.5) | flops 19.9 | lr 1.99e-04 | 11s
[shallow/full] step   6600 | loss 11.4104 (rank 11.406 ctr 0.000) | q_nnz 26.9 (teacher 23.7) | flops 19.9 | lr 1.99e-04 | 4s
[shallow/full] step   6800 | loss 8.6550 (rank 8.652 ctr 0.000) | q_nnz 21.4 (teacher 20.7) | flops 16.5 | lr 1.99e-04 | 4s
[shallow/full] step   7000 | loss 9.5826 (rank 9.579 ctr 0.000) | q_nnz 24.0 (teacher 22.5) | flops 17.7 | lr 1.99e-04 | 12s
[shallow/full] step   7200 | loss 9.8670 (rank 9.864 ctr 0.000) | q_nnz 23.6 (teacher 23.3) | flops 16.6 | lr 1.99e-04 | 4s
[shallow/full] step   7400 | loss 9.5755 (rank 9.573 ctr 0.000) | q_nnz 19.2 (teacher 23.1) | flops 14.6 | lr 1.98e-04 | 4s
[shallow/full] step   7600 | loss 8.6607 (rank 8.658 ctr 0.000) | q_nnz 19.9 (teacher 23.1) | flops 15.5 | lr 1.98e-04 | 12s
[shallow/full] step   7800 | loss 10.4883 (rank 10.485 ctr 0.000) | q_nnz 25.2 (teacher 24.3) | flops 17.7 | lr 1.98e-04 | 4s
[shallow/full] step   8000 | loss 9.8914 (rank 9.888 ctr 0.000) | q_nnz 23.2 (teacher 25.1) | flops 16.7 | lr 1.98e-04 | 4s
[shallow/full] step   8200 | loss 11.3884 (rank 11.385 ctr 0.000) | q_nnz 20.2 (teacher 23.2) | flops 15.4 | lr 1.98e-04 | 12s
[shallow/full] step   8400 | loss 7.8543 (rank 7.851 ctr 0.000) | q_nnz 20.8 (teacher 21.8) | flops 16.0 | lr 1.98e-04 | 4s
[shallow/full] step   8600 | loss 9.7367 (rank 9.733 ctr 0.000) | q_nnz 25.5 (teacher 22.4) | flops 18.9 | lr 1.98e-04 | 4s
[shallow/full] step   8800 | loss 9.8704 (rank 9.866 ctr 0.000) | q_nnz 27.8 (teacher 25.0) | flops 21.2 | lr 1.98e-04 | 12s
[shallow/full] step   9000 | loss 9.0010 (rank 8.997 ctr 0.000) | q_nnz 25.8 (teacher 22.3) | flops 17.7 | lr 1.98e-04 | 4s
[shallow/full] step   9200 | loss 9.9177 (rank 9.914 ctr 0.000) | q_nnz 23.4 (teacher 23.7) | flops 17.8 | lr 1.98e-04 | 4s
[shallow/full] step   9400 | loss 9.0344 (rank 9.031 ctr 0.000) | q_nnz 20.1 (teacher 20.4) | flops 14.9 | lr 1.98e-04 | 12s
[shallow/full] step   9600 | loss 11.2066 (rank 11.204 ctr 0.000) | q_nnz 19.4 (teacher 23.9) | flops 15.4 | lr 1.98e-04 | 4s
[shallow/full] step   9800 | loss 9.1373 (rank 9.134 ctr 0.000) | q_nnz 19.9 (teacher 22.6) | flops 14.9 | lr 1.98e-04 | 4s
[shallow/full] step  10000 | loss 9.9429 (rank 9.940 ctr 0.000) | q_nnz 22.3 (teacher 22.9) | flops 16.1 | lr 1.97e-04 | 11s
  Saved → checkpoints_splade-v3/splade_shallow_first3_factorized_d64/align_step_10000.pt
[shallow] Eval at step 10000 …
  [NanoMSMARCO] loading …
  [NanoMSMARCO] encoding 5043 docs (doc_splade) …
  [NanoMSMARCO] encoding 50 queries (query_model, dense) …
  [NanoMSMARCO] NDCG@10  query_doc (dense)  : 0.6740
  [NanoNFCorpus] loading …
  [NanoNFCorpus] encoding 2953 docs (doc_splade) …
  [NanoNFCorpus] encoding 50 queries (query_model, dense) …
  [NanoNFCorpus] NDCG@10  query_doc (dense)  : 0.3279
  New best NanoMSMARCO query_doc NDCG@10=0.6740 → checkpoints_splade-v3/splade_shallow_first3_factorized_d64/best_NanoMSMARCO.pt
[shallow/full] step  10200 | loss 9.1725 (rank 9.169 ctr 0.000) | q_nnz 24.6 (teacher 25.8) | flops 17.7 | lr 1.97e-04 | 64s
[shallow/full] step  10400 | loss 9.5681 (rank 9.564 ctr 0.000) | q_nnz 24.1 (teacher 21.4) | flops 18.1 | lr 1.97e-04 | 4s
[shallow/full] step  10600 | loss 8.9807 (rank 8.977 ctr 0.000) | q_nnz 23.1 (teacher 22.9) | flops 17.1 | lr 1.97e-04 | 12s
[shallow/full] step  10800 | loss 9.3736 (rank 9.370 ctr 0.000) | q_nnz 22.0 (teacher 27.1) | flops 16.9 | lr 1.97e-04 | 4s
[shallow/full] step  11000 | loss 9.1732 (rank 9.170 ctr 0.000) | q_nnz 22.3 (teacher 19.9) | flops 16.7 | lr 1.97e-04 | 4s
[shallow/full] step  11200 | loss 8.3698 (rank 8.366 ctr 0.000) | q_nnz 23.2 (teacher 22.8) | flops 17.3 | lr 1.97e-04 | 4s
[shallow/full] step  11400 | loss 9.2280 (rank 9.224 ctr 0.000) | q_nnz 28.4 (teacher 23.4) | flops 19.3 | lr 1.96e-04 | 12s
[shallow/full] step  11600 | loss 9.2440 (rank 9.241 ctr 0.000) | q_nnz 20.9 (teacher 26.3) | flops 16.0 | lr 1.96e-04 | 4s
[shallow/full] step  11800 | loss 9.1430 (rank 9.140 ctr 0.000) | q_nnz 24.1 (teacher 25.4) | flops 16.7 | lr 1.96e-04 | 4s
[shallow/full] step  12000 | loss 8.3677 (rank 8.365 ctr 0.000) | q_nnz 19.1 (teacher 24.1) | flops 15.2 | lr 1.96e-04 | 13s
[shallow/full] step  12200 | loss 9.7839 (rank 9.781 ctr 0.000) | q_nnz 22.1 (teacher 23.8) | flops 15.0 | lr 1.96e-04 | 4s
[shallow/full] step  12400 | loss 9.0930 (rank 9.089 ctr 0.000) | q_nnz 23.6 (teacher 25.0) | flops 18.1 | lr 1.96e-04 | 4s
[shallow/full] step  12600 | loss 7.7808 (rank 7.777 ctr 0.000) | q_nnz 23.4 (teacher 25.5) | flops 16.8 | lr 1.96e-04 | 12s
[shallow/full] step  12800 | loss 8.1927 (rank 8.189 ctr 0.000) | q_nnz 26.8 (teacher 22.4) | flops 18.9 | lr 1.95e-04 | 4s
[shallow/full] step  13000 | loss 10.3819 (rank 10.378 ctr 0.000) | q_nnz 22.9 (teacher 24.5) | flops 17.9 | lr 1.95e-04 | 4s
[shallow/full] step  13200 | loss 8.4768 (rank 8.474 ctr 0.000) | q_nnz 21.1 (teacher 22.5) | flops 15.9 | lr 1.95e-04 | 12s
[shallow/full] step  13400 | loss 8.9398 (rank 8.936 ctr 0.000) | q_nnz 23.3 (teacher 22.8) | flops 18.0 | lr 1.95e-04 | 4s
[shallow/full] step  13600 | loss 8.7084 (rank 8.705 ctr 0.000) | q_nnz 22.2 (teacher 25.1) | flops 17.2 | lr 1.95e-04 | 4s
[shallow/full] step  13800 | loss 7.2842 (rank 7.281 ctr 0.000) | q_nnz 26.1 (teacher 22.6) | flops 18.4 | lr 1.94e-04 | 12s
[shallow/full] step  14000 | loss 9.9412 (rank 9.938 ctr 0.000) | q_nnz 23.7 (teacher 22.8) | flops 17.1 | lr 1.94e-04 | 4s
[shallow/full] step  14200 | loss 9.8449 (rank 9.841 ctr 0.000) | q_nnz 26.3 (teacher 23.8) | flops 18.1 | lr 1.94e-04 | 4s
[shallow/full] step  14400 | loss 8.1705 (rank 8.168 ctr 0.000) | q_nnz 19.4 (teacher 23.5) | flops 14.4 | lr 1.94e-04 | 12s
[shallow/full] step  14600 | loss 10.2293 (rank 10.226 ctr 0.000) | q_nnz 24.2 (teacher 23.3) | flops 16.9 | lr 1.94e-04 | 4s
[shallow/full] step  14800 | loss 9.3733 (rank 9.370 ctr 0.000) | q_nnz 21.0 (teacher 23.0) | flops 14.2 | lr 1.93e-04 | 4s
[shallow/full] step  15000 | loss 10.6715 (rank 10.668 ctr 0.000) | q_nnz 27.5 (teacher 25.6) | flops 17.6 | lr 1.93e-04 | 12s
[shallow/full] step  15200 | loss 8.0538 (rank 8.050 ctr 0.000) | q_nnz 23.3 (teacher 22.6) | flops 17.4 | lr 1.93e-04 | 4s
[shallow/full] step  15400 | loss 7.8647 (rank 7.862 ctr 0.000) | q_nnz 20.8 (teacher 20.6) | flops 15.8 | lr 1.93e-04 | 4s
[shallow/full] step  15600 | loss 9.3766 (rank 9.373 ctr 0.000) | q_nnz 22.9 (teacher 26.3) | flops 16.1 | lr 1.92e-04 | 12s
[shallow/full] step  15800 | loss 8.7774 (rank 8.774 ctr 0.000) | q_nnz 27.4 (teacher 24.8) | flops 18.2 | lr 1.92e-04 | 4s
[shallow/full] step  16000 | loss 7.8767 (rank 7.873 ctr 0.000) | q_nnz 24.9 (teacher 25.6) | flops 17.3 | lr 1.92e-04 | 5s
[shallow/full] step  16200 | loss 9.3967 (rank 9.393 ctr 0.000) | q_nnz 25.7 (teacher 25.4) | flops 18.2 | lr 1.92e-04 | 4s
[shallow/full] step  16400 | loss 9.4459 (rank 9.442 ctr 0.000) | q_nnz 24.4 (teacher 24.1) | flops 18.3 | lr 1.91e-04 | 13s
[shallow/full] step  16600 | loss 10.0914 (rank 10.088 ctr 0.000) | q_nnz 22.0 (teacher 22.5) | flops 16.3 | lr 1.91e-04 | 4s
[shallow/full] step  16800 | loss 8.2337 (rank 8.230 ctr 0.000) | q_nnz 24.4 (teacher 25.9) | flops 17.3 | lr 1.91e-04 | 4s
[shallow/full] step  17000 | loss 8.8393 (rank 8.836 ctr 0.000) | q_nnz 20.1 (teacher 24.4) | flops 14.2 | lr 1.91e-04 | 12s
[shallow/full] step  17200 | loss 8.5017 (rank 8.499 ctr 0.000) | q_nnz 19.8 (teacher 22.0) | flops 14.5 | lr 1.90e-04 | 4s
[shallow/full] step  17400 | loss 9.2572 (rank 9.254 ctr 0.000) | q_nnz 23.2 (teacher 23.8) | flops 16.8 | lr 1.90e-04 | 5s
[shallow/full] step  17600 | loss 10.0915 (rank 10.088 ctr 0.000) | q_nnz 23.2 (teacher 20.7) | flops 17.3 | lr 1.90e-04 | 12s
[shallow/full] step  17800 | loss 8.3790 (rank 8.376 ctr 0.000) | q_nnz 24.9 (teacher 25.1) | flops 16.4 | lr 1.90e-04 | 4s
[shallow/full] step  18000 | loss 8.5721 (rank 8.569 ctr 0.000) | q_nnz 20.9 (teacher 23.3) | flops 16.1 | lr 1.89e-04 | 5s
[shallow/full] step  18200 | loss 8.7340 (rank 8.731 ctr 0.000) | q_nnz 21.8 (teacher 23.9) | flops 15.6 | lr 1.89e-04 | 12s
[shallow/full] step  18400 | loss 8.9275 (rank 8.924 ctr 0.000) | q_nnz 25.6 (teacher 26.2) | flops 18.0 | lr 1.89e-04 | 5s
[shallow/full] step  18600 | loss 9.4014 (rank 9.398 ctr 0.000) | q_nnz 26.2 (teacher 25.0) | flops 18.3 | lr 1.88e-04 | 5s
[shallow/full] step  18800 | loss 7.8557 (rank 7.853 ctr 0.000) | q_nnz 23.8 (teacher 26.2) | flops 15.6 | lr 1.88e-04 | 12s
[shallow/full] step  19000 | loss 9.7323 (rank 9.729 ctr 0.000) | q_nnz 27.9 (teacher 22.5) | flops 18.0 | lr 1.88e-04 | 4s
[shallow/full] step  19200 | loss 9.5822 (rank 9.579 ctr 0.000) | q_nnz 24.6 (teacher 24.2) | flops 17.2 | lr 1.87e-04 | 5s
[shallow/full] step  19400 | loss 9.3839 (rank 9.381 ctr 0.000) | q_nnz 22.6 (teacher 25.4) | flops 15.8 | lr 1.87e-04 | 13s
[shallow/full] step  19600 | loss 8.8492 (rank 8.846 ctr 0.000) | q_nnz 23.1 (teacher 24.9) | flops 15.4 | lr 1.87e-04 | 4s
[shallow/full] step  19800 | loss 8.0080 (rank 8.005 ctr 0.000) | q_nnz 22.1 (teacher 23.1) | flops 15.8 | lr 1.87e-04 | 4s
[shallow/full] step  20000 | loss 9.7368 (rank 9.733 ctr 0.000) | q_nnz 24.3 (teacher 23.4) | flops 17.2 | lr 1.86e-04 | 11s
  Saved → checkpoints_splade-v3/splade_shallow_first3_factorized_d64/align_step_20000.pt
[shallow] Eval at step 20000 …
  [NanoMSMARCO] loading …
  [NanoMSMARCO] encoding 5043 docs (doc_splade) …
  [NanoMSMARCO] encoding 50 queries (query_model, dense) …
  [NanoMSMARCO] NDCG@10  query_doc (dense)  : 0.6915
  [NanoNFCorpus] loading …
  [NanoNFCorpus] encoding 2953 docs (doc_splade) …
  [NanoNFCorpus] encoding 50 queries (query_model, dense) …
  [NanoNFCorpus] NDCG@10  query_doc (dense)  : 0.3288
  New best NanoMSMARCO query_doc NDCG@10=0.6915 → checkpoints_splade-v3/splade_shallow_first3_factorized_d64/best_NanoMSMARCO.pt
[shallow/full] step  20200 | loss 9.7843 (rank 9.781 ctr 0.000) | q_nnz 27.2 (teacher 25.9) | flops 18.8 | lr 1.86e-04 | 58s
[shallow/full] step  20400 | loss 7.5930 (rank 7.590 ctr 0.000) | q_nnz 20.7 (teacher 22.6) | flops 15.8 | lr 1.86e-04 | 5s
[shallow/full] step  20600 | loss 9.4704 (rank 9.467 ctr 0.000) | q_nnz 26.4 (teacher 29.1) | flops 18.4 | lr 1.85e-04 | 13s
[shallow/full] step  20800 | loss 9.6892 (rank 9.686 ctr 0.000) | q_nnz 24.4 (teacher 21.8) | flops 16.7 | lr 1.85e-04 | 4s
[shallow/full] step  21000 | loss 8.0921 (rank 8.089 ctr 0.000) | q_nnz 22.2 (teacher 21.1) | flops 16.5 | lr 1.84e-04 | 5s
[shallow/full] step  21200 | loss 7.7749 (rank 7.772 ctr 0.000) | q_nnz 22.6 (teacher 23.2) | flops 16.7 | lr 1.84e-04 | 12s
[shallow/full] step  21400 | loss 9.2863 (rank 9.283 ctr 0.000) | q_nnz 24.9 (teacher 23.8) | flops 18.9 | lr 1.84e-04 | 4s
[shallow/full] step  21600 | loss 9.3825 (rank 9.379 ctr 0.000) | q_nnz 24.0 (teacher 25.8) | flops 17.3 | lr 1.83e-04 | 5s
[shallow/full] step  21800 | loss 9.9993 (rank 9.996 ctr 0.000) | q_nnz 25.6 (teacher 26.1) | flops 17.5 | lr 1.83e-04 | 5s
[shallow/full] step  22000 | loss 8.8371 (rank 8.834 ctr 0.000) | q_nnz 23.3 (teacher 27.6) | flops 16.9 | lr 1.83e-04 | 13s
[shallow/full] step  22200 | loss 7.2713 (rank 7.268 ctr 0.000) | q_nnz 26.0 (teacher 23.4) | flops 17.4 | lr 1.82e-04 | 4s
[shallow/full] step  22400 | loss 8.5459 (rank 8.543 ctr 0.000) | q_nnz 23.6 (teacher 24.2) | flops 16.7 | lr 1.82e-04 | 5s
[shallow/full] step  22600 | loss 9.0040 (rank 9.001 ctr 0.000) | q_nnz 24.4 (teacher 23.5) | flops 16.7 | lr 1.82e-04 | 12s
[shallow/full] step  22800 | loss 6.5939 (rank 6.591 ctr 0.000) | q_nnz 19.0 (teacher 21.2) | flops 14.7 | lr 1.81e-04 | 4s
[shallow/full] step  23000 | loss 7.6558 (rank 7.652 ctr 0.000) | q_nnz 24.8 (teacher 23.2) | flops 18.6 | lr 1.81e-04 | 4s
[shallow/full] step  23200 | loss 7.8496 (rank 7.846 ctr 0.000) | q_nnz 21.6 (teacher 25.0) | flops 16.0 | lr 1.80e-04 | 12s
[shallow/full] step  23400 | loss 9.0531 (rank 9.050 ctr 0.000) | q_nnz 23.8 (teacher 22.2) | flops 16.0 | lr 1.80e-04 | 4s
[shallow/full] step  23600 | loss 10.1492 (rank 10.146 ctr 0.000) | q_nnz 27.8 (teacher 28.9) | flops 18.2 | lr 1.80e-04 | 5s
[shallow/full] step  23800 | loss 8.0649 (rank 8.061 ctr 0.000) | q_nnz 23.6 (teacher 23.6) | flops 18.4 | lr 1.79e-04 | 12s
[shallow/full] step  24000 | loss 8.4281 (rank 8.425 ctr 0.000) | q_nnz 22.0 (teacher 23.6) | flops 16.6 | lr 1.79e-04 | 4s
[shallow/full] step  24200 | loss 9.0080 (rank 9.005 ctr 0.000) | q_nnz 23.8 (teacher 26.2) | flops 16.5 | lr 1.78e-04 | 5s
[shallow/full] step  24400 | loss 7.7011 (rank 7.698 ctr 0.000) | q_nnz 24.2 (teacher 23.7) | flops 17.3 | lr 1.78e-04 | 12s
[shallow/full] step  24600 | loss 8.8425 (rank 8.839 ctr 0.000) | q_nnz 23.3 (teacher 22.4) | flops 16.5 | lr 1.78e-04 | 4s
[shallow/full] step  24800 | loss 7.9030 (rank 7.899 ctr 0.000) | q_nnz 26.8 (teacher 25.0) | flops 19.3 | lr 1.77e-04 | 5s
[shallow/full] step  25000 | loss 9.5888 (rank 9.585 ctr 0.000) | q_nnz 25.4 (teacher 27.9) | flops 18.7 | lr 1.77e-04 | 15s
[shallow/full] step  25200 | loss 8.0576 (rank 8.054 ctr 0.000) | q_nnz 24.8 (teacher 25.2) | flops 17.9 | lr 1.76e-04 | 4s
[shallow/full] step  25400 | loss 9.4143 (rank 9.411 ctr 0.000) | q_nnz 25.6 (teacher 27.1) | flops 17.6 | lr 1.76e-04 | 4s
[shallow/full] step  25600 | loss 9.2107 (rank 9.207 ctr 0.000) | q_nnz 28.3 (teacher 23.4) | flops 18.9 | lr 1.75e-04 | 12s
[shallow/full] step  25800 | loss 10.6126 (rank 10.609 ctr 0.000) | q_nnz 25.8 (teacher 25.6) | flops 16.5 | lr 1.75e-04 | 4s
[shallow/full] step  26000 | loss 8.9693 (rank 8.966 ctr 0.000) | q_nnz 23.6 (teacher 22.8) | flops 15.2 | lr 1.75e-04 | 5s
[shallow/full] step  26200 | loss 9.1737 (rank 9.170 ctr 0.000) | q_nnz 23.6 (teacher 21.8) | flops 16.5 | lr 1.74e-04 | 4s
[shallow/full] step  26400 | loss 9.2692 (rank 9.266 ctr 0.000) | q_nnz 28.1 (teacher 27.2) | flops 18.4 | lr 1.74e-04 | 13s
[shallow/full] step  26600 | loss 9.0407 (rank 9.037 ctr 0.000) | q_nnz 26.4 (teacher 24.0) | flops 18.8 | lr 1.73e-04 | 4s
[shallow/full] step  26800 | loss 8.6984 (rank 8.695 ctr 0.000) | q_nnz 22.1 (teacher 24.4) | flops 16.1 | lr 1.73e-04 | 4s
[shallow/full] step  27000 | loss 8.3672 (rank 8.364 ctr 0.000) | q_nnz 23.6 (teacher 24.8) | flops 16.7 | lr 1.72e-04 | 12s
[shallow/full] step  27200 | loss 8.3047 (rank 8.301 ctr 0.000) | q_nnz 24.9 (teacher 27.8) | flops 17.7 | lr 1.72e-04 | 4s
[shallow/full] step  27400 | loss 9.2460 (rank 9.243 ctr 0.000) | q_nnz 25.9 (teacher 26.7) | flops 16.7 | lr 1.71e-04 | 5s
[shallow/full] step  27600 | loss 8.3353 (rank 8.332 ctr 0.000) | q_nnz 21.8 (teacher 22.9) | flops 16.3 | lr 1.71e-04 | 12s
[shallow/full] step  27800 | loss 7.5003 (rank 7.497 ctr 0.000) | q_nnz 22.5 (teacher 22.1) | flops 17.6 | lr 1.70e-04 | 5s
[shallow/full] step  28000 | loss 9.2118 (rank 9.208 ctr 0.000) | q_nnz 27.6 (teacher 23.8) | flops 18.8 | lr 1.70e-04 | 4s
[shallow/full] step  28200 | loss 9.2972 (rank 9.294 ctr 0.000) | q_nnz 21.8 (teacher 22.8) | flops 15.2 | lr 1.70e-04 | 12s
[shallow/full] step  28400 | loss 7.7325 (rank 7.729 ctr 0.000) | q_nnz 21.2 (teacher 22.3) | flops 15.0 | lr 1.69e-04 | 4s
[shallow/full] step  28600 | loss 8.8781 (rank 8.874 ctr 0.000) | q_nnz 24.1 (teacher 24.1) | flops 18.2 | lr 1.69e-04 | 4s
[shallow/full] step  28800 | loss 8.1204 (rank 8.117 ctr 0.000) | q_nnz 20.0 (teacher 20.2) | flops 15.7 | lr 1.68e-04 | 16s
[shallow/full] step  29000 | loss 6.7930 (rank 6.790 ctr 0.000) | q_nnz 18.7 (teacher 20.2) | flops 15.2 | lr 1.68e-04 | 4s
[shallow/full] step  29200 | loss 7.3813 (rank 7.378 ctr 0.000) | q_nnz 23.2 (teacher 22.3) | flops 16.5 | lr 1.67e-04 | 4s
[shallow/full] step  29400 | loss 8.2849 (rank 8.282 ctr 0.000) | q_nnz 22.6 (teacher 22.3) | flops 15.4 | lr 1.67e-04 | 11s
[shallow/full] step  29600 | loss 9.0348 (rank 9.031 ctr 0.000) | q_nnz 23.2 (teacher 28.8) | flops 16.8 | lr 1.66e-04 | 5s
[shallow/full] step  29800 | loss 7.9874 (rank 7.984 ctr 0.000) | q_nnz 23.0 (teacher 23.2) | flops 17.0 | lr 1.66e-04 | 4s
[shallow/full] step  30000 | loss 8.2731 (rank 8.270 ctr 0.000) | q_nnz 20.4 (teacher 23.9) | flops 15.2 | lr 1.65e-04 | 12s
  Saved → checkpoints_splade-v3/splade_shallow_first3_factorized_d64/align_step_30000.pt
[shallow] Eval at step 30000 …
  [NanoMSMARCO] loading …
  [NanoMSMARCO] encoding 5043 docs (doc_splade) …
  [NanoMSMARCO] encoding 50 queries (query_model, dense) …
  [NanoMSMARCO] NDCG@10  query_doc (dense)  : 0.6777
  [NanoNFCorpus] loading …
  [NanoNFCorpus] encoding 2953 docs (doc_splade) …
  [NanoNFCorpus] encoding 50 queries (query_model, dense) …
  [NanoNFCorpus] NDCG@10  query_doc (dense)  : 0.3224
[shallow/full] step  30200 | loss 8.5671 (rank 8.564 ctr 0.000) | q_nnz 25.4 (teacher 26.4) | flops 17.1 | lr 1.65e-04 | 58s
[shallow/full] step  30400 | loss 10.3334 (rank 10.330 ctr 0.000) | q_nnz 25.8 (teacher 26.4) | flops 17.9 | lr 1.64e-04 | 5s
[shallow/full] step  30600 | loss 7.7139 (rank 7.710 ctr 0.000) | q_nnz 22.4 (teacher 23.5) | flops 17.0 | lr 1.64e-04 | 13s
[shallow/full] step  30800 | loss 7.7035 (rank 7.700 ctr 0.000) | q_nnz 24.0 (teacher 25.1) | flops 17.2 | lr 1.63e-04 | 4s
[shallow/full] step  31000 | loss 8.5445 (rank 8.541 ctr 0.000) | q_nnz 24.8 (teacher 24.4) | flops 16.4 | lr 1.63e-04 | 5s
[shallow/full] step  31200 | loss 7.8733 (rank 7.870 ctr 0.000) | q_nnz 24.9 (teacher 25.9) | flops 17.2 | lr 1.62e-04 | 5s
[shallow/full] step  31400 | loss 7.4556 (rank 7.453 ctr 0.000) | q_nnz 18.8 (teacher 21.3) | flops 13.7 | lr 1.61e-04 | 12s
[shallow/full] step  31600 | loss 7.9537 (rank 7.950 ctr 0.000) | q_nnz 23.3 (teacher 22.8) | flops 16.5 | lr 1.61e-04 | 4s
[shallow/full] step  31800 | loss 8.1190 (rank 8.116 ctr 0.000) | q_nnz 21.9 (teacher 22.9) | flops 15.3 | lr 1.60e-04 | 5s
[shallow/full] step  32000 | loss 7.7605 (rank 7.757 ctr 0.000) | q_nnz 23.2 (teacher 24.8) | flops 16.1 | lr 1.60e-04 | 12s
[shallow/full] step  32200 | loss 7.4689 (rank 7.466 ctr 0.000) | q_nnz 21.3 (teacher 23.0) | flops 14.8 | lr 1.59e-04 | 5s
[shallow/full] step  32400 | loss 6.9807 (rank 6.977 ctr 0.000) | q_nnz 22.7 (teacher 24.8) | flops 16.3 | lr 1.59e-04 | 5s
[shallow/full] step  32600 | loss 8.0922 (rank 8.089 ctr 0.000) | q_nnz 23.1 (teacher 23.5) | flops 16.5 | lr 1.58e-04 | 12s
[shallow/full] step  32800 | loss 7.4599 (rank 7.457 ctr 0.000) | q_nnz 19.7 (teacher 19.4) | flops 14.2 | lr 1.58e-04 | 4s
[shallow/full] step  33000 | loss 7.4577 (rank 7.454 ctr 0.000) | q_nnz 23.5 (teacher 21.6) | flops 16.8 | lr 1.57e-04 | 5s
[shallow/full] step  33200 | loss 7.3366 (rank 7.334 ctr 0.000) | q_nnz 20.0 (teacher 25.0) | flops 15.1 | lr 1.57e-04 | 13s
[shallow/full] step  33400 | loss 6.8225 (rank 6.819 ctr 0.000) | q_nnz 24.4 (teacher 24.5) | flops 17.0 | lr 1.56e-04 | 5s
[shallow/full] step  33600 | loss 7.9193 (rank 7.916 ctr 0.000) | q_nnz 24.9 (teacher 24.8) | flops 16.6 | lr 1.56e-04 | 4s
[shallow/full] step  33800 | loss 8.3928 (rank 8.389 ctr 0.000) | q_nnz 25.1 (teacher 24.6) | flops 17.8 | lr 1.55e-04 | 12s
[shallow/full] step  34000 | loss 8.0910 (rank 8.087 ctr 0.000) | q_nnz 25.8 (teacher 24.1) | flops 18.1 | lr 1.54e-04 | 4s
[shallow/full] step  34200 | loss 8.2528 (rank 8.249 ctr 0.000) | q_nnz 23.2 (teacher 22.6) | flops 16.7 | lr 1.54e-04 | 4s
[shallow/full] step  34400 | loss 8.0444 (rank 8.041 ctr 0.000) | q_nnz 26.8 (teacher 24.0) | flops 17.2 | lr 1.53e-04 | 12s
[shallow/full] step  34600 | loss 7.9729 (rank 7.970 ctr 0.000) | q_nnz 21.6 (teacher 23.7) | flops 15.8 | lr 1.53e-04 | 4s
[shallow/full] step  34800 | loss 7.0552 (rank 7.052 ctr 0.000) | q_nnz 21.2 (teacher 21.2) | flops 15.3 | lr 1.52e-04 | 4s
[shallow/full] step  35000 | loss 8.7843 (rank 8.781 ctr 0.000) | q_nnz 22.1 (teacher 24.4) | flops 15.6 | lr 1.52e-04 | 12s
[shallow/full] step  35200 | loss 8.2995 (rank 8.296 ctr 0.000) | q_nnz 20.7 (teacher 23.4) | flops 15.7 | lr 1.51e-04 | 4s
[shallow/full] step  35400 | loss 7.4389 (rank 7.436 ctr 0.000) | q_nnz 22.2 (teacher 20.8) | flops 15.9 | lr 1.50e-04 | 4s
[shallow/full] step  35600 | loss 8.9389 (rank 8.936 ctr 0.000) | q_nnz 19.6 (teacher 20.7) | flops 14.2 | lr 1.50e-04 | 13s
[shallow/full] step  35800 | loss 7.9561 (rank 7.953 ctr 0.000) | q_nnz 23.1 (teacher 25.2) | flops 15.9 | lr 1.49e-04 | 4s
[shallow/full] step  36000 | loss 8.4350 (rank 8.432 ctr 0.000) | q_nnz 21.8 (teacher 22.6) | flops 16.8 | lr 1.49e-04 | 4s
[shallow/full] step  36200 | loss 7.9300 (rank 7.927 ctr 0.000) | q_nnz 22.1 (teacher 23.5) | flops 16.0 | lr 1.48e-04 | 12s
[shallow/full] step  36400 | loss 8.3784 (rank 8.375 ctr 0.000) | q_nnz 27.5 (teacher 24.0) | flops 18.8 | lr 1.48e-04 | 4s
[shallow/full] step  36600 | loss 8.7020 (rank 8.698 ctr 0.000) | q_nnz 25.6 (teacher 23.4) | flops 17.7 | lr 1.47e-04 | 4s
[shallow/full] step  36800 | loss 8.5259 (rank 8.523 ctr 0.000) | q_nnz 24.4 (teacher 22.1) | flops 16.7 | lr 1.46e-04 | 5s
[shallow/full] step  37000 | loss 9.1312 (rank 9.128 ctr 0.000) | q_nnz 25.9 (teacher 23.1) | flops 17.6 | lr 1.46e-04 | 12s
[shallow/full] step  37200 | loss 8.6655 (rank 8.662 ctr 0.000) | q_nnz 26.2 (teacher 28.7) | flops 18.0 | lr 1.45e-04 | 4s
[shallow/full] step  37400 | loss 7.1355 (rank 7.133 ctr 0.000) | q_nnz 20.8 (teacher 20.6) | flops 14.2 | lr 1.45e-04 | 5s
[shallow/full] step  37600 | loss 8.3916 (rank 8.389 ctr 0.000) | q_nnz 22.1 (teacher 22.8) | flops 15.0 | lr 1.44e-04 | 12s
[shallow/full] step  37800 | loss 8.3956 (rank 8.392 ctr 0.000) | q_nnz 28.1 (teacher 24.6) | flops 18.2 | lr 1.43e-04 | 5s
[shallow/full] step  38000 | loss 8.0343 (rank 8.031 ctr 0.000) | q_nnz 24.7 (teacher 25.2) | flops 16.8 | lr 1.43e-04 | 5s
[shallow/full] step  38200 | loss 7.1629 (rank 7.160 ctr 0.000) | q_nnz 22.9 (teacher 25.8) | flops 16.0 | lr 1.42e-04 | 12s
[shallow/full] step  38400 | loss 8.0739 (rank 8.071 ctr 0.000) | q_nnz 23.0 (teacher 24.1) | flops 15.5 | lr 1.42e-04 | 4s
[shallow/full] step  38600 | loss 8.0328 (rank 8.029 ctr 0.000) | q_nnz 24.2 (teacher 23.8) | flops 16.9 | lr 1.41e-04 | 4s
[shallow/full] step  38800 | loss 7.6753 (rank 7.672 ctr 0.000) | q_nnz 26.9 (teacher 25.7) | flops 18.4 | lr 1.40e-04 | 13s
[shallow/full] step  39000 | loss 8.2253 (rank 8.222 ctr 0.000) | q_nnz 24.4 (teacher 24.2) | flops 17.0 | lr 1.40e-04 | 5s
[shallow/full] step  39200 | loss 7.4211 (rank 7.418 ctr 0.000) | q_nnz 23.7 (teacher 24.4) | flops 15.8 | lr 1.39e-04 | 5s
[shallow/full] step  39400 | loss 8.6365 (rank 8.633 ctr 0.000) | q_nnz 28.6 (teacher 25.3) | flops 19.3 | lr 1.39e-04 | 12s
[shallow/full] step  39600 | loss 8.5815 (rank 8.578 ctr 0.000) | q_nnz 24.6 (teacher 27.2) | flops 16.7 | lr 1.38e-04 | 4s
[shallow/full] step  39800 | loss 7.8402 (rank 7.837 ctr 0.000) | q_nnz 25.9 (teacher 23.8) | flops 17.7 | lr 1.37e-04 | 5s
[shallow/full] step  40000 | loss 7.0959 (rank 7.093 ctr 0.000) | q_nnz 23.2 (teacher 22.3) | flops 16.2 | lr 1.37e-04 | 13s
  Saved → checkpoints_splade-v3/splade_shallow_first3_factorized_d64/align_step_40000.pt
[shallow] Eval at step 40000 …
  [NanoMSMARCO] loading …
  [NanoMSMARCO] encoding 5043 docs (doc_splade) …
  [NanoMSMARCO] encoding 50 queries (query_model, dense) …
  [NanoMSMARCO] NDCG@10  query_doc (dense)  : 0.6801
  [NanoNFCorpus] loading …
  [NanoNFCorpus] encoding 2953 docs (doc_splade) …
  [NanoNFCorpus] encoding 50 queries (query_model, dense) …
  [NanoNFCorpus] NDCG@10  query_doc (dense)  : 0.3271
[shallow/full] step  40200 | loss 7.8425 (rank 7.839 ctr 0.000) | q_nnz 21.7 (teacher 20.6) | flops 15.9 | lr 1.36e-04 | 58s
[shallow/full] step  40400 | loss 7.1795 (rank 7.176 ctr 0.000) | q_nnz 23.6 (teacher 22.2) | flops 16.2 | lr 1.35e-04 | 5s
[shallow/full] step  40600 | loss 7.4034 (rank 7.400 ctr 0.000) | q_nnz 24.4 (teacher 25.2) | flops 16.0 | lr 1.35e-04 | 13s
[shallow/full] step  40800 | loss 7.9395 (rank 7.936 ctr 0.000) | q_nnz 27.0 (teacher 26.9) | flops 18.3 | lr 1.34e-04 | 4s
[shallow/full] step  41000 | loss 7.2840 (rank 7.281 ctr 0.000) | q_nnz 25.1 (teacher 21.7) | flops 17.5 | lr 1.34e-04 | 4s
[shallow/full] step  41200 | loss 8.0186 (rank 8.015 ctr 0.000) | q_nnz 22.7 (teacher 23.8) | flops 16.4 | lr 1.33e-04 | 13s
[shallow/full] step  41400 | loss 8.8623 (rank 8.858 ctr 0.000) | q_nnz 27.3 (teacher 27.1) | flops 19.0 | lr 1.32e-04 | 4s
[shallow/full] step  41600 | loss 7.3979 (rank 7.395 ctr 0.000) | q_nnz 24.0 (teacher 24.2) | flops 16.9 | lr 1.32e-04 | 5s
[shallow/full] step  41800 | loss 7.2991 (rank 7.296 ctr 0.000) | q_nnz 23.4 (teacher 23.8) | flops 17.2 | lr 1.31e-04 | 5s
[shallow/full] step  42000 | loss 8.3772 (rank 8.374 ctr 0.000) | q_nnz 25.2 (teacher 24.0) | flops 17.2 | lr 1.30e-04 | 12s
[shallow/full] step  42200 | loss 7.4227 (rank 7.419 ctr 0.000) | q_nnz 28.8 (teacher 26.7) | flops 19.6 | lr 1.30e-04 | 5s
[shallow/full] step  42400 | loss 8.2134 (rank 8.210 ctr 0.000) | q_nnz 25.0 (teacher 23.3) | flops 16.5 | lr 1.29e-04 | 5s
[shallow/full] step  42600 | loss 8.2765 (rank 8.273 ctr 0.000) | q_nnz 23.2 (teacher 24.8) | flops 17.3 | lr 1.29e-04 | 12s
[shallow/full] step  42800 | loss 7.6145 (rank 7.612 ctr 0.000) | q_nnz 21.6 (teacher 20.2) | flops 14.7 | lr 1.28e-04 | 5s
[shallow/full] step  43000 | loss 8.1579 (rank 8.155 ctr 0.000) | q_nnz 20.8 (teacher 22.6) | flops 15.7 | lr 1.27e-04 | 5s
[shallow/full] step  43200 | loss 8.2102 (rank 8.207 ctr 0.000) | q_nnz 24.3 (teacher 22.8) | flops 17.1 | lr 1.27e-04 | 15s
[shallow/full] step  43400 | loss 6.8806 (rank 6.877 ctr 0.000) | q_nnz 23.9 (teacher 26.4) | flops 16.0 | lr 1.26e-04 | 4s
[shallow/full] step  43600 | loss 7.8164 (rank 7.813 ctr 0.000) | q_nnz 22.5 (teacher 24.2) | flops 15.1 | lr 1.25e-04 | 5s
[shallow/full] step  43800 | loss 7.2662 (rank 7.263 ctr 0.000) | q_nnz 25.9 (teacher 23.6) | flops 16.7 | lr 1.25e-04 | 12s
[shallow/full] step  44000 | loss 7.5541 (rank 7.551 ctr 0.000) | q_nnz 22.8 (teacher 24.2) | flops 16.3 | lr 1.24e-04 | 4s
[shallow/full] step  44200 | loss 7.2798 (rank 7.277 ctr 0.000) | q_nnz 21.8 (teacher 23.5) | flops 15.3 | lr 1.23e-04 | 4s
[shallow/full] step  44400 | loss 7.9219 (rank 7.919 ctr 0.000) | q_nnz 22.9 (teacher 22.9) | flops 15.5 | lr 1.23e-04 | 13s
[shallow/full] step  44600 | loss 8.3515 (rank 8.348 ctr 0.000) | q_nnz 23.0 (teacher 25.1) | flops 15.7 | lr 1.22e-04 | 4s
[shallow/full] step  44800 | loss 6.8024 (rank 6.799 ctr 0.000) | q_nnz 22.0 (teacher 22.8) | flops 16.0 | lr 1.21e-04 | 4s
[shallow/full] step  45000 | loss 7.8518 (rank 7.849 ctr 0.000) | q_nnz 23.3 (teacher 24.8) | flops 14.7 | lr 1.21e-04 | 11s
[shallow/full] step  45200 | loss 7.9539 (rank 7.951 ctr 0.000) | q_nnz 22.7 (teacher 23.8) | flops 16.1 | lr 1.20e-04 | 4s
[shallow/full] step  45400 | loss 6.8691 (rank 6.866 ctr 0.000) | q_nnz 26.4 (teacher 24.5) | flops 16.8 | lr 1.20e-04 | 5s
[shallow/full] step  45600 | loss 7.3840 (rank 7.381 ctr 0.000) | q_nnz 22.5 (teacher 21.2) | flops 15.2 | lr 1.19e-04 | 13s
[shallow/full] step  45800 | loss 6.9012 (rank 6.898 ctr 0.000) | q_nnz 22.6 (teacher 19.6) | flops 14.4 | lr 1.18e-04 | 5s
[shallow/full] step  46000 | loss 8.0980 (rank 8.095 ctr 0.000) | q_nnz 21.7 (teacher 21.6) | flops 14.8 | lr 1.18e-04 | 4s
[shallow/full] step  46200 | loss 7.4050 (rank 7.402 ctr 0.000) | q_nnz 23.0 (teacher 22.7) | flops 16.0 | lr 1.17e-04 | 12s
[shallow/full] step  46400 | loss 8.3741 (rank 8.371 ctr 0.000) | q_nnz 21.4 (teacher 23.5) | flops 15.4 | lr 1.16e-04 | 4s
[shallow/full] step  46600 | loss 7.7993 (rank 7.796 ctr 0.000) | q_nnz 21.6 (teacher 22.8) | flops 14.7 | lr 1.16e-04 | 4s
[shallow/full] step  46800 | loss 7.2442 (rank 7.241 ctr 0.000) | q_nnz 22.6 (teacher 23.0) | flops 15.3 | lr 1.15e-04 | 13s
[shallow/full] step  47000 | loss 7.0456 (rank 7.043 ctr 0.000) | q_nnz 20.6 (teacher 22.2) | flops 14.7 | lr 1.14e-04 | 5s
[shallow/full] step  47200 | loss 7.3877 (rank 7.385 ctr 0.000) | q_nnz 22.1 (teacher 22.8) | flops 15.0 | lr 1.14e-04 | 5s
[shallow/full] step  47400 | loss 7.1353 (rank 7.132 ctr 0.000) | q_nnz 24.4 (teacher 23.3) | flops 19.1 | lr 1.13e-04 | 5s
[shallow/full] step  47600 | loss 7.8582 (rank 7.855 ctr 0.000) | q_nnz 21.3 (teacher 24.7) | flops 15.7 | lr 1.12e-04 | 12s
[shallow/full] step  47800 | loss 7.3252 (rank 7.322 ctr 0.000) | q_nnz 24.1 (teacher 23.7) | flops 17.0 | lr 1.12e-04 | 5s
[shallow/full] step  48000 | loss 7.2291 (rank 7.226 ctr 0.000) | q_nnz 20.3 (teacher 21.9) | flops 15.2 | lr 1.11e-04 | 4s
[shallow/full] step  48200 | loss 7.2419 (rank 7.239 ctr 0.000) | q_nnz 23.1 (teacher 21.8) | flops 14.6 | lr 1.10e-04 | 13s
[shallow/full] step  48400 | loss 7.5519 (rank 7.549 ctr 0.000) | q_nnz 23.4 (teacher 21.8) | flops 16.8 | lr 1.10e-04 | 4s
[shallow/full] step  48600 | loss 7.7808 (rank 7.777 ctr 0.000) | q_nnz 23.9 (teacher 23.8) | flops 16.8 | lr 1.09e-04 | 5s
[shallow/full] step  48800 | loss 7.3677 (rank 7.364 ctr 0.000) | q_nnz 26.4 (teacher 27.4) | flops 18.7 | lr 1.08e-04 | 12s
[shallow/full] step  49000 | loss 7.9025 (rank 7.899 ctr 0.000) | q_nnz 23.6 (teacher 22.5) | flops 15.6 | lr 1.08e-04 | 4s
[shallow/full] step  49200 | loss 7.7438 (rank 7.741 ctr 0.000) | q_nnz 24.1 (teacher 23.4) | flops 15.6 | lr 1.07e-04 | 5s
[shallow/full] step  49400 | loss 7.9037 (rank 7.901 ctr 0.000) | q_nnz 23.2 (teacher 24.8) | flops 15.5 | lr 1.06e-04 | 12s
[shallow/full] step  49600 | loss 6.9400 (rank 6.937 ctr 0.000) | q_nnz 18.4 (teacher 18.6) | flops 13.2 | lr 1.06e-04 | 4s
[shallow/full] step  49800 | loss 7.6473 (rank 7.644 ctr 0.000) | q_nnz 21.0 (teacher 21.5) | flops 14.7 | lr 1.05e-04 | 4s
[shallow/full] step  50000 | loss 8.3754 (rank 8.372 ctr 0.000) | q_nnz 21.9 (teacher 25.1) | flops 16.1 | lr 1.04e-04 | 16s
  Saved → checkpoints_splade-v3/splade_shallow_first3_factorized_d64/align_step_50000.pt
[shallow] Eval at step 50000 …
  [NanoMSMARCO] loading …
  [NanoMSMARCO] encoding 5043 docs (doc_splade) …
  [NanoMSMARCO] encoding 50 queries (query_model, dense) …
  [NanoMSMARCO] NDCG@10  query_doc (dense)  : 0.6808
  [NanoNFCorpus] loading …
  [NanoNFCorpus] encoding 2953 docs (doc_splade) …
  [NanoNFCorpus] encoding 50 queries (query_model, dense) …
  [NanoNFCorpus] NDCG@10  query_doc (dense)  : 0.3263
[shallow] Done. Final checkpoint → checkpoints_splade-v3/splade_shallow_first3_factorized_d64/align_final.pt
